Component: ARM Compiler 6.16 Tool: armlink [5dfeaa00]

==============================================================================

Image Symbol Table

    Local Symbols

    Symbol Name                              Value     Ov Type        Size  Object(Section)

    ../clib/division.s                       0x00000000   Number         0  aeabi_sdiv.o ABSOLUTE
    ../clib/division.s                       0x00000000   Number         0  aeabi_sdiv_div0.o ABSOLUTE
    ../clib/microlib/division.c              0x00000000   Number         0  uidiv.o ABSOLUTE
    ../clib/microlib/division.c              0x00000000   Number         0  uldiv.o ABSOLUTE
    ../clib/microlib/division.c              0x00000000   Number         0  uidiv_div0.o ABSOLUTE
    ../clib/microlib/division.c              0x00000000   Number         0  idiv_div0.o ABSOLUTE
    ../clib/microlib/division.c              0x00000000   Number         0  idiv0.o ABSOLUTE
    ../clib/microlib/init/entry.s            0x00000000   Number         0  entry.o ABSOLUTE
    ../clib/microlib/init/entry.s            0x00000000   Number         0  entry2.o ABSOLUTE
    ../clib/microlib/init/entry.s            0x00000000   Number         0  entry5.o ABSOLUTE
    ../clib/microlib/init/entry.s            0x00000000   Number         0  entry7a.o ABSOLUTE
    ../clib/microlib/init/entry.s            0x00000000   Number         0  entry7b.o ABSOLUTE
    ../clib/microlib/init/entry.s            0x00000000   Number         0  entry8a.o ABSOLUTE
    ../clib/microlib/init/entry.s            0x00000000   Number         0  entry8b.o ABSOLUTE
    ../clib/microlib/init/entry.s            0x00000000   Number         0  entry9a.o ABSOLUTE
    ../clib/microlib/init/entry.s            0x00000000   Number         0  entry9b.o ABSOLUTE
    ../clib/microlib/init/entry.s            0x00000000   Number         0  entry10a.o ABSOLUTE
    ../clib/microlib/init/entry.s            0x00000000   Number         0  entry10b.o ABSOLUTE
    ../clib/microlib/init/entry.s            0x00000000   Number         0  entry11a.o ABSOLUTE
    ../clib/microlib/init/entry.s            0x00000000   Number         0  entry11b.o ABSOLUTE
    ../clib/microlib/longlong.c              0x00000000   Number         0  llshl.o ABSOLUTE
    ../clib/microlib/longlong.c              0x00000000   Number         0  llushr.o ABSOLUTE
    ../clib/microlib/longlong.c              0x00000000   Number         0  llsshr.o ABSOLUTE
    ../clib/microlib/stubs.s                 0x00000000   Number         0  iusefp.o ABSOLUTE
    ../fplib/microlib/d2f.c                  0x00000000   Number         0  d2f.o ABSOLUTE
    ../fplib/microlib/f2d.c                  0x00000000   Number         0  f2d.o ABSOLUTE
    ../fplib/microlib/fpadd.c                0x00000000   Number         0  fadd.o ABSOLUTE
    ../fplib/microlib/fpadd.c                0x00000000   Number         0  dadd.o ABSOLUTE
    ../fplib/microlib/fpcmp.c                0x00000000   Number         0  fcmple.o ABSOLUTE
    ../fplib/microlib/fpcmp.c                0x00000000   Number         0  fcmplt.o ABSOLUTE
    ../fplib/microlib/fpcmp.c                0x00000000   Number         0  fcmpge.o ABSOLUTE
    ../fplib/microlib/fpcmp.c                0x00000000   Number         0  fcmpgt.o ABSOLUTE
    ../fplib/microlib/fpdiv.c                0x00000000   Number         0  fdiv.o ABSOLUTE
    ../fplib/microlib/fpepilogue.c           0x00000000   Number         0  fepilogue.o ABSOLUTE
    ../fplib/microlib/fpepilogue.c           0x00000000   Number         0  depilogue.o ABSOLUTE
    ../fplib/microlib/fpfix.c                0x00000000   Number         0  ffixi.o ABSOLUTE
    ../fplib/microlib/fpfix.c                0x00000000   Number         0  ffixui.o ABSOLUTE
    ../fplib/microlib/fpfix.c                0x00000000   Number         0  dfixi.o ABSOLUTE
    ../fplib/microlib/fpflt.c                0x00000000   Number         0  fflti.o ABSOLUTE
    ../fplib/microlib/fpflt.c                0x00000000   Number         0  ffltui.o ABSOLUTE
    ../fplib/microlib/fpflt.c                0x00000000   Number         0  dflti.o ABSOLUTE
    ../fplib/microlib/fpmul.c                0x00000000   Number         0  fmul.o ABSOLUTE
    ../fplib/microlib/fpmul.c                0x00000000   Number         0  dmul.o ABSOLUTE
    ..\..\..\..\IdeSupport\MDK\startup_cw32l010.s 0x00000000   Number         0  startup_cw32l010.o ABSOLUTE
    bsp_gpio.c                               0x00000000   Number         0  bsp_gpio.o ABSOLUTE
    bsp_pwm.c                                0x00000000   Number         0  bsp_pwm.o ABSOLUTE
    bsp_timer.c                              0x00000000   Number         0  bsp_timer.o ABSOLUTE
    bsp_uart.c                               0x00000000   Number         0  bsp_uart.o ABSOLUTE
    cw32l010_adc.c                           0x00000000   Number         0  cw32l010_adc.o ABSOLUTE
[...]
    [Anonymous Symbol]                       0x00002564   Section        0  led_driver.o(.text.LED_WriteBuf)
    __arm_cp.9_0                             0x00002588   Number         4  led_driver.o(.text.LED_WriteBuf)
    [Anonymous Symbol]                       0x0000258c   Section        0  interrupts_cw32l010.o(.text.LPTIM_IRQHandler)
    [Anonymous Symbol]                       0x0000258e   Section        0  interrupts_cw32l010.o(.text.LVD_IRQHandler)
    LowerBoard_MotorStopped_ToIdle           0x00002591   Thumb Code    36  treadmills.o(.text.LowerBoard_MotorStopped_ToIdle)
    [Anonymous Symbol]                       0x00002590   Section        0  treadmills.o(.text.LowerBoard_MotorStopped_ToIdle)
    __arm_cp.5_0                             0x000025b4   Number         4  treadmills.o(.text.LowerBoard_MotorStopped_ToIdle)
    __arm_cp.5_1                             0x000025b8   Number         4  treadmills.o(.text.LowerBoard_MotorStopped_ToIdle)
    Map_RF                                   0x000025bd   Thumb Code    78  plat_keyfun.o(.text.Map_RF)
    [Anonymous Symbol]                       0x000025bc   Section        0  plat_keyfun.o(.text.Map_RF)
    [Anonymous Symbol]                       0x0000260a   Section        0  interrupts_cw32l010.o(.text.NMI_Handler)
    [Anonymous Symbol]                       0x0000260c   Section        0  interrupts_cw32l010.o(.text.PendSV_Handler)
    [Anonymous Symbol]                       0x00002610   Section        0  plat_rf.o(.text.RF433_Handler_60us)
    __arm_cp.0_0                             0x0000277c   Number         4  plat_rf.o(.text.RF433_Handler_60us)
    __arm_cp.0_1                             0x00002780   Number         4  plat_rf.o(.text.RF433_Handler_60us)
    __arm_cp.0_2                             0x00002784   Number         4  plat_rf.o(.text.RF433_Handler_60us)
    __arm_cp.0_3                             0x00002788   Number         4  plat_rf.o(.text.RF433_Handler_60us)
    __arm_cp.0_4                             0x0000278c   Number         4  plat_rf.o(.text.RF433_Handler_60us)
    __arm_cp.0_5                             0x00002790   Number         4  plat_rf.o(.text.RF433_Handler_60us)
    __arm_cp.0_6                             0x00002794   Number         4  plat_rf.o(.text.RF433_Handler_60us)
    __arm_cp.0_7                             0x00002798   Number         4  plat_rf.o(.text.RF433_Handler_60us)
    [Anonymous Symbol]                       0x0000279c   Section        0  interrupts_cw32l010.o(.text.RTC_IRQHandler)
    Render_Boot                              0x000027a1   Thumb Code   104  treadmills.o(.text.Render_Boot)
    [Anonymous Symbol]                       0x000027a0   Section        0  treadmills.o(.text.Render_Boot)
    __arm_cp.25_0                            0x00002808   Number         4  treadmills.o(.text.Render_Boot)
    __arm_cp.25_1                            0x0000280c   Number         4  treadmills.o(.text.Render_Boot)
    Render_CmdTest_Tm1640                    0x00002811   Thumb Code   460  treadmills.o(.text.Render_CmdTest_Tm1640)
    [Anonymous Symbol]                       0x00002810   Section        0  treadmills.o(.text.Render_CmdTest_Tm1640)
    __arm_cp.24_0                            0x000029dc   Number         4  treadmills.o(.text.Render_CmdTest_Tm1640)
    Render_TM1640                            0x000029e1   Thumb Code   556  treadmills.o(.text.Render_TM1640)
    [Anonymous Symbol]                       0x000029e0   Section        0  treadmills.o(.text.Render_TM1640)
    __arm_cp.26_1                            0x00002c0c   Number         4  treadmills.o(.text.Render_TM1640)
    __arm_cp.26_2                            0x00002c10   Number         4  treadmills.o(.text.Render_TM1640)
    Run_Tick                                 0x00002c15   Thumb Code   312  treadmills.o(.text.Run_Tick)
    [Anonymous Symbol]                       0x00002c14   Section        0  treadmills.o(.text.Run_Tick)
    __arm_cp.19_0                            0x00002d4c   Number         4  treadmills.o(.text.Run_Tick)
    __arm_cp.19_1                            0x00002d50   Number         4  treadmills.o(.text.Run_Tick)
    __arm_cp.19_2                            0x00002d54   Number         4  treadmills.o(.text.Run_Tick)
    __arm_cp.19_3                            0x00002d58   Number         4  treadmills.o(.text.Run_Tick)
    __arm_cp.19_4                            0x00002d5c   Number         4  treadmills.o(.text.Run_Tick)
    __arm_cp.19_5                            0x00002d60   Number         4  treadmills.o(.text.Run_Tick)
    __arm_cp.19_6                            0x00002d64   Number         4  treadmills.o(.text.Run_Tick)
    [Anonymous Symbol]                       0x00002d68   Section        0  interrupts_cw32l010.o(.text.SPI1_IRQHandler)
    [Anonymous Symbol]                       0x00002d6a   Section        0  interrupts_cw32l010.o(.text.SVC_Handler)
    [Anonymous Symbol]                       0x00002d6c   Section        0  cw32l010_sysctrl.o(.text.SYSCTRL_AHBPeriphClk_Enable)
    __arm_cp.28_1                            0x00002dc0   Number         4  cw32l010_sysctrl.o(.text.SYSCTRL_AHBPeriphClk_Enable)
    [Anonymous Symbol]                       0x00002dc4   Section        0  cw32l010_sysctrl.o(.text.SYSCTRL_APBPeriphClk_Enable1)
    __arm_cp.29_1                            0x00002e18   Number         4  cw32l010_sysctrl.o(.text.SYSCTRL_APBPeriphClk_Enable1)
    __arm_cp.29_2                            0x00002e1c   Number         4  cw32l010_sysctrl.o(.text.SYSCTRL_APBPeriphClk_Enable1)
    __arm_cp.29_3                            0x00002e20   Number         4  cw32l010_sysctrl.o(.text.SYSCTRL_APBPeriphClk_Enable1)
    [Anonymous Symbol]                       0x00002e24   Section        0  main.o(.text.SYSCTRL_Configuration)
    __arm_cp.1_0                             0x00002e3c   Number         4  main.o(.text.SYSCTRL_Configuration)
    __arm_cp.1_1                             0x00002e40   Number         4  main.o(.text.SYSCTRL_Configuration)
    [Anonymous Symbol]                       0x00002e44   Section        0  cw32l010_sysctrl.o(.text.SYSCTRL_HSI_Enable)
    __arm_cp.12_0                            0x00002fa8   Number         4  cw32l010_sysctrl.o(.text.SYSCTRL_HSI_Enable)
    __arm_cp.12_1                            0x00002fac   Number         4  cw32l010_sysctrl.o(.text.SYSCTRL_HSI_Enable)
    __arm_cp.12_2                            0x00002fb0   Number         4  cw32l010_sysctrl.o(.text.SYSCTRL_HSI_Enable)
    __arm_cp.12_3                            0x00002fb4   Number         4  cw32l010_sysctrl.o(.text.SYSCTRL_HSI_Enable)
    __arm_cp.12_4                            0x00002fb8   Number         4  cw32l010_sysctrl.o(.text.SYSCTRL_HSI_Enable)
    __arm_cp.12_8                            0x00002fbc   Number         4  cw32l010_sysctrl.o(.text.SYSCTRL_HSI_Enable)
    __arm_cp.12_9                            0x00002fc0   Number         4  cw32l010_sysctrl.o(.text.SYSCTRL_HSI_Enable)
    [Anonymous Symbol]                       0x00002fc4   Section        0  interrupts_cw32l010.o(.text.SYSCTRL_IRQHandler)
    [Anonymous Symbol]                       0x00002fc8   Section        0  sys_scheduler.o(.text.Scheduler_Dispatch)
    [Anonymous Symbol]                       0x00003014   Section        0  sys_scheduler.o(.text.Scheduler_Update)
    __arm_cp.8_0                             0x00003070   Number         4  sys_scheduler.o(.text.Scheduler_Update)
    Send_Ack0                                0x00003075   Thumb Code    22  treadmills.o(.text.Send_Ack0)
    [Anonymous Symbol]                       0x00003074   Section        0  treadmills.o(.text.Send_Ack0)
    Send_Run                                 0x0000308b   Thumb Code    62  treadmills.o(.text.Send_Run)
    [Anonymous Symbol]                       0x0000308a   Section        0  treadmills.o(.text.Send_Run)
    Send_Speed                               0x000030c9   Thumb Code    50  treadmills.o(.text.Send_Speed)
    [Anonymous Symbol]                       0x000030c8   Section        0  treadmills.o(.text.Send_Speed)
    Send_Stop                                0x000030fb   Thumb Code    36  treadmills.o(.text.Send_Stop)
    [Anonymous Symbol]                       0x000030fa   Section        0  treadmills.o(.text.Send_Stop)
    Step_Mult                                0x0000311f   Thumb Code    62  treadmills.o(.text.Step_Mult)
    [Anonymous Symbol]                       0x0000311e   Section        0  treadmills.o(.text.Step_Mult)
    Stop_Tick                                0x0000315d   Thumb Code   132  treadmills.o(.text.Stop_Tick)
    [Anonymous Symbol]                       0x0000315c   Section        0  treadmills.o(.text.Stop_Tick)
    [Anonymous Symbol]                       0x000031e0   Section        0  cw32l010_systick.o(.text.SysTick_Handler)
    __arm_cp.7_0                             0x000031f0   Number         4  cw32l010_systick.o(.text.SysTick_Handler)
    __arm_cp.7_1                             0x000031f4   Number         4  cw32l010_systick.o(.text.SysTick_Handler)
    [Anonymous Symbol]                       0x000031f8   Section        0  system_cw32l010.o(.text.SystemCoreClockUpdate)
    __arm_cp.0_0                             0x00003200   Number         4  system_cw32l010.o(.text.SystemCoreClockUpdate)
    __arm_cp.0_1                             0x00003204   Number         4  system_cw32l010.o(.text.SystemCoreClockUpdate)
    [Anonymous Symbol]                       0x00003208   Section        0  system_cw32l010.o(.text.SystemInit)
    __arm_cp.1_0                             0x00003238   Number         4  system_cw32l010.o(.text.SystemInit)
    __arm_cp.1_1                             0x0000323c   Number         4  system_cw32l010.o(.text.SystemInit)
    __arm_cp.1_2                             0x00003240   Number         4  system_cw32l010.o(.text.SystemInit)
    __arm_cp.1_3                             0x00003244   Number         4  system_cw32l010.o(.text.SystemInit)
    __arm_cp.1_4                             0x00003248   Number         4  system_cw32l010.o(.text.SystemInit)
    __arm_cp.1_5                             0x0000324c   Number         4  system_cw32l010.o(.text.SystemInit)
    __arm_cp.1_6                             0x00003250   Number         4  system_cw32l010.o(.text.SystemInit)
    __arm_cp.1_7                             0x00003254   Number         4  system_cw32l010.o(.text.SystemInit)
    [Anonymous Symbol]                       0x00003258   Section        0  sys_scheduler.o(.text.Task_1000ms)
    [Anonymous Symbol]                       0x00003260   Section        0  sys_scheduler.o(.text.Task_100ms)
    [Anonymous Symbol]                       0x00003268   Section        0  sys_scheduler.o(.text.Task_10ms)
    [Anonymous Symbol]                       0x00003274   Section        0  sys_scheduler.o(.text.Task_1ms)
    [Anonymous Symbol]                       0x0000327c   Section        0  sys_scheduler.o(.text.Task_20ms)
    [Anonymous Symbol]                       0x00003284   Section        0  sys_scheduler.o(.text.Task_250ms)
    [Anonymous Symbol]                       0x0000328c   Section        0  sys_scheduler.o(.text.Task_300ms)
    [Anonymous Symbol]                       0x0000328e   Section        0  sys_scheduler.o(.text.Task_500ms)
    Time_To_Minutes                          0x00003291   Thumb Code   116  treadmills.o(.text.Time_To_Minutes)
    [Anonymous Symbol]                       0x00003290   Section        0  treadmills.o(.text.Time_To_Minutes)
    [Anonymous Symbol]                       0x00003304   Section        0  treadmills.o(.text.Treadmill_CmdTestDisplayActive)
    [Anonymous Symbol]                       0x00003310   Section        0  treadmills.o(.text.Treadmill_ConsumeKeyBeepSuppress)
    [Anonymous Symbol]                       0x0000333c   Section        0  treadmills.o(.text.Treadmill_Init)
    __arm_cp.12_0                            0x000033b4   Number         4  treadmills.o(.text.Treadmill_Init)
    __arm_cp.12_1                            0x000033b8   Number         4  treadmills.o(.text.Treadmill_Init)
    __arm_cp.12_12                           0x000033bc   Number         4  treadmills.o(.text.Treadmill_Init)
    __arm_cp.12_13                           0x000033c0   Number         4  treadmills.o(.text.Treadmill_Init)
    __arm_cp.12_14                           0x000033c4   Number         4  treadmills.o(.text.Treadmill_Init)
    __arm_cp.12_15                           0x000033c8   Number         4  treadmills.o(.text.Treadmill_Init)
    __arm_cp.12_16                           0x000033cc   Number         4  treadmills.o(.text.Treadmill_Init)
    __arm_cp.12_17                           0x000033d0   Number         4  treadmills.o(.text.Treadmill_Init)
    __arm_cp.12_18                           0x000033d4   Number         4  treadmills.o(.text.Treadmill_Init)
    __arm_cp.12_19                           0x000033d8   Number         4  treadmills.o(.text.Treadmill_Init)
    __arm_cp.12_20                           0x000033dc   Number         4  treadmills.o(.text.Treadmill_Init)
    __arm_cp.12_21                           0x000033e0   Number         4  treadmills.o(.text.Treadmill_Init)
    [Anonymous Symbol]                       0x000033e4   Section        0  treadmills.o(.text.Treadmill_LowerBoardReady)
    [Anonymous Symbol]                       0x00003428   Section        0  treadmills.o(.text.Treadmill_Manager_100ms)
    __arm_cp.14_0                            0x00003520   Number         4  treadmills.o(.text.Treadmill_Manager_100ms)
    __arm_cp.14_1                            0x00003524   Number         4  treadmills.o(.text.Treadmill_Manager_100ms)
    __arm_cp.14_2                            0x00003528   Number         4  treadmills.o(.text.Treadmill_Manager_100ms)
    __arm_cp.14_3                            0x0000352c   Number         4  treadmills.o(.text.Treadmill_Manager_100ms)
    [Anonymous Symbol]                       0x00003530   Section        0  treadmills.o(.text.Treadmill_On1000msUartWatchdog)
    __arm_cp.3_0                             0x0000359c   Number         4  treadmills.o(.text.Treadmill_On1000msUartWatchdog)
    __arm_cp.3_1                             0x000035a0   Number         4  treadmills.o(.text.Treadmill_On1000msUartWatchdog)
    __arm_cp.3_2                             0x000035a4   Number         4  treadmills.o(.text.Treadmill_On1000msUartWatchdog)
    [Anonymous Symbol]                       0x000035a8   Section        0  treadmills.o(.text.Treadmill_On250msTasks)
    __arm_cp.1_0                             0x000036c0   Number         4  treadmills.o(.text.Treadmill_On250msTasks)
    __arm_cp.1_1                             0x000036c4   Number         4  treadmills.o(.text.Treadmill_On250msTasks)
    __arm_cp.1_2                             0x000036c8   Number         4  treadmills.o(.text.Treadmill_On250msTasks)
    __arm_cp.1_3                             0x000036cc   Number         4  treadmills.o(.text.Treadmill_On250msTasks)
    __arm_cp.1_4                             0x000036d0   Number         4  treadmills.o(.text.Treadmill_On250msTasks)
    __arm_cp.1_5                             0x000036d4   Number         4  treadmills.o(.text.Treadmill_On250msTasks)
    __arm_cp.1_6                             0x000036d8   Number         4  treadmills.o(.text.Treadmill_On250msTasks)
    __arm_cp.1_7                             0x000036dc   Number         4  treadmills.o(.text.Treadmill_On250msTasks)
    [Anonymous Symbol]                       0x000036e0   Section        0  treadmills.o(.text.Treadmill_On_Event)
    __arm_cp.7_0                             0x00003984   Number         4  treadmills.o(.text.Treadmill_On_Event)
    __arm_cp.7_1                             0x00003988   Number         4  treadmills.o(.text.Treadmill_On_Event)
    __arm_cp.7_2                             0x0000398c   Number         4  treadmills.o(.text.Treadmill_On_Event)
    __arm_cp.7_3                             0x00003990   Number         4  treadmills.o(.text.Treadmill_On_Event)
    __arm_cp.7_4                             0x00003994   Number         4  treadmills.o(.text.Treadmill_On_Event)
    __arm_cp.7_5                             0x00003998   Number         4  treadmills.o(.text.Treadmill_On_Event)
    [Anonymous Symbol]                       0x0000399c   Section        0  bsp_uart.o(.text.UART1_IRQHandler)
    __arm_cp.4_1                             0x000039cc   Number         4  bsp_uart.o(.text.UART1_IRQHandler)
    [Anonymous Symbol]                       0x000039d0   Section        0  bsp_uart.o(.text.UART2_IRQHandler)
    __arm_cp.5_1                             0x00003a00   Number         4  bsp_uart.o(.text.UART2_IRQHandler)
    [Anonymous Symbol]                       0x00003a04   Section        0  cw32l010_uart.o(.text.UART_ClearITPendingBit)
    __arm_cp.14_3                            0x00003a64   Number         4  cw32l010_uart.o(.text.UART_ClearITPendingBit)
    [Anonymous Symbol]                       0x00003a68   Section        0  cw32l010_uart.o(.text.UART_GetFlagStatus)
    [Anonymous Symbol]                       0x00003ac8   Section        0  cw32l010_uart.o(.text.UART_GetITStatus)
    [Anonymous Symbol]                       0x00003b2c   Section        0  cw32l010_uart.o(.text.UART_ITConfig)
    __arm_cp.12_0                            0x00003bc4   Number         4  cw32l010_uart.o(.text.UART_ITConfig)
    __arm_cp.12_1                            0x00003bc8   Number         4  cw32l010_uart.o(.text.UART_ITConfig)
    __arm_cp.12_2                            0x00003bcc   Number         4  cw32l010_uart.o(.text.UART_ITConfig)
    __arm_cp.12_3                            0x00003bd0   Number         4  cw32l010_uart.o(.text.UART_ITConfig)
    [Anonymous Symbol]                       0x00003bd4   Section        0  cw32l010_uart.o(.text.UART_Init)
    __arm_cp.6_3                             0x00003f88   Number         4  cw32l010_uart.o(.text.UART_Init)
    __arm_cp.6_4                             0x00003f8c   Number         4  cw32l010_uart.o(.text.UART_Init)
    __arm_cp.6_5                             0x00003f90   Number         4  cw32l010_uart.o(.text.UART_Init)
    __arm_cp.6_6                             0x00003f94   Number         4  cw32l010_uart.o(.text.UART_Init)
    __arm_cp.6_7                             0x00003f98   Number         4  cw32l010_uart.o(.text.UART_Init)
    __arm_cp.6_8                             0x00003f9c   Number         4  cw32l010_uart.o(.text.UART_Init)
    __arm_cp.6_9                             0x00003fa0   Number         4  cw32l010_uart.o(.text.UART_Init)
    __arm_cp.6_10                            0x00003fa4   Number         4  cw32l010_uart.o(.text.UART_Init)
    [Anonymous Symbol]                       0x00003fa8   Section        0  cw32l010_uart.o(.text.UART_ReceiveData_8bit)
    __arm_cp.5_0                             0x00003fd8   Number         4  cw32l010_uart.o(.text.UART_ReceiveData_8bit)
    __arm_cp.5_1                             0x00003fdc   Number         4  cw32l010_uart.o(.text.UART_ReceiveData_8bit)
    __arm_cp.5_2                             0x00003fe0   Number         4  cw32l010_uart.o(.text.UART_ReceiveData_8bit)
    [Anonymous Symbol]                       0x00003fe4   Section        0  cw32l010_uart.o(.text.UART_SendData_8bit)
    __arm_cp.1_0                             0x00004030   Number         4  cw32l010_uart.o(.text.UART_SendData_8bit)
    __arm_cp.1_1                             0x00004034   Number         4  cw32l010_uart.o(.text.UART_SendData_8bit)
    __arm_cp.1_2                             0x00004038   Number         4  cw32l010_uart.o(.text.UART_SendData_8bit)
    [Anonymous Symbol]                       0x0000403c   Section        0  ui_display.o(.text.UI_ClearAll)
    [Anonymous Symbol]                       0x00004084   Section        0  ui_display.o(.text.UI_Engine_Init)
    [Anonymous Symbol]                       0x00004090   Section        0  ui_display.o(.text.UI_Engine_Refresh)
    __arm_cp.2_0                             0x0000417c   Number         4  ui_display.o(.text.UI_Engine_Refresh)
    __arm_cp.2_2                             0x00004180   Number         4  ui_display.o(.text.UI_Engine_Refresh)
    __arm_cp.2_4                             0x00004184   Number         4  ui_display.o(.text.UI_Engine_Refresh)
    __arm_cp.2_7                             0x00004188   Number         4  ui_display.o(.text.UI_Engine_Refresh)
    __arm_cp.2_8                             0x0000418c   Number         4  ui_display.o(.text.UI_Engine_Refresh)
    [Anonymous Symbol]                       0x00004190   Section        0  ui_display.o(.text.UI_MarkDirty)
    [Anonymous Symbol]                       0x00004198   Section        0  ui_display.o(.text.UI_SetBitMode)
    [Anonymous Symbol]                       0x0000423c   Section        0  ui_display.o(.text.UI_SetBlinkTime)
    __arm_cp.8_0                             0x0000426c   Number         4  ui_display.o(.text.UI_SetBlinkTime)
    [Anonymous Symbol]                       0x00004270   Section        0  ui_display.o(.text.UI_SetGridBlinkMask)
    __arm_cp.9_0                             0x000042b8   Number         4  ui_display.o(.text.UI_SetGridBlinkMask)
    [Anonymous Symbol]                       0x000042bc   Section        0  ui_display.o(.text.UI_SetNumber)
    [Anonymous Symbol]                       0x000043b4   Section        0  ui_display.o(.text.UI_SetRaw)
    __arm_cp.7_0                             0x000043f0   Number         4  ui_display.o(.text.UI_SetRaw)
    __arm_cp.7_1                             0x000043f4   Number         4  ui_display.o(.text.UI_SetRaw)
    [Anonymous Symbol]                       0x000043f8   Section        0  interrupts_cw32l010.o(.text.VC1_IRQHandler)
    [Anonymous Symbol]                       0x000043fa   Section        0  interrupts_cw32l010.o(.text.VC2_IRQHandler)
    [Anonymous Symbol]                       0x000043fc   Section        0  interrupts_cw32l010.o(.text.WDT_IRQHandler)
    __NVIC_EnableIRQ                         0x00004401   Thumb Code    32  bsp_uart.o(.text.__NVIC_EnableIRQ)
    [Anonymous Symbol]                       0x00004400   Section        0  bsp_uart.o(.text.__NVIC_EnableIRQ)
    __NVIC_EnableIRQ                         0x00004421   Thumb Code    32  bsp_timer.o(.text.__NVIC_EnableIRQ)
    [Anonymous Symbol]                       0x00004420   Section        0  bsp_timer.o(.text.__NVIC_EnableIRQ)
    __arm_cp.2_0                             0x00004440   Number         4  bsp_timer.o(.text.__NVIC_EnableIRQ)
    __NVIC_SetPriority                       0x00004445   Thumb Code   112  bsp_uart.o(.text.__NVIC_SetPriority)
    [Anonymous Symbol]                       0x00004444   Section        0  bsp_uart.o(.text.__NVIC_SetPriority)
    __NVIC_SetPriority                       0x000044b5   Thumb Code   112  bsp_timer.o(.text.__NVIC_SetPriority)
    [Anonymous Symbol]                       0x000044b4   Section        0  bsp_timer.o(.text.__NVIC_SetPriority)
    __arm_cp.1_0                             0x00004524   Number         4  bsp_timer.o(.text.__NVIC_SetPriority)
    __arm_cp.1_1                             0x00004528   Number         4  bsp_timer.o(.text.__NVIC_SetPriority)
    [Anonymous Symbol]                       0x0000452c   Section        0  main.o(.text.assert_failed)
    [Anonymous Symbol]                       0x00004536   Section        0  main.o(.text.main)
    prv_Cmd                                  0x00004567   Thumb Code    30  led_driver.o(.text.prv_Cmd)
    [Anonymous Symbol]                       0x00004566   Section        0  led_driver.o(.text.prv_Cmd)
    prv_GPIO_Init                            0x00004585   Thumb Code    56  led_driver.o(.text.prv_GPIO_Init)
    [Anonymous Symbol]                       0x00004584   Section        0  led_driver.o(.text.prv_GPIO_Init)
    __arm_cp.1_0                             0x000045bc   Number         4  led_driver.o(.text.prv_GPIO_Init)
    __arm_cp.1_1                             0x000045c0   Number         4  led_driver.o(.text.prv_GPIO_Init)
    prv_SendByte                             0x000045c5   Thumb Code    88  led_driver.o(.text.prv_SendByte)
    [Anonymous Symbol]                       0x000045c4   Section        0  led_driver.o(.text.prv_SendByte)
    prv_Start                                0x0000461d   Thumb Code    16  led_driver.o(.text.prv_Start)
    [Anonymous Symbol]                       0x0000461c   Section        0  led_driver.o(.text.prv_Start)
    prv_Stop                                 0x0000462d   Thumb Code    16  led_driver.o(.text.prv_Stop)
    [Anonymous Symbol]                       0x0000462c   Section        0  led_driver.o(.text.prv_Stop)
    __arm_cp.8_0                             0x0000463c   Number         4  led_driver.o(.text.prv_Stop)
    __arm_cp.8_1                             0x00004640   Number         4  led_driver.o(.text.prv_Stop)
    prv_code_to_canonical                    0x00004645   Thumb Code   188  ui_display.o(.text.prv_code_to_canonical)
    [Anonymous Symbol]                       0x00004644   Section        0  ui_display.o(.text.prv_code_to_canonical)
    prv_seg_pack_to_hw                       0x00004701   Thumb Code   148  ui_display.o(.text.prv_seg_pack_to_hw)
    [Anonymous Symbol]                       0x00004700   Section        0  ui_display.o(.text.prv_seg_pack_to_hw)
    __arm_cp.3_0                             0x00004794   Number         4  ui_display.o(.text.prv_seg_pack_to_hw)
    i.__ARM_clz                              0x00004798   Section        0  depilogue.o(i.__ARM_clz)
    i.__scatterload_copy                     0x000047c6   Section       14  handlers.o(i.__scatterload_copy)
    i.__scatterload_null                     0x000047d4   Section        2  handlers.o(i.__scatterload_null)
    i.__scatterload_zeroinit                 0x000047d6   Section       14  handlers.o(i.__scatterload_zeroinit)
    Seg_Num                                  0x000047e4   Data          10  plat_segment.o(.rodata.Seg_Num)
    [Anonymous Symbol]                       0x000047e4   Section        0  plat_segment.o(.rodata.Seg_Num)
    g_GridMap                                0x000047ee   Data          12  ui_display.o(.rodata.g_GridMap)
    [Anonymous Symbol]                       0x000047ee   Section        0  ui_display.o(.rodata.g_GridMap)
    g_SegDToSeg                              0x000047fa   Data           8  ui_display.o(.rodata.g_SegDToSeg)
    [Anonymous Symbol]                       0x000047fa   Section        0  ui_display.o(.rodata.g_SegDToSeg)
    s_cfg_table                              0x00004802   Data          92  treadmills.o(.rodata.s_cfg_table)
    [Anonymous Symbol]                       0x00004802   Section        0  treadmills.o(.rodata.s_cfg_table)
    [Anonymous Symbol]                       0x0000485e   Section        0  cw32l010_sysctrl.o(.rodata.str1.1)
    [Anonymous Symbol]                       0x0000488b   Section        0  cw32l010_btim.o(.rodata.str1.1)
    [Anonymous Symbol]                       0x000048b5   Section        0  cw32l010_gtim.o(.rodata.str1.1)
    [Anonymous Symbol]                       0x000048df   Section        0  cw32l010_uart.o(.rodata.str1.1)
    RF433_Handler_60us.last_pin              0x20000000   Data           1  plat_rf.o(.data.RF433_Handler_60us.last_pin)
    [Anonymous Symbol]                       0x20000000   Section        0  plat_rf.o(.data.RF433_Handler_60us.last_pin)
    SCH_tasks_G                              0x20000004   Data         128  sys_scheduler.o(.data.SCH_tasks_G)
    [Anonymous Symbol]                       0x20000004   Section        0  sys_scheduler.o(.data.SCH_tasks_G)
    g_BlinkThreshold                         0x20000088   Data           2  ui_display.o(.data.g_BlinkThreshold)
    [Anonymous Symbol]                       0x20000088   Section        0  ui_display.o(.data.g_BlinkThreshold)
    g_IsDirty                                0x2000008a   Data           1  ui_display.o(.data.g_IsDirty)
    [Anonymous Symbol]                       0x2000008a   Section        0  ui_display.o(.data.g_IsDirty)
    s_ctrl                                   0x2000008b   Data           1  led_driver.o(.data.s_ctrl)
    [Anonymous Symbol]                       0x2000008b   Section        0  led_driver.o(.data.s_ctrl)
    AeroLink_Handler.d_idx                   0x20000090   Data           1  plat_aerolink.o(.bss.AeroLink_Handler.d_idx)
    [Anonymous Symbol]                       0x20000090   Section        0  plat_aerolink.o(.bss.AeroLink_Handler.d_idx)
    AeroLink_Handler.rx_f                    0x20000091   Data          10  plat_aerolink.o(.bss.AeroLink_Handler.rx_f)
    [Anonymous Symbol]                       0x20000091   Section        0  plat_aerolink.o(.bss.AeroLink_Handler.rx_f)
    AeroLink_Handler.state                   0x2000009c   Data           4  plat_aerolink.o(.bss.AeroLink_Handler.state)
    [Anonymous Symbol]                       0x2000009c   Section        0  plat_aerolink.o(.bss.AeroLink_Handler.state)
    RF433_Handler_60us.bit_cnt               0x200000a0   Data           1  plat_rf.o(.bss.RF433_Handler_60us.bit_cnt)
    [Anonymous Symbol]                       0x200000a0   Section        0  plat_rf.o(.bss.RF433_Handler_60us.bit_cnt)
    RF433_Handler_60us.h_ticks               0x200000a4   Data           4  plat_rf.o(.bss.RF433_Handler_60us.h_ticks)
    [Anonymous Symbol]                       0x200000a4   Section        0  plat_rf.o(.bss.RF433_Handler_60us.h_ticks)
    RF433_Handler_60us.l_ticks               0x200000a8   Data           4  plat_rf.o(.bss.RF433_Handler_60us.l_ticks)
    [Anonymous Symbol]                       0x200000a8   Section        0  plat_rf.o(.bss.RF433_Handler_60us.l_ticks)
    RF433_Handler_60us.rx_reg                0x200000ac   Data           4  plat_rf.o(.bss.RF433_Handler_60us.rx_reg)
    [Anonymous Symbol]                       0x200000ac   Section        0  plat_rf.o(.bss.RF433_Handler_60us.rx_reg)
    RF433_Handler_60us.state                 0x200000b0   Data           1  plat_rf.o(.bss.RF433_Handler_60us.state)
    [Anonymous Symbol]                       0x200000b0   Section        0  plat_rf.o(.bss.RF433_Handler_60us.state)
    Render_TM1640.s_prev                     0x200000b4   Data           4  treadmills.o(.bss.Render_TM1640.s_prev)
    [Anonymous Symbol]                       0x200000b4   Section        0  treadmills.o(.bss.Render_TM1640.s_prev)
    Run_Tick.s_sec_cnt                       0x200000b8   Data           1  treadmills.o(.bss.Run_Tick.s_sec_cnt)
    [Anonymous Symbol]                       0x200000b8   Section        0  treadmills.o(.bss.Run_Tick.s_sec_cnt)
    Treadmill_Manager_100ms.s_prev           0x200000bc   Data           4  treadmills.o(.bss.Treadmill_Manager_100ms.s_prev)
    [Anonymous Symbol]                       0x200000bc   Section        0  treadmills.o(.bss.Treadmill_Manager_100ms.s_prev)
    Treadmill_Manager_100ms.s_prev.1         0x200000c0   Data           4  treadmills.o(.bss.Treadmill_Manager_100ms.s_prev.1)
    [Anonymous Symbol]                       0x200000c0   Section        0  treadmills.o(.bss.Treadmill_Manager_100ms.s_prev.1)
    UI_Engine_Refresh.blink_phase            0x200000c4   Data           1  ui_display.o(.bss.UI_Engine_Refresh.blink_phase)
    [Anonymous Symbol]                       0x200000c4   Section        0  ui_display.o(.bss.UI_Engine_Refresh.blink_phase)
    UI_Engine_Refresh.tick                   0x200000c6   Data           2  ui_display.o(.bss.UI_Engine_Refresh.tick)
    [Anonymous Symbol]                       0x200000c6   Section        0  ui_display.o(.bss.UI_Engine_Refresh.tick)
    g_BlinkMask                              0x200000c8   Data          12  ui_display.o(.bss.g_BlinkMask)
    [Anonymous Symbol]                       0x200000c8   Section        0  ui_display.o(.bss.g_BlinkMask)
    g_HwOr                                   0x200000d4   Data          12  ui_display.o(.bss.g_HwOr)
    [Anonymous Symbol]                       0x200000d4   Section        0  ui_display.o(.bss.g_HwOr)
    g_HwOrBlink                              0x200000e0   Data          12  ui_display.o(.bss.g_HwOrBlink)
    [Anonymous Symbol]                       0x200000e0   Section        0  ui_display.o(.bss.g_HwOrBlink)
    g_ShadowRAM                              0x200000ec   Data          12  ui_display.o(.bss.g_ShadowRAM)
    [Anonymous Symbol]                       0x200000ec   Section        0  ui_display.o(.bss.g_ShadowRAM)
    g_active_id                              0x20000120   Data           4  plat_keyfun.o(.bss.g_active_id)
    [Anonymous Symbol]                       0x20000120   Section        0  plat_keyfun.o(.bss.g_active_id)
    g_beep                                   0x20000124   Data          12  plat_beep.o(.bss.g_beep)
    [Anonymous Symbol]                       0x20000124   Section        0  plat_beep.o(.bss.g_beep)
    g_duration                               0x20000130   Data           2  plat_keyfun.o(.bss.g_duration)
    [Anonymous Symbol]                       0x20000130   Section        0  plat_keyfun.o(.bss.g_duration)
    g_energy                                 0x20000132   Data           2  plat_keyfun.o(.bss.g_energy)
    [Anonymous Symbol]                       0x20000132   Section        0  plat_keyfun.o(.bss.g_energy)
    g_is_holding                             0x20000134   Data           1  plat_keyfun.o(.bss.g_is_holding)
    [Anonymous Symbol]                       0x20000134   Section        0  plat_keyfun.o(.bss.g_is_holding)
    g_pending_clicks                         0x20000135   Data           1  plat_beep.o(.bss.g_pending_clicks)
    [Anonymous Symbol]                       0x20000135   Section        0  plat_beep.o(.bss.g_pending_clicks)
    g_repeat_tmr                             0x20000136   Data           2  plat_keyfun.o(.bss.g_repeat_tmr)
    [Anonymous Symbol]                       0x20000136   Section        0  plat_keyfun.o(.bss.g_repeat_tmr)
    s_accum_dist                             0x20000148   Data           4  treadmills.o(.bss.s_accum_dist)
    [Anonymous Symbol]                       0x20000148   Section        0  treadmills.o(.bss.s_accum_dist)
    s_boot_100ms                             0x2000014c   Data           2  treadmills.o(.bss.s_boot_100ms)
    [Anonymous Symbol]                       0x2000014c   Section        0  treadmills.o(.bss.s_boot_100ms)
    s_buf                                    0x2000014e   Data          16  led_driver.o(.bss.s_buf)
    [Anonymous Symbol]                       0x2000014e   Section        0  led_driver.o(.bss.s_buf)
    s_cfg_delay_ticks                        0x2000015e   Data           2  treadmills.o(.bss.s_cfg_delay_ticks)
    [Anonymous Symbol]                       0x2000015e   Section        0  treadmills.o(.bss.s_cfg_delay_ticks)
    s_cfg_gate_250ms                         0x20000160   Data           1  treadmills.o(.bss.s_cfg_gate_250ms)
    [Anonymous Symbol]                       0x20000160   Section        0  treadmills.o(.bss.s_cfg_gate_250ms)
    s_cfg_step                               0x20000161   Data           1  treadmills.o(.bss.s_cfg_step)
    [Anonymous Symbol]                       0x20000161   Section        0  treadmills.o(.bss.s_cfg_step)
    s_cmd_test_active                        0x20000162   Data           1  treadmills.o(.bss.s_cmd_test_active)
    [Anonymous Symbol]                       0x20000162   Section        0  treadmills.o(.bss.s_cmd_test_active)
    s_cmd_test_reject_lower                  0x20000163   Data           1  treadmills.o(.bss.s_cmd_test_reject_lower)
    [Anonymous Symbol]                       0x20000163   Section        0  treadmills.o(.bss.s_cmd_test_reject_lower)
    s_cmd_test_sel                           0x20000164   Data           1  treadmills.o(.bss.s_cmd_test_sel)
    [Anonymous Symbol]                       0x20000164   Section        0  treadmills.o(.bss.s_cmd_test_sel)
    s_comm_timeout_cnt                       0x20000166   Data           2  treadmills.o(.bss.s_comm_timeout_cnt)
    [Anonymous Symbol]                       0x20000166   Section        0  treadmills.o(.bss.s_comm_timeout_cnt)
    s_err_stop_sent                          0x20000168   Data           1  treadmills.o(.bss.s_err_stop_sent)
    [Anonymous Symbol]                       0x20000168   Section        0  treadmills.o(.bss.s_err_stop_sent)
    s_lchk_ack_rx                            0x20000169   Data           1  treadmills.o(.bss.s_lchk_ack_rx)
    [Anonymous Symbol]                       0x20000169   Section        0  treadmills.o(.bss.s_lchk_ack_rx)
    s_lchk_err                               0x2000016a   Data           1  treadmills.o(.bss.s_lchk_err)
    [Anonymous Symbol]                       0x2000016a   Section        0  treadmills.o(.bss.s_lchk_err)
    s_lchk_sm                                0x2000016b   Data           1  treadmills.o(.bss.s_lchk_sm)
    [Anonymous Symbol]                       0x2000016b   Section        0  treadmills.o(.bss.s_lchk_sm)
    s_lchk_timeout                           0x2000016c   Data           1  treadmills.o(.bss.s_lchk_timeout)
    [Anonymous Symbol]                       0x2000016c   Section        0  treadmills.o(.bss.s_lchk_timeout)
    s_read_param_sent                        0x2000016d   Data           1  treadmills.o(.bss.s_read_param_sent)
    [Anonymous Symbol]                       0x2000016d   Section        0  treadmills.o(.bss.s_read_param_sent)
    s_stop_motor_done                        0x2000016e   Data           1  treadmills.o(.bss.s_stop_motor_done)
    [Anonymous Symbol]                       0x2000016e   Section        0  treadmills.o(.bss.s_stop_motor_done)
    s_stop_ramp_cnt                          0x20000170   Data           2  treadmills.o(.bss.s_stop_ramp_cnt)
    [Anonymous Symbol]                       0x20000170   Section        0  treadmills.o(.bss.s_stop_ramp_cnt)
    s_stop_start_spd                         0x20000172   Data           2  treadmills.o(.bss.s_stop_start_spd)
    [Anonymous Symbol]                       0x20000172   Section        0  treadmills.o(.bss.s_stop_start_spd)
    s_stop_wait_cnt                          0x20000174   Data           2  treadmills.o(.bss.s_stop_wait_cnt)
    [Anonymous Symbol]                       0x20000174   Section        0  treadmills.o(.bss.s_stop_wait_cnt)
    s_suppress_keypad_beep                   0x20000176   Data           1  treadmills.o(.bss.s_suppress_keypad_beep)
    [Anonymous Symbol]                       0x20000176   Section        0  treadmills.o(.bss.s_suppress_keypad_beep)
    s_uart_idle_sec                          0x20000177   Data           1  treadmills.o(.bss.s_uart_idle_sec)
    [Anonymous Symbol]                       0x20000177   Section        0  treadmills.o(.bss.s_uart_idle_sec)
    s_uart_rx_pulse                          0x20000178   Data           1  treadmills.o(.bss.s_uart_rx_pulse)
    [Anonymous Symbol]                       0x20000178   Section        0  treadmills.o(.bss.s_uart_rx_pulse)
    uart1_pool                               0x20000179   Data         128  bsp_uart.o(.bss.uart1_pool)
    [Anonymous Symbol]                       0x20000179   Section        0  bsp_uart.o(.bss.uart1_pool)
    uart2_pool                               0x20000208   Data         256  bsp_uart.o(.bss.uart2_pool)
    [Anonymous Symbol]                       0x20000208   Section        0  bsp_uart.o(.bss.uart2_pool)
    STACK                                    0x20000318   Section     1024  startup_cw32l010.o(STACK)

    Global Symbols

    Symbol Name                              Value     Ov Type        Size  Object(Section)

    BuildAttributes$$THM_ISAv3M$S$PE$A:L22$X:L11$S22$IEEE1$IW$~IW$USESV6$~STKCKD$USESV7$WCHAR32$ENUMINT$~SHL$OTIME$ROPI$EBA8$MICROLIB$REQ8$PRES8$EABIv2 0x00000000   Number         0  anon$$obj.o ABSOLUTE
    __Vectors                                0x00000000   Data           0  startup_cw32l010.o(RESET)
    __cpp_initialize__aeabi_                  - Undefined Weak Reference
    __cxa_finalize                            - Undefined Weak Reference
    __decompress                              - Undefined Weak Reference
    _clock_init                               - Undefined Weak Reference
    _microlib_exit                            - Undefined Weak Reference
    __Vectors_End                            0x000000c0   Data           0  startup_cw32l010.o(RESET)
    __Vectors_Size                           0x000000c0   Number         0  startup_cw32l010.o ABSOLUTE
    __main                                   0x000000c1   Thumb Code     0  entry.o(.ARM.Collect$$$$00000000)
    _main_stk                                0x000000c1   Thumb Code     0  entry2.o(.ARM.Collect$$$$00000001)
    _main_scatterload                        0x000000c5   Thumb Code     0  entry5.o(.ARM.Collect$$$$00000004)
    __main_after_scatterload                 0x000000c9   Thumb Code     0  entry5.o(.ARM.Collect$$$$00000004)
    _main_clock                              0x000000c9   Thumb Code     0  entry7b.o(.ARM.Collect$$$$00000008)
    _main_cpp_init                           0x000000c9   Thumb Code     0  entry8b.o(.ARM.Collect$$$$0000000A)
    _main_init                               0x000000c9   Thumb Code     0  entry9a.o(.ARM.Collect$$$$0000000B)
    __rt_final_cpp                           0x000000d1   Thumb Code     0  entry10a.o(.ARM.Collect$$$$0000000D)
    __rt_final_exit                          0x000000d1   Thumb Code     0  entry11a.o(.ARM.Collect$$$$0000000F)
    Reset_Handler                            0x000000d5   Thumb Code    14  startup_cw32l010.o(.text)
    __aeabi_fadd                             0x000000fd   Thumb Code   162  fadd.o(.text)
    __aeabi_fsub                             0x0000019f   Thumb Code     8  fadd.o(.text)
    __aeabi_frsub                            0x000001a7   Thumb Code     8  fadd.o(.text)
    __aeabi_fmul                             0x000001af   Thumb Code   122  fmul.o(.text)
    __aeabi_fdiv                             0x00000229   Thumb Code   124  fdiv.o(.text)
    __aeabi_dadd                             0x000002a5   Thumb Code   328  dadd.o(.text)
    __aeabi_dsub                             0x000003ed   Thumb Code    12  dadd.o(.text)
    __aeabi_drsub                            0x000003f9   Thumb Code    12  dadd.o(.text)
    __aeabi_fcmple                           0x00000409   Thumb Code    28  fcmple.o(.text)
    __aeabi_fcmplt                           0x00000425   Thumb Code    28  fcmplt.o(.text)
    __aeabi_fcmpge                           0x00000441   Thumb Code    28  fcmpge.o(.text)
    __aeabi_fcmpgt                           0x0000045d   Thumb Code    28  fcmpgt.o(.text)
    __aeabi_i2f                              0x00000479   Thumb Code    22  fflti.o(.text)
    __aeabi_ui2f                             0x0000048f   Thumb Code    14  ffltui.o(.text)
    __aeabi_f2iz                             0x0000049d   Thumb Code    50  ffixi.o(.text)
    __aeabi_f2uiz                            0x000004cf   Thumb Code    40  ffixui.o(.text)
    __aeabi_d2iz                             0x000004f9   Thumb Code    62  dfixi.o(.text)
    __aeabi_f2d                              0x00000541   Thumb Code    40  f2d.o(.text)
    __aeabi_uidiv                            0x00000569   Thumb Code     0  uidiv_div0.o(.text)
    __aeabi_uidivmod                         0x00000569   Thumb Code    62  uidiv_div0.o(.text)
    __aeabi_llsl                             0x000005a7   Thumb Code    32  llshl.o(.text)
    _ll_shift_l                              0x000005a7   Thumb Code     0  llshl.o(.text)
    __aeabi_llsr                             0x000005c7   Thumb Code    34  llushr.o(.text)
    _ll_ushift_r                             0x000005c7   Thumb Code     0  llushr.o(.text)
    __aeabi_lasr                             0x000005e9   Thumb Code    38  llsshr.o(.text)
    _ll_sshift_r                             0x000005e9   Thumb Code     0  llsshr.o(.text)
    __I$use$fp                               0x0000060f   Thumb Code     0  iusefp.o(.text)
    _float_round                             0x0000060f   Thumb Code    16  fepilogue.o(.text)
    _float_epilogue                          0x0000061f   Thumb Code   114  fepilogue.o(.text)
    _double_round                            0x00000691   Thumb Code    26  depilogue.o(.text)
    _double_epilogue                         0x000006ab   Thumb Code   164  depilogue.o(.text)
    __scatterload                            0x00000751   Thumb Code    28  init.o(.text)
    __scatterload_rt2                        0x00000751   Thumb Code     0  init.o(.text)
    ADC_IRQHandler                           0x00000775   Thumb Code     2  interrupts_cw32l010.o(.text.ADC_IRQHandler)
    ATIM_IRQHandler                          0x00000777   Thumb Code     2  interrupts_cw32l010.o(.text.ATIM_IRQHandler)
    AeroBuf_Init                             0x00000a89   Thumb Code    38  sys_aerobuf.o(.text.AeroBuf_Init)
    AeroBuf_Pop                              0x00000aaf   Thumb Code    70  sys_aerobuf.o(.text.AeroBuf_Pop)
    AeroBuf_Push                             0x00000af5   Thumb Code    76  sys_aerobuf.o(.text.AeroBuf_Push)
    AeroLink_Handler                         0x00000d4d   Thumb Code   376  plat_aerolink.o(.text.AeroLink_Handler)
    AeroLink_OnFrameReceived                 0x00000ed5   Thumb Code   524  treadmills.o(.text.AeroLink_OnFrameReceived)
    AeroLink_Send                            0x00001101   Thumb Code   192  plat_aerolink.o(.text.AeroLink_Send)
    BSP_GPIO_Init                            0x000011c5   Thumb Code   128  bsp_gpio.o(.text.BSP_GPIO_Init)
    BSP_PWM_Init                             0x00001249   Thumb Code   152  bsp_pwm.o(.text.BSP_PWM_Init)
    BSP_PWM_Set                              0x000012f9   Thumb Code   132  bsp_pwm.o(.text.BSP_PWM_Set)
    BSP_PWM_Stop                             0x00001381   Thumb Code    28  bsp_pwm.o(.text.BSP_PWM_Stop)
    BSP_Timer_Init                           0x000013a1   Thumb Code   140  bsp_timer.o(.text.BSP_Timer_Init)
    BSP_Uart_Init                            0x00001439   Thumb Code   328  bsp_uart.o(.text.BSP_Uart_Init)
    BSP_Uart_WriteByte                       0x000015a9   Thumb Code    64  bsp_uart.o(.text.BSP_Uart_WriteByte)
    BTIM1_IRQHandler                         0x000015e9   Thumb Code    32  bsp_timer.o(.text.BTIM1_IRQHandler)
    BTIM2_IRQHandler                         0x00001609   Thumb Code    32  bsp_timer.o(.text.BTIM2_IRQHandler)
    BTIM3_IRQHandler                         0x00001629   Thumb Code     2  interrupts_cw32l010.o(.text.BTIM3_IRQHandler)
    BTIM_ClearITPendingBit                   0x0000162d   Thumb Code   100  cw32l010_btim.o(.text.BTIM_ClearITPendingBit)
    BTIM_Cmd                                 0x00001691   Thumb Code   116  cw32l010_btim.o(.text.BTIM_Cmd)
    BTIM_GetITStatus                         0x00001705   Thumb Code   104  cw32l010_btim.o(.text.BTIM_GetITStatus)
    BTIM_ITConfig                            0x00001775   Thumb Code   156  cw32l010_btim.o(.text.BTIM_ITConfig)
    BTIM_TimeBaseInit                        0x00001811   Thumb Code   236  cw32l010_btim.o(.text.BTIM_TimeBaseInit)
    Beep_Handler_1ms                         0x00001919   Thumb Code   176  plat_beep.o(.text.Beep_Handler_1ms)
    Beep_Init                                0x000019c9   Thumb Code    20  plat_beep.o(.text.Beep_Init)
    Beep_Play                                0x000019dd   Thumb Code   156  plat_beep.o(.text.Beep_Play)
    Beep_Play_Custom                         0x00001a7d   Thumb Code    88  plat_beep.o(.text.Beep_Play_Custom)
    CLKFAULT_IRQHandler                      0x00001b65   Thumb Code     2  interrupts_cw32l010.o(.text.CLKFAULT_IRQHandler)
    Disp_AddDot                              0x00001c75   Thumb Code    18  plat_segment.o(.text.Disp_AddDot)
    Disp_GetDigitCode                        0x00001c89   Thumb Code    48  plat_segment.o(.text.Disp_GetDigitCode)
    FLASHRAM_IRQHandler                      0x00001de5   Thumb Code     2  interrupts_cw32l010.o(.text.FLASHRAM_IRQHandler)
    GPIOA_IRQHandler                         0x00001de7   Thumb Code     2  interrupts_cw32l010.o(.text.GPIOA_IRQHandler)
    GPIOB_IRQHandler                         0x00001de9   Thumb Code     2  interrupts_cw32l010.o(.text.GPIOB_IRQHandler)
    GPIO_Init                                0x00001ded   Thumb Code   292  cw32l010_gpio.o(.text.GPIO_Init)
    GPIO_ReadPin                             0x00001f21   Thumb Code    44  cw32l010_gpio.o(.text.GPIO_ReadPin)
    GPIO_WritePin                            0x00001f4d   Thumb Code    42  cw32l010_gpio.o(.text.GPIO_WritePin)
    GTIM1_IRQHandler                         0x00001f77   Thumb Code     2  interrupts_cw32l010.o(.text.GTIM1_IRQHandler)
    GTIM_Cmd                                 0x00001f79   Thumb Code    84  cw32l010_gtim.o(.text.GTIM_Cmd)
    GTIM_OC1Cmd                              0x00001fcd   Thumb Code    80  cw32l010_gtim.o(.text.GTIM_OC1Cmd)
    GTIM_OC1ModeCfg                          0x0000201d   Thumb Code   284  cw32l010_gtim.o(.text.GTIM_OC1ModeCfg)
    GTIM_SetCompare1                         0x00002139   Thumb Code    44  cw32l010_gtim.o(.text.GTIM_SetCompare1)
    GTIM_SetReloadValue                      0x00002169   Thumb Code    44  cw32l010_gtim.o(.text.GTIM_SetReloadValue)
    GTIM_TimeBaseInit                        0x00002199   Thumb Code   332  cw32l010_gtim.o(.text.GTIM_TimeBaseInit)
    HardFault_Handler                        0x000022ed   Thumb Code     4  interrupts_cw32l010.o(.text.HardFault_Handler)
    I2C1_IRQHandler                          0x000022f1   Thumb Code     2  interrupts_cw32l010.o(.text.I2C1_IRQHandler)
    Keypad_Handler_10ms                      0x000022f5   Thumb Code   304  plat_keyfun.o(.text.Keypad_Handler_10ms)
    Keypad_On_Event                          0x0000243d   Thumb Code    68  plat_keyfun.o(.text.Keypad_On_Event)
    LED_ClearBuf                             0x00002481   Thumb Code    48  led_driver.o(.text.LED_ClearBuf)
    LED_Init                                 0x000024b1   Thumb Code    28  led_driver.o(.text.LED_Init)
    LED_Refresh                              0x000024cd   Thumb Code    80  led_driver.o(.text.LED_Refresh)
    LED_SetBrightness                        0x0000251d   Thumb Code    68  led_driver.o(.text.LED_SetBrightness)
    LED_WriteBuf                             0x00002565   Thumb Code    36  led_driver.o(.text.LED_WriteBuf)
    LPTIM_IRQHandler                         0x0000258d   Thumb Code     2  interrupts_cw32l010.o(.text.LPTIM_IRQHandler)
    LVD_IRQHandler                           0x0000258f   Thumb Code     2  interrupts_cw32l010.o(.text.LVD_IRQHandler)
    NMI_Handler                              0x0000260b   Thumb Code     2  interrupts_cw32l010.o(.text.NMI_Handler)
    PendSV_Handler                           0x0000260d   Thumb Code     2  interrupts_cw32l010.o(.text.PendSV_Handler)
    RF433_Handler_60us                       0x00002611   Thumb Code   364  plat_rf.o(.text.RF433_Handler_60us)
    RTC_IRQHandler                           0x0000279d   Thumb Code     2  interrupts_cw32l010.o(.text.RTC_IRQHandler)
    SPI1_IRQHandler                          0x00002d69   Thumb Code     2  interrupts_cw32l010.o(.text.SPI1_IRQHandler)
    SVC_Handler                              0x00002d6b   Thumb Code     2  interrupts_cw32l010.o(.text.SVC_Handler)
    SYSCTRL_AHBPeriphClk_Enable              0x00002d6d   Thumb Code    84  cw32l010_sysctrl.o(.text.SYSCTRL_AHBPeriphClk_Enable)
    SYSCTRL_APBPeriphClk_Enable1             0x00002dc5   Thumb Code    84  cw32l010_sysctrl.o(.text.SYSCTRL_APBPeriphClk_Enable1)
    SYSCTRL_Configuration                    0x00002e25   Thumb Code    24  main.o(.text.SYSCTRL_Configuration)
    SYSCTRL_HSI_Enable                       0x00002e45   Thumb Code   356  cw32l010_sysctrl.o(.text.SYSCTRL_HSI_Enable)
    SYSCTRL_IRQHandler                       0x00002fc5   Thumb Code     2  interrupts_cw32l010.o(.text.SYSCTRL_IRQHandler)
    Scheduler_Dispatch                       0x00002fc9   Thumb Code    76  sys_scheduler.o(.text.Scheduler_Dispatch)
    Scheduler_Update                         0x00003015   Thumb Code    92  sys_scheduler.o(.text.Scheduler_Update)
    SysTick_Handler                          0x000031e1   Thumb Code    16  cw32l010_systick.o(.text.SysTick_Handler)
    SystemCoreClockUpdate                    0x000031f9   Thumb Code     8  system_cw32l010.o(.text.SystemCoreClockUpdate)
    SystemInit                               0x00003209   Thumb Code    48  system_cw32l010.o(.text.SystemInit)
    Task_1000ms                              0x00003259   Thumb Code     8  sys_scheduler.o(.text.Task_1000ms)
    Task_100ms                               0x00003261   Thumb Code     8  sys_scheduler.o(.text.Task_100ms)
    Task_10ms                                0x00003269   Thumb Code    12  sys_scheduler.o(.text.Task_10ms)
    Task_1ms                                 0x00003275   Thumb Code     8  sys_scheduler.o(.text.Task_1ms)
    Task_20ms                                0x0000327d   Thumb Code     8  sys_scheduler.o(.text.Task_20ms)
    Task_250ms                               0x00003285   Thumb Code     8  sys_scheduler.o(.text.Task_250ms)
    Task_300ms                               0x0000328d   Thumb Code     2  sys_scheduler.o(.text.Task_300ms)
    Task_500ms                               0x0000328f   Thumb Code     2  sys_scheduler.o(.text.Task_500ms)
    Treadmill_CmdTestDisplayActive           0x00003305   Thumb Code    12  treadmills.o(.text.Treadmill_CmdTestDisplayActive)
    Treadmill_ConsumeKeyBeepSuppress         0x00003311   Thumb Code    44  treadmills.o(.text.Treadmill_ConsumeKeyBeepSuppress)
    Treadmill_Init                           0x0000333d   Thumb Code   120  treadmills.o(.text.Treadmill_Init)
    Treadmill_LowerBoardReady                0x000033e5   Thumb Code    68  treadmills.o(.text.Treadmill_LowerBoardReady)
    Treadmill_Manager_100ms                  0x00003429   Thumb Code   248  treadmills.o(.text.Treadmill_Manager_100ms)
    Treadmill_On1000msUartWatchdog           0x00003531   Thumb Code   108  treadmills.o(.text.Treadmill_On1000msUartWatchdog)
    Treadmill_On250msTasks                   0x000035a9   Thumb Code   280  treadmills.o(.text.Treadmill_On250msTasks)
    Treadmill_On_Event                       0x000036e1   Thumb Code   676  treadmills.o(.text.Treadmill_On_Event)
    UART1_IRQHandler                         0x0000399d   Thumb Code    48  bsp_uart.o(.text.UART1_IRQHandler)
    UART2_IRQHandler                         0x000039d1   Thumb Code    48  bsp_uart.o(.text.UART2_IRQHandler)
    UART_ClearITPendingBit                   0x00003a05   Thumb Code    96  cw32l010_uart.o(.text.UART_ClearITPendingBit)
    UART_GetFlagStatus                       0x00003a69   Thumb Code    96  cw32l010_uart.o(.text.UART_GetFlagStatus)
    UART_GetITStatus                         0x00003ac9   Thumb Code   100  cw32l010_uart.o(.text.UART_GetITStatus)
    UART_ITConfig                            0x00003b2d   Thumb Code   152  cw32l010_uart.o(.text.UART_ITConfig)
    UART_Init                                0x00003bd5   Thumb Code   948  cw32l010_uart.o(.text.UART_Init)
    UART_ReceiveData_8bit                    0x00003fa9   Thumb Code    48  cw32l010_uart.o(.text.UART_ReceiveData_8bit)
    UART_SendData_8bit                       0x00003fe5   Thumb Code    76  cw32l010_uart.o(.text.UART_SendData_8bit)
    UI_ClearAll                              0x0000403d   Thumb Code    72  ui_display.o(.text.UI_ClearAll)
    UI_Engine_Init                           0x00004085   Thumb Code    12  ui_display.o(.text.UI_Engine_Init)
    UI_Engine_Refresh                        0x00004091   Thumb Code   236  ui_display.o(.text.UI_Engine_Refresh)
    UI_MarkDirty                             0x00004191   Thumb Code     8  ui_display.o(.text.UI_MarkDirty)
    UI_SetBitMode                            0x00004199   Thumb Code   164  ui_display.o(.text.UI_SetBitMode)
    UI_SetBlinkTime                          0x0000423d   Thumb Code    48  ui_display.o(.text.UI_SetBlinkTime)
    UI_SetGridBlinkMask                      0x00004271   Thumb Code    72  ui_display.o(.text.UI_SetGridBlinkMask)
    UI_SetNumber                             0x000042bd   Thumb Code   248  ui_display.o(.text.UI_SetNumber)
    UI_SetRaw                                0x000043b5   Thumb Code    60  ui_display.o(.text.UI_SetRaw)
    VC1_IRQHandler                           0x000043f9   Thumb Code     2  interrupts_cw32l010.o(.text.VC1_IRQHandler)
    VC2_IRQHandler                           0x000043fb   Thumb Code     2  interrupts_cw32l010.o(.text.VC2_IRQHandler)
    WDT_IRQHandler                           0x000043fd   Thumb Code     2  interrupts_cw32l010.o(.text.WDT_IRQHandler)
    assert_failed                            0x0000452d   Thumb Code    10  main.o(.text.assert_failed)
    main                                     0x00004537   Thumb Code    48  main.o(.text.main)
    __ARM_clz                                0x00004799   Thumb Code    46  depilogue.o(i.__ARM_clz)
    __scatterload_copy                       0x000047c7   Thumb Code    14  handlers.o(i.__scatterload_copy)
    __scatterload_null                       0x000047d5   Thumb Code     2  handlers.o(i.__scatterload_null)
    __scatterload_zeroinit                   0x000047d7   Thumb Code    14  handlers.o(i.__scatterload_zeroinit)
    Region$$Table$$Base                      0x0000490c   Number         0  anon$$obj.o(Region$$Table)
    Region$$Table$$Limit                     0x0000492c   Number         0  anon$$obj.o(Region$$Table)
    SystemCoreClock                          0x20000084   Data           4  system_cw32l010.o(.data.SystemCoreClock)
    uwTickFreq                               0x2000008c   Data           4  cw32l010_systick.o(.data.uwTickFreq)
    g_TM                                     0x200000f8   Data          40  treadmills.o(.bss.g_TM)
    g_rf_msg                                 0x20000138   Data          16  plat_rf.o(.bss.g_rf_msg)
    uart1_rx_buf                             0x200001fc   Data          12  bsp_uart.o(.bss.uart1_rx_buf)
    uart2_rx_buf                             0x20000308   Data          12  bsp_uart.o(.bss.uart2_rx_buf)
    uwTick                                   0x20000314   Data           4  cw32l010_systick.o(.bss.uwTick)
    __initial_sp                             0x20000718   Data           0  startup_cw32l010.o(STACK)



==============================================================================

Memory Map of the image

  Image Entry point : 0x000000c1

  Load Region LR_IROM1 (Base: 0x00000000, Size: 0x000049c0, Max: 0x00010000, ABSOLUTE)

    Execution Region ER_IROM1 (Exec base: 0x00000000, Load base: 0x00000000, Size: 0x0000492c, Max: 0x00010000, ABSOLUTE)

    Exec Addr    Load Addr    Size         Type   Attr      Idx    E Section Name        Object

    0x00000000   0x00000000   0x000000c0   Data   RO            3    RESET               startup_cw32l010.o
    0x000000c0   0x000000c0   0x00000000   Code   RO         1013  * .ARM.Collect$$$$00000000  mc_p.l(entry.o)
    0x000000c0   0x000000c0   0x00000004   Code   RO         1056    .ARM.Collect$$$$00000001  mc_p.l(entry2.o)
    0x000000c4   0x000000c4   0x00000004   Code   RO         1059    .ARM.Collect$$$$00000004  mc_p.l(entry5.o)
    0x000000c8   0x000000c8   0x00000000   Code   RO         1061    .ARM.Collect$$$$00000008  mc_p.l(entry7b.o)
    0x000000c8   0x000000c8   0x00000000   Code   RO         1063    .ARM.Collect$$$$0000000A  mc_p.l(entry8b.o)
    0x000000c8   0x000000c8   0x00000008   Code   RO         1064    .ARM.Collect$$$$0000000B  mc_p.l(entry9a.o)
    0x000000d0   0x000000d0   0x00000000   Code   RO         1066    .ARM.Collect$$$$0000000D  mc_p.l(entry10a.o)
    0x000000d0   0x000000d0   0x00000000   Code   RO         1068    .ARM.Collect$$$$0000000F  mc_p.l(entry11a.o)
    0x000000d0   0x000000d0   0x00000004   Code   RO         1057    .ARM.Collect$$$$00002712  mc_p.l(entry2.o)
    0x000000d4   0x000000d4   0x00000028   Code   RO            4    .text               startup_cw32l010.o
    0x000000fc   0x000000fc   0x000000b2   Code   RO         1022    .text               mf_p.l(fadd.o)
    0x000001ae   0x000001ae   0x0000007a   Code   RO         1024    .text               mf_p.l(fmul.o)
    0x00000228   0x00000228   0x0000007c   Code   RO         1026    .text               mf_p.l(fdiv.o)
    0x000002a4   0x000002a4   0x00000164   Code   RO         1028    .text               mf_p.l(dadd.o)
    0x00000408   0x00000408   0x0000001c   Code   RO         1032    .text               mf_p.l(fcmple.o)
    0x00000424   0x00000424   0x0000001c   Code   RO         1034    .text               mf_p.l(fcmplt.o)
    0x00000440   0x00000440   0x0000001c   Code   RO         1036    .text               mf_p.l(fcmpge.o)
    0x0000045c   0x0000045c   0x0000001c   Code   RO         1038    .text               mf_p.l(fcmpgt.o)
    0x00000478   0x00000478   0x00000016   Code   RO         1040    .text               mf_p.l(fflti.o)
    0x0000048e   0x0000048e   0x0000000e   Code   RO         1042    .text               mf_p.l(ffltui.o)
    0x0000049c   0x0000049c   0x00000032   Code   RO         1046    .text               mf_p.l(ffixi.o)
    0x000004ce   0x000004ce   0x00000028   Code   RO         1048    .text               mf_p.l(ffixui.o)
    0x000004f6   0x000004f6   0x00000002   PAD
    0x000004f8   0x000004f8   0x00000048   Code   RO         1050    .text               mf_p.l(dfixi.o)
    0x00000540   0x00000540   0x00000028   Code   RO         1052    .text               mf_p.l(f2d.o)
    0x00000568   0x00000568   0x0000003e   Code   RO         1072    .text               mc_p.l(uidiv_div0.o)
    0x000005a6   0x000005a6   0x00000020   Code   RO         1078    .text               mc_p.l(llshl.o)
    0x000005c6   0x000005c6   0x00000022   Code   RO         1080    .text               mc_p.l(llushr.o)
    0x000005e8   0x000005e8   0x00000026   Code   RO         1082    .text               mc_p.l(llsshr.o)
    0x0000060e   0x0000060e   0x00000000   Code   RO         1084    .text               mc_p.l(iusefp.o)
    0x0000060e   0x0000060e   0x00000082   Code   RO         1085    .text               mf_p.l(fepilogue.o)
    0x00000690   0x00000690   0x000000be   Code   RO         1087    .text               mf_p.l(depilogue.o)
    0x0000074e   0x0000074e   0x00000002   PAD
    0x00000750   0x00000750   0x00000024   Code   RO         1091    .text               mc_p.l(init.o)
    0x00000774   0x00000774   0x00000002   Code   RO           61    .text.ADC_IRQHandler  interrupts_cw32l010.o
    0x00000776   0x00000776   0x00000002   Code   RO           63    .text.ATIM_IRQHandler  interrupts_cw32l010.o
    0x00000778   0x00000778   0x00000310   Code   RO          764    .text.Adjust_Target  treadmills.o
    0x00000a88   0x00000a88   0x00000026   Code   RO          666    .text.AeroBuf_Init  sys_aerobuf.o
    0x00000aae   0x00000aae   0x00000046   Code   RO          670    .text.AeroBuf_Pop   sys_aerobuf.o
    0x00000af4   0x00000af4   0x0000004c   Code   RO          668    .text.AeroBuf_Push  sys_aerobuf.o
    0x00000b40   0x00000b40   0x0000002e   Code   RO          946    .text.AeroLink_BuildChecksumBytes  plat_aerolink.o
    0x00000b6e   0x00000b6e   0x00000046   Code   RO          958    .text.AeroLink_Checksum  plat_aerolink.o
    0x00000bb4   0x00000bb4   0x00000072   Code   RO          954    .text.AeroLink_ChecksumMod7  plat_aerolink.o
    0x00000c26   0x00000c26   0x0000005e   Code   RO          950    .text.AeroLink_ChecksumWireMatchRx  plat_aerolink.o
    0x00000c84   0x00000c84   0x00000048   Code   RO          952    .text.AeroLink_ChecksumWireTx  plat_aerolink.o
    0x00000ccc   0x00000ccc   0x00000080   Code   RO          956    .text.AeroLink_ChecksumXor  plat_aerolink.o
    0x00000d4c   0x00000d4c   0x00000188   Code   RO          948    .text.AeroLink_Handler  plat_aerolink.o
    0x00000ed4   0x00000ed4   0x0000022c   Code   RO          752    .text.AeroLink_OnFrameReceived  treadmills.o
    0x00001100   0x00001100   0x000000c4   Code   RO          944    .text.AeroLink_Send  plat_aerolink.o
    0x000011c4   0x000011c4   0x00000084   Code   RO          736    .text.BSP_GPIO_Init  bsp_gpio.o
    0x00001248   0x00001248   0x000000b0   Code   RO          723    .text.BSP_PWM_Init  bsp_pwm.o
    0x000012f8   0x000012f8   0x00000088   Code   RO          725    .text.BSP_PWM_Set   bsp_pwm.o
    0x00001380   0x00001380   0x00000020   Code   RO          727    .text.BSP_PWM_Stop  bsp_pwm.o
    0x000013a0   0x000013a0   0x00000098   Code   RO          706    .text.BSP_Timer_Init  bsp_timer.o
    0x00001438   0x00001438   0x00000170   Code   RO          683    .text.BSP_Uart_Init  bsp_uart.o
    0x000015a8   0x000015a8   0x00000040   Code   RO          689    .text.BSP_Uart_WriteByte  bsp_uart.o
    0x000015e8   0x000015e8   0x00000020   Code   RO          712    .text.BTIM1_IRQHandler  bsp_timer.o
    0x00001608   0x00001608   0x00000020   Code   RO          714    .text.BTIM2_IRQHandler  bsp_timer.o
    0x00001628   0x00001628   0x00000002   Code   RO           73    .text.BTIM3_IRQHandler  interrupts_cw32l010.o
    0x0000162a   0x0000162a   0x00000002   PAD
    0x0000162c   0x0000162c   0x00000064   Code   RO          220    .text.BTIM_ClearITPendingBit  cw32l010_btim.o
    0x00001690   0x00001690   0x00000074   Code   RO          214    .text.BTIM_Cmd      cw32l010_btim.o
    0x00001704   0x00001704   0x00000070   Code   RO          218    .text.BTIM_GetITStatus  cw32l010_btim.o
    0x00001774   0x00001774   0x0000009c   Code   RO          216    .text.BTIM_ITConfig  cw32l010_btim.o
    0x00001810   0x00001810   0x00000108   Code   RO          212    .text.BTIM_TimeBaseInit  cw32l010_btim.o
    0x00001918   0x00001918   0x000000b0   Code   RO          915    .text.Beep_Handler_1ms  plat_beep.o
    0x000019c8   0x000019c8   0x00000014   Code   RO          909    .text.Beep_Init     plat_beep.o
    0x000019dc   0x000019dc   0x000000a0   Code   RO          913    .text.Beep_Play     plat_beep.o
    0x00001a7c   0x00001a7c   0x0000005c   Code   RO          911    .text.Beep_Play_Custom  plat_beep.o
    0x00001ad8   0x00001ad8   0x0000008c   Code   RO          778    .text.BootCfg_Poll  treadmills.o
    0x00001b64   0x00001b64   0x00000002   Code   RO           79    .text.CLKFAULT_IRQHandler  interrupts_cw32l010.o
    0x00001b66   0x00001b66   0x0000003c   Code   RO          802    .text.CfgRow_Send   treadmills.o
    0x00001ba2   0x00001ba2   0x00000002   PAD
    0x00001ba4   0x00001ba4   0x000000b0   Code   RO          780    .text.Countdown_Tick  treadmills.o
    0x00001c54   0x00001c54   0x00000020   Code   RO          760    .text.Data_Reset    treadmills.o
    0x00001c74   0x00001c74   0x00000012   Code   RO          884    .text.Disp_AddDot   plat_segment.o
    0x00001c86   0x00001c86   0x00000002   PAD
    0x00001c88   0x00001c88   0x00000034   Code   RO          882    .text.Disp_GetDigitCode  plat_segment.o
    0x00001cbc   0x00001cbc   0x00000030   Code   RO          762    .text.Display_Update  treadmills.o
    0x00001cec   0x00001cec   0x00000060   Code   RO          800    .text.Dist_To_Tenths  treadmills.o
    0x00001d4c   0x00001d4c   0x00000070   Code   RO          766    .text.Enter_Stopping  treadmills.o
    0x00001dbc   0x00001dbc   0x00000008   Code   RO          774    .text.Error_OnEntry  treadmills.o
    0x00001dc4   0x00001dc4   0x00000020   Code   RO          776    .text.Error_Poll    treadmills.o
    0x00001de4   0x00001de4   0x00000002   Code   RO           53    .text.FLASHRAM_IRQHandler  interrupts_cw32l010.o
    0x00001de6   0x00001de6   0x00000002   Code   RO           57    .text.GPIOA_IRQHandler  interrupts_cw32l010.o
    0x00001de8   0x00001de8   0x00000002   Code   RO           59    .text.GPIOB_IRQHandler  interrupts_cw32l010.o
    0x00001dea   0x00001dea   0x00000002   PAD
    0x00001dec   0x00001dec   0x00000134   Code   RO          181    .text.GPIO_Init     cw32l010_gpio.o
    0x00001f20   0x00001f20   0x0000002c   Code   RO          185    .text.GPIO_ReadPin  cw32l010_gpio.o
    0x00001f4c   0x00001f4c   0x0000002a   Code   RO          187    .text.GPIO_WritePin  cw32l010_gpio.o
    0x00001f76   0x00001f76   0x00000002   Code   RO           69    .text.GTIM1_IRQHandler  interrupts_cw32l010.o
    0x00001f78   0x00001f78   0x00000054   Code   RO          514    .text.GTIM_Cmd      cw32l010_gtim.o
    0x00001fcc   0x00001fcc   0x00000050   Code   RO          490    .text.GTIM_OC1Cmd   cw32l010_gtim.o
    0x0000201c   0x0000201c   0x0000011c   Code   RO          482    .text.GTIM_OC1ModeCfg  cw32l010_gtim.o
    0x00002138   0x00002138   0x00000030   Code   RO          524    .text.GTIM_SetCompare1  cw32l010_gtim.o
    0x00002168   0x00002168   0x00000030   Code   RO          520    .text.GTIM_SetReloadValue  cw32l010_gtim.o
    0x00002198   0x00002198   0x00000154   Code   RO          476    .text.GTIM_TimeBaseInit  cw32l010_gtim.o
    0x000022ec   0x000022ec   0x00000004   Code   RO           41    .text.HardFault_Handler  interrupts_cw32l010.o
    0x000022f0   0x000022f0   0x00000002   Code   RO           75    .text.I2C1_IRQHandler  interrupts_cw32l010.o
    0x000022f2   0x000022f2   0x00000002   PAD
    0x000022f4   0x000022f4   0x00000148   Code   RO          926    .text.Keypad_Handler_10ms  plat_keyfun.o
    0x0000243c   0x0000243c   0x00000044   Code   RO          930    .text.Keypad_On_Event  plat_keyfun.o
    0x00002480   0x00002480   0x00000030   Code   RO          974    .text.LED_ClearBuf  led_driver.o
    0x000024b0   0x000024b0   0x0000001c   Code   RO          970    .text.LED_Init      led_driver.o
    0x000024cc   0x000024cc   0x00000050   Code   RO          978    .text.LED_Refresh   led_driver.o
    0x0000251c   0x0000251c   0x00000048   Code   RO          980    .text.LED_SetBrightness  led_driver.o
    0x00002564   0x00002564   0x00000028   Code   RO          988    .text.LED_WriteBuf  led_driver.o
    0x0000258c   0x0000258c   0x00000002   Code   RO           71    .text.LPTIM_IRQHandler  interrupts_cw32l010.o
    0x0000258e   0x0000258e   0x00000002   Code   RO           49    .text.LVD_IRQHandler  interrupts_cw32l010.o
    0x00002590   0x00002590   0x0000002c   Code   RO          754    .text.LowerBoard_MotorStopped_ToIdle  treadmills.o
    0x000025bc   0x000025bc   0x0000004e   Code   RO          928    .text.Map_RF        plat_keyfun.o
    0x0000260a   0x0000260a   0x00000002   Code   RO           39    .text.NMI_Handler   interrupts_cw32l010.o
    0x0000260c   0x0000260c   0x00000002   Code   RO           45    .text.PendSV_Handler  interrupts_cw32l010.o
    0x0000260e   0x0000260e   0x00000002   PAD
    0x00002610   0x00002610   0x0000018c   Code   RO          894    .text.RF433_Handler_60us  plat_rf.o
    0x0000279c   0x0000279c   0x00000002   Code   RO           51    .text.RTC_IRQHandler  interrupts_cw32l010.o
    0x0000279e   0x0000279e   0x00000002   PAD
    0x000027a0   0x000027a0   0x00000070   Code   RO          794    .text.Render_Boot   treadmills.o
    0x00002810   0x00002810   0x000001d0   Code   RO          792    .text.Render_CmdTest_Tm1640  treadmills.o
    0x000029e0   0x000029e0   0x00000234   Code   RO          796    .text.Render_TM1640  treadmills.o
    0x00002c14   0x00002c14   0x00000154   Code   RO          782    .text.Run_Tick      treadmills.o
    0x00002d68   0x00002d68   0x00000002   Code   RO           77    .text.SPI1_IRQHandler  interrupts_cw32l010.o
    0x00002d6a   0x00002d6a   0x00000002   Code   RO           43    .text.SVC_Handler   interrupts_cw32l010.o
    0x00002d6c   0x00002d6c   0x00000058   Code   RO          144    .text.SYSCTRL_AHBPeriphClk_Enable  cw32l010_sysctrl.o
    0x00002dc4   0x00002dc4   0x00000060   Code   RO          146    .text.SYSCTRL_APBPeriphClk_Enable1  cw32l010_sysctrl.o
    0x00002e24   0x00002e24   0x00000020   Code   RO           27    .text.SYSCTRL_Configuration  main.o
    0x00002e44   0x00002e44   0x00000180   Code   RO          112    .text.SYSCTRL_HSI_Enable  cw32l010_sysctrl.o
    0x00002fc4   0x00002fc4   0x00000002   Code   RO           55    .text.SYSCTRL_IRQHandler  interrupts_cw32l010.o
    0x00002fc6   0x00002fc6   0x00000002   PAD
    0x00002fc8   0x00002fc8   0x0000004c   Code   RO          656    .text.Scheduler_Dispatch  sys_scheduler.o
    0x00003014   0x00003014   0x00000060   Code   RO          654    .text.Scheduler_Update  sys_scheduler.o
    0x00003074   0x00003074   0x00000016   Code   RO          748    .text.Send_Ack0     treadmills.o
    0x0000308a   0x0000308a   0x0000003e   Code   RO          804    .text.Send_Run      treadmills.o
    0x000030c8   0x000030c8   0x00000032   Code   RO          788    .text.Send_Speed    treadmills.o
    0x000030fa   0x000030fa   0x00000024   Code   RO          790    .text.Send_Stop     treadmills.o
    0x0000311e   0x0000311e   0x0000003e   Code   RO          786    .text.Step_Mult     treadmills.o
    0x0000315c   0x0000315c   0x00000084   Code   RO          784    .text.Stop_Tick     treadmills.o
    0x000031e0   0x000031e0   0x00000018   Code   RO          568    .text.SysTick_Handler  cw32l010_systick.o
    0x000031f8   0x000031f8   0x00000010   Code   RO           11    .text.SystemCoreClockUpdate  system_cw32l010.o
    0x00003208   0x00003208   0x00000050   Code   RO           13    .text.SystemInit    system_cw32l010.o
    0x00003258   0x00003258   0x00000008   Code   RO          652    .text.Task_1000ms   sys_scheduler.o
    0x00003260   0x00003260   0x00000008   Code   RO          644    .text.Task_100ms    sys_scheduler.o
    0x00003268   0x00003268   0x0000000c   Code   RO          640    .text.Task_10ms     sys_scheduler.o
    0x00003274   0x00003274   0x00000008   Code   RO          638    .text.Task_1ms      sys_scheduler.o
    0x0000327c   0x0000327c   0x00000008   Code   RO          642    .text.Task_20ms     sys_scheduler.o
    0x00003284   0x00003284   0x00000008   Code   RO          646    .text.Task_250ms    sys_scheduler.o
    0x0000328c   0x0000328c   0x00000002   Code   RO          648    .text.Task_300ms    sys_scheduler.o
    0x0000328e   0x0000328e   0x00000002   Code   RO          650    .text.Task_500ms    sys_scheduler.o
    0x00003290   0x00003290   0x00000074   Code   RO          798    .text.Time_To_Minutes  treadmills.o
    0x00003304   0x00003304   0x0000000c   Code   RO          756    .text.Treadmill_CmdTestDisplayActive  treadmills.o
    0x00003310   0x00003310   0x0000002c   Code   RO          770    .text.Treadmill_ConsumeKeyBeepSuppress  treadmills.o
    0x0000333c   0x0000333c   0x000000a8   Code   RO          768    .text.Treadmill_Init  treadmills.o
    0x000033e4   0x000033e4   0x00000044   Code   RO          744    .text.Treadmill_LowerBoardReady  treadmills.o
    0x00003428   0x00003428   0x00000108   Code   RO          772    .text.Treadmill_Manager_100ms  treadmills.o
    0x00003530   0x00003530   0x00000078   Code   RO          750    .text.Treadmill_On1000msUartWatchdog  treadmills.o
    0x000035a8   0x000035a8   0x00000138   Code   RO          746    .text.Treadmill_On250msTasks  treadmills.o
    0x000036e0   0x000036e0   0x000002bc   Code   RO          758    .text.Treadmill_On_Event  treadmills.o
    0x0000399c   0x0000399c   0x00000034   Code   RO          691    .text.UART1_IRQHandler  bsp_uart.o
    0x000039d0   0x000039d0   0x00000034   Code   RO          693    .text.UART2_IRQHandler  bsp_uart.o
    0x00003a04   0x00003a04   0x00000064   Code   RO          608    .text.UART_ClearITPendingBit  cw32l010_uart.o
    0x00003a68   0x00003a68   0x00000060   Code   RO          586    .text.UART_GetFlagStatus  cw32l010_uart.o
    0x00003ac8   0x00003ac8   0x00000064   Code   RO          606    .text.UART_GetITStatus  cw32l010_uart.o
    0x00003b2c   0x00003b2c   0x000000a8   Code   RO          604    .text.UART_ITConfig  cw32l010_uart.o
    0x00003bd4   0x00003bd4   0x000003d4   Code   RO          592    .text.UART_Init     cw32l010_uart.o
    0x00003fa8   0x00003fa8   0x0000003c   Code   RO          590    .text.UART_ReceiveData_8bit  cw32l010_uart.o
    0x00003fe4   0x00003fe4   0x00000058   Code   RO          582    .text.UART_SendData_8bit  cw32l010_uart.o
    0x0000403c   0x0000403c   0x00000048   Code   RO          843    .text.UI_ClearAll   ui_display.o
    0x00004084   0x00004084   0x0000000c   Code   RO          841    .text.UI_Engine_Init  ui_display.o
    0x00004090   0x00004090   0x00000100   Code   RO          845    .text.UI_Engine_Refresh  ui_display.o
    0x00004190   0x00004190   0x00000008   Code   RO          861    .text.UI_MarkDirty  ui_display.o
    0x00004198   0x00004198   0x000000a4   Code   RO          849    .text.UI_SetBitMode  ui_display.o
    0x0000423c   0x0000423c   0x00000034   Code   RO          857    .text.UI_SetBlinkTime  ui_display.o
    0x00004270   0x00004270   0x0000004c   Code   RO          859    .text.UI_SetGridBlinkMask  ui_display.o
    0x000042bc   0x000042bc   0x000000f8   Code   RO          853    .text.UI_SetNumber  ui_display.o
    0x000043b4   0x000043b4   0x00000044   Code   RO          855    .text.UI_SetRaw     ui_display.o
    0x000043f8   0x000043f8   0x00000002   Code   RO           65    .text.VC1_IRQHandler  interrupts_cw32l010.o
    0x000043fa   0x000043fa   0x00000002   Code   RO           67    .text.VC2_IRQHandler  interrupts_cw32l010.o
    0x000043fc   0x000043fc   0x00000002   Code   RO           47    .text.WDT_IRQHandler  interrupts_cw32l010.o
    0x000043fe   0x000043fe   0x00000002   PAD
    0x00004400   0x00004400   0x00000020   Code   RO          687    .text.__NVIC_EnableIRQ  bsp_uart.o
    0x00004420   0x00004420   0x00000024   Code   RO          710    .text.__NVIC_EnableIRQ  bsp_timer.o
    0x00004444   0x00004444   0x00000070   Code   RO          685    .text.__NVIC_SetPriority  bsp_uart.o
    0x000044b4   0x000044b4   0x00000078   Code   RO          708    .text.__NVIC_SetPriority  bsp_timer.o
    0x0000452c   0x0000452c   0x0000000a   Code   RO           29    .text.assert_failed  main.o
    0x00004536   0x00004536   0x00000030   Code   RO           25    .text.main          main.o
    0x00004566   0x00004566   0x0000001e   Code   RO          976    .text.prv_Cmd       led_driver.o
    0x00004584   0x00004584   0x00000040   Code   RO          972    .text.prv_GPIO_Init  led_driver.o
    0x000045c4   0x000045c4   0x00000058   Code   RO          984    .text.prv_SendByte  led_driver.o
    0x0000461c   0x0000461c   0x00000010   Code   RO          982    .text.prv_Start     led_driver.o
    0x0000462c   0x0000462c   0x00000018   Code   RO          986    .text.prv_Stop      led_driver.o
    0x00004644   0x00004644   0x000000bc   Code   RO          863    .text.prv_code_to_canonical  ui_display.o
    0x00004700   0x00004700   0x00000098   Code   RO          847    .text.prv_seg_pack_to_hw  ui_display.o
    0x00004798   0x00004798   0x0000002e   Code   RO         1089    i.__ARM_clz         mf_p.l(depilogue.o)
    0x000047c6   0x000047c6   0x0000000e   Code   RO         1095    i.__scatterload_copy  mc_p.l(handlers.o)
    0x000047d4   0x000047d4   0x00000002   Code   RO         1096    i.__scatterload_null  mc_p.l(handlers.o)
    0x000047d6   0x000047d6   0x0000000e   Code   RO         1097    i.__scatterload_zeroinit  mc_p.l(handlers.o)
    0x000047e4   0x000047e4   0x0000000a   Data   RO          886    .rodata.Seg_Num     plat_segment.o
    0x000047ee   0x000047ee   0x0000000c   Data   RO          869    .rodata.g_GridMap   ui_display.o
    0x000047fa   0x000047fa   0x00000008   Data   RO          874    .rodata.g_SegDToSeg  ui_display.o
    0x00004802   0x00004802   0x0000005c   Data   RO          832    .rodata.s_cfg_table  treadmills.o
    0x0000485e   0x0000485e   0x0000002d   Data   RO          173    .rodata.str1.1      cw32l010_sysctrl.o
    0x0000488b   0x0000488b   0x0000002a   Data   RO          264    .rodata.str1.1      cw32l010_btim.o
    0x000048b5   0x000048b5   0x0000002a   Data   RO          546    .rodata.str1.1      cw32l010_gtim.o
    0x000048df   0x000048df   0x0000002a   Data   RO          630    .rodata.str1.1      cw32l010_uart.o
    0x00004909   0x00004909   0x00000003   PAD
    0x0000490c   0x0000490c   0x00000020   Data   RO         1094    Region$$Table       anon$$obj.o


    Execution Region RW_IRAM1 (Exec base: 0x20000000, Load base: 0x00004930, Size: 0x00000718, Max: 0x00001000, ABSOLUTE)

    Exec Addr    Load Addr    Size         Type   Attr      Idx    E Section Name        Object

    0x20000000   0x00004930   0x00000001   Data   RW          902    .data.RF433_Handler_60us.last_pin  plat_rf.o
    0x20000001   0x00004931   0x00000003   PAD
    0x20000004   0x00004934   0x00000080   Data   RW          658    .data.SCH_tasks_G   sys_scheduler.o
    0x20000084   0x000049b4   0x00000004   Data   RW           17    .data.SystemCoreClock  system_cw32l010.o
    0x20000088   0x000049b8   0x00000002   Data   RW          867    .data.g_BlinkThreshold  ui_display.o
    0x2000008a   0x000049ba   0x00000001   Data   RW          868    .data.g_IsDirty     ui_display.o
    0x2000008b   0x000049bb   0x00000001   Data   RW          992    .data.s_ctrl        led_driver.o
    0x2000008c   0x000049bc   0x00000004   Data   RW          571    .data.uwTickFreq    cw32l010_systick.o
    0x20000090        -       0x00000001   Zero   RW          962    .bss.AeroLink_Handler.d_idx  plat_aerolink.o
    0x20000091        -       0x0000000a   Zero   RW          961    .bss.AeroLink_Handler.rx_f  plat_aerolink.o
    0x2000009b   0x000049c0   0x00000001   PAD
    0x2000009c        -       0x00000004   Zero   RW          960    .bss.AeroLink_Handler.state  plat_aerolink.o
    0x200000a0        -       0x00000001   Zero   RW          901    .bss.RF433_Handler_60us.bit_cnt  plat_rf.o
    0x200000a1   0x000049c0   0x00000003   PAD
    0x200000a4        -       0x00000004   Zero   RW          898    .bss.RF433_Handler_60us.h_ticks  plat_rf.o
    0x200000a8        -       0x00000004   Zero   RW          899    .bss.RF433_Handler_60us.l_ticks  plat_rf.o
    0x200000ac        -       0x00000004   Zero   RW          900    .bss.RF433_Handler_60us.rx_reg  plat_rf.o
    0x200000b0        -       0x00000001   Zero   RW          897    .bss.RF433_Handler_60us.state  plat_rf.o
    0x200000b1   0x000049c0   0x00000003   PAD
    0x200000b4        -       0x00000004   Zero   RW          831    .bss.Render_TM1640.s_prev  treadmills.o
    0x200000b8        -       0x00000001   Zero   RW          833    .bss.Run_Tick.s_sec_cnt  treadmills.o
    0x200000b9   0x000049c0   0x00000003   PAD
    0x200000bc        -       0x00000004   Zero   RW          829    .bss.Treadmill_Manager_100ms.s_prev  treadmills.o
    0x200000c0        -       0x00000004   Zero   RW          830    .bss.Treadmill_Manager_100ms.s_prev.1  treadmills.o
    0x200000c4        -       0x00000001   Zero   RW          866    .bss.UI_Engine_Refresh.blink_phase  ui_display.o
    0x200000c5   0x000049c0   0x00000001   PAD
    0x200000c6        -       0x00000002   Zero   RW          865    .bss.UI_Engine_Refresh.tick  ui_display.o
    0x200000c8        -       0x0000000c   Zero   RW          871    .bss.g_BlinkMask    ui_display.o
    0x200000d4        -       0x0000000c   Zero   RW          872    .bss.g_HwOr         ui_display.o
    0x200000e0        -       0x0000000c   Zero   RW          873    .bss.g_HwOrBlink    ui_display.o
    0x200000ec        -       0x0000000c   Zero   RW          870    .bss.g_ShadowRAM    ui_display.o
    0x200000f8        -       0x00000028   Zero   RW          809    .bss.g_TM           treadmills.o
    0x20000120        -       0x00000004   Zero   RW          932    .bss.g_active_id    plat_keyfun.o
    0x20000124        -       0x0000000c   Zero   RW          917    .bss.g_beep         plat_beep.o
    0x20000130        -       0x00000002   Zero   RW          933    .bss.g_duration     plat_keyfun.o
    0x20000132        -       0x00000002   Zero   RW          936    .bss.g_energy       plat_keyfun.o
    0x20000134        -       0x00000001   Zero   RW          934    .bss.g_is_holding   plat_keyfun.o
    0x20000135        -       0x00000001   Zero   RW          918    .bss.g_pending_clicks  plat_beep.o
    0x20000136        -       0x00000002   Zero   RW          935    .bss.g_repeat_tmr   plat_keyfun.o
    0x20000138        -       0x00000010   Zero   RW          896    .bss.g_rf_msg       plat_rf.o
    0x20000148        -       0x00000004   Zero   RW          823    .bss.s_accum_dist   treadmills.o
    0x2000014c        -       0x00000002   Zero   RW          820    .bss.s_boot_100ms   treadmills.o
    0x2000014e        -       0x00000010   Zero   RW          993    .bss.s_buf          led_driver.o
    0x2000015e        -       0x00000002   Zero   RW          807    .bss.s_cfg_delay_ticks  treadmills.o
    0x20000160        -       0x00000001   Zero   RW          806    .bss.s_cfg_gate_250ms  treadmills.o
    0x20000161        -       0x00000001   Zero   RW          808    .bss.s_cfg_step     treadmills.o
    0x20000162        -       0x00000001   Zero   RW          819    .bss.s_cmd_test_active  treadmills.o
    0x20000163        -       0x00000001   Zero   RW          817    .bss.s_cmd_test_reject_lower  treadmills.o
    0x20000164        -       0x00000001   Zero   RW          818    .bss.s_cmd_test_sel  treadmills.o
    0x20000165   0x000049c0   0x00000001   PAD
    0x20000166        -       0x00000002   Zero   RW          816    .bss.s_comm_timeout_cnt  treadmills.o
    0x20000168        -       0x00000001   Zero   RW          822    .bss.s_err_stop_sent  treadmills.o
    0x20000169        -       0x00000001   Zero   RW          811    .bss.s_lchk_ack_rx  treadmills.o
    0x2000016a        -       0x00000001   Zero   RW          813    .bss.s_lchk_err     treadmills.o
    0x2000016b        -       0x00000001   Zero   RW          810    .bss.s_lchk_sm      treadmills.o
    0x2000016c        -       0x00000001   Zero   RW          812    .bss.s_lchk_timeout  treadmills.o
    0x2000016d        -       0x00000001   Zero   RW          828    .bss.s_read_param_sent  treadmills.o
    0x2000016e        -       0x00000001   Zero   RW          827    .bss.s_stop_motor_done  treadmills.o
    0x2000016f   0x000049c0   0x00000001   PAD
    0x20000170        -       0x00000002   Zero   RW          825    .bss.s_stop_ramp_cnt  treadmills.o
    0x20000172        -       0x00000002   Zero   RW          824    .bss.s_stop_start_spd  treadmills.o
    0x20000174        -       0x00000002   Zero   RW          826    .bss.s_stop_wait_cnt  treadmills.o
    0x20000176        -       0x00000001   Zero   RW          821    .bss.s_suppress_keypad_beep  treadmills.o
    0x20000177        -       0x00000001   Zero   RW          815    .bss.s_uart_idle_sec  treadmills.o
    0x20000178        -       0x00000001   Zero   RW          814    .bss.s_uart_rx_pulse  treadmills.o
    0x20000179        -       0x00000080   Zero   RW          696    .bss.uart1_pool     bsp_uart.o
    0x200001f9   0x000049c0   0x00000003   PAD
    0x200001fc        -       0x0000000c   Zero   RW          695    .bss.uart1_rx_buf   bsp_uart.o
    0x20000208        -       0x00000100   Zero   RW          698    .bss.uart2_pool     bsp_uart.o
    0x20000308        -       0x0000000c   Zero   RW          697    .bss.uart2_rx_buf   bsp_uart.o
    0x20000314        -       0x00000004   Zero   RW          572    .bss.uwTick         cw32l010_systick.o
    0x20000318        -       0x00000400   Zero   RW            1    STACK               startup_cw32l010.o


==============================================================================

Image component sizes


      Code (inc. data)   RO Data    RW Data    ZI Data      Debug   Object Name

       132          4          0          0          0       8475   bsp_gpio.o
       344         32          0          0          0      13426   bsp_pwm.o
       372         24          0          0          0       7868   bsp_timer.o
       680         48          0          0        408       9922   bsp_uart.o
       748         36         42          0          0      10916   cw32l010_btim.o
       394         16          0          0          0      10008   cw32l010_gpio.o
       884         16         42          0          0      15868   cw32l010_gtim.o
       568         44         45          0          0      16326   cw32l010_sysctrl.o
        24          8          0          4          4       3423   cw32l010_systick.o
      1592         76         42          0          0      12377   cw32l010_uart.o
        44          0          0          0          0       2011   interrupts_cw32l010.o
       490         24          0          1         16       9961   led_driver.o
        90          8          0          0          0       4950   main.o
      1112         48          0          0         15       5966   plat_aerolink.o
       448          8          0          0         13       1730   plat_beep.o
       474         24          0          0         11       2078   plat_keyfun.o
       396         32          0          1         30       5308   plat_rf.o
        70          4         10          0          0        884   plat_segment.o
        40         14        192          0       1024        708   startup_cw32l010.o
       184          0          0          0          0       1551   sys_aerobuf.o
       228          4          0        128          0       1850   sys_scheduler.o
        96         40          0          4          0       5041   system_cw32l010.o
      5736        392         92          0         84      11281   treadmills.o
      1296         40         20          3         51       4208   ui_display.o

    ----------------------------------------------------------------------
     16460        942        520        144       1672     166136   Object Totals
         0          0         32          0          0          0   (incl. Generated)
        18          0          3          3         16          0   (incl. Padding)

    ----------------------------------------------------------------------

      Code (inc. data)   RO Data    RW Data    ZI Data      Debug   Library Member Name

         0          0          0          0          0          0   entry.o
         0          0          0          0          0          0   entry10a.o
         0          0          0          0          0          0   entry11a.o
         8          4          0          0          0          0   entry2.o
         4          0          0          0          0          0   entry5.o
         0          0          0          0          0          0   entry7b.o
         0          0          0          0          0          0   entry8b.o
         8          4          0          0          0          0   entry9a.o
        30          0          0          0          0          0   handlers.o
        36          8          0          0          0         68   init.o
         0          0          0          0          0          0   iusefp.o
        32          0          0          0          0         68   llshl.o
        38          0          0          0          0         68   llsshr.o
        34          0          0          0          0         68   llushr.o
        62          0          0          0          0         72   uidiv_div0.o
       356          4          0          0          0        140   dadd.o
       236          0          0          0          0        216   depilogue.o
        72         10          0          0          0         72   dfixi.o
        40          0          0          0          0         60   f2d.o
       178          0          0          0          0        108   fadd.o
        28          0          0          0          0         60   fcmpge.o
        28          0          0          0          0         60   fcmpgt.o
        28          0          0          0          0         60   fcmple.o
        28          0          0          0          0         60   fcmplt.o
       124          0          0          0          0         72   fdiv.o
       130          0          0          0          0        144   fepilogue.o
        50          0          0          0          0         60   ffixi.o
        40          0          0          0          0         60   ffixui.o
        22          0          0          0          0         68   fflti.o
        14          0          0          0          0         68   ffltui.o
       122          0          0          0          0         72   fmul.o

    ----------------------------------------------------------------------
      1752         30          0          0          0       1724   Library Totals
         4          0          0          0          0          0   (incl. Padding)

    ----------------------------------------------------------------------

      Code (inc. data)   RO Data    RW Data    ZI Data      Debug   Library Name

       252         16          0          0          0        344   mc_p.l
      1496         14          0          0          0       1380   mf_p.l

    ----------------------------------------------------------------------
      1752         30          0          0          0       1724   Library Totals

    ----------------------------------------------------------------------

==============================================================================


      Code (inc. data)   RO Data    RW Data    ZI Data      Debug   

     18212        972        520        144       1672     166736   Grand Totals
     18212        972        520        144       1672     166736   ELF Image Totals
     18212        972        520        144          0          0   ROM Totals

==============================================================================

    Total RO  Size (Code + RO Data)                18732 (  18.29kB)
    Total RW  Size (RW Data + ZI Data)              1816 (   1.77kB)
    Total ROM Size (Code + RO Data + RW Data)      18876 (  18.43kB)

==============================================================================

