C51 COMPILER V9.60.0.0   EE_PARAM                                                          08/07/2025 09:12:51 PAGE 1   


C51 COMPILER V9.60.0.0, COMPILATION OF MODULE EE_PARAM
OBJECT MODULE PLACED IN .\Output\ee_param.obj
COMPILER INVOKED BY: D:\Software\Keil_V5\C51\C51\BIN\C51.EXE ..\bsp\ee_param.c LARGE OPTIMIZE(7,SPEED) BROWSE INCDIR(..\
                    -Library\Device\Include;..\Library\StdDriver\inc;..\user;..\driver;..\bsp;..\Include;..\common) DEBUG OBJECTEXTEND PRINT(
                    -.\LST\ee_param.lst) TABS(2) OBJECT(.\Output\ee_param.obj)

line level    source

   1          /*
   2           * param.c
   3           *
   4           *  Created on: 2020年3月8日
   5           *      Author: Administrator
   6           */
   7          
   8          #include "common.h"
   9          #include "ee_param.h"
  10          #include "uart.h"
  11          
  12          ee_param_t ee_param;
  13          
  14          extern void UART_Send_Data(UINT8 UARTPort, UINT8 c);
  15          
  16          void ee_param_init(void)
  17          {
  18   1        ee_param.sof=PARAM_SOF;
  19   1      }
  20          
  21          
  22          /***************************************************************************************
  23          *@brief: 读函数
  24          *@param: 无
  25          *@ret:   读取成功返回：0,
  26                   读取失败返回：1
  27          ****************************************************************************************/
  28          //u8 read_param(void)
  29          void read_param(void)
  30          {
  31   1        u8 i;
  32   1        
  33   1        u8 buff[EEPROM_BYTES];
  34   1        ee_param_t *ee_param_ptr;
  35   1        
  36   1        for(i =0;i< EEPROM_BYTES;i++)
  37   1        {
  38   2          buff[i] = 0;
  39   2        }
  40   1        
  41   1        read_aprom_page(PAGE0,(UINT8*)&buff[0],EEPROM_BYTES);//34
  42   1        ee_param_ptr = (ee_param_t*)&buff[0];
  43   1        
  44   1        if(ee_param_ptr->sof == PARAM_SOF )   //0xA5
  45   1        {
  46   2          ee_param.beep_status = ee_param_ptr->beep_status;       
  47   2        }
  48   1      }
  49          
  50          
  51          void write_param(void)//(s8 val)
  52          {
  53   1        erase_aprom_page(PAGE0);
C51 COMPILER V9.60.0.0   EE_PARAM                                                          08/07/2025 09:12:51 PAGE 2   

  54   1      
  55   1        //调试用
  56   1        ee_param.sof = PARAM_SOF;
  57   1        
  58   1        write_aprom_page(PAGE0,(UINT8*)&ee_param,EEPROM_BYTES); //34
  59   1        
  60   1        debug_printf_s("\r\nee_param_ptr->sof = ");
  61   1        debug_printf_de((u16)buff[0] );
  62   1      }


MODULE INFORMATION:   STATIC OVERLAYABLE
   CODE SIZE        =    104    ----
   CONSTANT SIZE    =   ----    ----
   XDATA SIZE       =      5       2
   PDATA SIZE       =   ----    ----
   DATA SIZE        =   ----    ----
   IDATA SIZE       =   ----    ----
   BIT SIZE         =   ----    ----
END OF MODULE INFORMATION.


C51 COMPILATION COMPLETE.  0 WARNING(S),  0 ERROR(S)
