C51 COMPILER V9.60.0.0   UART                                                              08/07/2025 09:12:51 PAGE 1   


C51 COMPILER V9.60.0.0, COMPILATION OF MODULE UART
OBJECT MODULE PLACED IN .\Output\uart.obj
COMPILER INVOKED BY: D:\Software\Keil_V5\C51\C51\BIN\C51.EXE ..\bsp\uart.c LARGE OPTIMIZE(7,SPEED) BROWSE INCDIR(..\Libr
                    -ary\Device\Include;..\Library\StdDriver\inc;..\user;..\driver;..\bsp;..\Include;..\common) DEBUG OBJECTEXTEND PRINT(.\LS
                    -T\uart.lst) TABS(2) OBJECT(.\Output\uart.obj)

line level    source

   1          #include "common.h"
   2          #include "uart.h"
   3          #include "uart_frame.h"
   4          
   5          u8 uart_time_error;
   6          static bit busy=0;
   7          static u8 tx_flag=0;
   8          
   9          
  10          void uart_init(void)   //串口初始化
  11          {
  12   1        InitialUART0_Timer1(9600);
  13   1        InitialUART1_Timer3(2400);
  14   1        busy=0;
  15   1        //中断使能
  16   1        set_ES_1;       
  17   1        set_ES;
  18   1      }
  19          
  20          
  21          void UART_Send_Data(UINT8 UARTPort, UINT8 c)
  22          {
  23   1        u32 timeout=0xffff;
  24   1        switch (UARTPort)
  25   1        {
  26   2          case UART0:
  27   2            TI = 0;
  28   2            SBUF = c;
  29   2            while(TI==0);
  30   2            break;
  31   2          case UART1:
  32   2            tx_flag=1;
  33   2            SBUF_1 = c;
  34   2            while(tx_flag==1)
  35   2            {
  36   3              if(timeout){timeout--;}
  37   3              else{break;}
  38   3            }
  39   2            break;
  40   2        }
  41   1      }
  42          
  43          
  44          //void UART_Send_Value(UINT8 UARTPort, UINT16 val)
  45          //{
  46          //  UART_Send_Data(UARTPort,(val/10000)+0x30);
  47          //  UART_Send_Data(UARTPort,((val%10000)/1000)+0x30);
  48          //  UART_Send_Data(UARTPort,((val%1000)/100)+0x30);
  49          //  UART_Send_Data(UARTPort,((val%100)/10)+0x30);
  50          //  UART_Send_Data(UARTPort,(val%10)+0x30);
  51          //}
  52          
  53          
C51 COMPILER V9.60.0.0   UART                                                              08/07/2025 09:12:51 PAGE 2   

  54          void UART_Send_Buf(UINT8 UARTPort, UINT8 *ptr,UINT8 len) 
  55          {
  56   1        u8 i;
  57   1        switch (UARTPort)
  58   1        {
  59   2          case UART0:
  60   2            for(i=0;i<len;i++)
  61   2            {
  62   3              busy = 1;
  63   3              SBUF = ptr[i];
  64   3              while (busy);
  65   3            }
  66   2            break;
  67   2          case UART1:
  68   2            for(;len>0;len--)
  69   2            {
  70   3              UART_Send_Data(UART1,*ptr);
  71   3              ptr++;
  72   3            }
  73   2            break;
  74   2        }
  75   1      }
  76          
  77          
  78          void UART0_ISR(void) interrupt 4         //蓝牙模组
  79          {    
  80   1        u8 dat;
  81   1        if (RI)
  82   1        {
  83   2          clr_RI; // Clear RI (Receive Interrupt).
  84   2          dat = SBUF;
  85   2          UART0_Enter_queue(&UART0_rx_queue,dat);
  86   2        }
  87   1        if (TI)
  88   1        { 
  89   2          clr_TI; 
  90   2          busy = 0; 
  91   2        }
  92   1      }
  93          
  94          void UART1_ISR(void) interrupt 15         //下控通讯
  95          { 
  96   1        u8 dat;
  97   1        if (RI_1==1) 
  98   1        {                                       /* if reception occur */
  99   2          clr_RI_1;                             /* clear reception flag for next reception SBUF_1 */
 100   2          dat = SBUF_1;
 101   2          uart_time_error=0;
 102   2          UART1_Enter_queue(&UART1_rx_queue,dat);
 103   2        }
 104   1        if(TI_1==1)
 105   1        {
 106   2          tx_flag=0;
 107   2          clr_TI_1;                             /* if emission occur */
 108   2        }  
 109   1      }


MODULE INFORMATION:   STATIC OVERLAYABLE
   CODE SIZE        =    416    ----
   CONSTANT SIZE    =   ----    ----
   XDATA SIZE       =      2       9
C51 COMPILER V9.60.0.0   UART                                                              08/07/2025 09:12:51 PAGE 3   

   PDATA SIZE       =   ----    ----
   DATA SIZE        =   ----    ----
   IDATA SIZE       =   ----    ----
   BIT SIZE         =      1    ----
END OF MODULE INFORMATION.


C51 COMPILATION COMPLETE.  0 WARNING(S),  0 ERROR(S)
