BL51 BANKED LINKER/LOCATER V6.22.4.0                                                    06/27/2025  13:29:04  PAGE 1


BL51 BANKED LINKER/LOCATER V6.22.4.0, INVOKED BY:
D:\PROGRAM FILES\KEIL_V5\C51\BIN\BL51.EXE .\Output\STARTUP.obj, .\Output\7_segment.obj, .\Output\aip1628.obj, .\Output\i
>> ndecate.obj, .\Output\led_disp.obj, .\Output\keypad.obj, .\Output\keypad_fun.obj, .\Output\beep.obj, .\Output\main.ob
>> j, .\Output\queue.obj, .\Output\uart_frame.obj, .\Output\treadmills.obj, .\Output\param.obj, .\Output\programe.obj, .
>> \Output\decode.obj, .\Output\isr.obj, .\Output\PWM_simple.obj, .\Output\Timer01_M1.obj, .\Output\uart.obj, .\Output\e
>> e_param.obj, .\Output\IAP_EEPROM.obj, .\Output\Delay.obj, .\Output\Common.obj TO .\Output\PBJ_SK_2.4G PRINT (.\LST\PB
>> J_SK_2.m51) RAMSIZE (256) DISABLEWARNING (16)


MEMORY MODEL: LARGE WITH FLOATING POINT ARITHMETIC


INPUT MODULES INCLUDED:
  .\Output\STARTUP.obj (?C_STARTUP)
  .\Output\7_segment.obj (7_SEGMENT)
  .\Output\aip1628.obj (AIP1628)
  .\Output\indecate.obj (INDECATE)
  .\Output\led_disp.obj (LED_DISP)
  .\Output\keypad.obj (KEYPAD)
  .\Output\keypad_fun.obj (KEYPAD_FUN)
  .\Output\beep.obj (BEEP)
  .\Output\main.obj (MAIN)
  .\Output\queue.obj (QUEUE)
  .\Output\uart_frame.obj (UART_FRAME)
  .\Output\treadmills.obj (TREADMILLS)
  .\Output\param.obj (PARAM)
  .\Output\programe.obj (PROGRAME)
  .\Output\decode.obj (DECODE)
  .\Output\isr.obj (ISR)
  .\Output\PWM_simple.obj (PWM_SIMPLE)
  .\Output\Timer01_M1.obj (TIMER01_M1)
  .\Output\uart.obj (UART)
  .\Output\ee_param.obj (EE_PARAM)
  .\Output\IAP_EEPROM.obj (IAP_EEPROM)
  .\Output\Delay.obj (DELAY)
  .\Output\Common.obj (COMMON)
  D:\PROGRAM FILES\KEIL_V5\C51\LIB\C51FPL.LIB (?C?FPADD)
  D:\PROGRAM FILES\KEIL_V5\C51\LIB\C51FPL.LIB (?C?FPMUL)
  D:\PROGRAM FILES\KEIL_V5\C51\LIB\C51FPL.LIB (?C?FPDIV)
  D:\PROGRAM FILES\KEIL_V5\C51\LIB\C51FPL.LIB (?C?FPCMP)
  D:\PROGRAM FILES\KEIL_V5\C51\LIB\C51FPL.LIB (?C?FCAST)
  D:\PROGRAM FILES\KEIL_V5\C51\LIB\C51FPL.LIB (?C?CASTF)
  D:\PROGRAM FILES\KEIL_V5\C51\LIB\C51FPL.LIB (?C?FPGETOPN)
  D:\PROGRAM FILES\KEIL_V5\C51\LIB\C51L.LIB (?C_INIT)
  D:\PROGRAM FILES\KEIL_V5\C51\LIB\C51L.LIB (?C?COPY)
  D:\PROGRAM FILES\KEIL_V5\C51\LIB\C51L.LIB (?C?CLDPTR)
  D:\PROGRAM FILES\KEIL_V5\C51\LIB\C51L.LIB (?C?CLDOPTR)
  D:\PROGRAM FILES\KEIL_V5\C51\LIB\C51L.LIB (?C?CSTPTR)
  D:\PROGRAM FILES\KEIL_V5\C51\LIB\C51L.LIB (?C?CSTOPTR)
  D:\PROGRAM FILES\KEIL_V5\C51\LIB\C51L.LIB (?C?UIDIV)
  D:\PROGRAM FILES\KEIL_V5\C51\LIB\C51L.LIB (?C?IILDX)
  D:\PROGRAM FILES\KEIL_V5\C51\LIB\C51L.LIB (?C?ULDIV)
  D:\PROGRAM FILES\KEIL_V5\C51\LIB\C51L.LIB (?C?LNEG)
  D:\PROGRAM FILES\KEIL_V5\C51\LIB\C51L.LIB (?C?ULCMP)
  D:\PROGRAM FILES\KEIL_V5\C51\LIB\C51L.LIB (?C?ULSHR)
  D:\PROGRAM FILES\KEIL_V5\C51\LIB\C51L.LIB (?C?LLDOPTR)
  D:\PROGRAM FILES\KEIL_V5\C51\LIB\C51L.LIB (?C?LSTOPTR)
  D:\PROGRAM FILES\KEIL_V5\C51\LIB\C51L.LIB (?C?LLDOPTR0)
BL51 BANKED LINKER/LOCATER V6.22.4.0                                                  06/27/2025  13:29:04  PAGE 2


  D:\PROGRAM FILES\KEIL_V5\C51\LIB\C51L.LIB (?C?LSTXDATA)
  D:\PROGRAM FILES\KEIL_V5\C51\LIB\C51L.LIB (?C?LSTKXDATA)
  D:\PROGRAM FILES\KEIL_V5\C51\LIB\C51L.LIB (?C?LSTKOPTR)
  D:\PROGRAM FILES\KEIL_V5\C51\LIB\C51L.LIB (?C?PLDPTR)
  D:\PROGRAM FILES\KEIL_V5\C51\LIB\C51L.LIB (?C?PSTPTR)
  D:\PROGRAM FILES\KEIL_V5\C51\LIB\C51L.LIB (?C?LLDIDATA)
  D:\PROGRAM FILES\KEIL_V5\C51\LIB\C51L.LIB (?C?LLDXDATA)
  D:\PROGRAM FILES\KEIL_V5\C51\LIB\C51L.LIB (?C?LLDPDATA)
  D:\PROGRAM FILES\KEIL_V5\C51\LIB\C51L.LIB (?C?LLDCODE)
  D:\PROGRAM FILES\KEIL_V5\C51\LIB\C51L.LIB (?C?LLDIDATA0)
  D:\PROGRAM FILES\KEIL_V5\C51\LIB\C51L.LIB (?C?LLDXDATA0)
  D:\PROGRAM FILES\KEIL_V5\C51\LIB\C51L.LIB (?C?LLDPDATA0)
  D:\PROGRAM FILES\KEIL_V5\C51\LIB\C51L.LIB (?C?LLDCODE0)
  D:\PROGRAM FILES\KEIL_V5\C51\LIB\C51L.LIB (?C?LSTIDATA)
  D:\PROGRAM FILES\KEIL_V5\C51\LIB\C51L.LIB (?C?LSTPDATA)
  D:\PROGRAM FILES\KEIL_V5\C51\LIB\C51L.LIB (?C?LSTKIDATA)
  D:\PROGRAM FILES\KEIL_V5\C51\LIB\C51L.LIB (?C?LSTKPDATA)
  D:\PROGRAM FILES\KEIL_V5\C51\LIB\C51L.LIB (?C?PLDIDATA)
  D:\PROGRAM FILES\KEIL_V5\C51\LIB\C51L.LIB (?C?PSTIDATA)
  D:\PROGRAM FILES\KEIL_V5\C51\LIB\C51L.LIB (?C?PLDXDATA)
  D:\PROGRAM FILES\KEIL_V5\C51\LIB\C51L.LIB (?C?PSTXDATA)
  D:\PROGRAM FILES\KEIL_V5\C51\LIB\C51L.LIB (?C?PLDPDATA)
  D:\PROGRAM FILES\KEIL_V5\C51\LIB\C51L.LIB (?C?PSTPDATA)
  D:\PROGRAM FILES\KEIL_V5\C51\LIB\C51L.LIB (?C?PLDCODE)


LINK MAP OF MODULE:  .\Output\PBJ_SK_2.4G (?C_STARTUP)


            TYPE    BASE      LENGTH    RELOCATION   SEGMENT NAME
            -----------------------------------------------------

            * * * * * * *   D A T A   M E M O R Y   * * * * * * *
            REG     0000H     0008H     ABSOLUTE     "REG BANK 0"
            DATA    0008H     0002H     UNIT         _DATA_GROUP_
                    000AH     0016H                  *** GAP ***
            BIT     0020H.0   0000H.5   UNIT         ?BI?DECODE
            BIT     0020H.5   0000H.2   UNIT         ?BI?MAIN
            BIT     0020H.7   0000H.1   UNIT         ?BI?DELAY
            IDATA   0021H     0001H     UNIT         ?STACK

            * * * * * * *  X D A T A   M E M O R Y  * * * * * * *
            XDATA   0000H     00BCH     UNIT         ?XD?UART_FRAME
            XDATA   00BCH     004BH     UNIT         ?XD?TREADMILLS
            XDATA   0107H     0024H     UNIT         _XDATA_GROUP_
            XDATA   012BH     0016H     UNIT         ?XD?DECODE
            XDATA   0141H     0012H     UNIT         ?XD?KEYPAD
            XDATA   0153H     0011H     UNIT         ?XD?7_SEGMENT
            XDATA   0164H     000FH     UNIT         ?XD?ISR
            XDATA   0173H     000EH     UNIT         ?XD?LED_DISP
            XDATA   0181H     0008H     UNIT         ?XD?BEEP
            XDATA   0189H     0007H     UNIT         ?XD?KEYPAD_FUN
            XDATA   0190H     0007H     UNIT         ?XD?_WRITE_APROM_PAGE?IAP_EEPROM
            XDATA   0197H     0006H     UNIT         ?XD?INDECATE
            XDATA   019DH     0005H     UNIT         ?XD?_AIP1628_WRITE_NBYTES?AIP1628
            XDATA   01A2H     0005H     UNIT         ?XD?MAIN
            XDATA   01A7H     0005H     UNIT         ?XD?PROGRAME
BL51 BANKED LINKER/LOCATER V6.22.4.0                                                  06/27/2025  13:29:04  PAGE 3


            XDATA   01ACH     0005H     UNIT         ?XD?EE_PARAM
            XDATA   01B1H     0005H     UNIT         ?XD?_READ_APROM_PAGE?IAP_EEPROM
            XDATA   01B6H     0004H     UNIT         ?XD?_UART0_ENTER_QUEUE?QUEUE
            XDATA   01BAH     0004H     UNIT         ?XD?PARAM
            XDATA   01BEH     0004H     UNIT         ?XD?_TIMER0_DELAY100US?DELAY
            XDATA   01C2H     0004H     UNIT         ?XD?_TIMER0_DELAY1MS?DELAY
            XDATA   01C6H     0004H     UNIT         ?XD?_TIMER1_DELAY10MS?DELAY
            XDATA   01CAH     0004H     UNIT         ?XD?_TIMER2_DELAY500US?DELAY
            XDATA   01CEH     0004H     UNIT         ?XD?_TIMER3_DELAY100MS?DELAY
            XDATA   01D2H     0004H     UNIT         ?XD?_TIMER3_DELAY10US?DELAY
            XDATA   01D6H     0004H     UNIT         ?XD?_INITIALUART0_TIMER3?COMMON
            XDATA   01DAH     0003H     UNIT         ?XD?_UART0_IS_FULL_QUEUE?QUEUE
            XDATA   01DDH     0003H     UNIT         ?XD?_UART_SEND_VALUE?UART
            XDATA   01E0H     0002H     UNIT         ?XD?UART
            XDATA   01E2H     0002H     UNIT         ?XD?READ_PARAM?EE_PARAM
            XDATA   01E4H     0001H     UNIT         ?XD?KEYPAD_LONG_PROC?KEYPAD_FUN

            * * * * * * *   C O D E   M E M O R Y   * * * * * * *
            CODE    0000H     0003H     ABSOLUTE     
            CODE    0003H     0007H     UNIT         ?PR?EE_PARAM_INIT?EE_PARAM
                    000AH     0001H                  *** GAP ***
            CODE    000BH     0003H     ABSOLUTE     
            CODE    000EH     0068H     UNIT         ?PR?_UART_SEND_DATA?UART
            CODE    0076H     0003H     UNIT         ?PR?TEST_IAPROM?IAP_EEPROM
                    0079H     0002H                  *** GAP ***
            CODE    007BH     0003H     ABSOLUTE     
            CODE    007EH     08FBH     UNIT         ?C?LIB_CODE
            CODE    0979H     0474H     UNIT         ?PR?RF433M_RECEVIEDECODE?DECODE
            CODE    0DEDH     03FDH     UNIT         ?PR?_TREADMILLS_DISPLAY?TREADMILLS
            CODE    11EAH     03C7H     UNIT         ?PR?TREADMILLS_PROC_LOOP?TREADMILLS
            CODE    15B1H     02C0H     UNIT         ?PR?TREADMILLS_PARAM_CALC?TREADMILLS
            CODE    1871H     01D6H     UNIT         ?PR?MAIN?MAIN
            CODE    1A47H     01CEH     UNIT         ?PR?SEG_DISP_PROC?LED_DISP
            CODE    1C15H     0182H     UNIT         ?PR?KEYPAD_SHORT_PROC?KEYPAD_FUN
            CODE    1D97H     015EH     UNIT         ?PR?KEYPAD_SCAN?KEYPAD
            CODE    1EF5H     015BH     UNIT         ?PR?UART1_FRAME_LOOP?UART_FRAME
            CODE    2050H     0135H     UNIT         ?PR?UART1_CMD_PROC?UART_FRAME
            CODE    2185H     011FH     UNIT         ?C_INITSEG
            CODE    22A4H     00FFH     UNIT         ?PR?TIMER0_ISR?ISR
            CODE    23A3H     00EFH     UNIT         ?PR?SEND_DEFAULT_PARAM?MAIN
            CODE    2492H     00D6H     UNIT         ?PR?_SET_SEG_VAL?LED_DISP
            CODE    2568H     00BAH     UNIT         ?PR?_WRITE_APROM_PAGE?IAP_EEPROM
            CODE    2622H     00B4H     UNIT         ?PR?_UART_SEND_VALUE?UART
            CODE    26D6H     00ACH     UNIT         ?C_C51STARTUP
            CODE    2782H     00A7H     UNIT         ?PR?MODIFY_HIRC_166?MAIN
            CODE    2829H     0093H     UNIT         ?PR?_BTN_ADD_PROC?KEYPAD_FUN
            CODE    28BCH     008DH     UNIT         ?PR?_DENTER_QUEUE?QUEUE
            CODE    2949H     0084H     UNIT         ?PR?BEEP_SOUND_PROC?BEEP
            CODE    29CDH     0080H     UNIT         ?PR?_UART1_ENTER_QUEUE?QUEUE
            CODE    2A4DH     0080H     UNIT         ?PR?_UART0_ENTER_QUEUE?QUEUE
            CODE    2ACDH     007DH     UNIT         ?PR?_BTN_SUB_PROC?KEYPAD_FUN
            CODE    2B4AH     007DH     UNIT         ?PR?TREADMILLS_DISP_LOOP?TREADMILLS
            CODE    2BC7H     007DH     UNIT         ?PR?_INITIALUART0_TIMER3?COMMON
            CODE    2C44H     007BH     UNIT         ?PR?_SET_SEG_TWO?LED_DISP
            CODE    2CBFH     0079H     UNIT         ?PR?_SET_SEG_TWO_SC?LED_DISP
            CODE    2D38H     0078H     UNIT         ?PR?_INITIALUART1_TIMER3?COMMON
            CODE    2DB0H     0077H     UNIT         ?PR?DISP_UPDATE?INDECATE
BL51 BANKED LINKER/LOCATER V6.22.4.0                                                  06/27/2025  13:29:04  PAGE 4


            CODE    2E27H     0077H     UNIT         ?PR?COMMUNICATION_CHECKOUT?TREADMILLS
            CODE    2E9EH     0066H     UNIT         ?PR?_UART_SEND_BUF?UART
            CODE    2F04H     0063H     UNIT         ?PR?_BEEP_SET?BEEP
            CODE    2F67H     0060H     UNIT         ?PR?BOOT_TIME?TREADMILLS
            CODE    2FC7H     005DH     UNIT         ?PR?_ERASE_APROM_PAGE?IAP_EEPROM
            CODE    3024H     005CH     UNIT         ?PR?_CREATE_QUEUE?QUEUE
            CODE    3080H     005CH     UNIT         ?PR?_TIMER2_DELAY500US?DELAY
            CODE    30DCH     005BH     UNIT         ?PR?_TIMER3_DELAY100MS?DELAY
            CODE    3137H     005BH     UNIT         ?PR?_TIMER3_DELAY10US?DELAY
            CODE    3192H     0059H     UNIT         ?PR?UART1_ISR?UART
            CODE    31EBH     0059H     UNIT         ?PR?_TIMER0_DELAY100US?DELAY
            CODE    3244H     0059H     UNIT         ?PR?_TIMER0_DELAY1MS?DELAY
            CODE    329DH     0059H     UNIT         ?PR?_TIMER1_DELAY10MS?DELAY
            CODE    32F6H     0057H     UNIT         ?PR?_UART1_IS_FULL_QUEUE?QUEUE
            CODE    334DH     0057H     UNIT         ?PR?_UART0_IS_FULL_QUEUE?QUEUE
            CODE    33A4H     0051H     UNIT         ?PR?_READ_APROM_PAGE?IAP_EEPROM
            CODE    33F5H     0043H     UNIT         ?PR?KEYPAD_CONTINUE_PROC?KEYPAD_FUN
            CODE    3438H     003EH     UNIT         ?PR?TREADMILLS_INIT?TREADMILLS
            CODE    3476H     003BH     UNIT         ?PR?PWM_INIT?PWM_SIMPLE
            CODE    34B1H     0038H     UNIT         ?PR?_INITIALUART0_TIMER1?COMMON
            CODE    34E9H     0037H     UNIT         ?PR?_UART1_FRAME_TX_2?UART_FRAME
            CODE    3520H     0036H     UNIT         ?PR?READ_PARAM?EE_PARAM
            CODE    3556H     0035H     UNIT         ?PR?UART_FRAME_INIT?UART_FRAME
            CODE    358BH     0032H     UNIT         ?PR?_UART1_FRAME_TX?UART_FRAME
            CODE    35BDH     002BH     UNIT         ?PR?_AIP1628_WRITE_NBYTES?AIP1628
            CODE    35E8H     001DH     UNIT         ?PR?WRITE_PARAM?EE_PARAM
            CODE    3605H     001BH     UNIT         ?PR?_SET_BIT_SEG?LED_DISP
            CODE    3620H     001AH     UNIT         ?PR?SW_RESET?COMMON
            CODE    363AH     0019H     UNIT         ?PR?TIMER0_INIT?TIMER01_M1
            CODE    3653H     0018H     UNIT         ?PR?AIP1628_INIT?AIP1628
            CODE    366BH     0018H     UNIT         ?PR?_IS_EMPTY_QUEUE?QUEUE
            CODE    3683H     0016H     UNIT         ?PR?_WT_BYTE?AIP1628
            CODE    3699H     0014H     UNIT         ?PR?LED_DISPLAY_INIT?LED_DISP
            CODE    36ADH     0012H     UNIT         ?PR?PROGRAME_INIT?PROGRAME
            CODE    36BFH     0011H     UNIT         ?PR?_AIP1628_WRITE_BYTE?AIP1628
            CODE    36D0H     0010H     UNIT         ?PR?_SET_SEG_MODE?LED_DISP
            CODE    36E0H     000FH     UNIT         ?CO?TREADMILLS
            CODE    36EFH     000FH     UNIT         ?PR?UART_INIT?UART
            CODE    36FEH     000EH     UNIT         ?PR?_PWM1DUTYCYCLE?PWM_SIMPLE
            CODE    370CH     000EH     UNIT         ?PR?_PWM2DUTYCYCLE?PWM_SIMPLE
            CODE    371AH     000DH     UNIT         ?PR?_SET_SEG_FLASH_CNT?LED_DISP
            CODE    3727H     000DH     UNIT         ?PR?BEEP_FORCE_STOP?BEEP
            CODE    3734H     000CH     UNIT         ?PR?_SET_AIP1628_LIGHTE_SCALE?AIP1628
            CODE    3740H     000AH     UNIT         ?PR?PARAM_INIT?PARAM
            CODE    374AH     0009H     UNIT         ?PR?KEYPAD_LONG_PROC?KEYPAD_FUN
            CODE    3753H     0009H     UNIT         ?PR?RF433M_INIT?DECODE



OVERLAY MAP OF MODULE:   .\Output\PBJ_SK_2.4G (?C_STARTUP)


SEGMENT                                         DATA_GROUP          XDATA_GROUP
  +--> CALLED SEGMENT                         START    LENGTH     START    LENGTH
---------------------------------------------------------------------------------
?C_C51STARTUP                                 -----    -----      -----    -----
  +--> ?PR?MAIN?MAIN
BL51 BANKED LINKER/LOCATER V6.22.4.0                                                  06/27/2025  13:29:04  PAGE 5


  +--> ?C_INITSEG

?PR?MAIN?MAIN                                 -----    -----      0107H    0001H
  +--> ?PR?MODIFY_HIRC_166?MAIN
  +--> ?PR?RF433M_INIT?DECODE
  +--> ?PR?LED_DISPLAY_INIT?LED_DISP
  +--> ?PR?AIP1628_INIT?AIP1628
  +--> ?PR?PWM_INIT?PWM_SIMPLE
  +--> ?PR?UART_INIT?UART
  +--> ?PR?TIMER0_INIT?TIMER01_M1
  +--> ?PR?UART_FRAME_INIT?UART_FRAME
  +--> ?PR?TREADMILLS_INIT?TREADMILLS
  +--> ?PR?PARAM_INIT?PARAM
  +--> ?PR?EE_PARAM_INIT?EE_PARAM
  +--> ?PR?_BEEP_SET?BEEP
  +--> ?PR?UART1_FRAME_LOOP?UART_FRAME
  +--> ?PR?KEYPAD_SCAN?KEYPAD
  +--> ?PR?BEEP_SOUND_PROC?BEEP
  +--> ?PR?BOOT_TIME?TREADMILLS
  +--> ?PR?SEG_DISP_PROC?LED_DISP
  +--> ?PR?TREADMILLS_DISP_LOOP?TREADMILLS
  +--> ?PR?TREADMILLS_PROC_LOOP?TREADMILLS
  +--> ?PR?COMMUNICATION_CHECKOUT?TREADMILLS
  +--> ?PR?SEND_DEFAULT_PARAM?MAIN
  +--> ?PR?_SET_BIT_SEG?LED_DISP
  +--> ?PR?_SET_SEG_MODE?LED_DISP
  +--> ?PR?TREADMILLS_PARAM_CALC?TREADMILLS
  +--> ?PR?DISP_UPDATE?INDECATE

?PR?MODIFY_HIRC_166?MAIN                      0008H    0002H      -----    -----

?PR?LED_DISPLAY_INIT?LED_DISP                 -----    -----      -----    -----
  +--> ?PR?_SET_SEG_MODE?LED_DISP

?PR?AIP1628_INIT?AIP1628                      -----    -----      -----    -----
  +--> ?PR?_WT_BYTE?AIP1628
  +--> ?PR?_SET_AIP1628_LIGHTE_SCALE?AIP1628

?PR?_SET_AIP1628_LIGHTE_SCALE?AIP1628         -----    -----      -----    -----
  +--> ?PR?_WT_BYTE?AIP1628

?PR?UART_INIT?UART                            -----    -----      -----    -----
  +--> ?PR?_INITIALUART1_TIMER3?COMMON

?PR?_INITIALUART1_TIMER3?COMMON               -----    -----      0108H    0004H

?PR?UART_FRAME_INIT?UART_FRAME                -----    -----      -----    -----
  +--> ?PR?_CREATE_QUEUE?QUEUE

?PR?_CREATE_QUEUE?QUEUE                       -----    -----      0108H    000AH

?PR?_BEEP_SET?BEEP                            -----    -----      010DH    0005H
  +--> ?PR?_PWM1DUTYCYCLE?PWM_SIMPLE

?PR?UART1_FRAME_LOOP?UART_FRAME               -----    -----      0108H    0001H
  +--> ?PR?_DENTER_QUEUE?QUEUE
  +--> ?PR?UART1_CMD_PROC?UART_FRAME
BL51 BANKED LINKER/LOCATER V6.22.4.0                                                  06/27/2025  13:29:04  PAGE 6



?PR?_DENTER_QUEUE?QUEUE                       -----    -----      0109H    0006H
  +--> ?PR?_IS_EMPTY_QUEUE?QUEUE

?PR?UART1_CMD_PROC?UART_FRAME                 -----    -----      -----    -----
  +--> ?PR?_UART_SEND_BUF?UART
  +--> ?PR?_BEEP_SET?BEEP
  +--> ?PR?_SET_SEG_VAL?LED_DISP
  +--> ?PR?_SET_SEG_MODE?LED_DISP

?PR?_UART_SEND_BUF?UART                       -----    -----      010DH    0005H
  +--> ?PR?_UART_SEND_DATA?UART

?PR?_UART_SEND_DATA?UART                      -----    -----      0112H    0004H

?PR?_SET_SEG_VAL?LED_DISP                     -----    -----      0109H    0002H

?PR?KEYPAD_SCAN?KEYPAD                        -----    -----      -----    -----
  +--> ?PR?_BEEP_SET?BEEP
  +--> ?PR?KEYPAD_CONTINUE_PROC?KEYPAD_FUN
  +--> ?PR?KEYPAD_SHORT_PROC?KEYPAD_FUN

?PR?KEYPAD_CONTINUE_PROC?KEYPAD_FUN           -----    -----      0108H    0001H
  +--> ?PR?_BTN_ADD_PROC?KEYPAD_FUN
  +--> ?PR?_BTN_SUB_PROC?KEYPAD_FUN

?PR?_BTN_ADD_PROC?KEYPAD_FUN                  -----    -----      -----    -----
  +--> ?PR?_BEEP_SET?BEEP
  +--> ?PR?_UART1_FRAME_TX?UART_FRAME

?PR?_UART1_FRAME_TX?UART_FRAME                -----    -----      -----    -----
  +--> ?PR?_UART_SEND_BUF?UART

?PR?_BTN_SUB_PROC?KEYPAD_FUN                  -----    -----      -----    -----
  +--> ?PR?_BEEP_SET?BEEP
  +--> ?PR?_UART1_FRAME_TX?UART_FRAME

?PR?KEYPAD_SHORT_PROC?KEYPAD_FUN              -----    -----      0108H    0005H
  +--> ?PR?_BTN_ADD_PROC?KEYPAD_FUN
  +--> ?PR?_BEEP_SET?BEEP
  +--> ?PR?_UART1_FRAME_TX?UART_FRAME
  +--> ?PR?_BTN_SUB_PROC?KEYPAD_FUN

?PR?BEEP_SOUND_PROC?BEEP                      -----    -----      -----    -----
  +--> ?PR?_PWM1DUTYCYCLE?PWM_SIMPLE

?PR?BOOT_TIME?TREADMILLS                      -----    -----      -----    -----
  +--> ?PR?_TREADMILLS_DISPLAY?TREADMILLS

?PR?_TREADMILLS_DISPLAY?TREADMILLS            -----    -----      0108H    001CH
  +--> ?CO?TREADMILLS
  +--> ?PR?_SET_SEG_TWO_SC?LED_DISP
  +--> ?PR?_SET_BIT_SEG?LED_DISP
  +--> ?PR?_SET_SEG_TWO?LED_DISP

?PR?TREADMILLS_DISP_LOOP?TREADMILLS           -----    -----      -----    -----
  +--> ?PR?_TREADMILLS_DISPLAY?TREADMILLS
BL51 BANKED LINKER/LOCATER V6.22.4.0                                                  06/27/2025  13:29:04  PAGE 7



?PR?TREADMILLS_PROC_LOOP?TREADMILLS           -----    -----      -----    -----
  +--> ?PR?_SET_BIT_SEG?LED_DISP
  +--> ?PR?_UART_SEND_BUF?UART
  +--> ?PR?_BEEP_SET?BEEP
  +--> ?PR?_SET_SEG_MODE?LED_DISP
  +--> ?PR?_UART1_FRAME_TX_2?UART_FRAME
  +--> ?PR?_TREADMILLS_DISPLAY?TREADMILLS
  +--> ?PR?_UART1_FRAME_TX?UART_FRAME
  +--> ?PR?BEEP_FORCE_STOP?BEEP
  +--> ?PR?_SET_SEG_VAL?LED_DISP

?PR?_UART1_FRAME_TX_2?UART_FRAME              -----    -----      -----    -----
  +--> ?PR?_UART_SEND_BUF?UART

?PR?BEEP_FORCE_STOP?BEEP                      -----    -----      -----    -----
  +--> ?PR?_PWM1DUTYCYCLE?PWM_SIMPLE

?PR?COMMUNICATION_CHECKOUT?TREADMILLS         -----    -----      -----    -----
  +--> ?PR?_UART1_FRAME_TX?UART_FRAME
  +--> ?PR?_BEEP_SET?BEEP

?PR?SEND_DEFAULT_PARAM?MAIN                   -----    -----      0108H    0001H
  +--> ?PR?_UART1_FRAME_TX?UART_FRAME

?PR?TREADMILLS_PARAM_CALC?TREADMILLS          -----    -----      -----    -----
  +--> ?PR?_BEEP_SET?BEEP
  +--> ?PR?_TREADMILLS_DISPLAY?TREADMILLS

?PR?DISP_UPDATE?INDECATE                      -----    -----      -----    -----
  +--> ?PR?AIP1628_INIT?AIP1628
  +--> ?PR?_AIP1628_WRITE_BYTE?AIP1628

?PR?_AIP1628_WRITE_BYTE?AIP1628               -----    -----      -----    -----
  +--> ?PR?_WT_BYTE?AIP1628

*** NEW ROOT ***************************************************

?PR?TIMER0_ISR?ISR                            -----    -----      -----    -----
  +--> ?PR?RF433M_RECEVIEDECODE?DECODE

*** NEW ROOT ***************************************************

?PR?UART1_ISR?UART                            -----    -----      -----    -----
  +--> ?PR?_UART1_ENTER_QUEUE?QUEUE

?PR?_UART1_ENTER_QUEUE?QUEUE                  -----    -----      0124H    0004H
  +--> ?PR?_UART1_IS_FULL_QUEUE?QUEUE

?PR?_UART1_IS_FULL_QUEUE?QUEUE                -----    -----      0128H    0003H



SYMBOL TABLE OF MODULE:  .\Output\PBJ_SK_2.4G (?C_STARTUP)

  VALUE           TYPE          NAME
  ----------------------------------
BL51 BANKED LINKER/LOCATER V6.22.4.0                                                  06/27/2025  13:29:04  PAGE 8



  -------         MODULE        ?C_STARTUP
  C:26D6H         SEGMENT       ?C_C51STARTUP
  I:0021H         SEGMENT       ?STACK
  C:0000H         PUBLIC        ?C_STARTUP
  D:00E0H         SYMBOL        ACC
  D:00F0H         SYMBOL        B
  D:0083H         SYMBOL        DPH
  D:0082H         SYMBOL        DPL
  N:0000H         SYMBOL        IBPSTACK
  N:0100H         SYMBOL        IBPSTACKTOP
  N:0080H         SYMBOL        IDATALEN
  C:26EBH         SYMBOL        IDATALOOP
  N:0000H         SYMBOL        PBPSTACK
  N:0000H         SYMBOL        PBPSTACKTOP
  N:0000H         SYMBOL        PDATALEN
  N:0000H         SYMBOL        PDATASTART
  N:0000H         SYMBOL        PPAGE
  N:0000H         SYMBOL        PPAGEENABLE
  D:00A0H         SYMBOL        PPAGE_SFR
  D:0081H         SYMBOL        SP
  C:26D6H         SYMBOL        STARTUP1
  N:0000H         SYMBOL        XBPSTACK
  N:0000H         SYMBOL        XBPSTACKTOP
  N:02FFH         SYMBOL        XDATALEN
  C:26F6H         SYMBOL        XDATALOOP
  N:0000H         SYMBOL        XDATASTART
  C:0000H         LINE#         94
  C:26D6H         LINE#         100
  C:26D9H         LINE#         101
  C:26DCH         LINE#         102
  C:26DFH         LINE#         104
  C:26E2H         LINE#         105
  C:26E5H         LINE#         106
  C:26E8H         LINE#         109
  C:26EAH         LINE#         110
  C:26EBH         LINE#         111
  C:26ECH         LINE#         112
  C:26EEH         LINE#         116
  C:26F1H         LINE#         117
  C:26F3H         LINE#         119
  C:26F5H         LINE#         123
  C:26F6H         LINE#         124
  C:26F7H         LINE#         125
  C:26F8H         LINE#         126
  C:26FAH         LINE#         127
  C:26FCH         LINE#         161
  C:26FFH         LINE#         165
  -------         ENDMOD        ?C_STARTUP

  -------         MODULE        7_SEGMENT
  C:0000H         SYMBOL        _ICE_DUMMY_
  D:0080H         PUBLIC        P0
  D:0090H         PUBLIC        P1
  D:00A0H         PUBLIC        P2
  D:00B0H         PUBLIC        P3
  D:00D8H         PUBLIC        PWMCON0
BL51 BANKED LINKER/LOCATER V6.22.4.0                                                  06/27/2025  13:29:04  PAGE 9


  D:00A8H         PUBLIC        IE
  D:00B8H         PUBLIC        IP
  D:0098H         PUBLIC        SCON
  D:0088H         PUBLIC        TCON
  D:00F8H         PUBLIC        SCON_1
  D:00E8H         PUBLIC        ADCCON0
  D:00C0H         PUBLIC        I2CON
  D:00C8H         PUBLIC        T2CON
  X:0153H         PUBLIC        seg_num
  D:00D0H         PUBLIC        PSW
  -------         ENDMOD        7_SEGMENT

  -------         MODULE        AIP1628
  C:0000H         SYMBOL        _ICE_DUMMY_
  D:0080H         PUBLIC        P0
  D:0090H         PUBLIC        P1
  D:00A0H         PUBLIC        P2
  C:3683H         SYMBOL        _wt_byte
  D:00B0H         PUBLIC        P3
  D:00D8H         PUBLIC        PWMCON0
  C:3734H         PUBLIC        _set_aip1628_lighte_scale
  D:00A8H         PUBLIC        IE
  C:35BDH         PUBLIC        _aip1628_write_nbytes
  D:00B8H         PUBLIC        IP
  C:3653H         PUBLIC        aip1628_init
  B:0090H.1       PUBLIC        P11
  B:0090H.2       PUBLIC        P12
  C:36BFH         PUBLIC        _aip1628_write_byte
  B:0090H.3       PUBLIC        P13
  D:0098H         PUBLIC        SCON
  D:0088H         PUBLIC        TCON
  D:00F8H         PUBLIC        SCON_1
  D:00E8H         PUBLIC        ADCCON0
  D:00C0H         PUBLIC        I2CON
  D:00C8H         PUBLIC        T2CON
  D:00D0H         PUBLIC        PSW
  -------         PROC          _WT_BYTE
  D:0007H         SYMBOL        dat
  -------         DO            
  D:0006H         SYMBOL        i
  -------         ENDDO         
  C:3683H         LINE#         22
  C:3683H         LINE#         23
  C:3683H         LINE#         25
  C:3685H         LINE#         26
  C:3685H         LINE#         27
  C:3687H         LINE#         28
  C:368BH         LINE#         29
  C:368FH         LINE#         30
  C:3691H         LINE#         31
  C:3696H         LINE#         32
  C:3698H         LINE#         33
  -------         ENDPROC       _WT_BYTE
  -------         PROC          _AIP1628_WRITE_BYTE
  D:0007H         SYMBOL        addr
  D:0005H         SYMBOL        dat
  C:36BFH         LINE#         36
BL51 BANKED LINKER/LOCATER V6.22.4.0                                                  06/27/2025  13:29:04  PAGE 10


  C:36BFH         LINE#         37
  C:36BFH         LINE#         38
  C:36C1H         LINE#         39
  C:36C8H         LINE#         40
  C:36CDH         LINE#         42
  C:36CFH         LINE#         43
  -------         ENDPROC       _AIP1628_WRITE_BYTE
  -------         PROC          _AIP1628_WRITE_NBYTES
  D:0007H         SYMBOL        addr
  D:0001H         SYMBOL        p
  X:01A1H         SYMBOL        len
  C:35BDH         LINE#         46
  C:35BDH         LINE#         47
  C:35BDH         LINE#         48
  C:35BFH         LINE#         49
  C:35C6H         LINE#         50
  C:35CFH         LINE#         51
  C:35CFH         LINE#         52
  C:35D6H         LINE#         53
  C:35DDH         LINE#         54
  C:35E5H         LINE#         55
  C:35E7H         LINE#         56
  -------         ENDPROC       _AIP1628_WRITE_NBYTES
  -------         PROC          _SET_AIP1628_LIGHTE_SCALE
  D:0007H         SYMBOL        scale
  C:3734H         LINE#         59
  C:3734H         LINE#         60
  C:3734H         LINE#         62
  C:3736H         LINE#         63
  C:373DH         LINE#         64
  C:373FH         LINE#         65
  -------         ENDPROC       _SET_AIP1628_LIGHTE_SCALE
  -------         PROC          AIP1628_INIT
  C:3653H         LINE#         68
  C:3653H         LINE#         69
  C:3653H         LINE#         71
  C:3655H         LINE#         72
  C:365AH         LINE#         73
  C:365CH         LINE#         76
  C:365EH         LINE#         77
  C:3663H         LINE#         78
  C:3665H         LINE#         80
  C:366AH         LINE#         81
  -------         ENDPROC       AIP1628_INIT
  -------         ENDMOD        AIP1628

  -------         MODULE        INDECATE
  C:0000H         SYMBOL        _ICE_DUMMY_
  D:0080H         PUBLIC        P0
  D:0090H         PUBLIC        P1
  D:00A0H         PUBLIC        P2
  D:00B0H         PUBLIC        P3
  D:00D8H         PUBLIC        PWMCON0
  D:00A8H         PUBLIC        IE
  D:00B8H         PUBLIC        IP
  C:2DB0H         PUBLIC        disp_update
  X:0197H         PUBLIC        indecate_update_flag
BL51 BANKED LINKER/LOCATER V6.22.4.0                                                  06/27/2025  13:29:04  PAGE 11


  D:0098H         PUBLIC        SCON
  D:0088H         PUBLIC        TCON
  X:0198H         PUBLIC        indecate
  D:00F8H         PUBLIC        SCON_1
  D:00E8H         PUBLIC        ADCCON0
  D:00C0H         PUBLIC        I2CON
  D:00C8H         PUBLIC        T2CON
  D:00D0H         PUBLIC        PSW
  -------         PROC          DISP_UPDATE
  C:2DB0H         LINE#         18
  C:2DB0H         LINE#         19
  C:2DB0H         LINE#         20
  C:2DB3H         LINE#         21
  C:2DB9H         LINE#         22
  C:2DB9H         LINE#         23
  C:2DBBH         LINE#         25
  C:2DC1H         LINE#         26
  C:2DC1H         LINE#         27
  C:2DCBH         LINE#         28
  C:2DD5H         LINE#         29
  C:2DDFH         LINE#         30
  C:2DE9H         LINE#         31
  C:2DF3H         LINE#         32
  C:2DF4H         LINE#         34
  C:2DF4H         LINE#         35
  C:2DFAH         LINE#         36
  C:2E01H         LINE#         37
  C:2E0BH         LINE#         38
  C:2E1FH         LINE#         39
  C:2E26H         LINE#         40
  C:2E26H         LINE#         41
  C:2E26H         LINE#         42
  -------         ENDPROC       DISP_UPDATE
  -------         ENDMOD        INDECATE

  -------         MODULE        LED_DISP
  C:0000H         SYMBOL        _ICE_DUMMY_
  D:0080H         PUBLIC        P0
  D:0090H         PUBLIC        P1
  D:00A0H         PUBLIC        P2
  D:00B0H         PUBLIC        P3
  X:0173H         SYMBOL        _mode
  D:00D8H         PUBLIC        PWMCON0
  C:371AH         PUBLIC        _set_seg_flash_cnt
  D:00A8H         PUBLIC        IE
  C:3605H         PUBLIC        _set_bit_seg
  C:2492H         PUBLIC        _set_seg_val
  X:0174H         SYMBOL        ptrseg
  D:00B8H         PUBLIC        IP
  C:3699H         PUBLIC        led_display_init
  C:2C44H         PUBLIC        _set_seg_two
  D:0098H         PUBLIC        SCON
  D:0088H         PUBLIC        TCON
  X:0177H         SYMBOL        flash_cnt
  X:0178H         SYMBOL        buf
  D:00F8H         PUBLIC        SCON_1
  X:0180H         SYMBOL        cnt
BL51 BANKED LINKER/LOCATER V6.22.4.0                                                  06/27/2025  13:29:04  PAGE 12


  D:00E8H         PUBLIC        ADCCON0
  D:00C0H         PUBLIC        I2CON
  C:2CBFH         PUBLIC        _set_seg_two_sc
  D:00C8H         PUBLIC        T2CON
  C:1A47H         PUBLIC        seg_disp_proc
  C:36D0H         PUBLIC        _set_seg_mode
  D:00D0H         PUBLIC        PSW
  -------         PROC          LED_DISPLAY_INIT
  C:3699H         LINE#         18
  C:3699H         LINE#         19
  C:3699H         LINE#         20
  C:36A7H         LINE#         21
  C:36ACH         LINE#         22
  -------         ENDPROC       LED_DISPLAY_INIT
  -------         PROC          _SET_BIT_SEG
  D:0007H         SYMBOL        index
  D:0005H         SYMBOL        dat
  C:3605H         LINE#         25
  C:3605H         LINE#         26
  C:3605H         LINE#         27
  C:3619H         LINE#         28
  C:361FH         LINE#         29
  -------         ENDPROC       _SET_BIT_SEG
  -------         PROC          _SET_SEG_VAL
  X:0109H         SYMBOL        val
  -------         DO            
  D:0007H         SYMBOL        dat
  -------         ENDDO         
  C:2492H         LINE#         32
  C:249AH         LINE#         33
  C:249AH         LINE#         34
  C:24A1H         LINE#         35
  C:24A5H         LINE#         36
  C:24C0H         LINE#         37
  C:24FAH         LINE#         38
  C:2534H         LINE#         39
  C:2561H         LINE#         41
  C:2567H         LINE#         42
  -------         ENDPROC       _SET_SEG_VAL
  -------         PROC          _SET_SEG_TWO
  D:0007H         SYMBOL        hi2
  D:0005H         SYMBOL        lo2
  -------         DO            
  D:0006H         SYMBOL        dat
  -------         ENDDO         
  C:2C44H         LINE#         45
  C:2C44H         LINE#         46
  C:2C44H         LINE#         47
  C:2C4AH         LINE#         48
  C:2C4DH         LINE#         49
  C:2C68H         LINE#         50
  C:2C8CH         LINE#         52
  C:2CA1H         LINE#         53
  C:2CB8H         LINE#         55
  C:2CBEH         LINE#         56
  -------         ENDPROC       _SET_SEG_TWO
  -------         PROC          _SET_SEG_TWO_SC
BL51 BANKED LINKER/LOCATER V6.22.4.0                                                  06/27/2025  13:29:04  PAGE 13


  D:0007H         SYMBOL        hi2
  D:0005H         SYMBOL        lo2
  -------         DO            
  D:0006H         SYMBOL        dat
  -------         ENDDO         
  C:2CBFH         LINE#         59
  C:2CBFH         LINE#         60
  C:2CBFH         LINE#         61
  C:2CC5H         LINE#         62
  C:2CC8H         LINE#         63
  C:2CE3H         LINE#         64
  C:2D05H         LINE#         66
  C:2D1CH         LINE#         67
  C:2D31H         LINE#         69
  C:2D37H         LINE#         70
  -------         ENDPROC       _SET_SEG_TWO_SC
  -------         PROC          _SET_SEG_MODE
  D:0007H         SYMBOL        mode
  C:36D0H         LINE#         73
  C:36D0H         LINE#         74
  C:36D0H         LINE#         75
  C:36D5H         LINE#         76
  C:36DAH         LINE#         77
  C:36DFH         LINE#         78
  -------         ENDPROC       _SET_SEG_MODE
  -------         PROC          _SET_SEG_FLASH_CNT
  D:0007H         SYMBOL        cnt
  C:371AH         LINE#         81
  C:371AH         LINE#         82
  C:371AH         LINE#         83
  C:3720H         LINE#         84
  C:3726H         LINE#         85
  -------         ENDPROC       _SET_SEG_FLASH_CNT
  -------         PROC          SEG_DISP_PROC
  C:1A47H         LINE#         88
  C:1A47H         LINE#         89
  C:1A47H         LINE#         90
  C:1A58H         LINE#         91
  C:1A58H         LINE#         92
  C:1A58H         LINE#         93
  C:1A58H         LINE#         94
  C:1A58H         LINE#         95
  C:1A5FH         LINE#         96
  C:1A5FH         LINE#         97
  C:1A71H         LINE#         98
  C:1A7BH         LINE#         99
  C:1A85H         LINE#         100
  C:1A8FH         LINE#         101
  C:1A92H         LINE#         102
  C:1A96H         LINE#         103
  C:1A96H         LINE#         104
  C:1AA5H         LINE#         105
  C:1AB7H         LINE#         106
  C:1ABEH         LINE#         107
  C:1AC5H         LINE#         108
  C:1ACBH         LINE#         109
  C:1ACDH         LINE#         110
BL51 BANKED LINKER/LOCATER V6.22.4.0                                                  06/27/2025  13:29:04  PAGE 14


  C:1AD5H         LINE#         111
  C:1AD5H         LINE#         112
  C:1AE9H         LINE#         113
  C:1B00H         LINE#         114
  C:1B0AH         LINE#         115
  C:1B14H         LINE#         116
  C:1B1AH         LINE#         117
  C:1B20H         LINE#         120
  C:1B20H         LINE#         121
  C:1B26H         LINE#         122
  C:1B27H         LINE#         123
  C:1B27H         LINE#         124
  C:1B2EH         LINE#         125
  C:1B2EH         LINE#         126
  C:1B42H         LINE#         127
  C:1B59H         LINE#         128
  C:1B63H         LINE#         129
  C:1B6DH         LINE#         130
  C:1B70H         LINE#         131
  C:1B75H         LINE#         132
  C:1B75H         LINE#         133
  C:1B89H         LINE#         134
  C:1BA0H         LINE#         135
  C:1BAAH         LINE#         136
  C:1BB4H         LINE#         137
  C:1BBAH         LINE#         138
  C:1BBCH         LINE#         139
  C:1BC4H         LINE#         140
  C:1BC4H         LINE#         141
  C:1BD8H         LINE#         142
  C:1BEFH         LINE#         143
  C:1BF9H         LINE#         144
  C:1C03H         LINE#         145
  C:1C09H         LINE#         146
  C:1C0EH         LINE#         147
  C:1C0EH         LINE#         148
  C:1C14H         LINE#         149
  C:1C14H         LINE#         150
  C:1C14H         LINE#         151
  C:1C14H         LINE#         152
  C:1C14H         LINE#         153
  -------         ENDPROC       SEG_DISP_PROC
  -------         ENDMOD        LED_DISP

  -------         MODULE        KEYPAD
  C:0000H         SYMBOL        _ICE_DUMMY_
  D:0080H         PUBLIC        P0
  D:0090H         PUBLIC        P1
  D:00A0H         PUBLIC        P2
  D:00B0H         PUBLIC        P3
  D:00D8H         PUBLIC        PWMCON0
  D:00A8H         PUBLIC        IE
  X:0141H         PUBLIC        key_continue
  D:00B8H         PUBLIC        IP
  X:0142H         PUBLIC        delay_add
  X:0143H         SYMBOL        state
  X:0144H         PUBLIC        times
BL51 BANKED LINKER/LOCATER V6.22.4.0                                                  06/27/2025  13:29:04  PAGE 15


  C:1D97H         PUBLIC        KeyPad_Scan
  X:0145H         PUBLIC        key_delay_dede
  D:0098H         PUBLIC        SCON
  D:0088H         PUBLIC        TCON
  X:0147H         SYMBOL        cont
  X:0148H         SYMBOL        trig
  X:0149H         SYMBOL        old
  D:00F8H         PUBLIC        SCON_1
  X:014AH         SYMBOL        cnt
  X:014BH         PUBLIC        key
  X:014CH         SYMBOL        new
  X:014DH         PUBLIC        key_valuq
  X:014EH         PUBLIC        key_mask
  X:014FH         PUBLIC        key_long_flag
  D:00E8H         PUBLIC        ADCCON0
  D:00C0H         PUBLIC        I2CON
  X:0150H         PUBLIC        tl_flag
  X:0151H         PUBLIC        FOHA_cont_cnt
  D:00C8H         PUBLIC        T2CON
  X:0152H         PUBLIC        key_cnt
  D:00D0H         PUBLIC        PSW
  -------         PROC          KEYPAD_SCAN
  C:1D97H         LINE#         36
  C:1D97H         LINE#         37
  C:1D97H         LINE#         42
  C:1D9CH         LINE#         44
  C:1DA7H         LINE#         45
  C:1DA7H         LINE#         46
  C:1DADH         LINE#         47
  C:1DB3H         LINE#         48
  C:1DB3H         LINE#         49
  C:1DB8H         LINE#         50
  C:1DBDH         LINE#         51
  C:1DBDH         LINE#         52
  C:1DC3H         LINE#         53
  C:1DC3H         LINE#         55
  C:1DCDH         LINE#         56
  C:1DCDH         LINE#         57
  C:1DD2H         LINE#         58
  C:1DD7H         LINE#         59
  C:1DD9H         LINE#         60
  C:1DDFH         LINE#         61
  C:1DE5H         LINE#         62
  C:1DE5H         LINE#         63
  C:1DE7H         LINE#         64
  C:1DEBH         LINE#         65
  C:1DEBH         LINE#         66
  C:1DF0H         LINE#         67
  C:1DF9H         LINE#         68
  C:1DFCH         LINE#         69
  C:1DFCH         LINE#         72
  C:1E0BH         LINE#         73
  C:1E16H         LINE#         74
  C:1E24H         LINE#         75
  C:1E32H         LINE#         78
  C:1E3CH         LINE#         79
  C:1E3CH         LINE#         80
BL51 BANKED LINKER/LOCATER V6.22.4.0                                                  06/27/2025  13:29:04  PAGE 16


  C:1E4BH         LINE#         82
  C:1E4BH         LINE#         84
  C:1E51H         LINE#         85
  C:1E51H         LINE#         86
  C:1E58H         LINE#         87
  C:1E58H         LINE#         88
  C:1E5BH         LINE#         89
  C:1E66H         LINE#         90
  C:1E70H         LINE#         92
  C:1E70H         LINE#         93
  C:1E77H         LINE#         95
  C:1E80H         LINE#         96
  C:1E80H         LINE#         97
  C:1E88H         LINE#         98
  C:1E8EH         LINE#         99
  C:1E93H         LINE#         100
  C:1E93H         LINE#         101
  C:1E98H         LINE#         102
  C:1E9DH         LINE#         103
  C:1EA0H         LINE#         104
  C:1EA0H         LINE#         105
  C:1EA2H         LINE#         106
  C:1EA2H         LINE#         107
  C:1EA8H         LINE#         108
  C:1EA8H         LINE#         109
  C:1EAAH         LINE#         110
  C:1EAAH         LINE#         111
  C:1EB1H         LINE#         112
  C:1EB1H         LINE#         113
  C:1EB3H         LINE#         114
  C:1EBEH         LINE#         115
  C:1EBEH         LINE#         116
  C:1EBEH         LINE#         118
  C:1ECBH         LINE#         119
  C:1ECBH         LINE#         120
  C:1ED2H         LINE#         121
  C:1ED7H         LINE#         122
  C:1EDAH         LINE#         123
  C:1EE2H         LINE#         124
  C:1EEBH         LINE#         125
  C:1EEBH         LINE#         126
  C:1EEEH         LINE#         127
  C:1EEFH         LINE#         128
  C:1EEFH         LINE#         129
  C:1EF4H         LINE#         130
  C:1EF4H         LINE#         131
  C:1EF4H         LINE#         132
  -------         ENDPROC       KEYPAD_SCAN
  -------         ENDMOD        KEYPAD

  -------         MODULE        KEYPAD_FUN
  C:0000H         SYMBOL        _ICE_DUMMY_
  D:0080H         PUBLIC        P0
  D:0090H         PUBLIC        P1
  D:00A0H         PUBLIC        P2
  D:00B0H         PUBLIC        P3
  D:00D8H         PUBLIC        PWMCON0
BL51 BANKED LINKER/LOCATER V6.22.4.0                                                  06/27/2025  13:29:04  PAGE 17


  C:2ACDH         SYMBOL        _btn_sub_proc
  D:00A8H         PUBLIC        IE
  X:0189H         PUBLIC        speed_modes
  D:00B8H         PUBLIC        IP
  X:018FH         SYMBOL        index
  C:374AH         PUBLIC        keypad_long_proc
  C:1C15H         PUBLIC        keypad_short_proc
  D:0098H         PUBLIC        SCON
  D:0088H         PUBLIC        TCON
  D:00F8H         PUBLIC        SCON_1
  D:00E8H         PUBLIC        ADCCON0
  D:00C0H         PUBLIC        I2CON
  C:33F5H         PUBLIC        keypad_continue_proc
  C:2829H         SYMBOL        _btn_add_proc
  D:00C8H         PUBLIC        T2CON
  D:00D0H         PUBLIC        PSW
  -------         PROC          _BTN_ADD_PROC
  D:0006H         SYMBOL        scale
  C:2829H         LINE#         24
  C:2829H         LINE#         25
  C:2829H         LINE#         26
  C:2832H         LINE#         27
  C:2832H         LINE#         28
  C:283DH         LINE#         29
  C:283DH         LINE#         30
  C:2852H         LINE#         31
  C:2852H         LINE#         32
  C:285FH         LINE#         33
  C:2871H         LINE#         34
  C:2886H         LINE#         35
  C:2886H         LINE#         36
  C:288BH         LINE#         37
  C:288BH         LINE#         38
  C:288DH         LINE#         39
  C:289CH         LINE#         41
  C:28B2H         LINE#         42
  C:28B7H         LINE#         43
  C:28BBH         LINE#         44
  C:28BBH         LINE#         45
  C:28BBH         LINE#         46
  -------         ENDPROC       _BTN_ADD_PROC
  -------         PROC          _BTN_SUB_PROC
  D:0006H         SYMBOL        scale
  C:2ACDH         LINE#         49
  C:2ACDH         LINE#         50
  C:2ACDH         LINE#         51
  C:2AD3H         LINE#         52
  C:2AD3H         LINE#         53
  C:2ADBH         LINE#         54
  C:2ADBH         LINE#         55
  C:2AEAH         LINE#         56
  C:2AEAH         LINE#         57
  C:2AF7H         LINE#         58
  C:2B0EH         LINE#         59
  C:2B16H         LINE#         60
  C:2B16H         LINE#         61
  C:2B1FH         LINE#         62
BL51 BANKED LINKER/LOCATER V6.22.4.0                                                  06/27/2025  13:29:04  PAGE 18


  C:2B1FH         LINE#         63
  C:2B21H         LINE#         64
  C:2B2AH         LINE#         66
  C:2B40H         LINE#         67
  C:2B45H         LINE#         68
  C:2B49H         LINE#         69
  C:2B49H         LINE#         70
  C:2B49H         LINE#         71
  -------         ENDPROC       _BTN_SUB_PROC
  -------         PROC          KEYPAD_SHORT_PROC
  -------         DO            
  X:0108H         SYMBOL        bitmap
  -------         DO            
  X:0109H         SYMBOL        current_mode_index
  X:010BH         SYMBOL        current_speed
  -------         ENDDO         
  -------         ENDDO         
  C:1C15H         LINE#         75
  C:1C15H         LINE#         76
  C:1C15H         LINE#         77
  C:1C1DH         LINE#         80
  C:1C27H         LINE#         81
  C:1C27H         LINE#         82
  C:1C2EH         LINE#         83
  C:1C2EH         LINE#         86
  C:1C3CH         LINE#         87
  C:1C3CH         LINE#         88
  C:1C49H         LINE#         89
  C:1C50H         LINE#         90
  C:1C50H         LINE#         91
  C:1C53H         LINE#         92
  C:1C59H         LINE#         93
  C:1C66H         LINE#         94
  C:1C68H         LINE#         95
  C:1C6FH         LINE#         96
  C:1C6FH         LINE#         97
  C:1C72H         LINE#         98
  C:1C77H         LINE#         99
  C:1C82H         LINE#         100
  C:1C84H         LINE#         101
  C:1C8BH         LINE#         102
  C:1C8BH         LINE#         103
  C:1C8EH         LINE#         104
  C:1C93H         LINE#         105
  C:1C9EH         LINE#         106
  C:1C9EH         LINE#         107
  C:1C9EH         LINE#         110
  C:1CB2H         LINE#         111
  C:1CB2H         LINE#         113
  C:1CBDH         LINE#         114
  C:1CBDH         LINE#         115
  C:1CC3H         LINE#         116
  C:1CD2H         LINE#         117
  C:1CDFH         LINE#         120
  C:1CF1H         LINE#         122
  C:1CF8H         LINE#         123
  C:1D0FH         LINE#         125
BL51 BANKED LINKER/LOCATER V6.22.4.0                                                  06/27/2025  13:29:04  PAGE 19


  C:1D17H         LINE#         126
  C:1D2EH         LINE#         128
  C:1D37H         LINE#         129
  C:1D3FH         LINE#         131
  C:1D46H         LINE#         132
  C:1D46H         LINE#         137
  C:1D6AH         LINE#         138
  C:1D78H         LINE#         141
  C:1D7DH         LINE#         142
  C:1D81H         LINE#         143
  C:1D81H         LINE#         144
  C:1D81H         LINE#         146
  C:1D8FH         LINE#         147
  C:1D8FH         LINE#         148
  C:1D96H         LINE#         149
  C:1D96H         LINE#         150
  -------         ENDPROC       KEYPAD_SHORT_PROC
  -------         PROC          KEYPAD_LONG_PROC
  -------         DO            
  X:01E4H         SYMBOL        bitmap
  -------         ENDDO         
  C:374AH         LINE#         153
  C:374AH         LINE#         154
  C:374AH         LINE#         155
  C:3752H         LINE#         156
  C:3752H         LINE#         157
  -------         ENDPROC       KEYPAD_LONG_PROC
  -------         PROC          KEYPAD_CONTINUE_PROC
  -------         DO            
  X:0108H         SYMBOL        bitmap
  -------         ENDDO         
  C:33F5H         LINE#         160
  C:33F5H         LINE#         161
  C:33F5H         LINE#         162
  C:33FDH         LINE#         164
  C:3407H         LINE#         165
  C:3407H         LINE#         166
  C:340DH         LINE#         167
  C:3413H         LINE#         168
  C:3418H         LINE#         169
  C:3418H         LINE#         171
  C:3426H         LINE#         172
  C:3426H         LINE#         173
  C:342CH         LINE#         174
  C:3432H         LINE#         175
  C:3437H         LINE#         176
  C:3437H         LINE#         177
  -------         ENDPROC       KEYPAD_CONTINUE_PROC
  -------         ENDMOD        KEYPAD_FUN

  -------         MODULE        BEEP
  C:0000H         SYMBOL        _ICE_DUMMY_
  D:0080H         PUBLIC        P0
  D:0090H         PUBLIC        P1
  D:00A0H         PUBLIC        P2
  D:00B0H         PUBLIC        P3
  D:00D8H         PUBLIC        PWMCON0
BL51 BANKED LINKER/LOCATER V6.22.4.0                                                  06/27/2025  13:29:04  PAGE 20


  D:00A8H         PUBLIC        IE
  X:0181H         PUBLIC        is_disable_beep
  D:00B8H         PUBLIC        IP
  X:0182H         SYMBOL        ticks
  D:0098H         PUBLIC        SCON
  D:0088H         PUBLIC        TCON
  C:3727H         PUBLIC        beep_force_stop
  X:0184H         SYMBOL        off
  C:2949H         PUBLIC        beep_sound_proc
  D:00F8H         PUBLIC        SCON_1
  X:0186H         SYMBOL        cnt
  C:2F04H         PUBLIC        _beep_set
  D:00E8H         PUBLIC        ADCCON0
  D:00C0H         PUBLIC        I2CON
  X:0187H         SYMBOL        on
  D:00C8H         PUBLIC        T2CON
  D:00D0H         PUBLIC        PSW
  -------         PROC          BEEP_FORCE_STOP
  C:3727H         LINE#         22
  C:3727H         LINE#         23
  C:3727H         LINE#         24
  C:372DH         LINE#         25
  C:3733H         LINE#         26
  -------         ENDPROC       BEEP_FORCE_STOP
  -------         PROC          _BEEP_SET
  X:010DH         SYMBOL        count
  X:010EH         SYMBOL        on_ticks
  X:0110H         SYMBOL        off_ticks
  C:2F04H         LINE#         29
  C:2F15H         LINE#         30
  C:2F15H         LINE#         31
  C:2F1BH         LINE#         40
  C:2F2BH         LINE#         41
  C:2F31H         LINE#         42
  C:2F40H         LINE#         43
  C:2F4FH         LINE#         44
  C:2F56H         LINE#         45
  C:2F5FH         LINE#         46
  C:2F66H         LINE#         49
  -------         ENDPROC       _BEEP_SET
  -------         PROC          BEEP_SOUND_PROC
  C:2949H         LINE#         51
  C:2949H         LINE#         52
  C:2949H         LINE#         53
  C:2950H         LINE#         54
  C:2950H         LINE#         55
  C:2956H         LINE#         56
  C:295BH         LINE#         57
  C:295CH         LINE#         58
  C:2965H         LINE#         59
  C:2965H         LINE#         60
  C:2977H         LINE#         61
  C:2977H         LINE#         62
  C:297DH         LINE#         63
  C:2983H         LINE#         64
  C:2985H         LINE#         65
  C:29A6H         LINE#         66
BL51 BANKED LINKER/LOCATER V6.22.4.0                                                  06/27/2025  13:29:04  PAGE 21


  C:29A6H         LINE#         67
  C:29B6H         LINE#         68
  C:29BEH         LINE#         69
  C:29BEH         LINE#         70
  C:29CCH         LINE#         71
  C:29CCH         LINE#         72
  -------         ENDPROC       BEEP_SOUND_PROC
  -------         ENDMOD        BEEP

  -------         MODULE        MAIN
  C:0000H         SYMBOL        _ICE_DUMMY_
  D:00B1H         PUBLIC        P0M1
  D:00B3H         PUBLIC        P1M1
  D:00B2H         PUBLIC        P0M2
  D:0080H         PUBLIC        P0
  D:00B4H         PUBLIC        P1M2
  D:0090H         PUBLIC        P1
  D:00ACH         PUBLIC        P3M1
  D:00A0H         PUBLIC        P2
  D:00B0H         PUBLIC        P3
  D:00ADH         PUBLIC        P3M2
  D:0084H         PUBLIC        RCTRIM0
  D:0085H         PUBLIC        RCTRIM1
  B:00A8H.7       PUBLIC        EA
  D:00D8H         PUBLIC        PWMCON0
  B:0020H.5       PUBLIC        poweron_flag
  D:00A8H         PUBLIC        IE
  D:00C7H         PUBLIC        TA
  B:0020H.6       SYMBOL        poweron_send_flag
  D:00B8H         PUBLIC        IP
  X:01A4H         PUBLIC        down_control
  C:1871H         PUBLIC        main
  X:01A5H         PUBLIC        no_key_cnt
  D:0087H         PUBLIC        PCON
  D:0098H         PUBLIC        SCON
  D:0088H         PUBLIC        TCON
  D:009FH         PUBLIC        CHPCON
  D:00F8H         PUBLIC        SCON_1
  D:00A4H         PUBLIC        IAPTRG
  C:2782H         PUBLIC        MODIFY_HIRC_166
  D:00E8H         PUBLIC        ADCCON0
  D:00C0H         PUBLIC        I2CON
  D:00A7H         PUBLIC        IAPAH
  D:00AEH         PUBLIC        IAPFD
  D:00C8H         PUBLIC        T2CON
  D:00A6H         PUBLIC        IAPAL
  C:23A3H         PUBLIC        send_default_param
  D:00AFH         PUBLIC        IAPCN
  D:0095H         PUBLIC        CKDIV
  D:00D0H         PUBLIC        PSW
  -------         PROC          MODIFY_HIRC_166
  -------         DO            
  D:0008H         SYMBOL        hircmap0
  D:0009H         SYMBOL        hircmap1
  D:0006H         SYMBOL        trimvalue16bit
  -------         ENDDO         
  C:2782H         LINE#         38
BL51 BANKED LINKER/LOCATER V6.22.4.0                                                  06/27/2025  13:29:04  PAGE 22


  C:2782H         LINE#         39
  C:2782H         LINE#         43
  C:278AH         LINE#         44
  C:278AH         LINE#         45
  C:278DH         LINE#         46
  C:27A0H         LINE#         47
  C:27A3H         LINE#         48
  C:27A5H         LINE#         49
  C:27A8H         LINE#         50
  C:27BBH         LINE#         51
  C:27BEH         LINE#         52
  C:27C1H         LINE#         53
  C:27C3H         LINE#         54
  C:27D6H         LINE#         55
  C:27D9H         LINE#         56
  C:27ECH         LINE#         57
  C:27FFH         LINE#         58
  C:2807H         LINE#         59
  C:280CH         LINE#         60
  C:2813H         LINE#         61
  C:2816H         LINE#         62
  C:2819H         LINE#         63
  C:281CH         LINE#         64
  C:281FH         LINE#         65
  C:2822H         LINE#         66
  C:2825H         LINE#         72
  C:2828H         LINE#         73
  C:2828H         LINE#         74
  -------         ENDPROC       MODIFY_HIRC_166
  -------         PROC          SEND_DEFAULT_PARAM
  -------         DO            
  X:0108H         SYMBOL        i
  -------         ENDDO         
  C:23A3H         LINE#         77
  C:23A3H         LINE#         78
  C:23A3H         LINE#         79
  C:23A8H         LINE#         81
  C:23AEH         LINE#         82
  C:23B6H         LINE#         83
  C:23BAH         LINE#         84
  C:23BEH         LINE#         85
  C:23C2H         LINE#         87
  C:23C9H         LINE#         88
  C:23D0H         LINE#         89
  C:23D7H         LINE#         90
  C:23DEH         LINE#         91
  C:23E5H         LINE#         92
  C:23ECH         LINE#         93
  C:23F3H         LINE#         94
  C:23FAH         LINE#         95
  C:2401H         LINE#         96
  C:2408H         LINE#         97
  C:240FH         LINE#         98
  C:2416H         LINE#         101
  C:241BH         LINE#         102
  C:241BH         LINE#         103
  C:242AH         LINE#         104
BL51 BANKED LINKER/LOCATER V6.22.4.0                                                  06/27/2025  13:29:04  PAGE 23


  C:2434H         LINE#         106
  C:244AH         LINE#         107
  C:2454H         LINE#         108
  C:245EH         LINE#         109
  C:2468H         LINE#         111
  C:246EH         LINE#         112
  C:246EH         LINE#         113
  C:2485H         LINE#         114
  C:2491H         LINE#         115
  -------         ENDPROC       SEND_DEFAULT_PARAM
  -------         PROC          MAIN
  -------         DO            
  X:0107H         SYMBOL        i
  X:01A2H         SYMBOL        send_cnt
  X:01A3H         SYMBOL        poweron_cnt
  -------         ENDDO         
  C:1871H         LINE#         122
  C:1871H         LINE#         123
  C:1871H         LINE#         124
  C:1876H         LINE#         128
  C:1885H         LINE#         129
  C:1888H         LINE#         130
  C:1895H         LINE#         139
  C:1898H         LINE#         140
  C:189BH         LINE#         142
  C:189EH         LINE#         143
  C:18A1H         LINE#         145
  C:18A4H         LINE#         146
  C:18A6H         LINE#         148
  C:18AAH         LINE#         150
  C:18ADH         LINE#         151
  C:18B0H         LINE#         152
  C:18B3H         LINE#         153
  C:18B6H         LINE#         154
  C:18B9H         LINE#         155
  C:18BCH         LINE#         156
  C:18BFH         LINE#         158
  C:18C2H         LINE#         159
  C:18C5H         LINE#         160
  C:18C8H         LINE#         163
  C:18CAH         LINE#         164
  C:18CCH         LINE#         166
  C:18D9H         LINE#         169
  C:18D9H         LINE#         170
  C:18D9H         LINE#         171
  C:18DCH         LINE#         174
  C:18E2H         LINE#         175
  C:18E2H         LINE#         176
  C:18E4H         LINE#         177
  C:18E7H         LINE#         178
  C:18EAH         LINE#         179
  C:18EDH         LINE#         180
  C:18EDH         LINE#         183
  C:18F3H         LINE#         184
  C:18F3H         LINE#         185
  C:18F5H         LINE#         186
  C:18F8H         LINE#         187
BL51 BANKED LINKER/LOCATER V6.22.4.0                                                  06/27/2025  13:29:04  PAGE 24


  C:18FBH         LINE#         188
  C:18FEH         LINE#         189
  C:18FEH         LINE#         192
  C:1904H         LINE#         193
  C:1904H         LINE#         194
  C:1906H         LINE#         195
  C:1909H         LINE#         196
  C:190CH         LINE#         197
  C:190CH         LINE#         198
  C:1912H         LINE#         199
  C:1918H         LINE#         200
  C:1918H         LINE#         201
  C:191BH         LINE#         202
  C:1920H         LINE#         203
  C:1922H         LINE#         204
  C:1922H         LINE#         205
  C:1922H         LINE#         206
  C:1922H         LINE#         209
  C:192BH         LINE#         210
  C:192BH         LINE#         211
  C:192DH         LINE#         213
  C:1933H         LINE#         214
  C:1933H         LINE#         215
  C:1937H         LINE#         216
  C:193DH         LINE#         217
  C:1942H         LINE#         218
  C:1942H         LINE#         219
  C:1948H         LINE#         220
  C:194FH         LINE#         221
  C:1956H         LINE#         222
  C:195DH         LINE#         223
  C:196AH         LINE#         224
  C:196AH         LINE#         226
  C:1972H         LINE#         227
  C:1972H         LINE#         228
  C:1978H         LINE#         229
  C:1990H         LINE#         230
  C:19AAH         LINE#         231
  C:19B1H         LINE#         232
  C:19BEH         LINE#         233
  C:19BEH         LINE#         235
  C:19C6H         LINE#         236
  C:19C6H         LINE#         238
  C:19CCH         LINE#         239
  C:19CCH         LINE#         240
  C:19D0H         LINE#         241
  C:19D0H         LINE#         242
  C:19D6H         LINE#         243
  C:19D8H         LINE#         244
  C:19DDH         LINE#         245
  C:19DDH         LINE#         246
  C:19DDH         LINE#         247
  C:19E0H         LINE#         248
  C:19E0H         LINE#         249
  C:19E6H         LINE#         250
  C:19E6H         LINE#         252
  C:19EEH         LINE#         253
BL51 BANKED LINKER/LOCATER V6.22.4.0                                                  06/27/2025  13:29:04  PAGE 25


  C:19EEH         LINE#         254
  C:19FCH         LINE#         255
  C:1A08H         LINE#         256
  C:1A08H         LINE#         257
  C:1A0DH         LINE#         258
  C:1A13H         LINE#         259
  C:1A1AH         LINE#         260
  C:1A1AH         LINE#         261
  C:1A1AH         LINE#         262
  C:1A1AH         LINE#         265
  C:1A20H         LINE#         266
  C:1A20H         LINE#         267
  C:1A22H         LINE#         268
  C:1A25H         LINE#         270
  C:1A2BH         LINE#         271
  C:1A34H         LINE#         272
  C:1A34H         LINE#         273
  C:1A3AH         LINE#         274
  C:1A40H         LINE#         275
  C:1A40H         LINE#         276
  C:1A40H         LINE#         278
  C:1A43H         LINE#         279
  -------         ENDPROC       MAIN
  -------         ENDMOD        MAIN

  -------         MODULE        QUEUE
  C:0000H         SYMBOL        _ICE_DUMMY_
  D:0080H         PUBLIC        P0
  D:0090H         PUBLIC        P1
  D:00A0H         PUBLIC        P2
  D:00B0H         PUBLIC        P3
  D:00D8H         PUBLIC        PWMCON0
  D:00A8H         PUBLIC        IE
  C:366BH         SYMBOL        _Is_Empty_Queue
  D:00B8H         PUBLIC        IP
  D:0098H         PUBLIC        SCON
  D:0088H         PUBLIC        TCON
  C:3024H         PUBLIC        _Create_Queue
  D:00F8H         PUBLIC        SCON_1
  C:2A4DH         PUBLIC        _UART0_Enter_queue
  C:29CDH         PUBLIC        _UART1_Enter_queue
  D:00E8H         PUBLIC        ADCCON0
  D:00C0H         PUBLIC        I2CON
  D:00C8H         PUBLIC        T2CON
  C:334DH         PUBLIC        _UART0_Is_Full_Queue
  C:32F6H         PUBLIC        _UART1_Is_Full_Queue
  C:28BCH         PUBLIC        _Denter_queue
  D:00D0H         PUBLIC        PSW
  -------         PROC          _CREATE_QUEUE
  X:0108H         SYMBOL        Q
  X:010BH         SYMBOL        pbuff
  X:010EH         SYMBOL        maxsize
  C:3024H         LINE#         4
  C:302FH         LINE#         5
  C:302FH         LINE#         6
  C:304CH         LINE#         7
  C:3061H         LINE#         8
BL51 BANKED LINKER/LOCATER V6.22.4.0                                                  06/27/2025  13:29:04  PAGE 26


  C:306BH         LINE#         9
  C:307FH         LINE#         10
  -------         ENDPROC       _CREATE_QUEUE
  -------         PROC          _UART1_IS_FULL_QUEUE
  X:0128H         SYMBOL        Q
  C:32F6H         LINE#         19
  C:3301H         LINE#         20
  C:3301H         LINE#         21
  C:3347H         LINE#         22
  C:334AH         LINE#         24
  C:334CH         LINE#         25
  -------         ENDPROC       _UART1_IS_FULL_QUEUE
  -------         PROC          _UART0_IS_FULL_QUEUE
  X:01DAH         SYMBOL        Q
  C:334DH         LINE#         27
  C:3358H         LINE#         28
  C:3358H         LINE#         29
  C:339EH         LINE#         30
  C:33A1H         LINE#         32
  C:33A3H         LINE#         33
  -------         ENDPROC       _UART0_IS_FULL_QUEUE
  -------         PROC          _IS_EMPTY_QUEUE
  D:0001H         SYMBOL        Q
  C:366BH         LINE#         35
  C:366BH         LINE#         36
  C:366BH         LINE#         37
  C:367DH         LINE#         38
  C:3680H         LINE#         40
  C:3682H         LINE#         41
  -------         ENDPROC       _IS_EMPTY_QUEUE
  -------         PROC          _UART1_ENTER_QUEUE
  X:0124H         SYMBOL        Q
  X:0127H         SYMBOL        val
  C:29CDH         LINE#         44
  C:29DDH         LINE#         45
  C:29DDH         LINE#         46
  C:29E3H         LINE#         47
  C:29E6H         LINE#         49
  C:29E6H         LINE#         50
  C:2A0AH         LINE#         51
  C:2A4AH         LINE#         52
  C:2A4CH         LINE#         53
  C:2A4CH         LINE#         54
  -------         ENDPROC       _UART1_ENTER_QUEUE
  -------         PROC          _UART0_ENTER_QUEUE
  X:01B6H         SYMBOL        Q
  X:01B9H         SYMBOL        val
  C:2A4DH         LINE#         56
  C:2A5DH         LINE#         57
  C:2A5DH         LINE#         58
  C:2A63H         LINE#         59
  C:2A66H         LINE#         61
  C:2A66H         LINE#         62
  C:2A8AH         LINE#         63
  C:2ACAH         LINE#         64
  C:2ACCH         LINE#         65
  C:2ACCH         LINE#         66
BL51 BANKED LINKER/LOCATER V6.22.4.0                                                  06/27/2025  13:29:04  PAGE 27


  -------         ENDPROC       _UART0_ENTER_QUEUE
  -------         PROC          _DENTER_QUEUE
  X:0109H         SYMBOL        Q
  X:010CH         SYMBOL        val
  C:28BCH         LINE#         68
  C:28C7H         LINE#         69
  C:28C7H         LINE#         70
  C:28D8H         LINE#         71
  C:28D8H         LINE#         72
  C:28DBH         LINE#         73
  C:28DBH         LINE#         75
  C:28DBH         LINE#         76
  C:2906H         LINE#         77
  C:2946H         LINE#         78
  C:2948H         LINE#         79
  C:2948H         LINE#         80
  -------         ENDPROC       _DENTER_QUEUE
  -------         ENDMOD        QUEUE

  -------         MODULE        UART_FRAME
  C:0000H         SYMBOL        _ICE_DUMMY_
  D:0080H         PUBLIC        P0
  D:0090H         PUBLIC        P1
  D:00A0H         PUBLIC        P2
  D:00B0H         PUBLIC        P3
  D:00D8H         PUBLIC        PWMCON0
  D:00A8H         PUBLIC        IE
  D:00B8H         PUBLIC        IP
  C:2050H         PUBLIC        UART1_cmd_proc
  C:358BH         PUBLIC        _uart1_frame_tx
  X:0005H         PUBLIC        uart_frame
  D:0098H         PUBLIC        SCON
  B:0080H.5       PUBLIC        P05
  D:0088H         PUBLIC        TCON
  C:34E9H         PUBLIC        _uart1_frame_tx_2
  X:000EH         PUBLIC        UART1_rx_queue
  C:3556H         PUBLIC        uart_frame_init
  D:00F8H         PUBLIC        SCON_1
  X:001DH         PUBLIC        UART1_rx_buf
  D:00E8H         PUBLIC        ADCCON0
  D:00C0H         PUBLIC        I2CON
  D:00C8H         PUBLIC        T2CON
  X:00B3H         PUBLIC        uart_tx_frame
  D:00D0H         PUBLIC        PSW
  C:1EF5H         PUBLIC        uart1_frame_loop
  -------         PROC          UART_FRAME_INIT
  C:3556H         LINE#         29
  C:3556H         LINE#         30
  C:3556H         LINE#         31
  C:3575H         LINE#         34
  C:357BH         LINE#         35
  C:3580H         LINE#         36
  C:3585H         LINE#         37
  C:358AH         LINE#         38
  -------         ENDPROC       UART_FRAME_INIT
  -------         PROC          _UART1_FRAME_TX
  D:0007H         SYMBOL        cmd
BL51 BANKED LINKER/LOCATER V6.22.4.0                                                  06/27/2025  13:29:04  PAGE 28


  D:0005H         SYMBOL        dat
  -------         DO            
  D:0006H         SYMBOL        xor
  -------         ENDDO         
  C:358BH         LINE#         41
  C:358BH         LINE#         42
  C:358BH         LINE#         43
  C:358DH         LINE#         44
  C:3592H         LINE#         45
  C:3593H         LINE#         46
  C:3597H         LINE#         47
  C:3599H         LINE#         48
  C:359CH         LINE#         49
  C:359EH         LINE#         50
  C:35A0H         LINE#         51
  C:35A3H         LINE#         52
  C:35A7H         LINE#         53
  C:35BCH         LINE#         54
  -------         ENDPROC       _UART1_FRAME_TX
  -------         PROC          _UART1_FRAME_TX_2
  D:0007H         SYMBOL        cmd
  D:0005H         SYMBOL        dat0
  D:0003H         SYMBOL        dat1
  -------         DO            
  D:0006H         SYMBOL        xor
  -------         ENDDO         
  C:34E9H         LINE#         56
  C:34E9H         LINE#         57
  C:34E9H         LINE#         58
  C:34EBH         LINE#         59
  C:34F0H         LINE#         60
  C:34F1H         LINE#         61
  C:34F5H         LINE#         62
  C:34F7H         LINE#         63
  C:34FAH         LINE#         64
  C:34FCH         LINE#         65
  C:34FFH         LINE#         66
  C:3501H         LINE#         67
  C:3503H         LINE#         68
  C:3506H         LINE#         69
  C:350AH         LINE#         70
  C:351FH         LINE#         71
  -------         ENDPROC       _UART1_FRAME_TX_2
  -------         PROC          UART1_FRAME_LOOP
  -------         DO            
  X:0000H         SYMBOL        sm
  X:0001H         SYMBOL        len
  X:0002H         SYMBOL        ptr
  X:0108H         SYMBOL        dat
  D:0007H         SYMBOL        ret
  -------         ENDDO         
  C:1EF5H         LINE#         76
  C:1EF5H         LINE#         77
  C:1EF5H         LINE#         83
  C:1F0CH         LINE#         85
  C:1F12H         LINE#         86
  C:1F12H         LINE#         87
BL51 BANKED LINKER/LOCATER V6.22.4.0                                                  06/27/2025  13:29:04  PAGE 29


  C:1F2AH         LINE#         88
  C:1F42H         LINE#         89
  C:1F42H         LINE#         90
  C:1F42H         LINE#         91
  C:1F47H         LINE#         92
  C:1F4DH         LINE#         93
  C:1F4EH         LINE#         94
  C:1F4EH         LINE#         95
  C:1F53H         LINE#         96
  C:1F5EH         LINE#         97
  C:1F63H         LINE#         98
  C:1F70H         LINE#         99
  C:1F76H         LINE#         100
  C:1F77H         LINE#         101
  C:1F77H         LINE#         102
  C:1F94H         LINE#         103
  C:1F9AH         LINE#         104
  C:1FBCH         LINE#         105
  C:1FBDH         LINE#         106
  C:1FBDH         LINE#         107
  C:1FCCH         LINE#         108
  C:1FCCH         LINE#         109
  C:1FDBH         LINE#         110
  C:1FE0H         LINE#         111
  C:1FFDH         LINE#         112
  C:1FFDH         LINE#         113
  C:2020H         LINE#         114
  C:2028H         LINE#         115
  C:204AH         LINE#         116
  C:204AH         LINE#         117
  C:204FH         LINE#         118
  C:204FH         LINE#         119
  C:204FH         LINE#         120
  C:204FH         LINE#         121
  C:204FH         LINE#         122
  C:204FH         LINE#         123
  -------         ENDPROC       UART1_FRAME_LOOP
  -------         PROC          UART1_CMD_PROC
  C:2050H         LINE#         130
  C:2050H         LINE#         131
  C:2050H         LINE#         132
  C:206EH         LINE#         133
  C:206EH         LINE#         134
  C:206EH         LINE#         135
  C:206EH         LINE#         136
  C:206EH         LINE#         137
  C:206FH         LINE#         141
  C:206FH         LINE#         142
  C:2071H         LINE#         143
  C:2077H         LINE#         144
  C:207FH         LINE#         147
  C:2080H         LINE#         148
  C:2080H         LINE#         158
  C:2080H         LINE#         159
  C:2080H         LINE#         160
  C:208FH         LINE#         161
  C:2090H         LINE#         162
BL51 BANKED LINKER/LOCATER V6.22.4.0                                                  06/27/2025  13:29:04  PAGE 30


  C:2090H         LINE#         163
  C:2096H         LINE#         164
  C:209CH         LINE#         165
  C:209CH         LINE#         166
  C:20A4H         LINE#         167
  C:20A9H         LINE#         168
  C:20A9H         LINE#         169
  C:20AFH         LINE#         170
  C:20B0H         LINE#         171
  C:20B0H         LINE#         172
  C:20B6H         LINE#         173
  C:20BAH         LINE#         174
  C:20C2H         LINE#         175
  C:20C5H         LINE#         176
  C:20D6H         LINE#         177
  C:20D7H         LINE#         178
  C:20D7H         LINE#         180
  C:20E4H         LINE#         181
  C:20E4H         LINE#         182
  C:20E9H         LINE#         183
  C:20EAH         LINE#         185
  C:20EAH         LINE#         186
  C:20EFH         LINE#         187
  C:20EFH         LINE#         188
  C:20F0H         LINE#         189
  C:20F0H         LINE#         190
  C:20FDH         LINE#         191
  C:2103H         LINE#         192
  C:2103H         LINE#         193
  C:210AH         LINE#         194
  C:210DH         LINE#         195
  C:2110H         LINE#         196
  C:2113H         LINE#         198
  C:2116H         LINE#         199
  C:2119H         LINE#         200
  C:211CH         LINE#         201
  C:2123H         LINE#         202
  C:2128H         LINE#         203
  C:2129H         LINE#         204
  C:2131H         LINE#         205
  C:2131H         LINE#         206
  C:2138H         LINE#         207
  C:213BH         LINE#         208
  C:213EH         LINE#         209
  C:2141H         LINE#         211
  C:2144H         LINE#         212
  C:2147H         LINE#         213
  C:214AH         LINE#         214
  C:2151H         LINE#         215
  C:2156H         LINE#         216
  C:2157H         LINE#         217
  C:215FH         LINE#         218
  C:215FH         LINE#         219
  C:2166H         LINE#         220
  C:2169H         LINE#         221
  C:216CH         LINE#         222
  C:216FH         LINE#         224
BL51 BANKED LINKER/LOCATER V6.22.4.0                                                  06/27/2025  13:29:04  PAGE 31


  C:2172H         LINE#         225
  C:2175H         LINE#         226
  C:2178H         LINE#         227
  C:217FH         LINE#         228
  C:2184H         LINE#         229
  C:2184H         LINE#         230
  C:2184H         LINE#         231
  C:2184H         LINE#         232
  C:2184H         LINE#         233
  C:2184H         LINE#         234
  -------         ENDPROC       UART1_CMD_PROC
  -------         ENDMOD        UART_FRAME

  -------         MODULE        TREADMILLS
  C:0000H         SYMBOL        _ICE_DUMMY_
  D:0080H         PUBLIC        P0
  D:0090H         PUBLIC        P1
  D:00A0H         PUBLIC        P2
  X:00C7H         SYMBOL        run_disp_tab
  D:00B0H         PUBLIC        P3
  X:00CAH         PUBLIC        booktime_cnt
  D:00D8H         PUBLIC        PWMCON0
  D:00A8H         PUBLIC        IE
  C:0DEDH         PUBLIC        _treadmills_display
  X:00CBH         PUBLIC        booktime_en
  D:00B8H         PUBLIC        IP
  C:15B1H         PUBLIC        treadmills_param_calc
  X:00CCH         PUBLIC        error_times
  D:0098H         PUBLIC        SCON
  D:0088H         PUBLIC        TCON
  X:00CDH         PUBLIC        treadmills
  C:2E27H         PUBLIC        communication_checkout
  C:36E0H         SYMBOL        _?ix1000
  C:36E5H         SYMBOL        _?ix1001
  D:00F8H         PUBLIC        SCON_1
  C:2F67H         PUBLIC        boot_time
  C:3438H         PUBLIC        treadmills_init
  D:00E8H         PUBLIC        ADCCON0
  D:00C0H         PUBLIC        I2CON
  X:0104H         SYMBOL        boot_disp_tab
  D:00C8H         PUBLIC        T2CON
  C:2B4AH         PUBLIC        treadmills_disp_loop
  C:11EAH         PUBLIC        treadmills_proc_loop
  D:00D0H         PUBLIC        PSW
  -------         PROC          TREADMILLS_INIT
  C:3438H         LINE#         22
  C:3438H         LINE#         23
  C:3438H         LINE#         24
  C:343DH         LINE#         25
  C:3447H         LINE#         26
  C:344EH         LINE#         27
  C:3458H         LINE#         28
  C:3462H         LINE#         29
  C:3469H         LINE#         30
  C:346DH         LINE#         31
  C:3471H         LINE#         34
  C:3475H         LINE#         35
BL51 BANKED LINKER/LOCATER V6.22.4.0                                                  06/27/2025  13:29:04  PAGE 32


  -------         ENDPROC       TREADMILLS_INIT
  -------         PROC          BOOT_TIME
  C:2F67H         LINE#         47
  C:2F67H         LINE#         48
  C:2F67H         LINE#         49
  C:2F72H         LINE#         50
  C:2F78H         LINE#         51
  C:2F7EH         LINE#         52
  C:2F7EH         LINE#         53
  C:2F80H         LINE#         54
  C:2F8EH         LINE#         55
  C:2F8EH         LINE#         56
  C:2F9AH         LINE#         57
  C:2F9CH         LINE#         59
  C:2F9CH         LINE#         60
  C:2FA3H         LINE#         61
  C:2FA3H         LINE#         62
  C:2FA8H         LINE#         63
  C:2FAFH         LINE#         65
  C:2FB9H         LINE#         66
  C:2FB9H         LINE#         67
  C:2FBFH         LINE#         68
  C:2FC4H         LINE#         69
  C:2FC6H         LINE#         70
  C:2FC6H         LINE#         71
  C:2FC6H         LINE#         72
  -------         ENDPROC       BOOT_TIME
  -------         PROC          TREADMILLS_PARAM_CALC
  -------         DO            
  X:00BCH         SYMBOL        distance
  -------         ENDDO         
  C:15B1H         LINE#         76
  C:15B1H         LINE#         77
  C:15B1H         LINE#         79
  C:15C4H         LINE#         82
  C:15CCH         LINE#         83
  C:15CCH         LINE#         84
  C:1601H         LINE#         86
  C:1601H         LINE#         87
  C:1607H         LINE#         88
  C:160CH         LINE#         89
  C:1617H         LINE#         90
  C:1617H         LINE#         91
  C:1619H         LINE#         93
  C:1619H         LINE#         94
  C:1638H         LINE#         96
  C:1653H         LINE#         97
  C:1653H         LINE#         98
  C:1659H         LINE#         99
  C:165EH         LINE#         100
  C:1669H         LINE#         101
  C:1669H         LINE#         102
  C:1669H         LINE#         105
  C:1674H         LINE#         106
  C:1674H         LINE#         107
  C:16B1H         LINE#         108
  C:16F6H         LINE#         110
BL51 BANKED LINKER/LOCATER V6.22.4.0                                                  06/27/2025  13:29:04  PAGE 33


  C:1710H         LINE#         111
  C:1710H         LINE#         112
  C:1716H         LINE#         113
  C:171BH         LINE#         114
  C:1726H         LINE#         115
  C:1726H         LINE#         116
  C:1728H         LINE#         118
  C:1728H         LINE#         123
  C:1765H         LINE#         124
  C:1779H         LINE#         125
  C:1779H         LINE#         128
  C:1784H         LINE#         129
  C:1784H         LINE#         130
  C:17D3H         LINE#         131
  C:17D3H         LINE#         132
  C:1821H         LINE#         133
  C:1823H         LINE#         135
  C:1823H         LINE#         136
  C:182DH         LINE#         137
  C:1833H         LINE#         138
  C:1838H         LINE#         139
  C:1843H         LINE#         140
  C:1843H         LINE#         141
  C:1845H         LINE#         143
  C:1845H         LINE#         144
  C:1866H         LINE#         145
  C:1866H         LINE#         147
  C:1870H         LINE#         148
  -------         ENDPROC       TREADMILLS_PARAM_CALC
  -------         PROC          TREADMILLS_PROC_LOOP
  -------         DO            
  X:00C0H         SYMBOL        cnt
  X:00C1H         SYMBOL        timeout
  X:00C2H         SYMBOL        val
  -------         ENDDO         
  C:11EAH         LINE#         152
  C:11EAH         LINE#         153
  C:11EAH         LINE#         156
  C:1229H         LINE#         157
  C:1229H         LINE#         158
  C:1229H         LINE#         159
  C:122FH         LINE#         160
  C:1238H         LINE#         161
  C:1238H         LINE#         162
  C:123AH         LINE#         164
  C:1241H         LINE#         165
  C:1244H         LINE#         166
  C:1247H         LINE#         167
  C:124AH         LINE#         168
  C:124DH         LINE#         169
  C:1250H         LINE#         171
  C:1256H         LINE#         172
  C:125DH         LINE#         173
  C:1264H         LINE#         174
  C:126BH         LINE#         176
  C:1271H         LINE#         178
  C:1277H         LINE#         179
BL51 BANKED LINKER/LOCATER V6.22.4.0                                                  06/27/2025  13:29:04  PAGE 34


  C:127BH         LINE#         180
  C:127EH         LINE#         181
  C:128FH         LINE#         183
  C:1295H         LINE#         184
  C:1295H         LINE#         186
  C:1296H         LINE#         187
  C:1296H         LINE#         188
  C:1296H         LINE#         189
  C:1296H         LINE#         190
  C:1297H         LINE#         191
  C:1297H         LINE#         192
  C:129DH         LINE#         193
  C:129DH         LINE#         194
  C:12A8H         LINE#         195
  C:12AEH         LINE#         196
  C:12B5H         LINE#         197
[...]
  C:35EDH         LINE#         56
  C:35F3H         LINE#         58
  C:3604H         LINE#         62
  -------         ENDPROC       WRITE_PARAM
  -------         ENDMOD        EE_PARAM

  -------         MODULE        IAP_EEPROM
  C:0000H         SYMBOL        _ICE_DUMMY_
BL51 BANKED LINKER/LOCATER V6.22.4.0                                                  06/27/2025  13:29:04  PAGE 52


  D:0080H         PUBLIC        P0
  D:0090H         PUBLIC        P1
  D:00A0H         PUBLIC        P2
  D:00B0H         PUBLIC        P3
  B:00A8H.7       PUBLIC        EA
  D:00D8H         PUBLIC        PWMCON0
  D:00A8H         PUBLIC        IE
  D:00C7H         PUBLIC        TA
  C:2FC7H         PUBLIC        _erase_aprom_page
  D:00B8H         PUBLIC        IP
  C:33A4H         PUBLIC        _read_aprom_page
  C:0076H         PUBLIC        test_iaprom
  C:2568H         PUBLIC        _write_aprom_page
  D:0098H         PUBLIC        SCON
  D:0088H         PUBLIC        TCON
  D:009FH         PUBLIC        CHPCON
  D:00A5H         PUBLIC        IAPUEN
  D:00F8H         PUBLIC        SCON_1
  D:00A4H         PUBLIC        IAPTRG
  D:00E8H         PUBLIC        ADCCON0
  D:00C0H         PUBLIC        I2CON
  D:00A7H         PUBLIC        IAPAH
  D:00AEH         PUBLIC        IAPFD
  D:00C8H         PUBLIC        T2CON
  D:00A6H         PUBLIC        IAPAL
  D:00AFH         PUBLIC        IAPCN
  D:00D0H         PUBLIC        PSW
  -------         PROC          _ERASE_APROM_PAGE
  D:0007H         SYMBOL        page
  -------         DO            
  D:0006H         SYMBOL        u16_addr
  -------         ENDDO         
  C:2FC7H         LINE#         12
  C:2FC7H         LINE#         13
  C:2FC7H         LINE#         14
  C:2FDEH         LINE#         15
  C:2FE1H         LINE#         16
  C:2FE4H         LINE#         17
  C:2FE7H         LINE#         18
  C:2FFAH         LINE#         19
  C:300DH         LINE#         20
  C:3010H         LINE#         21
  C:3023H         LINE#         22
  -------         ENDPROC       _ERASE_APROM_PAGE
  -------         PROC          _WRITE_APROM_PAGE
  D:0007H         SYMBOL        page
  X:0191H         SYMBOL        buf
  X:0194H         SYMBOL        len
  -------         DO            
  D:0005H         SYMBOL        i
  X:0195H         SYMBOL        u16_addr
  -------         ENDDO         
  C:2568H         LINE#         25
  C:2573H         LINE#         26
  C:2573H         LINE#         29
  C:2590H         LINE#         30
  C:25A3H         LINE#         31
BL51 BANKED LINKER/LOCATER V6.22.4.0                                                  06/27/2025  13:29:04  PAGE 53


  C:25B6H         LINE#         36
  C:25B9H         LINE#         37
  C:25C5H         LINE#         38
  C:25C5H         LINE#         39
  C:25CDH         LINE#         40
  C:25D0H         LINE#         41
  C:25E5H         LINE#         42
  C:25F8H         LINE#         43
  C:25FBH         LINE#         47
  C:260EH         LINE#         48
  C:2621H         LINE#         52
  -------         ENDPROC       _WRITE_APROM_PAGE
  -------         PROC          _READ_APROM_PAGE
  D:0007H         SYMBOL        page
  X:01B2H         SYMBOL        buf
  X:01B5H         SYMBOL        len
  -------         DO            
  D:0005H         SYMBOL        i
  D:0006H         SYMBOL        ptr
  -------         ENDDO         
  C:33A4H         LINE#         56
  C:33AFH         LINE#         57
  C:33AFH         LINE#         59
  C:33C6H         LINE#         60
  C:33D2H         LINE#         61
  C:33D2H         LINE#         62
  C:33F1H         LINE#         63
  C:33F4H         LINE#         64
  -------         ENDPROC       _READ_APROM_PAGE
  -------         PROC          TEST_IAPROM
  C:0076H         LINE#         72
  C:0076H         LINE#         73
  C:0076H         LINE#         110
  C:0078H         LINE#         113
  -------         ENDPROC       TEST_IAPROM
  -------         ENDMOD        IAP_EEPROM

  -------         MODULE        DELAY
  C:0000H         SYMBOL        _ICE_DUMMY_
  D:0080H         PUBLIC        P0
  D:0090H         PUBLIC        P1
  D:00A0H         PUBLIC        P2
  C:31EBH         PUBLIC        _Timer0_Delay100us
  D:00B0H         PUBLIC        P3
  D:00D8H         PUBLIC        PWMCON0
  C:3080H         PUBLIC        _Timer2_Delay500us
  D:00A8H         PUBLIC        IE
  D:00B8H         PUBLIC        IP
  C:3244H         PUBLIC        _Timer0_Delay1ms
  B:0020H.7       PUBLIC        BIT_TMP
  D:0098H         PUBLIC        SCON
  D:0089H         PUBLIC        TMOD
  D:0088H         PUBLIC        TCON
  D:00F8H         PUBLIC        SCON_1
  B:0088H.5       PUBLIC        TF0
  C:329DH         PUBLIC        _Timer1_Delay10ms
  B:0088H.7       PUBLIC        TF1
BL51 BANKED LINKER/LOCATER V6.22.4.0                                                  06/27/2025  13:29:04  PAGE 54


  B:00C8H.7       PUBLIC        TF2
  D:008CH         PUBLIC        TH0
  D:00C6H         PUBLIC        RH3
  D:008DH         PUBLIC        TH1
  D:00CDH         PUBLIC        TH2
  D:008AH         PUBLIC        TL0
  D:00C5H         PUBLIC        RL3
  D:008BH         PUBLIC        TL1
  D:00CCH         PUBLIC        TL2
  C:3137H         PUBLIC        _Timer3_Delay10us
  B:0088H.4       PUBLIC        TR0
  B:0088H.6       PUBLIC        TR1
  B:00C8H.2       PUBLIC        TR2
  D:00E8H         PUBLIC        ADCCON0
  D:00C0H         PUBLIC        I2CON
  D:00C9H         PUBLIC        T2MOD
  D:00C8H         PUBLIC        T2CON
  D:00C4H         PUBLIC        T3CON
  D:008EH         PUBLIC        CKCON
  D:00D0H         PUBLIC        PSW
  C:30DCH         PUBLIC        _Timer3_Delay100ms
  -------         PROC          _TIMER0_DELAY100US
  X:01BEH         SYMBOL        u32CNT
  C:31EBH         LINE#         22
  C:31F1H         LINE#         23
  C:31F1H         LINE#         24
  C:31F4H         LINE#         25
  C:31F7H         LINE#         26
  C:31F9H         LINE#         27
  C:3212H         LINE#         28
  C:3212H         LINE#         29
  C:3215H         LINE#         30
  C:3218H         LINE#         31
  C:321BH         LINE#         32
  C:321DH         LINE#         33
  C:323FH         LINE#         34
  C:3241H         LINE#         35
  C:3243H         LINE#         36
  -------         ENDPROC       _TIMER0_DELAY100US
  -------         PROC          _TIMER0_DELAY1MS
  X:01C2H         SYMBOL        u32CNT
  C:3244H         LINE#         38
  C:324AH         LINE#         39
  C:324AH         LINE#         40
  C:324DH         LINE#         41
  C:3250H         LINE#         42
  C:3252H         LINE#         43
  C:326BH         LINE#         44
  C:326BH         LINE#         45
  C:326EH         LINE#         46
  C:3271H         LINE#         47
  C:3274H         LINE#         48
  C:3276H         LINE#         49
  C:3298H         LINE#         50
  C:329AH         LINE#         51
  C:329CH         LINE#         52
  -------         ENDPROC       _TIMER0_DELAY1MS
BL51 BANKED LINKER/LOCATER V6.22.4.0                                                  06/27/2025  13:29:04  PAGE 55


  -------         PROC          _TIMER1_DELAY10MS
  X:01C6H         SYMBOL        u32CNT
  C:329DH         LINE#         55
  C:32A3H         LINE#         56
  C:32A3H         LINE#         57
  C:32A6H         LINE#         58
  C:32A9H         LINE#         59
  C:32ABH         LINE#         60
  C:32C4H         LINE#         61
  C:32C4H         LINE#         62
  C:32C7H         LINE#         63
  C:32CAH         LINE#         64
  C:32CDH         LINE#         65
  C:32CFH         LINE#         66
  C:32F1H         LINE#         67
  C:32F3H         LINE#         68
  C:32F5H         LINE#         69
  -------         ENDPROC       _TIMER1_DELAY10MS
  -------         PROC          _TIMER2_DELAY500US
  X:01CAH         SYMBOL        u32CNT
  C:3080H         LINE#         71
  C:3086H         LINE#         72
  C:3086H         LINE#         73
  C:3089H         LINE#         74
  C:308CH         LINE#         75
  C:308FH         LINE#         76
  C:3091H         LINE#         77
  C:30AAH         LINE#         78
  C:30AAH         LINE#         79
  C:30ADH         LINE#         80
  C:30B0H         LINE#         81
  C:30B3H         LINE#         82
  C:30B5H         LINE#         83
  C:30D7H         LINE#         84
  C:30D9H         LINE#         85
  C:30DBH         LINE#         86
  -------         ENDPROC       _TIMER2_DELAY500US
  -------         PROC          _TIMER3_DELAY100MS
  X:01CEH         SYMBOL        u32CNT
  C:30DCH         LINE#         88
  C:30E2H         LINE#         89
  C:30E2H         LINE#         90
  C:30E5H         LINE#         91
  C:30E8H         LINE#         92
  C:3101H         LINE#         93
  C:3101H         LINE#         94
  C:3104H         LINE#         95
  C:3107H         LINE#         96
  C:310CH         LINE#         97
  C:310FH         LINE#         98
  C:3131H         LINE#         99
  C:3133H         LINE#         100
  C:3136H         LINE#         101
  -------         ENDPROC       _TIMER3_DELAY100MS
  -------         PROC          _TIMER3_DELAY10US
  X:01D2H         SYMBOL        u32CNT
  C:3137H         LINE#         103
BL51 BANKED LINKER/LOCATER V6.22.4.0                                                  06/27/2025  13:29:04  PAGE 56


  C:313DH         LINE#         104
  C:313DH         LINE#         105
  C:3140H         LINE#         106
  C:3143H         LINE#         107
  C:315CH         LINE#         108
  C:315CH         LINE#         109
  C:315FH         LINE#         110
  C:3162H         LINE#         111
  C:3167H         LINE#         112
  C:316AH         LINE#         113
  C:318CH         LINE#         114
  C:318EH         LINE#         115
  C:3191H         LINE#         116
  -------         ENDPROC       _TIMER3_DELAY10US
  -------         ENDMOD        DELAY

  -------         MODULE        COMMON
  C:0000H         SYMBOL        _ICE_DUMMY_
  D:00B1H         PUBLIC        P0M1
  D:00B3H         PUBLIC        P1M1
  D:00B2H         PUBLIC        P0M2
  D:0080H         PUBLIC        P0
  D:00B4H         PUBLIC        P1M2
  D:0090H         PUBLIC        P1
  D:00A0H         PUBLIC        P2
  D:00B0H         PUBLIC        P3
  B:00A8H.7       PUBLIC        EA
  D:00D8H         PUBLIC        PWMCON0
  D:00A8H         PUBLIC        IE
  C:3620H         PUBLIC        SW_Reset
  D:00C7H         PUBLIC        TA
  D:00B8H         PUBLIC        IP
  B:0098H.1       PUBLIC        TI
  D:0087H         PUBLIC        PCON
  D:0098H         PUBLIC        SCON
  D:0089H         PUBLIC        TMOD
  D:0088H         PUBLIC        TCON
  D:009FH         PUBLIC        CHPCON
  D:00F8H         PUBLIC        SCON_1
  D:00C6H         PUBLIC        RH3
  D:008DH         PUBLIC        TH1
  D:00C5H         PUBLIC        RL3
  C:34B1H         PUBLIC        _InitialUART0_Timer1
  C:2BC7H         PUBLIC        _InitialUART0_Timer3
  C:2D38H         PUBLIC        _InitialUART1_Timer3
  B:0088H.6       PUBLIC        TR1
  D:00E8H         PUBLIC        ADCCON0
  D:00C0H         PUBLIC        I2CON
  D:00C8H         PUBLIC        T2CON
  D:00C4H         PUBLIC        T3CON
  D:008EH         PUBLIC        CKCON
  D:00D0H         PUBLIC        PSW
  -------         PROC          _INITIALUART0_TIMER1
  D:0004H         SYMBOL        u32Baudrate
  C:34B1H         LINE#         26
  C:34B1H         LINE#         27
  C:34B1H         LINE#         28
BL51 BANKED LINKER/LOCATER V6.22.4.0                                                  06/27/2025  13:29:04  PAGE 57


  C:34B7H         LINE#         29
  C:34BDH         LINE#         31
  C:34C0H         LINE#         32
  C:34C3H         LINE#         34
  C:34C6H         LINE#         35
  C:34C9H         LINE#         36
  C:34CCH         LINE#         42
  C:34E4H         LINE#         44
  C:34E6H         LINE#         45
  C:34E8H         LINE#         46
  -------         ENDPROC       _INITIALUART0_TIMER1
  -------         PROC          _INITIALUART0_TIMER3
  X:01D6H         SYMBOL        u32Baudrate
  C:2BC7H         LINE#         48
  C:2BCDH         LINE#         49
  C:2BCDH         LINE#         50
  C:2BD3H         LINE#         51
  C:2BD9H         LINE#         53
  C:2BDCH         LINE#         54
  C:2BDFH         LINE#         55
  C:2BE2H         LINE#         56
  C:2BE5H         LINE#         63
  C:2C13H         LINE#         64
  C:2C3EH         LINE#         66
  C:2C41H         LINE#         67
  C:2C43H         LINE#         68
  -------         ENDPROC       _INITIALUART0_TIMER3
  -------         PROC          _INITIALUART1_TIMER3
  X:0108H         SYMBOL        u32Baudrate
  C:2D38H         LINE#         74
  C:2D3EH         LINE#         75
  C:2D3EH         LINE#         76
  C:2D44H         LINE#         77
  C:2D4AH         LINE#         79
  C:2D4DH         LINE#         80
  C:2D50H         LINE#         81
  C:2D53H         LINE#         88
  C:2D81H         LINE#         89
  C:2DACH         LINE#         91
  C:2DAFH         LINE#         92
  -------         ENDPROC       _INITIALUART1_TIMER3
  -------         PROC          SW_RESET
  C:3620H         LINE#         97
  C:3620H         LINE#         98
  C:3620H         LINE#         99
  C:3623H         LINE#         100
  C:3626H         LINE#         101
  C:3639H         LINE#         102
  -------         ENDPROC       SW_RESET
  -------         ENDMOD        COMMON

  -------         MODULE        ?C?FPADD
  C:0085H         PUBLIC        ?C?FPADD
  C:0081H         PUBLIC        ?C?FPSUB
  -------         ENDMOD        ?C?FPADD

  -------         MODULE        ?C?FPMUL
BL51 BANKED LINKER/LOCATER V6.22.4.0                                                  06/27/2025  13:29:04  PAGE 58


  C:0176H         PUBLIC        ?C?FPMUL
  -------         ENDMOD        ?C?FPMUL

  -------         MODULE        ?C?FPDIV
  C:027FH         PUBLIC        ?C?FPDIV
  -------         ENDMOD        ?C?FPDIV

  -------         MODULE        ?C?FPCMP
  C:031EH         PUBLIC        ?C?FPCMP
  C:031CH         PUBLIC        ?C?FPCMP3
  -------         ENDMOD        ?C?FPCMP

  -------         MODULE        ?C?FCAST
  C:039FH         PUBLIC        ?C?FCASTC
  C:039AH         PUBLIC        ?C?FCASTI
  C:0395H         PUBLIC        ?C?FCASTL
  -------         ENDMOD        ?C?FCAST

  -------         MODULE        ?C?CASTF
  C:03D3H         PUBLIC        ?C?CASTF
  -------         ENDMOD        ?C?CASTF

  -------         MODULE        ?C?COPY
  C:0524H         PUBLIC        ?C?COPY
  -------         ENDMOD        ?C?COPY

  -------         MODULE        ?C?CLDPTR
  C:054AH         PUBLIC        ?C?CLDPTR
  -------         ENDMOD        ?C?CLDPTR

  -------         MODULE        ?C?CLDOPTR
  C:0563H         PUBLIC        ?C?CLDOPTR
  -------         ENDMOD        ?C?CLDOPTR

  -------         MODULE        ?C?CSTPTR
  C:0590H         PUBLIC        ?C?CSTPTR
  -------         ENDMOD        ?C?CSTPTR

  -------         MODULE        ?C?CSTOPTR
  C:05A2H         PUBLIC        ?C?CSTOPTR
  -------         ENDMOD        ?C?CSTOPTR

  -------         MODULE        ?C?UIDIV
  C:05C4H         PUBLIC        ?C?UIDIV
  -------         ENDMOD        ?C?UIDIV

  -------         MODULE        ?C?IILDX
  C:0619H         PUBLIC        ?C?IILDX
  -------         ENDMOD        ?C?IILDX

  -------         MODULE        ?C?ULDIV
  C:066BH         PUBLIC        ?C?ULDIV
  -------         ENDMOD        ?C?ULDIV

  -------         MODULE        ?C?LNEG
  C:06FDH         PUBLIC        ?C?LNEG
  -------         ENDMOD        ?C?LNEG
BL51 BANKED LINKER/LOCATER V6.22.4.0                                                  06/27/2025  13:29:04  PAGE 59



  -------         MODULE        ?C?ULCMP
  C:070BH         PUBLIC        ?C?ULCMP
  -------         ENDMOD        ?C?ULCMP

  -------         MODULE        ?C?ULSHR
  C:071CH         PUBLIC        ?C?ULSHR
  -------         ENDMOD        ?C?ULSHR

  -------         MODULE        ?C?LLDOPTR
  C:072FH         PUBLIC        ?C?LLDOPTR
  -------         ENDMOD        ?C?LLDOPTR

  -------         MODULE        ?C?LSTOPTR
  C:075FH         PUBLIC        ?C?LSTOPTR
  -------         ENDMOD        ?C?LSTOPTR

  -------         MODULE        ?C?LLDOPTR0
  C:0783H         PUBLIC        ?C?LLDOPTR0
  -------         ENDMOD        ?C?LLDOPTR0

  -------         MODULE        ?C?LSTXDATA
  C:07B3H         PUBLIC        ?C?LSTXDATA
  -------         ENDMOD        ?C?LSTXDATA

  -------         MODULE        ?C?LSTKXDATA
  C:07BFH         PUBLIC        ?C?LSTKXDATA
  -------         ENDMOD        ?C?LSTKXDATA

  -------         MODULE        ?C?LSTKOPTR
  C:07F0H         PUBLIC        ?C?LSTKOPTR
  -------         ENDMOD        ?C?LSTKOPTR

  -------         MODULE        ?C?PLDPTR
  C:0814H         PUBLIC        ?C?PLDPTR
  -------         ENDMOD        ?C?PLDPTR

  -------         MODULE        ?C?PSTPTR
  C:0834H         PUBLIC        ?C?PSTPTR
  -------         ENDMOD        ?C?PSTPTR

  -------         MODULE        ?C?LLDIDATA
  C:0883H         PUBLIC        ?C?LLDIDATA
  -------         ENDMOD        ?C?LLDIDATA

  -------         MODULE        ?C?LLDXDATA
  C:088FH         PUBLIC        ?C?LLDXDATA
  -------         ENDMOD        ?C?LLDXDATA

  -------         MODULE        ?C?LLDPDATA
  C:089BH         PUBLIC        ?C?LLDPDATA
  -------         ENDMOD        ?C?LLDPDATA

  -------         MODULE        ?C?LLDCODE
  C:08A7H         PUBLIC        ?C?LLDCODE
  -------         ENDMOD        ?C?LLDCODE

BL51 BANKED LINKER/LOCATER V6.22.4.0                                                  06/27/2025  13:29:04  PAGE 60


  -------         MODULE        ?C?LLDIDATA0
  C:08B7H         PUBLIC        ?C?LLDIDATA0
  -------         ENDMOD        ?C?LLDIDATA0

  -------         MODULE        ?C?LLDXDATA0
  C:08C4H         PUBLIC        ?C?LLDXDATA0
  -------         ENDMOD        ?C?LLDXDATA0

  -------         MODULE        ?C?LLDPDATA0
  C:08D0H         PUBLIC        ?C?LLDPDATA0
  -------         ENDMOD        ?C?LLDPDATA0

  -------         MODULE        ?C?LLDCODE0
  C:08DDH         PUBLIC        ?C?LLDCODE0
  -------         ENDMOD        ?C?LLDCODE0

  -------         MODULE        ?C?LSTIDATA
  C:08EDH         PUBLIC        ?C?LSTIDATA
  -------         ENDMOD        ?C?LSTIDATA

  -------         MODULE        ?C?LSTPDATA
  C:08F9H         PUBLIC        ?C?LSTPDATA
  -------         ENDMOD        ?C?LSTPDATA

  -------         MODULE        ?C?LSTKIDATA
  C:0905H         PUBLIC        ?C?LSTKIDATA
  -------         ENDMOD        ?C?LSTKIDATA

  -------         MODULE        ?C?LSTKPDATA
  C:091EH         PUBLIC        ?C?LSTKPDATA
  -------         ENDMOD        ?C?LSTKPDATA

  -------         MODULE        ?C?PLDIDATA
  C:0937H         PUBLIC        ?C?PLDIDATA
  -------         ENDMOD        ?C?PLDIDATA

  -------         MODULE        ?C?PSTIDATA
  C:0940H         PUBLIC        ?C?PSTIDATA
  -------         ENDMOD        ?C?PSTIDATA

  -------         MODULE        ?C?PLDXDATA
  C:0949H         PUBLIC        ?C?PLDXDATA
  -------         ENDMOD        ?C?PLDXDATA

  -------         MODULE        ?C?PSTXDATA
  C:0952H         PUBLIC        ?C?PSTXDATA
  -------         ENDMOD        ?C?PSTXDATA

  -------         MODULE        ?C?PLDPDATA
  C:095BH         PUBLIC        ?C?PLDPDATA
  -------         ENDMOD        ?C?PLDPDATA

  -------         MODULE        ?C?PSTPDATA
  C:0964H         PUBLIC        ?C?PSTPDATA
  -------         ENDMOD        ?C?PSTPDATA

  -------         MODULE        ?C?PLDCODE
BL51 BANKED LINKER/LOCATER V6.22.4.0                                                  06/27/2025  13:29:04  PAGE 61


  C:096DH         PUBLIC        ?C?PLDCODE
  -------         ENDMOD        ?C?PLDCODE

Program Size: data=12.0 xdata=485 code=14169
LINK/LOCATE RUN COMPLETE.  0 WARNING(S),  0 ERROR(S)
