Component: ARM Compiler 5.06 update 7 (build 960) Tool: armlink [4d3601]

==============================================================================

Image Symbol Table

    Local Symbols

    Symbol Name                              Value     Ov Type        Size  Object(Section)

    RESET                                    0x00000000   Section      192  startup_hc32f005.o(RESET)
    ../clib/microlib/division.c              0x00000000   Number         0  idiv.o ABSOLUTE
    ../clib/microlib/division.c              0x00000000   Number         0  uidiv.o ABSOLUTE
    ../clib/microlib/init/entry.s            0x00000000   Number         0  entry12b.o ABSOLUTE
    ../clib/microlib/init/entry.s            0x00000000   Number         0  entry2.o ABSOLUTE
    ../clib/microlib/init/entry.s            0x00000000   Number         0  entry9b.o ABSOLUTE
    ../clib/microlib/init/entry.s            0x00000000   Number         0  entry11b.o ABSOLUTE
    ../clib/microlib/init/entry.s            0x00000000   Number         0  entry.o ABSOLUTE
    ../clib/microlib/init/entry.s            0x00000000   Number         0  entry11a.o ABSOLUTE
    ../clib/microlib/init/entry.s            0x00000000   Number         0  entry10b.o ABSOLUTE
    ../clib/microlib/init/entry.s            0x00000000   Number         0  entry10a.o ABSOLUTE
    ../clib/microlib/init/entry.s            0x00000000   Number         0  entry9a.o ABSOLUTE
    ../clib/microlib/init/entry.s            0x00000000   Number         0  entry12a.o ABSOLUTE
    ../clib/microlib/init/entry.s            0x00000000   Number         0  entry7b.o ABSOLUTE
    ../clib/microlib/init/entry.s            0x00000000   Number         0  entry8b.o ABSOLUTE
    ../clib/microlib/init/entry.s            0x00000000   Number         0  entry8a.o ABSOLUTE
    ../clib/microlib/init/entry.s            0x00000000   Number         0  entry7a.o ABSOLUTE
    ../clib/microlib/init/entry.s            0x00000000   Number         0  entry5.o ABSOLUTE
    ../clib/microlib/longlong.c              0x00000000   Number         0  llsshr.o ABSOLUTE
    ../clib/microlib/longlong.c              0x00000000   Number         0  llushr.o ABSOLUTE
    ../clib/microlib/longlong.c              0x00000000   Number         0  llshl.o ABSOLUTE
    ../clib/microlib/string/memcpy.c         0x00000000   Number         0  memcpyb.o ABSOLUTE
    ../clib/microlib/string/memcpy.c         0x00000000   Number         0  memcpya.o ABSOLUTE
    ../clib/microlib/string/memset.c         0x00000000   Number         0  memseta.o ABSOLUTE
    ../clib/microlib/string/strlen.c         0x00000000   Number         0  strlen.o ABSOLUTE
    ../clib/microlib/stubs.s                 0x00000000   Number         0  useno.o ABSOLUTE
    ../clib/microlib/stubs.s                 0x00000000   Number         0  iusefp.o ABSOLUTE
    ../fplib/microlib/d2f.c                  0x00000000   Number         0  d2f.o ABSOLUTE
    ../fplib/microlib/f2d.c                  0x00000000   Number         0  f2d.o ABSOLUTE
    ../fplib/microlib/fpadd.c                0x00000000   Number         0  dadd.o ABSOLUTE
    ../fplib/microlib/fpadd.c                0x00000000   Number         0  fadd.o ABSOLUTE
    ../fplib/microlib/fpdiv.c                0x00000000   Number         0  fdiv.o ABSOLUTE
    ../fplib/microlib/fpdiv.c                0x00000000   Number         0  ddiv.o ABSOLUTE
    ../fplib/microlib/fpepilogue.c           0x00000000   Number         0  depilogue.o ABSOLUTE
    ../fplib/microlib/fpepilogue.c           0x00000000   Number         0  fepilogue.o ABSOLUTE
    ../fplib/microlib/fpfix.c                0x00000000   Number         0  ffixi.o ABSOLUTE
    ../fplib/microlib/fpfix.c                0x00000000   Number         0  ffixui.o ABSOLUTE
    ../fplib/microlib/fpfix.c                0x00000000   Number         0  dfixui.o ABSOLUTE
    ../fplib/microlib/fpflt.c                0x00000000   Number         0  dfltui.o ABSOLUTE
    ../fplib/microlib/fpflt.c                0x00000000   Number         0  fflti.o ABSOLUTE
    ../fplib/microlib/fpflt.c                0x00000000   Number         0  dflti.o ABSOLUTE
    ../fplib/microlib/fpflt.c                0x00000000   Number         0  ffltui.o ABSOLUTE
    ../fplib/microlib/fpmul.c                0x00000000   Number         0  dmul.o ABSOLUTE
    ../fplib/microlib/fpmul.c                0x00000000   Number         0  fmul.o ABSOLUTE
    ..\..\..\..\driver\src\adc.c             0x00000000   Number         0  adc.o ABSOLUTE
    ..\..\..\..\driver\src\adt.c             0x00000000   Number         0  adt.o ABSOLUTE
    ..\..\..\..\driver\src\bgr.c             0x00000000   Number         0  bgr.o ABSOLUTE
    ..\..\..\..\driver\src\bt.c              0x00000000   Number         0  bt.o ABSOLUTE
    ..\..\..\..\driver\src\ddl.c             0x00000000   Number         0  ddl.o ABSOLUTE
    ..\..\..\..\driver\src\flash.c           0x00000000   Number         0  flash.o ABSOLUTE
    ..\..\..\..\driver\src\gpio.c            0x00000000   Number         0  gpio.o ABSOLUTE
    ..\..\..\..\driver\src\lpm.c             0x00000000   Number         0  lpm.o ABSOLUTE
    ..\..\..\..\driver\src\sysctrl.c         0x00000000   Number         0  sysctrl.o ABSOLUTE
    ..\..\..\..\driver\src\uart.c            0x00000000   Number         0  uart.o ABSOLUTE
    ..\..\..\..\mcu\common\interrupts_hc32f005.c 0x00000000   Number         0  interrupts_hc32f005.o ABSOLUTE
    ..\..\..\..\mcu\common\system_hc32f005.c 0x00000000   Number         0  system_hc32f005.o ABSOLUTE
    ..\\..\\..\\..\\driver\\src\\adc.c       0x00000000   Number         0  adc.o ABSOLUTE
    ..\\..\\..\\..\\driver\\src\\adt.c       0x00000000   Number         0  adt.o ABSOLUTE
    ..\\..\\..\\..\\driver\\src\\bgr.c       0x00000000   Number         0  bgr.o ABSOLUTE
    ..\\..\\..\\..\\driver\\src\\bt.c        0x00000000   Number         0  bt.o ABSOLUTE
    ..\\..\\..\\..\\driver\\src\\ddl.c       0x00000000   Number         0  ddl.o ABSOLUTE
    ..\\..\\..\\..\\driver\\src\\flash.c     0x00000000   Number         0  flash.o ABSOLUTE
    ..\\..\\..\\..\\driver\\src\\gpio.c      0x00000000   Number         0  gpio.o ABSOLUTE
    ..\\..\\..\\..\\driver\\src\\lpm.c       0x00000000   Number         0  lpm.o ABSOLUTE
    ..\\..\\..\\..\\driver\\src\\sysctrl.c   0x00000000   Number         0  sysctrl.o ABSOLUTE
    ..\\..\\..\\..\\driver\\src\\uart.c      0x00000000   Number         0  uart.o ABSOLUTE
    ..\\..\\..\\..\\mcu\\common\\interrupts_hc32f005.c 0x00000000   Number         0  interrupts_hc32f005.o ABSOLUTE
    ..\\..\\..\\..\\mcu\\common\\system_hc32f005.c 0x00000000   Number         0  system_hc32f005.o ABSOLUTE
    ..\\source\\main.c                       0x00000000   Number         0  main.o ABSOLUTE
    ..\\source\\motor.c                      0x00000000   Number         0  motor.o ABSOLUTE
    ..\\source\\motor_speed_pid.c            0x00000000   Number         0  motor_speed_pid.o ABSOLUTE
    ..\\source\\pid.c                        0x00000000   Number         0  pid.o ABSOLUTE
    ..\\source\\point_fun.c                  0x00000000   Number         0  point_fun.o ABSOLUTE
    ..\\source\\queue.c                      0x00000000   Number         0  queue.o ABSOLUTE
    ..\\source\\ringfifo.c                   0x00000000   Number         0  ringfifo.o ABSOLUTE
    ..\\source\\uart_frame.c                 0x00000000   Number         0  uart_frame.o ABSOLUTE
    ..\\source\\user_adc.c                   0x00000000   Number         0  user_adc.o ABSOLUTE
    ..\\source\\user_gpio.c                  0x00000000   Number         0  user_gpio.o ABSOLUTE
    ..\\source\\user_timer.c                 0x00000000   Number         0  user_timer.o ABSOLUTE
    ..\\source\\user_usart.c                 0x00000000   Number         0  user_usart.o ABSOLUTE
    ..\source\main.c                         0x00000000   Number         0  main.o ABSOLUTE
    ..\source\motor.c                        0x00000000   Number         0  motor.o ABSOLUTE
    ..\source\motor_speed_pid.c              0x00000000   Number         0  motor_speed_pid.o ABSOLUTE
    ..\source\pid.c                          0x00000000   Number         0  pid.o ABSOLUTE
    ..\source\point_fun.c                    0x00000000   Number         0  point_fun.o ABSOLUTE
    ..\source\queue.c                        0x00000000   Number         0  queue.o ABSOLUTE
    ..\source\ringfifo.c                     0x00000000   Number         0  ringfifo.o ABSOLUTE
    ..\source\uart_frame.c                   0x00000000   Number         0  uart_frame.o ABSOLUTE
    ..\source\user_adc.c                     0x00000000   Number         0  user_adc.o ABSOLUTE
    ..\source\user_gpio.c                    0x00000000   Number         0  user_gpio.o ABSOLUTE
    ..\source\user_timer.c                   0x00000000   Number         0  user_timer.o ABSOLUTE
    ..\source\user_usart.c                   0x00000000   Number         0  user_usart.o ABSOLUTE
    cdrcmple.s                               0x00000000   Number         0  cdrcmple.o ABSOLUTE
    cfcmple.s                                0x00000000   Number         0  cfcmple.o ABSOLUTE
    cfrcmple.s                               0x00000000   Number         0  cfrcmple.o ABSOLUTE
    dc.s                                     0x00000000   Number         0  dc.o ABSOLUTE
    handlers.s                               0x00000000   Number         0  handlers.o ABSOLUTE
    init.s                                   0x00000000   Number         0  init.o ABSOLUTE
    startup_hc32f005.s                       0x00000000   Number         0  startup_hc32f005.o ABSOLUTE
    .ARM.Collect$$$$00000000                 0x000000c0   Section        0  entry.o(.ARM.Collect$$$$00000000)
    .ARM.Collect$$$$00000001                 0x000000c0   Section        4  entry2.o(.ARM.Collect$$$$00000001)
    .ARM.Collect$$$$00000004                 0x000000c4   Section        4  entry5.o(.ARM.Collect$$$$00000004)
    .ARM.Collect$$$$00000008                 0x000000c8   Section        0  entry7b.o(.ARM.Collect$$$$00000008)
    .ARM.Collect$$$$0000000A                 0x000000c8   Section        0  entry8b.o(.ARM.Collect$$$$0000000A)
    .ARM.Collect$$$$0000000B                 0x000000c8   Section        8  entry9a.o(.ARM.Collect$$$$0000000B)
    .ARM.Collect$$$$0000000E                 0x000000d0   Section        4  entry12b.o(.ARM.Collect$$$$0000000E)
    .ARM.Collect$$$$0000000F                 0x000000d4   Section        0  entry10a.o(.ARM.Collect$$$$0000000F)
    .ARM.Collect$$$$00000011                 0x000000d4   Section        0  entry11a.o(.ARM.Collect$$$$00000011)
    .ARM.Collect$$$$00002712                 0x000000d4   Section        4  entry2.o(.ARM.Collect$$$$00002712)
    __lit__00000000                          0x000000d4   Data           4  entry2.o(.ARM.Collect$$$$00002712)
    .text                                    0x000000d8   Section       60  startup_hc32f005.o(.text)
    .text                                    0x00000114   Section        0  uidiv.o(.text)
    .text                                    0x00000140   Section        0  idiv.o(.text)
    .text                                    0x00000168   Section        0  memcpya.o(.text)
    .text                                    0x0000018c   Section        0  fadd.o(.text)
    .text                                    0x0000023e   Section        0  fmul.o(.text)
    .text                                    0x000002b8   Section        0  fdiv.o(.text)
    .text                                    0x00000334   Section        0  dadd.o(.text)
    .text                                    0x0000049c   Section        0  dmul.o(.text)
    .text                                    0x0000056c   Section        0  ddiv.o(.text)
    .text                                    0x0000065c   Section        0  fflti.o(.text)
    .text                                    0x00000672   Section        0  ffltui.o(.text)
    .text                                    0x00000680   Section        0  dflti.o(.text)
    .text                                    0x000006a8   Section        0  dfltui.o(.text)
    .text                                    0x000006c4   Section        0  ffixi.o(.text)
    .text                                    0x000006f6   Section        0  ffixui.o(.text)
    .text                                    0x00000720   Section        0  dfixui.o(.text)
    .text                                    0x0000075c   Section        0  f2d.o(.text)
    .text                                    0x00000784   Section       40  cdrcmple.o(.text)
    .text                                    0x000007ac   Section        0  d2f.o(.text)
    .text                                    0x000007e4   Section       20  cfcmple.o(.text)
    .text                                    0x000007f8   Section       20  cfrcmple.o(.text)
    .text                                    0x0000080c   Section        0  llshl.o(.text)
    .text                                    0x0000082c   Section        0  llushr.o(.text)
    .text                                    0x0000084e   Section        0  llsshr.o(.text)
    .text                                    0x00000874   Section        0  iusefp.o(.text)
    .text                                    0x00000874   Section        0  fepilogue.o(.text)
    .text                                    0x000008f6   Section        0  depilogue.o(.text)
    .text                                    0x000009b4   Section       36  init.o(.text)
    i.ADC_IRQHandler                         0x000009d8   Section        0  interrupts_hc32f005.o(i.ADC_IRQHandler)
    i.ADC_Value_Handle                       0x000009e0   Section        0  user_adc.o(i.ADC_Value_Handle)
    i.Adc_ClrContIrqState                    0x00000a5c   Section        0  adc.o(i.Adc_ClrContIrqState)
    i.Adc_CmpCfg                             0x00000a6c   Section        0  adc.o(i.Adc_CmpCfg)
    i.Adc_ConfigScanMode                     0x00000ae4   Section        0  adc.o(i.Adc_ConfigScanMode)
    i.Adc_Enable                             0x00000b30   Section        0  adc.o(i.Adc_Enable)
    i.Adc_EnableIrq                          0x00000b44   Section        0  adc.o(i.Adc_EnableIrq)
    i.Adc_GetScanResult                      0x00000b5c   Section        0  adc.o(i.Adc_GetScanResult)
    i.Adc_IRQHandler                         0x00000bf0   Section        0  user_adc.o(i.Adc_IRQHandler)
    i.Adc_Init                               0x00000c6c   Section        0  adc.o(i.Adc_Init)
    i.Adc_Start                              0x00000d64   Section        0  adc.o(i.Adc_Start)
    i.Adt_CHxXPortCfg                        0x00000d98   Section        0  adt.o(i.Adt_CHxXPortCfg)
    i.Adt_CfgIrq                             0x00000f60   Section        0  adt.o(i.Adt_CfgIrq)
    i.Adt_ClearAllIrqFlag                    0x00000f84   Section        0  adt.o(i.Adt_ClearAllIrqFlag)
    i.Adt_ClearCount                         0x00000f92   Section        0  adt.o(i.Adt_ClearCount)
    i.Adt_ClearIrqFlag                       0x00000fa0   Section        0  adt.o(i.Adt_ClearIrqFlag)
    i.Adt_EnableValueBuf                     0x00000fb2   Section        0  adt.o(i.Adt_EnableValueBuf)
    i.Adt_GetIrqFlag                         0x00000fe8   Section        0  adt.o(i.Adt_GetIrqFlag)
    i.Adt_Init                               0x00000ffc   Section        0  adt.o(i.Adt_Init)
    i.Adt_SetCompareValue                    0x00001050   Section        0  adt.o(i.Adt_SetCompareValue)
    i.Adt_SetPeriod                          0x0000107a   Section        0  adt.o(i.Adt_SetPeriod)
    i.Adt_StartCount                         0x00001082   Section        0  adt.o(i.Adt_StartCount)
    i.Adt_StopCount                          0x00001092   Section        0  adt.o(i.Adt_StopCount)
    i.App_AdcInitch12                        0x000010a0   Section        0  user_adc.o(i.App_AdcInitch12)
    i.App_AdvTimerInit                       0x00001124   Section        0  user_timer.o(i.App_AdvTimerInit)
    i.App_AdvTimerPortInit                   0x000011d0   Section        0  user_timer.o(i.App_AdvTimerPortInit)
    i.App_BtTimerTest                        0x000011fc   Section        0  user_timer.o(i.App_BtTimerTest)
    App_BtTimerTest                          0x000011fd   Thumb Code    74  user_timer.o(i.App_BtTimerTest)
    i.App_BtTogTest                          0x00001248   Section        0  user_timer.o(i.App_BtTogTest)
    App_BtTogTest                            0x00001249   Thumb Code    72  user_timer.o(i.App_BtTogTest)
    i.App_ClkInit                            0x00001294   Section        0  sysctrl.o(i.App_ClkInit)
    i.App_GpioInit                           0x000012ba   Section        0  user_timer.o(i.App_GpioInit)
    App_GpioInit                             0x000012bb   Thumb Code    44  user_timer.o(i.App_GpioInit)
    i.App_PortInit                           0x000012e6   Section        0  user_usart.o(i.App_PortInit)
    i.App_UartInit                           0x00001330   Section        0  user_usart.o(i.App_UartInit)
    i.App_UserKeyInit                        0x00001364   Section        0  user_gpio.o(i.App_UserKeyInit)
    App_UserKeyInit                          0x00001365   Thumb Code    38  user_gpio.o(i.App_UserKeyInit)
    i.Bgr_BgrEnable                          0x0000138c   Section        0  bgr.o(i.Bgr_BgrEnable)
    i.Bt_ARRSet                              0x000013a8   Section        0  bt.o(i.Bt_ARRSet)
    i.Bt_ClearIntFlag                        0x00001404   Section        0  bt.o(i.Bt_ClearIntFlag)
    i.Bt_Cnt16Set                            0x00001450   Section        0  bt.o(i.Bt_Cnt16Set)
    i.Bt_EnableIrq                           0x000014ac   Section        0  bt.o(i.Bt_EnableIrq)
    i.Bt_GetIntFlag                          0x00001504   Section        0  bt.o(i.Bt_GetIntFlag)
    i.Bt_Init                                0x00001544   Section        0  bt.o(i.Bt_Init)
    i.Bt_Run                                 0x00001714   Section        0  bt.o(i.Bt_Run)
    i.Bt_Stop                                0x00001768   Section        0  bt.o(i.Bt_Stop)
    i.CLKTRIM_IRQHandler                     0x000017b4   Section        0  interrupts_hc32f005.o(i.CLKTRIM_IRQHandler)
    i.ClampKiv                               0x000017bc   Section        0  uart_frame.o(i.ClampKiv)
    ClampKiv                                 0x000017bd   Thumb Code    14  uart_frame.o(i.ClampKiv)
    i.Create_Queue                           0x000017ca   Section        0  queue.o(i.Create_Queue)
    i.DMAC_IRQHandler                        0x000017d6   Section        0  interrupts_hc32f005.o(i.DMAC_IRQHandler)
    i.Denter_queue                           0x000017de   Section        0  queue.o(i.Denter_queue)
    i.EnableNvic                             0x0000180c   Section        0  interrupts_hc32f005.o(i.EnableNvic)
    i.Enter_queue                            0x0000187c   Section        0  queue.o(i.Enter_queue)
    i.FLASH_RAM_IRQHandler                   0x000018a6   Section        0  interrupts_hc32f005.o(i.FLASH_RAM_IRQHandler)
    i.Flash_WaitCycle                        0x000018b4   Section        0  flash.o(i.Flash_WaitCycle)
    i.GetBit                                 0x000018e8   Section        0  ddl.o(i.GetBit)
    i.Get_Proc_loop                          0x000018f4   Section        0  user_adc.o(i.Get_Proc_loop)
    i.GpioInit                               0x00001950   Section        0  main.o(i.GpioInit)
    GpioInit                                 0x00001951   Thumb Code    58  main.o(i.GpioInit)
    i.Gpio_ClearIrq                          0x0000198c   Section        0  gpio.o(i.Gpio_ClearIrq)
    i.Gpio_EnableIrq                         0x000019a8   Section        0  gpio.o(i.Gpio_EnableIrq)
    i.Gpio_GetIrqStatus                      0x000019cc   Section        0  gpio.o(i.Gpio_GetIrqStatus)
    i.Gpio_Init                              0x000019e4   Section        0  gpio.o(i.Gpio_Init)
    i.Gpio_SetAfMode                         0x00001a64   Section        0  gpio.o(i.Gpio_SetAfMode)
    i.Gpio_SetAnalogMode                     0x00001a78   Section        0  gpio.o(i.Gpio_SetAnalogMode)
    i.Gpio_WriteOutputIO                     0x00001a94   Section        0  gpio.o(i.Gpio_WriteOutputIO)
    i.HardFault_Handler                      0x00001ab0   Section        0  interrupts_hc32f005.o(i.HardFault_Handler)
    i.I2C_IRQHandler                         0x00001ac0   Section        0  interrupts_hc32f005.o(i.I2C_IRQHandler)
    i.Is_Empty_Queue                         0x00001ac8   Section        0  queue.o(i.Is_Empty_Queue)
    Is_Empty_Queue                           0x00001ac9   Thumb Code    18  queue.o(i.Is_Empty_Queue)
    i.Is_Full_Queue                          0x00001ada   Section        0  queue.o(i.Is_Full_Queue)
    i.LVD_IRQHandler                         0x00001af6   Section        0  interrupts_hc32f005.o(i.LVD_IRQHandler)
    i.MAIN_INIT                              0x00001b00   Section        0  point_fun.o(i.MAIN_INIT)
    i.PCA_IRQHandler                         0x00001b1c   Section        0  interrupts_hc32f005.o(i.PCA_IRQHandler)
    i.PCNT_IRQHandler                        0x00001b24   Section        0  interrupts_hc32f005.o(i.PCNT_IRQHandler)
    i.PORT0_IRQHandler                       0x00001b2c   Section        0  interrupts_hc32f005.o(i.PORT0_IRQHandler)
    i.PORT1_IRQHandler                       0x00001b34   Section        0  interrupts_hc32f005.o(i.PORT1_IRQHandler)
    i.PORT2_IRQHandler                       0x00001b3c   Section        0  interrupts_hc32f005.o(i.PORT2_IRQHandler)
    i.PORT3_IRQHandler                       0x00001b44   Section        0  interrupts_hc32f005.o(i.PORT3_IRQHandler)
    i.Port3_IRQHandler                       0x00001b4c   Section        0  user_gpio.o(i.Port3_IRQHandler)
    i.SPI_IRQHandler                         0x00001b88   Section        0  interrupts_hc32f005.o(i.SPI_IRQHandler)
    i.Select_Init                            0x00001b90   Section        0  point_fun.o(i.Select_Init)
    i.SetBit                                 0x00001ba0   Section        0  ddl.o(i.SetBit)
    i.SysTick_Handler                        0x00001bbe   Section        0  interrupts_hc32f005.o(i.SysTick_Handler)
    i.Sysctrl_ClkInit                        0x00001bc6   Section        0  sysctrl.o(i.Sysctrl_ClkInit)
    i.Sysctrl_ClkSourceEnable                0x00001c18   Section        0  sysctrl.o(i.Sysctrl_ClkSourceEnable)
    i.Sysctrl_GetHClkFreq                    0x00001cec   Section        0  sysctrl.o(i.Sysctrl_GetHClkFreq)
    i.Sysctrl_GetPClkFreq                    0x00001dec   Section        0  sysctrl.o(i.Sysctrl_GetPClkFreq)
    i.Sysctrl_SetHCLKDiv                     0x00001e0c   Section        0  sysctrl.o(i.Sysctrl_SetHCLKDiv)
    i.Sysctrl_SetPCLKDiv                     0x00001e34   Section        0  sysctrl.o(i.Sysctrl_SetPCLKDiv)
    i.Sysctrl_SetPeripheralGate              0x00001e5c   Section        0  sysctrl.o(i.Sysctrl_SetPeripheralGate)
    i.Sysctrl_SetRCHTrim                     0x00001e74   Section        0  sysctrl.o(i.Sysctrl_SetRCHTrim)
    i.Sysctrl_SetRCLStableTime               0x00001e9c   Section        0  sysctrl.o(i.Sysctrl_SetRCLStableTime)
    i.Sysctrl_SetXTHStableTime               0x00001ec0   Section        0  sysctrl.o(i.Sysctrl_SetXTHStableTime)
    i.Sysctrl_SysClkSwitch                   0x00001ee0   Section        0  sysctrl.o(i.Sysctrl_SysClkSwitch)
    i.Sysctrl_XTHDriverCfg                   0x00001f0c   Section        0  sysctrl.o(i.Sysctrl_XTHDriverCfg)
    i.SystemCoreClockUpdate                  0x00001f28   Section        0  system_hc32f005.o(i.SystemCoreClockUpdate)
    i.SystemInit                             0x00001f38   Section        0  system_hc32f005.o(i.SystemInit)
    i.TIM0_IRQHandler                        0x00001f40   Section        0  interrupts_hc32f005.o(i.TIM0_IRQHandler)
    i.TIM1_IRQHandler                        0x00001f48   Section        0  interrupts_hc32f005.o(i.TIM1_IRQHandler)
    i.TIM2_IRQHandler                        0x00001f50   Section        0  interrupts_hc32f005.o(i.TIM2_IRQHandler)
    i.TIM3_IRQHandler                        0x00001f58   Section        0  interrupts_hc32f005.o(i.TIM3_IRQHandler)
    i.TIM4_IRQHandler                        0x00001f60   Section        0  interrupts_hc32f005.o(i.TIM4_IRQHandler)
    i.TIM5_IRQHandler                        0x00001f68   Section        0  interrupts_hc32f005.o(i.TIM5_IRQHandler)
    i.TIM6_IRQHandler                        0x00001f70   Section        0  interrupts_hc32f005.o(i.TIM6_IRQHandler)
    i.Tim2_IRQHandler                        0x00001f78   Section        0  user_timer.o(i.Tim2_IRQHandler)
    i.Tim6_IRQHandler                        0x00001fa4   Section        0  user_timer.o(i.Tim6_IRQHandler)
    i.UART0_IRQHandler                       0x00002008   Section        0  interrupts_hc32f005.o(i.UART0_IRQHandler)
    i.UART1_IRQHandler                       0x00002010   Section        0  interrupts_hc32f005.o(i.UART1_IRQHandler)
    i.UART_Send_Buf                          0x00002018   Section        0  uart_frame.o(i.UART_Send_Buf)
    i.Uart1_IRQHandler                       0x0000203c   Section        0  uart_frame.o(i.Uart1_IRQHandler)
    i.Uart_ClrStatus                         0x0000206c   Section        0  uart.o(i.Uart_ClrStatus)
    i.Uart_EnableFunc                        0x00002082   Section        0  uart.o(i.Uart_EnableFunc)
    i.Uart_EnableIrq                         0x00002096   Section        0  uart.o(i.Uart_EnableIrq)
    i.Uart_GetStatus                         0x000020aa   Section        0  uart.o(i.Uart_GetStatus)
    i.Uart_Init                              0x000020c2   Section        0  uart.o(i.Uart_Init)
    i.Uart_ReceiveData                       0x000020e6   Section        0  uart.o(i.Uart_ReceiveData)
    i.Uart_SendDataPoll                      0x000020ee   Section        0  uart.o(i.Uart_SendDataPoll)
    i.Uart_SetBaudRate                       0x0000211a   Section        0  uart.o(i.Uart_SetBaudRate)
    i.VC0_IRQHandler                         0x00002176   Section        0  interrupts_hc32f005.o(i.VC0_IRQHandler)
    i.VC1_IRQHandler                         0x0000217e   Section        0  interrupts_hc32f005.o(i.VC1_IRQHandler)
    i.WDT_IRQHandler                         0x00002186   Section        0  interrupts_hc32f005.o(i.WDT_IRQHandler)
    i._500ms_time_handle                     0x00002190   Section        0  main.o(i._500ms_time_handle)
    i._SysctrlUnlock                         0x00002240   Section        0  sysctrl.o(i._SysctrlUnlock)
    _SysctrlUnlock                           0x00002241   Thumb Code    12  sysctrl.o(i._SysctrlUnlock)
    i._UartBaudCfg                           0x00002258   Section        0  user_usart.o(i._UartBaudCfg)
    _UartBaudCfg                             0x00002259   Thumb Code   116  user_usart.o(i._UartBaudCfg)
    i.__ARM_clz                              0x000022d0   Section        0  depilogue.o(i.__ARM_clz)
    i.__ARM_common_switch8                   0x000022fe   Section        0  adc.o(i.__ARM_common_switch8)
    i.__NVIC_SetPriority                     0x0000231c   Section        0  interrupts_hc32f005.o(i.__NVIC_SetPriority)
    __NVIC_SetPriority                       0x0000231d   Thumb Code   110  interrupts_hc32f005.o(i.__NVIC_SetPriority)
    i.__scatterload_copy                     0x00002394   Section       14  handlers.o(i.__scatterload_copy)
    i.__scatterload_null                     0x000023a2   Section        2  handlers.o(i.__scatterload_null)
    i.__scatterload_zeroinit                 0x000023a4   Section       14  handlers.o(i.__scatterload_zeroinit)
    i.check_bridge_static                    0x000023b4   Section        0  motor.o(i.check_bridge_static)
    check_bridge_static                      0x000023b5   Thumb Code   212  motor.o(i.check_bridge_static)
    i.checkout_bus_voltage                   0x00002490   Section        0  motor_speed_pid.o(i.checkout_bus_voltage)
    checkout_bus_voltage                     0x00002491   Thumb Code   276  motor_speed_pid.o(i.checkout_bus_voltage)
    i.checkout_current_over                  0x000025bc   Section        0  motor_speed_pid.o(i.checkout_current_over)
    checkout_current_over                    0x000025bd   Thumb Code   124  motor_speed_pid.o(i.checkout_current_over)
    i.checkout_voltage_runaway               0x0000264c   Section        0  motor_speed_pid.o(i.checkout_voltage_runaway)
    checkout_voltage_runaway                 0x0000264d   Thumb Code   156  motor_speed_pid.o(i.checkout_voltage_runaway)
    i.clear_adcbuf                           0x000026f8   Section        0  user_adc.o(i.clear_adcbuf)
    i.cmd_proc                               0x00002714   Section        0  uart_frame.o(i.cmd_proc)
    i.communication_checkout                 0x00002d88   Section        0  uart_frame.o(i.communication_checkout)
    i.ctr_init                               0x00002dbc   Section        0  motor.o(i.ctr_init)
    i.ctr_proc_loop                          0x00002e4c   Section        0  motor.o(i.ctr_proc_loop)
    i.ddl_memclr                             0x000030cc   Section        0  ddl.o(i.ddl_memclr)
    i.default_pid_int                        0x000030ec   Section        0  pid.o(i.default_pid_int)
    i.delay10us                              0x00003128   Section        0  ddl.o(i.delay10us)
    i.delay1ms                               0x00003184   Section        0  ddl.o(i.delay1ms)
    i.error_chick                            0x000031dc   Section        0  motor_speed_pid.o(i.error_chick)
    i.get_adc_value                          0x000031e4   Section        0  user_adc.o(i.get_adc_value)
    i.main                                   0x00003270   Section        0  main.o(i.main)
    i.motor_controlled_stop_set              0x000032cc   Section        0  motor.o(i.motor_controlled_stop_set)
    i.motor_emergency_brake_set              0x0000330c   Section        0  motor.o(i.motor_emergency_brake_set)
    i.motor_hard_fault_set                   0x00003344   Section        0  motor.o(i.motor_hard_fault_set)
    i.motor_immediate_pwm_cutoff             0x00003368   Section        0  motor.o(i.motor_immediate_pwm_cutoff)
    motor_immediate_pwm_cutoff               0x00003369   Thumb Code    28  motor.o(i.motor_immediate_pwm_cutoff)
    i.motor_soft_fault_set                   0x00003390   Section        0  motor.o(i.motor_soft_fault_set)
    i.motor_speed                            0x000033f4   Section        0  motor.o(i.motor_speed)
    i.motor_speed_pid_isr                    0x000037e8   Section        0  motor_speed_pid.o(i.motor_speed_pid_isr)
    i.myfun                                  0x00003a8c   Section        0  point_fun.o(i.myfun)
    i.pid_calc                               0x00003a9c   Section        0  pid.o(i.pid_calc)
    i.pid_clear_integral_keep_output         0x00003bdc   Section        0  pid.o(i.pid_clear_integral_keep_output)
    i.rt_data                                0x00003c18   Section        0  point_fun.o(i.rt_data)
    i.tim0run                                0x00003c24   Section        0  user_timer.o(i.tim0run)
    i.tim0stop                               0x00003c48   Section        0  user_timer.o(i.tim0stop)
    i.tim2run                                0x00003c54   Section        0  user_timer.o(i.tim2run)
    i.tim6run                                0x00003c6c   Section        0  user_timer.o(i.tim6run)
    i.tim6stop                               0x00003c98   Section        0  user_timer.o(i.tim6stop)
    i.uart_frame_init                        0x00003cac   Section        0  uart_frame.o(i.uart_frame_init)
    i.uart_frame_loop                        0x00003ce0   Section        0  uart_frame.o(i.uart_frame_loop)
    i.uart_frame_tx                          0x00003e58   Section        0  uart_frame.o(i.uart_frame_tx)
    i.user_adc_init                          0x00003e9c   Section        0  user_adc.o(i.user_adc_init)
    i.user_gpio_init                         0x00003eb8   Section        0  user_gpio.o(i.user_gpio_init)
    i.user_timer_init                        0x00003ed4   Section        0  user_timer.o(i.user_timer_init)
    i.user_usart_init                        0x00003ef8   Section        0  user_usart.o(i.user_usart_init)
    i.wait_for_motor                         0x00003f08   Section        0  main.o(i.wait_for_motor)
    wait_for_motor                           0x00003f09   Thumb Code    52  main.o(i.wait_for_motor)
    .constdata                               0x00003f48   Section       24  sysctrl.o(.constdata)
    .data                                    0x20000000   Section        4  system_hc32f005.o(.data)
    .data                                    0x20000004   Section        9  main.o(.data)
    wait_time_start                          0x20000006   Data           2  main.o(.data)
    .data                                    0x2000000e   Section        7  user_timer.o(.data)
    .data                                    0x20000018   Section       21  user_adc.o(.data)
    flag                                     0x2000002c   Data           1  user_adc.o(.data)
    .data                                    0x20000030   Section       24  uart_frame.o(.data)
    sm                                       0x20000040   Data           1  uart_frame.o(.data)
    len                                      0x20000041   Data           1  uart_frame.o(.data)
    ptr                                      0x20000044   Data           4  uart_frame.o(.data)
    .data                                    0x20000048   Section       20  motor_speed_pid.o(.data)
    low_spd_cnt                              0x20000054   Data           2  motor_speed_pid.o(.data)
    any_spd_cnt                              0x20000056   Data           1  motor_speed_pid.o(.data)
    run_over_acc                             0x20000057   Data           1  motor_speed_pid.o(.data)
    ov_cnt                                   0x20000058   Data           1  motor_speed_pid.o(.data)
    uv_cnt                                   0x2000005a   Data           2  motor_speed_pid.o(.data)
    .data                                    0x2000005c   Section      188  motor.o(.data)
    .bss                                     0x20000118   Section       20  user_adc.o(.bss)
    .bss                                     0x2000012c   Section       32  point_fun.o(.bss)
    .bss                                     0x2000014c   Section      171  uart_frame.o(.bss)
    .bss                                     0x200001f8   Section       76  motor.o(.bss)
    .bss                                     0x20000244   Section       44  pid.o(.bss)
    STACK                                    0x20000270   Section     1024  startup_hc32f005.o(STACK)

    Global Symbols

    Symbol Name                              Value     Ov Type        Size  Object(Section)

    BuildAttributes$$THM_ISAv3M$S$PE$A:L22$X:L11$S22$IEEE1$IW$USESV6$~STKCKD$USESV7$~SHL$OTIME$ROPI$EBA8$MICROLIB$REQ8$PRES8$EABIv2 0x00000000   Number         0  anon$$obj.o ABSOLUTE
    __ARM_use_no_argv                        0x00000000   Number         0  main.o ABSOLUTE
    __Vectors                                0x00000000   Data           0  startup_hc32f005.o(RESET)
    __use_no_errno                           0x00000000   Number         0  useno.o ABSOLUTE
    __use_no_exception_handling              0x00000000   Number         0  useno.o ABSOLUTE
    __use_no_fp                              0x00000000   Number         0  useno.o ABSOLUTE
    __use_no_heap                            0x00000000   Number         0  useno.o ABSOLUTE
    __use_no_heap_region                     0x00000000   Number         0  useno.o ABSOLUTE
    __use_no_semihosting                     0x00000000   Number         0  useno.o ABSOLUTE
    __use_no_semihosting_swi                 0x00000000   Number         0  useno.o ABSOLUTE
    __use_no_signal_handling                 0x00000000   Number         0  useno.o ABSOLUTE
    ClkTrim_IRQHandler                        - Undefined Weak Reference
    Dmac_IRQHandler                           - Undefined Weak Reference
    Flash_IRQHandler                          - Undefined Weak Reference
    I2c_IRQHandler                            - Undefined Weak Reference
    Lvd_IRQHandler                            - Undefined Weak Reference
    Pca_IRQHandler                            - Undefined Weak Reference
    Pcnt_IRQHandler                           - Undefined Weak Reference
    Port0_IRQHandler                          - Undefined Weak Reference
    Port1_IRQHandler                          - Undefined Weak Reference
    Port2_IRQHandler                          - Undefined Weak Reference
    Ram_IRQHandler                            - Undefined Weak Reference
    Spi_IRQHandler                            - Undefined Weak Reference
    SysTick_IRQHandler                        - Undefined Weak Reference
    Tim0_IRQHandler                           - Undefined Weak Reference
    Tim1_IRQHandler                           - Undefined Weak Reference
    Tim3_IRQHandler                           - Undefined Weak Reference
    Tim4_IRQHandler                           - Undefined Weak Reference
    Tim5_IRQHandler                           - Undefined Weak Reference
    Uart0_IRQHandler                          - Undefined Weak Reference
    Vc0_IRQHandler                            - Undefined Weak Reference
    Vc1_IRQHandler                            - Undefined Weak Reference
    Wdt_IRQHandler                            - Undefined Weak Reference
    __arm_fini_                               - Undefined Weak Reference
    __cpp_initialize__aeabi_                  - Undefined Weak Reference
    __cxa_finalize                            - Undefined Weak Reference
    __decompress                              - Undefined Weak Reference
    _clock_init                               - Undefined Weak Reference
    _microlib_exit                            - Undefined Weak Reference
    __Vectors_End                            0x000000c0   Data           0  startup_hc32f005.o(RESET)
    __Vectors_Size                           0x000000c0   Number         0  startup_hc32f005.o ABSOLUTE
    __main                                   0x000000c1   Thumb Code     0  entry.o(.ARM.Collect$$$$00000000)
    _main_stk                                0x000000c1   Thumb Code     0  entry2.o(.ARM.Collect$$$$00000001)
    _main_scatterload                        0x000000c5   Thumb Code     0  entry5.o(.ARM.Collect$$$$00000004)
    __main_after_scatterload                 0x000000c9   Thumb Code     0  entry5.o(.ARM.Collect$$$$00000004)
    _main_clock                              0x000000c9   Thumb Code     0  entry7b.o(.ARM.Collect$$$$00000008)
    _main_cpp_init                           0x000000c9   Thumb Code     0  entry8b.o(.ARM.Collect$$$$0000000A)
    _main_init                               0x000000c9   Thumb Code     0  entry9a.o(.ARM.Collect$$$$0000000B)
    __rt_lib_shutdown_fini                   0x000000d1   Thumb Code     0  entry12b.o(.ARM.Collect$$$$0000000E)
    __rt_final_cpp                           0x000000d5   Thumb Code     0  entry10a.o(.ARM.Collect$$$$0000000F)
    __rt_final_exit                          0x000000d5   Thumb Code     0  entry11a.o(.ARM.Collect$$$$00000011)
    Reset_Handler                            0x000000d9   Thumb Code    26  startup_hc32f005.o(.text)
    NMI_Handler                              0x000000f3   Thumb Code     2  startup_hc32f005.o(.text)
    SVC_Handler                              0x000000f7   Thumb Code     2  startup_hc32f005.o(.text)
    PendSV_Handler                           0x000000f9   Thumb Code     2  startup_hc32f005.o(.text)
    Dummy_Handler                            0x000000fd   Thumb Code     0  startup_hc32f005.o(.text)
    LPTIM_IRQHandler                         0x000000fd   Thumb Code     0  startup_hc32f005.o(.text)
    LPUART_IRQHandler                        0x000000fd   Thumb Code     0  startup_hc32f005.o(.text)
    RTC_IRQHandler                           0x000000fd   Thumb Code     0  startup_hc32f005.o(.text)
    __aeabi_uidiv                            0x00000115   Thumb Code     0  uidiv.o(.text)
    __aeabi_uidivmod                         0x00000115   Thumb Code    44  uidiv.o(.text)
    __aeabi_idiv                             0x00000141   Thumb Code     0  idiv.o(.text)
    __aeabi_idivmod                          0x00000141   Thumb Code    40  idiv.o(.text)
    __aeabi_memcpy                           0x00000169   Thumb Code    36  memcpya.o(.text)
    __aeabi_memcpy4                          0x00000169   Thumb Code     0  memcpya.o(.text)
    __aeabi_memcpy8                          0x00000169   Thumb Code     0  memcpya.o(.text)
    __aeabi_fadd                             0x0000018d   Thumb Code   162  fadd.o(.text)
    __aeabi_fsub                             0x0000022f   Thumb Code     8  fadd.o(.text)
    __aeabi_frsub                            0x00000237   Thumb Code     8  fadd.o(.text)
    __aeabi_fmul                             0x0000023f   Thumb Code   122  fmul.o(.text)
    __aeabi_fdiv                             0x000002b9   Thumb Code   124  fdiv.o(.text)
    __aeabi_dadd                             0x00000335   Thumb Code   330  dadd.o(.text)
    __aeabi_dsub                             0x0000047f   Thumb Code    12  dadd.o(.text)
    __aeabi_drsub                            0x0000048b   Thumb Code    12  dadd.o(.text)
    __aeabi_dmul                             0x0000049d   Thumb Code   202  dmul.o(.text)
    __aeabi_ddiv                             0x0000056d   Thumb Code   234  ddiv.o(.text)
    __aeabi_i2f                              0x0000065d   Thumb Code    22  fflti.o(.text)
    __aeabi_ui2f                             0x00000673   Thumb Code    14  ffltui.o(.text)
    __aeabi_i2d                              0x00000681   Thumb Code    34  dflti.o(.text)
    __aeabi_ui2d                             0x000006a9   Thumb Code    24  dfltui.o(.text)
    __aeabi_f2iz                             0x000006c5   Thumb Code    50  ffixi.o(.text)
    __aeabi_f2uiz                            0x000006f7   Thumb Code    40  ffixui.o(.text)
    __aeabi_d2uiz                            0x00000721   Thumb Code    50  dfixui.o(.text)
    __aeabi_f2d                              0x0000075d   Thumb Code    40  f2d.o(.text)
    __aeabi_cdrcmple                         0x00000785   Thumb Code    38  cdrcmple.o(.text)
    __aeabi_d2f                              0x000007ad   Thumb Code    56  d2f.o(.text)
    __aeabi_cfcmpeq                          0x000007e5   Thumb Code     0  cfcmple.o(.text)
    __aeabi_cfcmple                          0x000007e5   Thumb Code    20  cfcmple.o(.text)
    __aeabi_cfrcmple                         0x000007f9   Thumb Code    20  cfrcmple.o(.text)
    __aeabi_llsl                             0x0000080d   Thumb Code    32  llshl.o(.text)
    _ll_shift_l                              0x0000080d   Thumb Code     0  llshl.o(.text)
    __aeabi_llsr                             0x0000082d   Thumb Code    34  llushr.o(.text)
    _ll_ushift_r                             0x0000082d   Thumb Code     0  llushr.o(.text)
    __aeabi_lasr                             0x0000084f   Thumb Code    38  llsshr.o(.text)
    _ll_sshift_r                             0x0000084f   Thumb Code     0  llsshr.o(.text)
    __I$use$fp                               0x00000875   Thumb Code     0  iusefp.o(.text)
    _float_round                             0x00000875   Thumb Code    16  fepilogue.o(.text)
    _float_epilogue                          0x00000885   Thumb Code   114  fepilogue.o(.text)
    _double_round                            0x000008f7   Thumb Code    26  depilogue.o(.text)
    _double_epilogue                         0x00000911   Thumb Code   164  depilogue.o(.text)
    __scatterload                            0x000009b5   Thumb Code    28  init.o(.text)
    __scatterload_rt2                        0x000009b5   Thumb Code     0  init.o(.text)
    ADC_IRQHandler                           0x000009d9   Thumb Code     8  interrupts_hc32f005.o(i.ADC_IRQHandler)
    ADC_Value_Handle                         0x000009e1   Thumb Code   124  user_adc.o(i.ADC_Value_Handle)
    Adc_ClrContIrqState                      0x00000a5d   Thumb Code    10  adc.o(i.Adc_ClrContIrqState)
    Adc_CmpCfg                               0x00000a6d   Thumb Code   116  adc.o(i.Adc_CmpCfg)
    Adc_ConfigScanMode                       0x00000ae5   Thumb Code    70  adc.o(i.Adc_ConfigScanMode)
    Adc_Enable                               0x00000b31   Thumb Code    16  adc.o(i.Adc_Enable)
    Adc_EnableIrq                            0x00000b45   Thumb Code    18  adc.o(i.Adc_EnableIrq)
    Adc_GetScanResult                        0x00000b5d   Thumb Code   142  adc.o(i.Adc_GetScanResult)
    Adc_IRQHandler                           0x00000bf1   Thumb Code   102  user_adc.o(i.Adc_IRQHandler)
    Adc_Init                                 0x00000c6d   Thumb Code   244  adc.o(i.Adc_Init)
    Adc_Start                                0x00000d65   Thumb Code    48  adc.o(i.Adc_Start)
    Adt_CHxXPortCfg                          0x00000d99   Thumb Code   456  adt.o(i.Adt_CHxXPortCfg)
    Adt_CfgIrq                               0x00000f61   Thumb Code    36  adt.o(i.Adt_CfgIrq)
    Adt_ClearAllIrqFlag                      0x00000f85   Thumb Code    14  adt.o(i.Adt_ClearAllIrqFlag)
    Adt_ClearCount                           0x00000f93   Thumb Code    14  adt.o(i.Adt_ClearCount)
    Adt_ClearIrqFlag                         0x00000fa1   Thumb Code    18  adt.o(i.Adt_ClearIrqFlag)
    Adt_EnableValueBuf                       0x00000fb3   Thumb Code    54  adt.o(i.Adt_EnableValueBuf)
    Adt_GetIrqFlag                           0x00000fe9   Thumb Code    20  adt.o(i.Adt_GetIrqFlag)
    Adt_Init                                 0x00000ffd   Thumb Code    84  adt.o(i.Adt_Init)
    Adt_SetCompareValue                      0x00001051   Thumb Code    42  adt.o(i.Adt_SetCompareValue)
    Adt_SetPeriod                            0x0000107b   Thumb Code     8  adt.o(i.Adt_SetPeriod)
    Adt_StartCount                           0x00001083   Thumb Code    16  adt.o(i.Adt_StartCount)
    Adt_StopCount                            0x00001093   Thumb Code    14  adt.o(i.Adt_StopCount)
    App_AdcInitch12                          0x000010a1   Thumb Code   126  user_adc.o(i.App_AdcInitch12)
    App_AdvTimerInit                         0x00001125   Thumb Code   166  user_timer.o(i.App_AdvTimerInit)
    App_AdvTimerPortInit                     0x000011d1   Thumb Code    44  user_timer.o(i.App_AdvTimerPortInit)
    App_ClkInit                              0x00001295   Thumb Code    38  sysctrl.o(i.App_ClkInit)
    App_PortInit                             0x000012e7   Thumb Code    72  user_usart.o(i.App_PortInit)
    App_UartInit                             0x00001331   Thumb Code    46  user_usart.o(i.App_UartInit)
    Bgr_BgrEnable                            0x0000138d   Thumb Code    22  bgr.o(i.Bgr_BgrEnable)
    Bt_ARRSet                                0x000013a9   Thumb Code    86  bt.o(i.Bt_ARRSet)
    Bt_ClearIntFlag                          0x00001405   Thumb Code    72  bt.o(i.Bt_ClearIntFlag)
    Bt_Cnt16Set                              0x00001451   Thumb Code    86  bt.o(i.Bt_Cnt16Set)
    Bt_EnableIrq                             0x000014ad   Thumb Code    84  bt.o(i.Bt_EnableIrq)
    Bt_GetIntFlag                            0x00001505   Thumb Code    58  bt.o(i.Bt_GetIntFlag)
    Bt_Init                                  0x00001545   Thumb Code   460  bt.o(i.Bt_Init)
    Bt_Run                                   0x00001715   Thumb Code    78  bt.o(i.Bt_Run)
    Bt_Stop                                  0x00001769   Thumb Code    72  bt.o(i.Bt_Stop)
    CLKTRIM_IRQHandler                       0x000017b5   Thumb Code     8  interrupts_hc32f005.o(i.CLKTRIM_IRQHandler)
    Create_Queue                             0x000017cb   Thumb Code    12  queue.o(i.Create_Queue)
    DMAC_IRQHandler                          0x000017d7   Thumb Code     8  interrupts_hc32f005.o(i.DMAC_IRQHandler)
    Denter_queue                             0x000017df   Thumb Code    44  queue.o(i.Denter_queue)
    EnableNvic                               0x0000180d   Thumb Code   104  interrupts_hc32f005.o(i.EnableNvic)
    Enter_queue                              0x0000187d   Thumb Code    42  queue.o(i.Enter_queue)
    FLASH_RAM_IRQHandler                     0x000018a7   Thumb Code    12  interrupts_hc32f005.o(i.FLASH_RAM_IRQHandler)
    Flash_WaitCycle                          0x000018b5   Thumb Code    38  flash.o(i.Flash_WaitCycle)
    GetBit                                   0x000018e9   Thumb Code    12  ddl.o(i.GetBit)
    Get_Proc_loop                            0x000018f5   Thumb Code    84  user_adc.o(i.Get_Proc_loop)
    Gpio_ClearIrq                            0x0000198d   Thumb Code    22  gpio.o(i.Gpio_ClearIrq)
    Gpio_EnableIrq                           0x000019a9   Thumb Code    30  gpio.o(i.Gpio_EnableIrq)
    Gpio_GetIrqStatus                        0x000019cd   Thumb Code    18  gpio.o(i.Gpio_GetIrqStatus)
    Gpio_Init                                0x000019e5   Thumb Code   118  gpio.o(i.Gpio_Init)
    Gpio_SetAfMode                           0x00001a65   Thumb Code    16  gpio.o(i.Gpio_SetAfMode)
    Gpio_SetAnalogMode                       0x00001a79   Thumb Code    22  gpio.o(i.Gpio_SetAnalogMode)
    Gpio_WriteOutputIO                       0x00001a95   Thumb Code    24  gpio.o(i.Gpio_WriteOutputIO)
    HardFault_Handler                        0x00001ab1   Thumb Code    16  interrupts_hc32f005.o(i.HardFault_Handler)
    I2C_IRQHandler                           0x00001ac1   Thumb Code     8  interrupts_hc32f005.o(i.I2C_IRQHandler)
    Is_Full_Queue                            0x00001adb   Thumb Code    28  queue.o(i.Is_Full_Queue)
    LVD_IRQHandler                           0x00001af7   Thumb Code     8  interrupts_hc32f005.o(i.LVD_IRQHandler)
    MAIN_INIT                                0x00001b01   Thumb Code    24  point_fun.o(i.MAIN_INIT)
    PCA_IRQHandler                           0x00001b1d   Thumb Code     8  interrupts_hc32f005.o(i.PCA_IRQHandler)
    PCNT_IRQHandler                          0x00001b25   Thumb Code     8  interrupts_hc32f005.o(i.PCNT_IRQHandler)
    PORT0_IRQHandler                         0x00001b2d   Thumb Code     8  interrupts_hc32f005.o(i.PORT0_IRQHandler)
    PORT1_IRQHandler                         0x00001b35   Thumb Code     8  interrupts_hc32f005.o(i.PORT1_IRQHandler)
    PORT2_IRQHandler                         0x00001b3d   Thumb Code     8  interrupts_hc32f005.o(i.PORT2_IRQHandler)
    PORT3_IRQHandler                         0x00001b45   Thumb Code     8  interrupts_hc32f005.o(i.PORT3_IRQHandler)
    Port3_IRQHandler                         0x00001b4d   Thumb Code    52  user_gpio.o(i.Port3_IRQHandler)
    SPI_IRQHandler                           0x00001b89   Thumb Code     8  interrupts_hc32f005.o(i.SPI_IRQHandler)
    Select_Init                              0x00001b91   Thumb Code     8  point_fun.o(i.Select_Init)
    SetBit                                   0x00001ba1   Thumb Code    30  ddl.o(i.SetBit)
    SysTick_Handler                          0x00001bbf   Thumb Code     8  interrupts_hc32f005.o(i.SysTick_Handler)
    Sysctrl_ClkInit                          0x00001bc7   Thumb Code    82  sysctrl.o(i.Sysctrl_ClkInit)
    Sysctrl_ClkSourceEnable                  0x00001c19   Thumb Code   202  sysctrl.o(i.Sysctrl_ClkSourceEnable)
    Sysctrl_GetHClkFreq                      0x00001ced   Thumb Code   238  sysctrl.o(i.Sysctrl_GetHClkFreq)
    Sysctrl_GetPClkFreq                      0x00001ded   Thumb Code    28  sysctrl.o(i.Sysctrl_GetPClkFreq)
    Sysctrl_SetHCLKDiv                       0x00001e0d   Thumb Code    36  sysctrl.o(i.Sysctrl_SetHCLKDiv)
    Sysctrl_SetPCLKDiv                       0x00001e35   Thumb Code    36  sysctrl.o(i.Sysctrl_SetPCLKDiv)
    Sysctrl_SetPeripheralGate                0x00001e5d   Thumb Code    20  sysctrl.o(i.Sysctrl_SetPeripheralGate)
    Sysctrl_SetRCHTrim                       0x00001e75   Thumb Code    32  sysctrl.o(i.Sysctrl_SetRCHTrim)
    Sysctrl_SetRCLStableTime                 0x00001e9d   Thumb Code    32  sysctrl.o(i.Sysctrl_SetRCLStableTime)
    Sysctrl_SetXTHStableTime                 0x00001ec1   Thumb Code    28  sysctrl.o(i.Sysctrl_SetXTHStableTime)
    Sysctrl_SysClkSwitch                     0x00001ee1   Thumb Code    40  sysctrl.o(i.Sysctrl_SysClkSwitch)
    Sysctrl_XTHDriverCfg                     0x00001f0d   Thumb Code    24  sysctrl.o(i.Sysctrl_XTHDriverCfg)
    SystemCoreClockUpdate                    0x00001f29   Thumb Code    12  system_hc32f005.o(i.SystemCoreClockUpdate)
    SystemInit                               0x00001f39   Thumb Code     8  system_hc32f005.o(i.SystemInit)
    TIM0_IRQHandler                          0x00001f41   Thumb Code     8  interrupts_hc32f005.o(i.TIM0_IRQHandler)
    TIM1_IRQHandler                          0x00001f49   Thumb Code     8  interrupts_hc32f005.o(i.TIM1_IRQHandler)
    TIM2_IRQHandler                          0x00001f51   Thumb Code     8  interrupts_hc32f005.o(i.TIM2_IRQHandler)
    TIM3_IRQHandler                          0x00001f59   Thumb Code     8  interrupts_hc32f005.o(i.TIM3_IRQHandler)
    TIM4_IRQHandler                          0x00001f61   Thumb Code     8  interrupts_hc32f005.o(i.TIM4_IRQHandler)
    TIM5_IRQHandler                          0x00001f69   Thumb Code     8  interrupts_hc32f005.o(i.TIM5_IRQHandler)
    TIM6_IRQHandler                          0x00001f71   Thumb Code     8  interrupts_hc32f005.o(i.TIM6_IRQHandler)
    Tim2_IRQHandler                          0x00001f79   Thumb Code    40  user_timer.o(i.Tim2_IRQHandler)
    Tim6_IRQHandler                          0x00001fa5   Thumb Code    76  user_timer.o(i.Tim6_IRQHandler)
    UART0_IRQHandler                         0x00002009   Thumb Code     8  interrupts_hc32f005.o(i.UART0_IRQHandler)
    UART1_IRQHandler                         0x00002011   Thumb Code     8  interrupts_hc32f005.o(i.UART1_IRQHandler)
    UART_Send_Buf                            0x00002019   Thumb Code    30  uart_frame.o(i.UART_Send_Buf)
    Uart1_IRQHandler                         0x0000203d   Thumb Code    40  uart_frame.o(i.Uart1_IRQHandler)
    Uart_ClrStatus                           0x0000206d   Thumb Code    22  uart.o(i.Uart_ClrStatus)
    Uart_EnableFunc                          0x00002083   Thumb Code    20  uart.o(i.Uart_EnableFunc)
    Uart_EnableIrq                           0x00002097   Thumb Code    20  uart.o(i.Uart_EnableIrq)
    Uart_GetStatus                           0x000020ab   Thumb Code    24  uart.o(i.Uart_GetStatus)
    Uart_Init                                0x000020c3   Thumb Code    36  uart.o(i.Uart_Init)
    Uart_ReceiveData                         0x000020e7   Thumb Code     8  uart.o(i.Uart_ReceiveData)
    Uart_SendDataPoll                        0x000020ef   Thumb Code    44  uart.o(i.Uart_SendDataPoll)
    Uart_SetBaudRate                         0x0000211b   Thumb Code    92  uart.o(i.Uart_SetBaudRate)
    VC0_IRQHandler                           0x00002177   Thumb Code     8  interrupts_hc32f005.o(i.VC0_IRQHandler)
    VC1_IRQHandler                           0x0000217f   Thumb Code     8  interrupts_hc32f005.o(i.VC1_IRQHandler)
    WDT_IRQHandler                           0x00002187   Thumb Code     8  interrupts_hc32f005.o(i.WDT_IRQHandler)
    _500ms_time_handle                       0x00002191   Thumb Code   154  main.o(i._500ms_time_handle)
    __ARM_clz                                0x000022d1   Thumb Code    46  depilogue.o(i.__ARM_clz)
    __ARM_common_switch8                     0x000022ff   Thumb Code    28  adc.o(i.__ARM_common_switch8)
    __scatterload_copy                       0x00002395   Thumb Code    14  handlers.o(i.__scatterload_copy)
    __scatterload_null                       0x000023a3   Thumb Code     2  handlers.o(i.__scatterload_null)
    __scatterload_zeroinit                   0x000023a5   Thumb Code    14  handlers.o(i.__scatterload_zeroinit)
    clear_adcbuf                             0x000026f9   Thumb Code    16  user_adc.o(i.clear_adcbuf)
    cmd_proc                                 0x00002715   Thumb Code  1618  uart_frame.o(i.cmd_proc)
    communication_checkout                   0x00002d89   Thumb Code    46  uart_frame.o(i.communication_checkout)
    ctr_init                                 0x00002dbd   Thumb Code   126  motor.o(i.ctr_init)
    ctr_proc_loop                            0x00002e4d   Thumb Code   598  motor.o(i.ctr_proc_loop)
    ddl_memclr                               0x000030cd   Thumb Code    32  ddl.o(i.ddl_memclr)
    default_pid_int                          0x000030ed   Thumb Code    40  pid.o(i.default_pid_int)
    delay10us                                0x00003129   Thumb Code    74  ddl.o(i.delay10us)
    delay1ms                                 0x00003185   Thumb Code    76  ddl.o(i.delay1ms)
    error_chick                              0x000031dd   Thumb Code     8  motor_speed_pid.o(i.error_chick)
    get_adc_value                            0x000031e5   Thumb Code   116  user_adc.o(i.get_adc_value)
    main                                     0x00003271   Thumb Code    84  main.o(i.main)
    motor_controlled_stop_set                0x000032cd   Thumb Code    52  motor.o(i.motor_controlled_stop_set)
    motor_emergency_brake_set                0x0000330d   Thumb Code    46  motor.o(i.motor_emergency_brake_set)
    motor_hard_fault_set                     0x00003345   Thumb Code    30  motor.o(i.motor_hard_fault_set)
    motor_soft_fault_set                     0x00003391   Thumb Code    84  motor.o(i.motor_soft_fault_set)
    motor_speed                              0x000033f5   Thumb Code   960  motor.o(i.motor_speed)
    motor_speed_pid_isr                      0x000037e9   Thumb Code   636  motor_speed_pid.o(i.motor_speed_pid_isr)
    myfun                                    0x00003a8d   Thumb Code    16  point_fun.o(i.myfun)
    pid_calc                                 0x00003a9d   Thumb Code   298  pid.o(i.pid_calc)
    pid_clear_integral_keep_output           0x00003bdd   Thumb Code    54  pid.o(i.pid_clear_integral_keep_output)
    rt_data                                  0x00003c19   Thumb Code    12  point_fun.o(i.rt_data)
    tim0run                                  0x00003c25   Thumb Code    30  user_timer.o(i.tim0run)
    tim0stop                                 0x00003c49   Thumb Code    10  user_timer.o(i.tim0stop)
    tim2run                                  0x00003c55   Thumb Code    18  user_timer.o(i.tim2run)
    tim6run                                  0x00003c6d   Thumb Code    40  user_timer.o(i.tim6run)
    tim6stop                                 0x00003c99   Thumb Code    16  user_timer.o(i.tim6stop)
    uart_frame_init                          0x00003cad   Thumb Code    34  uart_frame.o(i.uart_frame_init)
    uart_frame_loop                          0x00003ce1   Thumb Code   352  uart_frame.o(i.uart_frame_loop)
    uart_frame_tx                            0x00003e59   Thumb Code    64  uart_frame.o(i.uart_frame_tx)
    user_adc_init                            0x00003e9d   Thumb Code    24  user_adc.o(i.user_adc_init)
    user_gpio_init                           0x00003eb9   Thumb Code    28  user_gpio.o(i.user_gpio_init)
    user_timer_init                          0x00003ed5   Thumb Code    32  user_timer.o(i.user_timer_init)
    user_usart_init                          0x00003ef9   Thumb Code    16  user_usart.o(i.user_usart_init)
    Region$$Table$$Base                      0x00003f60   Number         0  anon$$obj.o(Region$$Table)
    Region$$Table$$Limit                     0x00003f80   Number         0  anon$$obj.o(Region$$Table)
    SystemCoreClock                          0x20000000   Data           4  system_hc32f005.o(.data)
    waitforamoment                           0x20000004   Data           1  main.o(.data)
    base_time                                0x20000008   Data           4  main.o(.data)
    uart_time_error                          0x2000000c   Data           1  main.o(.data)
    ZHANKONBI                                0x2000000e   Data           2  user_timer.o(.data)
    tim_handle                               0x20000010   Data           4  user_timer.o(.data)
    u8TestFlag                               0x20000014   Data           1  user_timer.o(.data)
    adc_handle                               0x20000018   Data           3  user_adc.o(.data)
    u32AdcResultAcc                          0x2000001c   Data           4  user_adc.o(.data)
    adc0data                                 0x20000020   Data           4  user_adc.o(.data)
    adc1data                                 0x20000024   Data           4  user_adc.o(.data)
    adc2data                                 0x20000028   Data           4  user_adc.o(.data)
    uart_frame                               0x20000030   Data           8  uart_frame.o(.data)
    uart_tx_frame                            0x20000038   Data           8  uart_frame.o(.data)
    valtage                                  0x20000048   Data           1  motor_speed_pid.o(.data)
    over_current                             0x2000004a   Data           2  motor_speed_pid.o(.data)
    over_current_low_spd                     0x2000004c   Data           2  motor_speed_pid.o(.data)
    over_voltage_adc                         0x2000004e   Data           2  motor_speed_pid.o(.data)
    timestest                                0x20000050   Data           2  motor_speed_pid.o(.data)
    old_pwm                                  0x20000052   Data           2  motor_speed_pid.o(.data)
    ctr                                      0x2000005c   Data           5  motor.o(.data)
    speed_param                              0x20000064   Data         180  motor.o(.data)
    stcAdcCfg                                0x20000118   Data          20  user_adc.o(.bss)
    gfun                                     0x2000012c   Data          32  point_fun.o(.bss)
    rx_setparam                              0x2000014c   Data          19  uart_frame.o(.bss)
    rx_queue                                 0x20000160   Data          16  uart_frame.o(.bss)
    rx_buf                                   0x20000170   Data         135  uart_frame.o(.bss)
    motor                                    0x200001f8   Data          76  motor.o(.bss)
    mt_pid                                   0x20000244   Data          44  pid.o(.bss)
    __initial_sp                             0x20000670   Data           0  startup_hc32f005.o(STACK)



==============================================================================

Memory Map of the image

  Image Entry point : 0x000000c1

  Load Region LR_IROM1 (Base: 0x00000000, Size: 0x00004098, Max: 0x00008000, ABSOLUTE)

    Execution Region ER_IROM1 (Exec base: 0x00000000, Load base: 0x00000000, Size: 0x00003f80, Max: 0x00008000, ABSOLUTE)

    Exec Addr    Load Addr    Size         Type   Attr      Idx    E Section Name        Object

    0x00000000   0x00000000   0x000000c0   Data   RO            3    RESET               startup_hc32f005.o
    0x000000c0   0x000000c0   0x00000000   Code   RO         2421  * .ARM.Collect$$$$00000000  mc_p.l(entry.o)
    0x000000c0   0x000000c0   0x00000004   Code   RO         2472    .ARM.Collect$$$$00000001  mc_p.l(entry2.o)
    0x000000c4   0x000000c4   0x00000004   Code   RO         2475    .ARM.Collect$$$$00000004  mc_p.l(entry5.o)
    0x000000c8   0x000000c8   0x00000000   Code   RO         2477    .ARM.Collect$$$$00000008  mc_p.l(entry7b.o)
    0x000000c8   0x000000c8   0x00000000   Code   RO         2479    .ARM.Collect$$$$0000000A  mc_p.l(entry8b.o)
    0x000000c8   0x000000c8   0x00000008   Code   RO         2480    .ARM.Collect$$$$0000000B  mc_p.l(entry9a.o)
    0x000000d0   0x000000d0   0x00000004   Code   RO         2487    .ARM.Collect$$$$0000000E  mc_p.l(entry12b.o)
    0x000000d4   0x000000d4   0x00000000   Code   RO         2482    .ARM.Collect$$$$0000000F  mc_p.l(entry10a.o)
    0x000000d4   0x000000d4   0x00000000   Code   RO         2484    .ARM.Collect$$$$00000011  mc_p.l(entry11a.o)
    0x000000d4   0x000000d4   0x00000004   Code   RO         2473    .ARM.Collect$$$$00002712  mc_p.l(entry2.o)
    0x000000d8   0x000000d8   0x0000003c   Code   RO            4    .text               startup_hc32f005.o
    0x00000114   0x00000114   0x0000002c   Code   RO         2424    .text               mc_p.l(uidiv.o)
    0x00000140   0x00000140   0x00000028   Code   RO         2426    .text               mc_p.l(idiv.o)
    0x00000168   0x00000168   0x00000024   Code   RO         2428    .text               mc_p.l(memcpya.o)
    0x0000018c   0x0000018c   0x000000b2   Code   RO         2436    .text               mf_p.l(fadd.o)
    0x0000023e   0x0000023e   0x0000007a   Code   RO         2438    .text               mf_p.l(fmul.o)
    0x000002b8   0x000002b8   0x0000007c   Code   RO         2440    .text               mf_p.l(fdiv.o)
    0x00000334   0x00000334   0x00000168   Code   RO         2442    .text               mf_p.l(dadd.o)
    0x0000049c   0x0000049c   0x000000d0   Code   RO         2444    .text               mf_p.l(dmul.o)
    0x0000056c   0x0000056c   0x000000f0   Code   RO         2446    .text               mf_p.l(ddiv.o)
    0x0000065c   0x0000065c   0x00000016   Code   RO         2448    .text               mf_p.l(fflti.o)
    0x00000672   0x00000672   0x0000000e   Code   RO         2450    .text               mf_p.l(ffltui.o)
    0x00000680   0x00000680   0x00000028   Code   RO         2452    .text               mf_p.l(dflti.o)
    0x000006a8   0x000006a8   0x0000001c   Code   RO         2454    .text               mf_p.l(dfltui.o)
    0x000006c4   0x000006c4   0x00000032   Code   RO         2456    .text               mf_p.l(ffixi.o)
    0x000006f6   0x000006f6   0x00000028   Code   RO         2458    .text               mf_p.l(ffixui.o)
    0x0000071e   0x0000071e   0x00000002   PAD
    0x00000720   0x00000720   0x0000003c   Code   RO         2460    .text               mf_p.l(dfixui.o)
    0x0000075c   0x0000075c   0x00000028   Code   RO         2462    .text               mf_p.l(f2d.o)
    0x00000784   0x00000784   0x00000028   Code   RO         2464    .text               mf_p.l(cdrcmple.o)
    0x000007ac   0x000007ac   0x00000038   Code   RO         2466    .text               mf_p.l(d2f.o)
    0x000007e4   0x000007e4   0x00000014   Code   RO         2468    .text               mf_p.l(cfcmple.o)
    0x000007f8   0x000007f8   0x00000014   Code   RO         2470    .text               mf_p.l(cfrcmple.o)
    0x0000080c   0x0000080c   0x00000020   Code   RO         2488    .text               mc_p.l(llshl.o)
    0x0000082c   0x0000082c   0x00000022   Code   RO         2490    .text               mc_p.l(llushr.o)
    0x0000084e   0x0000084e   0x00000026   Code   RO         2492    .text               mc_p.l(llsshr.o)
    0x00000874   0x00000874   0x00000000   Code   RO         2494    .text               mc_p.l(iusefp.o)
    0x00000874   0x00000874   0x00000082   Code   RO         2495    .text               mf_p.l(fepilogue.o)
    0x000008f6   0x000008f6   0x000000be   Code   RO         2497    .text               mf_p.l(depilogue.o)
    0x000009b4   0x000009b4   0x00000024   Code   RO         2501    .text               mc_p.l(init.o)
    0x000009d8   0x000009d8   0x00000008   Code   RO           94    i.ADC_IRQHandler    interrupts_hc32f005.o
    0x000009e0   0x000009e0   0x0000007c   Code   RO         1886    i.ADC_Value_Handle  user_adc.o
    0x00000a5c   0x00000a5c   0x00000010   Code   RO         1092    i.Adc_ClrContIrqState  adc.o
    0x00000a6c   0x00000a6c   0x00000078   Code   RO         1096    i.Adc_CmpCfg        adc.o
    0x00000ae4   0x00000ae4   0x0000004c   Code   RO         1099    i.Adc_ConfigScanMode  adc.o
    0x00000b30   0x00000b30   0x00000014   Code   RO         1103    i.Adc_Enable        adc.o
    0x00000b44   0x00000b44   0x00000018   Code   RO         1104    i.Adc_EnableIrq     adc.o
    0x00000b5c   0x00000b5c   0x00000094   Code   RO         1109    i.Adc_GetScanResult  adc.o
    0x00000bf0   0x00000bf0   0x0000007c   Code   RO         1887    i.Adc_IRQHandler    user_adc.o
    0x00000c6c   0x00000c6c   0x000000f8   Code   RO         1110    i.Adc_Init          adc.o
    0x00000d64   0x00000d64   0x00000034   Code   RO         1113    i.Adc_Start         adc.o
    0x00000d98   0x00000d98   0x000001c8   Code   RO         1252    i.Adt_CHxXPortCfg   adt.o
    0x00000f60   0x00000f60   0x00000024   Code   RO         1261    i.Adt_CfgIrq        adt.o
    0x00000f84   0x00000f84   0x0000000e   Code   RO         1263    i.Adt_ClearAllIrqFlag  adt.o
    0x00000f92   0x00000f92   0x0000000e   Code   RO         1265    i.Adt_ClearCount    adt.o
    0x00000fa0   0x00000fa0   0x00000012   Code   RO         1273    i.Adt_ClearIrqFlag  adt.o
    0x00000fb2   0x00000fb2   0x00000036   Code   RO         1288    i.Adt_EnableValueBuf  adt.o
    0x00000fe8   0x00000fe8   0x00000014   Code   RO         1292    i.Adt_GetIrqFlag    adt.o
    0x00000ffc   0x00000ffc   0x00000054   Code   RO         1298    i.Adt_Init          adt.o
    0x00001050   0x00001050   0x0000002a   Code   RO         1302    i.Adt_SetCompareValue  adt.o
    0x0000107a   0x0000107a   0x00000008   Code   RO         1306    i.Adt_SetPeriod     adt.o
    0x00001082   0x00001082   0x00000010   Code   RO         1309    i.Adt_StartCount    adt.o
    0x00001092   0x00001092   0x0000000e   Code   RO         1310    i.Adt_StopCount     adt.o
    0x000010a0   0x000010a0   0x00000084   Code   RO         1889    i.App_AdcInitch12   user_adc.o
    0x00001124   0x00001124   0x000000ac   Code   RO         1793    i.App_AdvTimerInit  user_timer.o
    0x000011d0   0x000011d0   0x0000002c   Code   RO         1794    i.App_AdvTimerPortInit  user_timer.o
    0x000011fc   0x000011fc   0x0000004a   Code   RO         1795    i.App_BtTimerTest   user_timer.o
    0x00001246   0x00001246   0x00000002   PAD
    0x00001248   0x00001248   0x0000004c   Code   RO         1796    i.App_BtTogTest     user_timer.o
    0x00001294   0x00001294   0x00000026   Code   RO          482    i.App_ClkInit       sysctrl.o
    0x000012ba   0x000012ba   0x0000002c   Code   RO         1797    i.App_GpioInit      user_timer.o
    0x000012e6   0x000012e6   0x00000048   Code   RO         1690    i.App_PortInit      user_usart.o
    0x0000132e   0x0000132e   0x00000002   PAD
    0x00001330   0x00001330   0x00000034   Code   RO         1691    i.App_UartInit      user_usart.o
    0x00001364   0x00001364   0x00000026   Code   RO         1958    i.App_UserKeyInit   user_gpio.o
    0x0000138a   0x0000138a   0x00000002   PAD
    0x0000138c   0x0000138c   0x0000001c   Code   RO         1650    i.Bgr_BgrEnable     bgr.o
    0x000013a8   0x000013a8   0x0000005c   Code   RO          741    i.Bt_ARRSet         bt.o
    0x00001404   0x00001404   0x0000004c   Code   RO          742    i.Bt_ClearIntFlag   bt.o
    0x00001450   0x00001450   0x0000005c   Code   RO          744    i.Bt_Cnt16Set       bt.o
    0x000014ac   0x000014ac   0x00000058   Code   RO          748    i.Bt_EnableIrq      bt.o
    0x00001504   0x00001504   0x00000040   Code   RO          749    i.Bt_GetIntFlag     bt.o
    0x00001544   0x00001544   0x000001d0   Code   RO          750    i.Bt_Init           bt.o
    0x00001714   0x00001714   0x00000054   Code   RO          751    i.Bt_Run            bt.o
    0x00001768   0x00001768   0x0000004c   Code   RO          752    i.Bt_Stop           bt.o
    0x000017b4   0x000017b4   0x00000008   Code   RO           95    i.CLKTRIM_IRQHandler  interrupts_hc32f005.o
    0x000017bc   0x000017bc   0x0000000e   Code   RO         2188    i.ClampKiv          uart_frame.o
    0x000017ca   0x000017ca   0x0000000c   Code   RO         2139    i.Create_Queue      queue.o
    0x000017d6   0x000017d6   0x00000008   Code   RO           96    i.DMAC_IRQHandler   interrupts_hc32f005.o
    0x000017de   0x000017de   0x0000002c   Code   RO         2140    i.Denter_queue      queue.o
    0x0000180a   0x0000180a   0x00000002   PAD
    0x0000180c   0x0000180c   0x00000070   Code   RO           97    i.EnableNvic        interrupts_hc32f005.o
    0x0000187c   0x0000187c   0x0000002a   Code   RO         2141    i.Enter_queue       queue.o
    0x000018a6   0x000018a6   0x0000000c   Code   RO           98    i.FLASH_RAM_IRQHandler  interrupts_hc32f005.o
    0x000018b2   0x000018b2   0x00000002   PAD
    0x000018b4   0x000018b4   0x00000034   Code   RO         1000    i.Flash_WaitCycle   flash.o
    0x000018e8   0x000018e8   0x0000000c   Code   RO          386    i.GetBit            ddl.o
    0x000018f4   0x000018f4   0x0000005c   Code   RO         1890    i.Get_Proc_loop     user_adc.o
    0x00001950   0x00001950   0x0000003a   Code   RO          288    i.GpioInit          main.o
    0x0000198a   0x0000198a   0x00000002   PAD
    0x0000198c   0x0000198c   0x0000001c   Code   RO          856    i.Gpio_ClearIrq     gpio.o
    0x000019a8   0x000019a8   0x00000024   Code   RO          858    i.Gpio_EnableIrq    gpio.o
    0x000019cc   0x000019cc   0x00000018   Code   RO          861    i.Gpio_GetIrqStatus  gpio.o
    0x000019e4   0x000019e4   0x00000080   Code   RO          862    i.Gpio_Init         gpio.o
    0x00001a64   0x00001a64   0x00000014   Code   RO          864    i.Gpio_SetAfMode    gpio.o
    0x00001a78   0x00001a78   0x0000001c   Code   RO          865    i.Gpio_SetAnalogMode  gpio.o
    0x00001a94   0x00001a94   0x0000001c   Code   RO          875    i.Gpio_WriteOutputIO  gpio.o
    0x00001ab0   0x00001ab0   0x00000010   Code   RO           99    i.HardFault_Handler  interrupts_hc32f005.o
    0x00001ac0   0x00001ac0   0x00000008   Code   RO          100    i.I2C_IRQHandler    interrupts_hc32f005.o
    0x00001ac8   0x00001ac8   0x00000012   Code   RO         2142    i.Is_Empty_Queue    queue.o
    0x00001ada   0x00001ada   0x0000001c   Code   RO         2143    i.Is_Full_Queue     queue.o
    0x00001af6   0x00001af6   0x00000008   Code   RO          101    i.LVD_IRQHandler    interrupts_hc32f005.o
    0x00001afe   0x00001afe   0x00000002   PAD
    0x00001b00   0x00001b00   0x0000001c   Code   RO         2097    i.MAIN_INIT         point_fun.o
    0x00001b1c   0x00001b1c   0x00000008   Code   RO          102    i.PCA_IRQHandler    interrupts_hc32f005.o
    0x00001b24   0x00001b24   0x00000008   Code   RO          103    i.PCNT_IRQHandler   interrupts_hc32f005.o
    0x00001b2c   0x00001b2c   0x00000008   Code   RO          104    i.PORT0_IRQHandler  interrupts_hc32f005.o
    0x00001b34   0x00001b34   0x00000008   Code   RO          105    i.PORT1_IRQHandler  interrupts_hc32f005.o
    0x00001b3c   0x00001b3c   0x00000008   Code   RO          106    i.PORT2_IRQHandler  interrupts_hc32f005.o
    0x00001b44   0x00001b44   0x00000008   Code   RO          107    i.PORT3_IRQHandler  interrupts_hc32f005.o
    0x00001b4c   0x00001b4c   0x0000003c   Code   RO         1959    i.Port3_IRQHandler  user_gpio.o
    0x00001b88   0x00001b88   0x00000008   Code   RO          108    i.SPI_IRQHandler    interrupts_hc32f005.o
    0x00001b90   0x00001b90   0x00000010   Code   RO         2098    i.Select_Init       point_fun.o
    0x00001ba0   0x00001ba0   0x0000001e   Code   RO          388    i.SetBit            ddl.o
    0x00001bbe   0x00001bbe   0x00000008   Code   RO          109    i.SysTick_Handler   interrupts_hc32f005.o
    0x00001bc6   0x00001bc6   0x00000052   Code   RO          484    i.Sysctrl_ClkInit   sysctrl.o
    0x00001c18   0x00001c18   0x000000d4   Code   RO          485    i.Sysctrl_ClkSourceEnable  sysctrl.o
    0x00001cec   0x00001cec   0x00000100   Code   RO          486    i.Sysctrl_GetHClkFreq  sysctrl.o
    0x00001dec   0x00001dec   0x00000020   Code   RO          487    i.Sysctrl_GetPClkFreq  sysctrl.o
    0x00001e0c   0x00001e0c   0x00000028   Code   RO          490    i.Sysctrl_SetHCLKDiv  sysctrl.o
    0x00001e34   0x00001e34   0x00000028   Code   RO          491    i.Sysctrl_SetPCLKDiv  sysctrl.o
    0x00001e5c   0x00001e5c   0x00000018   Code   RO          492    i.Sysctrl_SetPeripheralGate  sysctrl.o
    0x00001e74   0x00001e74   0x00000028   Code   RO          493    i.Sysctrl_SetRCHTrim  sysctrl.o
    0x00001e9c   0x00001e9c   0x00000024   Code   RO          494    i.Sysctrl_SetRCLStableTime  sysctrl.o
    0x00001ec0   0x00001ec0   0x00000020   Code   RO          497    i.Sysctrl_SetXTHStableTime  sysctrl.o
    0x00001ee0   0x00001ee0   0x0000002c   Code   RO          498    i.Sysctrl_SysClkSwitch  sysctrl.o
    0x00001f0c   0x00001f0c   0x0000001c   Code   RO          499    i.Sysctrl_XTHDriverCfg  sysctrl.o
    0x00001f28   0x00001f28   0x00000010   Code   RO           12    i.SystemCoreClockUpdate  system_hc32f005.o
    0x00001f38   0x00001f38   0x00000008   Code   RO           13    i.SystemInit        system_hc32f005.o
    0x00001f40   0x00001f40   0x00000008   Code   RO          110    i.TIM0_IRQHandler   interrupts_hc32f005.o
    0x00001f48   0x00001f48   0x00000008   Code   RO          111    i.TIM1_IRQHandler   interrupts_hc32f005.o
    0x00001f50   0x00001f50   0x00000008   Code   RO          112    i.TIM2_IRQHandler   interrupts_hc32f005.o
    0x00001f58   0x00001f58   0x00000008   Code   RO          113    i.TIM3_IRQHandler   interrupts_hc32f005.o
    0x00001f60   0x00001f60   0x00000008   Code   RO          114    i.TIM4_IRQHandler   interrupts_hc32f005.o
    0x00001f68   0x00001f68   0x00000008   Code   RO          115    i.TIM5_IRQHandler   interrupts_hc32f005.o
    0x00001f70   0x00001f70   0x00000008   Code   RO          116    i.TIM6_IRQHandler   interrupts_hc32f005.o
    0x00001f78   0x00001f78   0x0000002c   Code   RO         1798    i.Tim2_IRQHandler   user_timer.o
    0x00001fa4   0x00001fa4   0x00000064   Code   RO         1799    i.Tim6_IRQHandler   user_timer.o
    0x00002008   0x00002008   0x00000008   Code   RO          117    i.UART0_IRQHandler  interrupts_hc32f005.o
    0x00002010   0x00002010   0x00000008   Code   RO          118    i.UART1_IRQHandler  interrupts_hc32f005.o
    0x00002018   0x00002018   0x00000024   Code   RO         2189    i.UART_Send_Buf     uart_frame.o
    0x0000203c   0x0000203c   0x00000030   Code   RO         2190    i.Uart1_IRQHandler  uart_frame.o
    0x0000206c   0x0000206c   0x00000016   Code   RO          615    i.Uart_ClrStatus    uart.o
    0x00002082   0x00002082   0x00000014   Code   RO          618    i.Uart_EnableFunc   uart.o
    0x00002096   0x00002096   0x00000014   Code   RO          619    i.Uart_EnableIrq    uart.o
    0x000020aa   0x000020aa   0x00000018   Code   RO          622    i.Uart_GetStatus    uart.o
    0x000020c2   0x000020c2   0x00000024   Code   RO          623    i.Uart_Init         uart.o
    0x000020e6   0x000020e6   0x00000008   Code   RO          624    i.Uart_ReceiveData  uart.o
    0x000020ee   0x000020ee   0x0000002c   Code   RO          626    i.Uart_SendDataPoll  uart.o
    0x0000211a   0x0000211a   0x0000005c   Code   RO          628    i.Uart_SetBaudRate  uart.o
    0x00002176   0x00002176   0x00000008   Code   RO          119    i.VC0_IRQHandler    interrupts_hc32f005.o
    0x0000217e   0x0000217e   0x00000008   Code   RO          120    i.VC1_IRQHandler    interrupts_hc32f005.o
    0x00002186   0x00002186   0x00000008   Code   RO          121    i.WDT_IRQHandler    interrupts_hc32f005.o
    0x0000218e   0x0000218e   0x00000002   PAD
    0x00002190   0x00002190   0x000000b0   Code   RO          289    i._500ms_time_handle  main.o
    0x00002240   0x00002240   0x00000018   Code   RO          500    i._SysctrlUnlock    sysctrl.o
    0x00002258   0x00002258   0x00000078   Code   RO         1694    i._UartBaudCfg      user_usart.o
    0x000022d0   0x000022d0   0x0000002e   Code   RO         2499    i.__ARM_clz         mf_p.l(depilogue.o)
    0x000022fe   0x000022fe   0x0000001c   Code   RO         1244    i.__ARM_common_switch8  adc.o
    0x0000231a   0x0000231a   0x00000002   PAD
    0x0000231c   0x0000231c   0x00000078   Code   RO          122    i.__NVIC_SetPriority  interrupts_hc32f005.o
    0x00002394   0x00002394   0x0000000e   Code   RO         2505    i.__scatterload_copy  mc_p.l(handlers.o)
    0x000023a2   0x000023a2   0x00000002   Code   RO         2506    i.__scatterload_null  mc_p.l(handlers.o)
    0x000023a4   0x000023a4   0x0000000e   Code   RO         2507    i.__scatterload_zeroinit  mc_p.l(handlers.o)
    0x000023b2   0x000023b2   0x00000002   PAD
    0x000023b4   0x000023b4   0x000000dc   Code   RO         2311    i.check_bridge_static  motor.o
    0x00002490   0x00002490   0x0000012c   Code   RO         2266    i.checkout_bus_voltage  motor_speed_pid.o
    0x000025bc   0x000025bc   0x00000090   Code   RO         2267    i.checkout_current_over  motor_speed_pid.o
    0x0000264c   0x0000264c   0x000000ac   Code   RO         2268    i.checkout_voltage_runaway  motor_speed_pid.o
    0x000026f8   0x000026f8   0x0000001c   Code   RO         1892    i.clear_adcbuf      user_adc.o
    0x00002714   0x00002714   0x00000674   Code   RO         2191    i.cmd_proc          uart_frame.o
    0x00002d88   0x00002d88   0x00000034   Code   RO         2192    i.communication_checkout  uart_frame.o
    0x00002dbc   0x00002dbc   0x00000090   Code   RO         2312    i.ctr_init          motor.o
    0x00002e4c   0x00002e4c   0x00000280   Code   RO         2313    i.ctr_proc_loop     motor.o
    0x000030cc   0x000030cc   0x00000020   Code   RO          392    i.ddl_memclr        ddl.o
    0x000030ec   0x000030ec   0x0000003c   Code   RO         2385    i.default_pid_int   pid.o
    0x00003128   0x00003128   0x0000005c   Code   RO          394    i.delay10us         ddl.o
    0x00003184   0x00003184   0x00000058   Code   RO          395    i.delay1ms          ddl.o
    0x000031dc   0x000031dc   0x00000008   Code   RO         2269    i.error_chick       motor_speed_pid.o
    0x000031e4   0x000031e4   0x0000008c   Code   RO         1893    i.get_adc_value     user_adc.o
    0x00003270   0x00003270   0x0000005c   Code   RO          290    i.main              main.o
    0x000032cc   0x000032cc   0x00000040   Code   RO         2314    i.motor_controlled_stop_set  motor.o
    0x0000330c   0x0000330c   0x00000038   Code   RO         2315    i.motor_emergency_brake_set  motor.o
    0x00003344   0x00003344   0x00000024   Code   RO         2316    i.motor_hard_fault_set  motor.o
    0x00003368   0x00003368   0x00000028   Code   RO         2317    i.motor_immediate_pwm_cutoff  motor.o
    0x00003390   0x00003390   0x00000064   Code   RO         2318    i.motor_soft_fault_set  motor.o
    0x000033f4   0x000033f4   0x000003f4   Code   RO         2319    i.motor_speed       motor.o
    0x000037e8   0x000037e8   0x000002a4   Code   RO         2270    i.motor_speed_pid_isr  motor_speed_pid.o
    0x00003a8c   0x00003a8c   0x00000010   Code   RO         2099    i.myfun             point_fun.o
    0x00003a9c   0x00003a9c   0x00000140   Code   RO         2386    i.pid_calc          pid.o
    0x00003bdc   0x00003bdc   0x0000003c   Code   RO         2387    i.pid_clear_integral_keep_output  pid.o
    0x00003c18   0x00003c18   0x0000000c   Code   RO         2100    i.rt_data           point_fun.o
    0x00003c24   0x00003c24   0x00000024   Code   RO         1800    i.tim0run           user_timer.o
    0x00003c48   0x00003c48   0x0000000a   Code   RO         1801    i.tim0stop          user_timer.o
    0x00003c52   0x00003c52   0x00000002   PAD
    0x00003c54   0x00003c54   0x00000018   Code   RO         1802    i.tim2run           user_timer.o
    0x00003c6c   0x00003c6c   0x0000002c   Code   RO         1803    i.tim6run           user_timer.o
    0x00003c98   0x00003c98   0x00000014   Code   RO         1804    i.tim6stop          user_timer.o
    0x00003cac   0x00003cac   0x00000034   Code   RO         2193    i.uart_frame_init   uart_frame.o
    0x00003ce0   0x00003ce0   0x00000178   Code   RO         2194    i.uart_frame_loop   uart_frame.o
    0x00003e58   0x00003e58   0x00000044   Code   RO         2195    i.uart_frame_tx     uart_frame.o
    0x00003e9c   0x00003e9c   0x0000001c   Code   RO         1894    i.user_adc_init     user_adc.o
    0x00003eb8   0x00003eb8   0x0000001c   Code   RO         1960    i.user_gpio_init    user_gpio.o
    0x00003ed4   0x00003ed4   0x00000024   Code   RO         1805    i.user_timer_init   user_timer.o
    0x00003ef8   0x00003ef8   0x00000010   Code   RO         1703    i.user_usart_init   user_usart.o
    0x00003f08   0x00003f08   0x00000040   Code   RO          291    i.wait_for_motor    main.o
    0x00003f48   0x00003f48   0x00000018   Data   RO          501    .constdata          sysctrl.o
    0x00003f60   0x00003f60   0x00000020   Data   RO         2503    Region$$Table       anon$$obj.o


    Execution Region RW_IRAM1 (Exec base: 0x20000000, Load base: 0x00003f80, Size: 0x00000670, Max: 0x00001000, ABSOLUTE)

    Exec Addr    Load Addr    Size         Type   Attr      Idx    E Section Name        Object

    0x20000000   0x00003f80   0x00000004   Data   RW           14    .data               system_hc32f005.o
    0x20000004   0x00003f84   0x00000009   Data   RW          292    .data               main.o
    0x2000000d   0x00003f8d   0x00000001   PAD
    0x2000000e   0x00003f8e   0x00000007   Data   RW         1806    .data               user_timer.o
    0x20000015   0x00003f95   0x00000003   PAD
    0x20000018   0x00003f98   0x00000015   Data   RW         1896    .data               user_adc.o
    0x2000002d   0x00003fad   0x00000003   PAD
    0x20000030   0x00003fb0   0x00000018   Data   RW         2198    .data               uart_frame.o
    0x20000048   0x00003fc8   0x00000014   Data   RW         2271    .data               motor_speed_pid.o
    0x2000005c   0x00003fdc   0x000000bc   Data   RW         2321    .data               motor.o
    0x20000118        -       0x00000014   Zero   RW         1895    .bss                user_adc.o
    0x2000012c        -       0x00000020   Zero   RW         2101    .bss                point_fun.o
    0x2000014c        -       0x000000ab   Zero   RW         2197    .bss                uart_frame.o
    0x200001f7   0x00004098   0x00000001   PAD
    0x200001f8        -       0x0000004c   Zero   RW         2320    .bss                motor.o
    0x20000244        -       0x0000002c   Zero   RW         2388    .bss                pid.o
    0x20000270        -       0x00000400   Zero   RW            1    STACK               startup_hc32f005.o


==============================================================================

Image component sizes


      Code (inc. data)   RO Data    RW Data    ZI Data      Debug   Object Name

       732         50          0          0          0       4628   adc.o
       776          0          0          0          0       7949   adt.o
        28          6          0          0          0        464   bgr.o
      1036         40          0          0          0       5032   bt.o
       254         30          0          0          0       3218   ddl.o
        52         14          0          0          0        582   flash.o
       292         42          0          0          0       4708   gpio.o
       460         18          0          0          0      22967   interrupts_hc32f005.o
       390         42          0          9          0      22015   main.o
      2312        198          0        188         76      10449   motor.o
      1300        100          0         20          0       4351   motor_speed_pid.o
       440         48          0          0         44       3167   pid.o
        72         12          0          0         32       2259   point_fun.o
       144          0          0          0          0       3012   queue.o
        60         22        192          0       1024        644   startup_hc32f005.o
       928         80         24          0          0       9893   sysctrl.o
        24          4          0          4          0      53979   system_hc32f005.o
       266          0          0          0          0       5395   uart.o
      2298        216          0         24        171       8392   uart_frame.o
       668         76          0         21         20       4663   user_adc.o
       126          8          0          0          0       1384   user_gpio.o
       724         62          0          7          0       7275   user_timer.o
       260         10          0          0          0       1992   user_usart.o

    ----------------------------------------------------------------------
     13662       1078        248        280       1368     188418   Object Totals
         0          0         32          0          0          0   (incl. Generated)
        20          0          0          7          1          0   (incl. Padding)

    ----------------------------------------------------------------------

      Code (inc. data)   RO Data    RW Data    ZI Data      Debug   Library Member Name

         0          0          0          0          0          0   entry.o
         0          0          0          0          0          0   entry10a.o
         0          0          0          0          0          0   entry11a.o
         4          0          0          0          0          0   entry12b.o
         8          4          0          0          0          0   entry2.o
         4          0          0          0          0          0   entry5.o
         0          0          0          0          0          0   entry7b.o
         0          0          0          0          0          0   entry8b.o
         8          4          0          0          0          0   entry9a.o
        30          0          0          0          0          0   handlers.o
        40          0          0          0          0         72   idiv.o
        36          8          0          0          0         68   init.o
         0          0          0          0          0          0   iusefp.o
        32          0          0          0          0         68   llshl.o
        38          0          0          0          0         68   llsshr.o
        34          0          0          0          0         68   llushr.o
        36          0          0          0          0         60   memcpya.o
        44          0          0          0          0         72   uidiv.o
        40          2          0          0          0         68   cdrcmple.o
        20          0          0          0          0         68   cfcmple.o
        20          0          0          0          0         68   cfrcmple.o
        56          0          0          0          0         68   d2f.o
       360          6          0          0          0        140   dadd.o
       240          6          0          0          0         84   ddiv.o
       236          0          0          0          0        216   depilogue.o
        60         10          0          0          0         68   dfixui.o
        40          6          0          0          0         68   dflti.o
        28          4          0          0          0         68   dfltui.o
       208          6          0          0          0         88   dmul.o
        40          0          0          0          0         60   f2d.o
       178          0          0          0          0        108   fadd.o
       124          0          0          0          0         72   fdiv.o
       130          0          0          0          0        144   fepilogue.o
        50          0          0          0          0         60   ffixi.o
        40          0          0          0          0         60   ffixui.o
        22          0          0          0          0         68   fflti.o
        14          0          0          0          0         68   ffltui.o
       122          0          0          0          0         72   fmul.o

    ----------------------------------------------------------------------
      2346         56          0          0          0       2192   Library Totals
         4          0          0          0          0          0   (incl. Padding)

    ----------------------------------------------------------------------

      Code (inc. data)   RO Data    RW Data    ZI Data      Debug   Library Name

       314         16          0          0          0        476   mc_p.l
      2028         40          0          0          0       1716   mf_p.l

    ----------------------------------------------------------------------
      2346         56          0          0          0       2192   Library Totals

    ----------------------------------------------------------------------

==============================================================================


      Code (inc. data)   RO Data    RW Data    ZI Data      Debug   

     16008       1134        248        280       1368     182686   Grand Totals
     16008       1134        248        280       1368     182686   ELF Image Totals
     16008       1134        248        280          0          0   ROM Totals

==============================================================================

    Total RO  Size (Code + RO Data)                16256 (  15.88kB)
    Total RW  Size (RW Data + ZI Data)              1648 (   1.61kB)
    Total ROM Size (Code + RO Data + RW Data)      16536 (  16.15kB)

==============================================================================

