BL51 BANKED LINKER/LOCATER V6.22.2.0                                                    07/25/2025  10:27:10  PAGE 1


BL51 BANKED LINKER/LOCATER V6.22.2.0, INVOKED BY:
D:\SOFTWARE\KEIL_V5\C51\C51\BIN\BL51.EXE .\Output\STARTUP.obj, .\Output\7_segment.obj, .\Output\aip1628.obj, .\Output\in
>> decate.obj, .\Output\led_disp.obj, .\Output\keypad.obj, .\Output\keypad_fun.obj, .\Output\beep.obj, .\Output\main.obj
>> , .\Output\queue.obj, .\Output\uart_frame.obj, .\Output\treadmills.obj, .\Output\param.obj, .\Output\programe.obj, .\
>> Output\decode.obj, .\Output\isr.obj, .\Output\PWM_simple.obj, .\Output\Timer01_M1.obj, .\Output\uart.obj, .\Output\ee
>> _param.obj, .\Output\IAP_EEPROM.obj, .\Output\Delay.obj, .\Output\Common.obj TO .\Output\PBJ_SK_2.4G PRINT (.\LST\PBJ
>> _SK_2.m51) RAMSIZE (256) DISABLEWARNING (16)


MEMORY MODEL: LARGE WITH FLOATING POINT ARITHMETIC


INPUT MODULES INCLUDED:
  .\Output\STARTUP.obj (?C_STARTUP)
  .\Output\7_segment.obj (7_SEGMENT)
  .\Output\aip1628.obj (AIP1628)
  .\Output\indecate.obj (INDECATE)
  .\Output\led_disp.obj (LED_DISP)
  .\Output\keypad.obj (KEYPAD)
  .\Output\keypad_fun.obj (KEYPAD_FUN)
  .\Output\beep.obj (BEEP)
  .\Output\main.obj (MAIN)
  .\Output\queue.obj (QUEUE)
  .\Output\uart_frame.obj (UART_FRAME)
  .\Output\treadmills.obj (TREADMILLS)
  .\Output\param.obj (PARAM)
  .\Output\programe.obj (PROGRAME)
  .\Output\decode.obj (DECODE)
  .\Output\isr.obj (ISR)
  .\Output\PWM_simple.obj (PWM_SIMPLE)
  .\Output\Timer01_M1.obj (TIMER01_M1)
  .\Output\uart.obj (UART)
  .\Output\ee_param.obj (EE_PARAM)
  .\Output\IAP_EEPROM.obj (IAP_EEPROM)
  .\Output\Delay.obj (DELAY)
  .\Output\Common.obj (COMMON)
  D:\SOFTWARE\KEIL_V5\C51\C51\LIB\C51FPL.LIB (?C?FPADD)
  D:\SOFTWARE\KEIL_V5\C51\C51\LIB\C51FPL.LIB (?C?FPMUL)
  D:\SOFTWARE\KEIL_V5\C51\C51\LIB\C51FPL.LIB (?C?FPDIV)
  D:\SOFTWARE\KEIL_V5\C51\C51\LIB\C51FPL.LIB (?C?FPCMP)
  D:\SOFTWARE\KEIL_V5\C51\C51\LIB\C51FPL.LIB (?C?FCAST)
  D:\SOFTWARE\KEIL_V5\C51\C51\LIB\C51FPL.LIB (?C?CASTF)
  D:\SOFTWARE\KEIL_V5\C51\C51\LIB\C51FPL.LIB (?C?FPGETOPN)
  D:\SOFTWARE\KEIL_V5\C51\C51\LIB\C51L.LIB (?C_INIT)
  D:\SOFTWARE\KEIL_V5\C51\C51\LIB\C51L.LIB (?C?COPY)
  D:\SOFTWARE\KEIL_V5\C51\C51\LIB\C51L.LIB (?C?CLDPTR)
  D:\SOFTWARE\KEIL_V5\C51\C51\LIB\C51L.LIB (?C?CLDOPTR)
  D:\SOFTWARE\KEIL_V5\C51\C51\LIB\C51L.LIB (?C?CSTPTR)
  D:\SOFTWARE\KEIL_V5\C51\C51\LIB\C51L.LIB (?C?CSTOPTR)
  D:\SOFTWARE\KEIL_V5\C51\C51\LIB\C51L.LIB (?C?UIDIV)
  D:\SOFTWARE\KEIL_V5\C51\C51\LIB\C51L.LIB (?C?IILDX)
  D:\SOFTWARE\KEIL_V5\C51\C51\LIB\C51L.LIB (?C?ULDIV)
  D:\SOFTWARE\KEIL_V5\C51\C51\LIB\C51L.LIB (?C?LNEG)
  D:\SOFTWARE\KEIL_V5\C51\C51\LIB\C51L.LIB (?C?ULCMP)
  D:\SOFTWARE\KEIL_V5\C51\C51\LIB\C51L.LIB (?C?ULSHR)
  D:\SOFTWARE\KEIL_V5\C51\C51\LIB\C51L.LIB (?C?LLDOPTR)
  D:\SOFTWARE\KEIL_V5\C51\C51\LIB\C51L.LIB (?C?LSTOPTR)
  D:\SOFTWARE\KEIL_V5\C51\C51\LIB\C51L.LIB (?C?LLDOPTR0)
BL51 BANKED LINKER/LOCATER V6.22.2.0                                                  07/25/2025  10:27:10  PAGE 2


  D:\SOFTWARE\KEIL_V5\C51\C51\LIB\C51L.LIB (?C?LSTXDATA)
  D:\SOFTWARE\KEIL_V5\C51\C51\LIB\C51L.LIB (?C?LSTKXDATA)
  D:\SOFTWARE\KEIL_V5\C51\C51\LIB\C51L.LIB (?C?LSTKOPTR)
  D:\SOFTWARE\KEIL_V5\C51\C51\LIB\C51L.LIB (?C?PLDPTR)
  D:\SOFTWARE\KEIL_V5\C51\C51\LIB\C51L.LIB (?C?PSTPTR)
  D:\SOFTWARE\KEIL_V5\C51\C51\LIB\C51L.LIB (?C?CCASE)
  D:\SOFTWARE\KEIL_V5\C51\C51\LIB\C51L.LIB (?C?LLDIDATA)
  D:\SOFTWARE\KEIL_V5\C51\C51\LIB\C51L.LIB (?C?LLDXDATA)
  D:\SOFTWARE\KEIL_V5\C51\C51\LIB\C51L.LIB (?C?LLDPDATA)
  D:\SOFTWARE\KEIL_V5\C51\C51\LIB\C51L.LIB (?C?LLDCODE)
  D:\SOFTWARE\KEIL_V5\C51\C51\LIB\C51L.LIB (?C?LLDIDATA0)
  D:\SOFTWARE\KEIL_V5\C51\C51\LIB\C51L.LIB (?C?LLDXDATA0)
  D:\SOFTWARE\KEIL_V5\C51\C51\LIB\C51L.LIB (?C?LLDPDATA0)
  D:\SOFTWARE\KEIL_V5\C51\C51\LIB\C51L.LIB (?C?LLDCODE0)
  D:\SOFTWARE\KEIL_V5\C51\C51\LIB\C51L.LIB (?C?LSTIDATA)
  D:\SOFTWARE\KEIL_V5\C51\C51\LIB\C51L.LIB (?C?LSTPDATA)
  D:\SOFTWARE\KEIL_V5\C51\C51\LIB\C51L.LIB (?C?LSTKIDATA)
  D:\SOFTWARE\KEIL_V5\C51\C51\LIB\C51L.LIB (?C?LSTKPDATA)
  D:\SOFTWARE\KEIL_V5\C51\C51\LIB\C51L.LIB (?C?PLDIDATA)
  D:\SOFTWARE\KEIL_V5\C51\C51\LIB\C51L.LIB (?C?PSTIDATA)
  D:\SOFTWARE\KEIL_V5\C51\C51\LIB\C51L.LIB (?C?PLDXDATA)
  D:\SOFTWARE\KEIL_V5\C51\C51\LIB\C51L.LIB (?C?PSTXDATA)
  D:\SOFTWARE\KEIL_V5\C51\C51\LIB\C51L.LIB (?C?PLDPDATA)
  D:\SOFTWARE\KEIL_V5\C51\C51\LIB\C51L.LIB (?C?PSTPDATA)
  D:\SOFTWARE\KEIL_V5\C51\C51\LIB\C51L.LIB (?C?PLDCODE)


LINK MAP OF MODULE:  .\Output\PBJ_SK_2.4G (?C_STARTUP)


            TYPE    BASE      LENGTH    RELOCATION   SEGMENT NAME
            -----------------------------------------------------

            * * * * * * *   D A T A   M E M O R Y   * * * * * * *
            REG     0000H     0008H     ABSOLUTE     "REG BANK 0"
            DATA    0008H     0002H     UNIT         _DATA_GROUP_
                    000AH     0016H                  *** GAP ***
            BIT     0020H.0   0000H.5   UNIT         ?BI?DECODE
            BIT     0020H.5   0000H.2   UNIT         ?BI?MAIN
            BIT     0020H.7   0000H.2   UNIT         ?BI?UART_FRAME
            BIT     0021H.1   0000H.1   UNIT         ?BI?KEYPAD_FUN
            BIT     0021H.2   0000H.1   UNIT         ?BI?UART
            BIT     0021H.3   0000H.1   UNIT         ?BI?DELAY
                    0021H.4   0000H.4                *** GAP ***
            IDATA   0022H     0001H     UNIT         ?STACK

            * * * * * * *  X D A T A   M E M O R Y  * * * * * * *
            XDATA   0000H     019BH     UNIT         ?XD?UART_FRAME
            XDATA   019BH     0071H     UNIT         _XDATA_GROUP_
            XDATA   020CH     004CH     UNIT         ?XD?TREADMILLS
            XDATA   0258H     0012H     UNIT         ?XD?DECODE
            XDATA   026AH     0011H     UNIT         ?XD?7_SEGMENT
            XDATA   027BH     000FH     UNIT         ?XD?ISR
            XDATA   028AH     000EH     UNIT         ?XD?LED_DISP
            XDATA   0298H     000EH     UNIT         ?XD?KEYPAD
            XDATA   02A6H     0008H     UNIT         ?XD?BEEP
            XDATA   02AEH     0007H     UNIT         ?XD?KEYPAD_FUN
BL51 BANKED LINKER/LOCATER V6.22.2.0                                                  07/25/2025  10:27:10  PAGE 3


            XDATA   02B5H     0007H     UNIT         ?XD?_WRITE_APROM_PAGE?IAP_EEPROM
            XDATA   02BCH     0006H     UNIT         ?XD?INDECATE
            XDATA   02C2H     0005H     UNIT         ?XD?_AIP1628_WRITE_NBYTES?AIP1628
            XDATA   02C7H     0005H     UNIT         ?XD?MAIN
            XDATA   02CCH     0005H     UNIT         ?XD?PROGRAME
            XDATA   02D1H     0005H     UNIT         ?XD?EE_PARAM
            XDATA   02D6H     0005H     UNIT         ?XD?_READ_APROM_PAGE?IAP_EEPROM
            XDATA   02DBH     0004H     UNIT         ?XD?PARAM
            XDATA   02DFH     0004H     UNIT         ?XD?_TIMER0_DELAY100US?DELAY
            XDATA   02E3H     0004H     UNIT         ?XD?_TIMER0_DELAY1MS?DELAY
            XDATA   02E7H     0004H     UNIT         ?XD?_TIMER1_DELAY10MS?DELAY
            XDATA   02EBH     0004H     UNIT         ?XD?_TIMER2_DELAY500US?DELAY
            XDATA   02EFH     0004H     UNIT         ?XD?_TIMER3_DELAY100MS?DELAY
            XDATA   02F3H     0004H     UNIT         ?XD?_TIMER3_DELAY10US?DELAY
            XDATA   02F7H     0004H     UNIT         ?XD?_INITIALUART0_TIMER3?COMMON
            XDATA   02FBH     0002H     UNIT         ?XD?BT_PANEL_SEND_SPEED?UART_FRAME
            XDATA   02FDH     0002H     UNIT         ?XD?UART
            XDATA   02FFH     0002H     UNIT         ?XD?READ_PARAM?EE_PARAM
            XDATA   0301H     0001H     UNIT         ?XD?KEYPAD_LONG_PROC?KEYPAD_FUN

            * * * * * * *   C O D E   M E M O R Y   * * * * * * *
            CODE    0000H     0003H     ABSOLUTE     
            CODE    0003H     0007H     UNIT         ?PR?EE_PARAM_INIT?EE_PARAM
                    000AH     0001H                  *** GAP ***
            CODE    000BH     0003H     ABSOLUTE     
            CODE    000EH     0014H     UNIT         ?PR?LED_DISPLAY_INIT?LED_DISP
                    0022H     0001H                  *** GAP ***
            CODE    0023H     0003H     ABSOLUTE     
            CODE    0026H     0054H     UNIT         ?PR?UART_FRAME_INIT?UART_FRAME
                    007AH     0001H                  *** GAP ***
            CODE    007BH     0003H     ABSOLUTE     
            CODE    007EH     0921H     UNIT         ?C?LIB_CODE
            CODE    099FH     03FDH     UNIT         ?PR?_TREADMILLS_DISPLAY?TREADMILLS
            CODE    0D9CH     03F0H     UNIT         ?PR?TREADMILLS_PROC_LOOP?TREADMILLS
            CODE    118CH     0353H     UNIT         ?PR?RF433M_RECEVIEDECODE?DECODE
            CODE    14DFH     02C0H     UNIT         ?PR?TREADMILLS_PARAM_CALC?TREADMILLS
            CODE    179FH     023EH     UNIT         ?PR?UART0_CMD_PROC?UART_FRAME
            CODE    19DDH     01ECH     UNIT         ?PR?MAIN?MAIN
            CODE    1BC9H     01E2H     UNIT         ?PR?KEYPAD_SHORT_PROC?KEYPAD_FUN
            CODE    1DABH     01D5H     UNIT         ?PR?SEG_DISP_PROC?LED_DISP
            CODE    1F80H     017BH     UNIT         ?PR?UART0_FRAME_LOOP?UART_FRAME
            CODE    20FBH     015FH     UNIT         ?PR?UART1_FRAME_LOOP?UART_FRAME
            CODE    225AH     0146H     UNIT         ?C_INITSEG
            CODE    23A0H     0135H     UNIT         ?PR?UART1_CMD_PROC?UART_FRAME
            CODE    24D5H     012EH     UNIT         ?PR?SEND_DEFAULT_PARAM?MAIN
            CODE    2603H     011FH     UNIT         ?PR?_SEND_MOTION_DATA?UART_FRAME
            CODE    2722H     0104H     UNIT         ?PR?KEYPAD_SCAN?KEYPAD
            CODE    2826H     00FFH     UNIT         ?PR?TIMER0_ISR?ISR
            CODE    2925H     00DEH     UNIT         ?PR?BT_POWER_SEND?UART_FRAME
            CODE    2A03H     00D6H     UNIT         ?PR?_SET_SEG_VAL?LED_DISP
            CODE    2AD9H     00BDH     UNIT         ?PR?_UART0_SEND_FRAME?UART_FRAME
            CODE    2B96H     00BAH     UNIT         ?PR?_WRITE_APROM_PAGE?IAP_EEPROM
            CODE    2C50H     00ACH     UNIT         ?C_C51STARTUP
            CODE    2CFCH     00A7H     UNIT         ?PR?MODIFY_HIRC_166?MAIN
            CODE    2DA3H     0093H     UNIT         ?PR?_BTN_ADD_PROC?KEYPAD_FUN
            CODE    2E36H     008DH     UNIT         ?PR?_DENTER_QUEUE?QUEUE
            CODE    2EC3H     008CH     UNIT         ?PR?BEEP_SOUND_PROC?BEEP
BL51 BANKED LINKER/LOCATER V6.22.2.0                                                  07/25/2025  10:27:10  PAGE 4


            CODE    2F4FH     0085H     UNIT         ?PR?TREADMILLS_DISP_LOOP?TREADMILLS
            CODE    2FD4H     0082H     UNIT         ?PR?_SET_SEG_TWO?LED_DISP
            CODE    3056H     0081H     UNIT         ?PR?_SET_SEG_TWO_SC?LED_DISP
            CODE    30D7H     0080H     UNIT         ?PR?_UART1_ENTER_QUEUE?QUEUE
            CODE    3157H     0080H     UNIT         ?PR?_UART0_ENTER_QUEUE?QUEUE
            CODE    31D7H     007FH     UNIT         ?PR?COMMUNICATION_CHECKOUT?TREADMILLS
            CODE    3256H     007DH     UNIT         ?PR?_BTN_SUB_PROC?KEYPAD_FUN
            CODE    32D3H     007DH     UNIT         ?PR?_INITIALUART0_TIMER3?COMMON
            CODE    3350H     0078H     UNIT         ?PR?_INITIALUART1_TIMER3?COMMON
            CODE    33C8H     0077H     UNIT         ?PR?DISP_UPDATE?INDECATE
            CODE    343FH     006FH     UNIT         ?PR?_UART_SEND_BUF?UART
            CODE    34AEH     0069H     UNIT         ?PR?_UART_SEND_DATA?UART
            CODE    3517H     0064H     UNIT         ?PR?BOOT_TIME?TREADMILLS
            CODE    357BH     0063H     UNIT         ?PR?_BEEP_SET?BEEP
            CODE    35DEH     005EH     UNIT         ?PR?_TIMER3_DELAY100MS?DELAY
            CODE    363CH     005EH     UNIT         ?PR?_TIMER3_DELAY10US?DELAY
            CODE    369AH     005DH     UNIT         ?PR?_ERASE_APROM_PAGE?IAP_EEPROM
            CODE    36F7H     005CH     UNIT         ?PR?_CREATE_QUEUE?QUEUE
            CODE    3753H     005CH     UNIT         ?PR?_TIMER2_DELAY500US?DELAY
            CODE    37AFH     0059H     UNIT         ?PR?UART1_ISR?UART
            CODE    3808H     0059H     UNIT         ?PR?_TIMER0_DELAY100US?DELAY
            CODE    3861H     0059H     UNIT         ?PR?_TIMER0_DELAY1MS?DELAY
            CODE    38BAH     0059H     UNIT         ?PR?_TIMER1_DELAY10MS?DELAY
            CODE    3913H     0057H     UNIT         ?PR?_UART1_IS_FULL_QUEUE?QUEUE
            CODE    396AH     0057H     UNIT         ?PR?_UART0_IS_FULL_QUEUE?QUEUE
            CODE    39C1H     0051H     UNIT         ?PR?UART0_ISR?UART
            CODE    3A12H     0051H     UNIT         ?PR?_READ_APROM_PAGE?IAP_EEPROM
            CODE    3A63H     004DH     UNIT         ?PR?SEND_MOTION_DATA_BY_STATUS?UART_FRAME
            CODE    3AB0H     0044H     UNIT         ?PR?READ_PARAM?EE_PARAM
            CODE    3AF4H     0043H     UNIT         ?PR?KEYPAD_CONTINUE_PROC?KEYPAD_FUN
            CODE    3B37H     003EH     UNIT         ?PR?TREADMILLS_INIT?TREADMILLS
            CODE    3B75H     003CH     UNIT         ?PR?_CRC_CHEACK?UART_FRAME
            CODE    3BB1H     003BH     UNIT         ?PR?PWM_INIT?PWM_SIMPLE
            CODE    3BECH     0038H     UNIT         ?PR?_INITIALUART0_TIMER1?COMMON
            CODE    3C24H     0037H     UNIT         ?PR?_UART1_FRAME_TX_2?UART_FRAME
            CODE    3C5BH     0033H     UNIT         ?PR?_BT_PANEL_SEND_CMD?UART_FRAME
            CODE    3C8EH     0032H     UNIT         ?PR?_UART1_FRAME_TX?UART_FRAME
            CODE    3CC0H     002FH     UNIT         ?PR?_AIP1628_WRITE_NBYTES?AIP1628
            CODE    3CEFH     001EH     UNIT         ?PR?_WT_BYTE?AIP1628
            CODE    3D0DH     001EH     UNIT         ?PR?UART_INIT?UART
            CODE    3D2BH     001DH     UNIT         ?PR?WRITE_PARAM?EE_PARAM
            CODE    3D48H     001CH     UNIT         ?PR?BT_PANEL_SEND_SPEED?UART_FRAME
            CODE    3D64H     001BH     UNIT         ?PR?_SET_BIT_SEG?LED_DISP
            CODE    3D7FH     001AH     UNIT         ?PR?SW_RESET?COMMON
            CODE    3D99H     0019H     UNIT         ?PR?TIMER0_INIT?TIMER01_M1
            CODE    3DB2H     0018H     UNIT         ?PR?AIP1628_INIT?AIP1628
            CODE    3DCAH     0018H     UNIT         ?PR?_IS_EMPTY_QUEUE?QUEUE
            CODE    3DE2H     0012H     UNIT         ?PR?PROGRAME_INIT?PROGRAME
            CODE    3DF4H     0011H     UNIT         ?PR?_AIP1628_WRITE_BYTE?AIP1628
            CODE    3E05H     0010H     UNIT         ?PR?_SET_SEG_MODE?LED_DISP
            CODE    3E15H     000FH     UNIT         ?CO?TREADMILLS
            CODE    3E24H     000EH     UNIT         ?PR?_PWM1DUTYCYCLE?PWM_SIMPLE
            CODE    3E32H     000EH     UNIT         ?PR?_PWM2DUTYCYCLE?PWM_SIMPLE
            CODE    3E40H     000DH     UNIT         ?PR?_SET_SEG_FLASH_CNT?LED_DISP
            CODE    3E4DH     000DH     UNIT         ?PR?BEEP_FORCE_STOP?BEEP
            CODE    3E5AH     000CH     UNIT         ?PR?_SET_AIP1628_LIGHTE_SCALE?AIP1628
            CODE    3E66H     000AH     UNIT         ?PR?PARAM_INIT?PARAM
BL51 BANKED LINKER/LOCATER V6.22.2.0                                                  07/25/2025  10:27:10  PAGE 5


            CODE    3E70H     0009H     UNIT         ?PR?KEYPAD_LONG_PROC?KEYPAD_FUN
            CODE    3E79H     0009H     UNIT         ?PR?RF433M_INIT?DECODE
            CODE    3E82H     0003H     UNIT         ?PR?TEST_IAPROM?IAP_EEPROM



OVERLAY MAP OF MODULE:   .\Output\PBJ_SK_2.4G (?C_STARTUP)


SEGMENT                                            DATA_GROUP          XDATA_GROUP
  +--> CALLED SEGMENT                            START    LENGTH     START    LENGTH
------------------------------------------------------------------------------------
?C_C51STARTUP                                    -----    -----      -----    -----
  +--> ?PR?MAIN?MAIN
  +--> ?C_INITSEG

?PR?MAIN?MAIN                                    -----    -----      019BH    0001H
  +--> ?PR?MODIFY_HIRC_166?MAIN
  +--> ?PR?RF433M_INIT?DECODE
  +--> ?PR?LED_DISPLAY_INIT?LED_DISP
  +--> ?PR?AIP1628_INIT?AIP1628
  +--> ?PR?PWM_INIT?PWM_SIMPLE
  +--> ?PR?UART_INIT?UART
  +--> ?PR?TIMER0_INIT?TIMER01_M1
  +--> ?PR?UART_FRAME_INIT?UART_FRAME
  +--> ?PR?TREADMILLS_INIT?TREADMILLS
  +--> ?PR?PARAM_INIT?PARAM
  +--> ?PR?EE_PARAM_INIT?EE_PARAM
  +--> ?PR?_BEEP_SET?BEEP
  +--> ?PR?UART0_FRAME_LOOP?UART_FRAME
  +--> ?PR?UART1_FRAME_LOOP?UART_FRAME
  +--> ?PR?KEYPAD_SCAN?KEYPAD
  +--> ?PR?BEEP_SOUND_PROC?BEEP
  +--> ?PR?BOOT_TIME?TREADMILLS
  +--> ?PR?SEG_DISP_PROC?LED_DISP
  +--> ?PR?TREADMILLS_DISP_LOOP?TREADMILLS
  +--> ?PR?TREADMILLS_PROC_LOOP?TREADMILLS
  +--> ?PR?BT_POWER_SEND?UART_FRAME
  +--> ?PR?COMMUNICATION_CHECKOUT?TREADMILLS
  +--> ?PR?SEND_DEFAULT_PARAM?MAIN
  +--> ?PR?SEND_MOTION_DATA_BY_STATUS?UART_F...
  +--> ?PR?_SET_BIT_SEG?LED_DISP
  +--> ?PR?_SET_SEG_MODE?LED_DISP
  +--> ?PR?TREADMILLS_PARAM_CALC?TREADMILLS
  +--> ?PR?DISP_UPDATE?INDECATE

?PR?MODIFY_HIRC_166?MAIN                         0008H    0002H      -----    -----

?PR?LED_DISPLAY_INIT?LED_DISP                    -----    -----      -----    -----
  +--> ?PR?_SET_SEG_MODE?LED_DISP

?PR?AIP1628_INIT?AIP1628                         -----    -----      -----    -----
  +--> ?PR?_WT_BYTE?AIP1628
  +--> ?PR?_SET_AIP1628_LIGHTE_SCALE?AIP1628

?PR?_SET_AIP1628_LIGHTE_SCALE?AIP1628            -----    -----      -----    -----
  +--> ?PR?_WT_BYTE?AIP1628
BL51 BANKED LINKER/LOCATER V6.22.2.0                                                  07/25/2025  10:27:10  PAGE 6



?PR?UART_INIT?UART                               -----    -----      -----    -----
  +--> ?PR?_INITIALUART0_TIMER1?COMMON
  +--> ?PR?_INITIALUART1_TIMER3?COMMON

?PR?_INITIALUART1_TIMER3?COMMON                  -----    -----      019CH    0004H

?PR?UART_FRAME_INIT?UART_FRAME                   -----    -----      -----    -----
  +--> ?PR?_CREATE_QUEUE?QUEUE

?PR?_CREATE_QUEUE?QUEUE                          -----    -----      019CH    000AH

?PR?_BEEP_SET?BEEP                               -----    -----      01A1H    0005H
  +--> ?PR?_PWM1DUTYCYCLE?PWM_SIMPLE

?PR?UART0_FRAME_LOOP?UART_FRAME                  -----    -----      019CH    0001H
  +--> ?PR?_DENTER_QUEUE?QUEUE
  +--> ?PR?_UART0_SEND_FRAME?UART_FRAME
  +--> ?PR?UART0_CMD_PROC?UART_FRAME

?PR?_DENTER_QUEUE?QUEUE                          -----    -----      019DH    0006H
  +--> ?PR?_IS_EMPTY_QUEUE?QUEUE

?PR?_UART0_SEND_FRAME?UART_FRAME                 -----    -----      01BCH    0039H
  +--> ?PR?_CRC_CHEACK?UART_FRAME
  +--> ?PR?_UART_SEND_BUF?UART

?PR?_CRC_CHEACK?UART_FRAME                       -----    -----      01F5H    0004H

?PR?_UART_SEND_BUF?UART                          -----    -----      01F5H    0005H
  +--> ?PR?_UART_SEND_DATA?UART

?PR?_UART_SEND_DATA?UART                         -----    -----      01FAH    0004H

?PR?UART0_CMD_PROC?UART_FRAME                    -----    -----      019DH    0001H
  +--> ?PR?_UART0_SEND_FRAME?UART_FRAME
  +--> ?PR?_UART1_FRAME_TX?UART_FRAME
  +--> ?PR?_BEEP_SET?BEEP

?PR?_UART1_FRAME_TX?UART_FRAME                   -----    -----      -----    -----
  +--> ?PR?_UART_SEND_BUF?UART

?PR?UART1_FRAME_LOOP?UART_FRAME                  -----    -----      019CH    0001H
  +--> ?PR?_DENTER_QUEUE?QUEUE
  +--> ?PR?UART1_CMD_PROC?UART_FRAME

?PR?UART1_CMD_PROC?UART_FRAME                    -----    -----      -----    -----
  +--> ?PR?_UART_SEND_BUF?UART
  +--> ?PR?_BEEP_SET?BEEP
  +--> ?PR?_SET_SEG_VAL?LED_DISP
  +--> ?PR?_SET_SEG_MODE?LED_DISP

?PR?_SET_SEG_VAL?LED_DISP                        -----    -----      019DH    0002H

?PR?KEYPAD_SCAN?KEYPAD                           -----    -----      -----    -----
  +--> ?PR?_BEEP_SET?BEEP
  +--> ?PR?KEYPAD_CONTINUE_PROC?KEYPAD_FUN
BL51 BANKED LINKER/LOCATER V6.22.2.0                                                  07/25/2025  10:27:10  PAGE 7


  +--> ?PR?KEYPAD_SHORT_PROC?KEYPAD_FUN

?PR?KEYPAD_CONTINUE_PROC?KEYPAD_FUN              -----    -----      019CH    0001H
  +--> ?PR?_BTN_ADD_PROC?KEYPAD_FUN
  +--> ?PR?_BTN_SUB_PROC?KEYPAD_FUN

?PR?_BTN_ADD_PROC?KEYPAD_FUN                     -----    -----      -----    -----
  +--> ?PR?_BEEP_SET?BEEP
  +--> ?PR?_UART1_FRAME_TX?UART_FRAME

?PR?_BTN_SUB_PROC?KEYPAD_FUN                     -----    -----      -----    -----
  +--> ?PR?_BEEP_SET?BEEP
  +--> ?PR?_UART1_FRAME_TX?UART_FRAME

?PR?KEYPAD_SHORT_PROC?KEYPAD_FUN                 -----    -----      019CH    0005H
  +--> ?PR?_BTN_ADD_PROC?KEYPAD_FUN
  +--> ?PR?_BEEP_SET?BEEP
  +--> ?PR?_BT_PANEL_SEND_CMD?UART_FRAME
  +--> ?PR?_UART1_FRAME_TX?UART_FRAME
  +--> ?PR?_BTN_SUB_PROC?KEYPAD_FUN

?PR?_BT_PANEL_SEND_CMD?UART_FRAME                -----    -----      01A1H    0003H
  +--> ?PR?_UART0_SEND_FRAME?UART_FRAME

?PR?BEEP_SOUND_PROC?BEEP                         -----    -----      -----    -----
  +--> ?PR?_PWM1DUTYCYCLE?PWM_SIMPLE

?PR?BOOT_TIME?TREADMILLS                         -----    -----      -----    -----
  +--> ?PR?_TREADMILLS_DISPLAY?TREADMILLS

?PR?_TREADMILLS_DISPLAY?TREADMILLS               -----    -----      019CH    001CH
  +--> ?CO?TREADMILLS
  +--> ?PR?_SET_SEG_TWO_SC?LED_DISP
  +--> ?PR?_SET_BIT_SEG?LED_DISP
  +--> ?PR?_SET_SEG_TWO?LED_DISP

?PR?_SET_SEG_TWO_SC?LED_DISP                     -----    -----      01B8H    0001H

?PR?_SET_SEG_TWO?LED_DISP                        -----    -----      01B8H    0001H

?PR?TREADMILLS_DISP_LOOP?TREADMILLS              -----    -----      -----    -----
  +--> ?PR?_TREADMILLS_DISPLAY?TREADMILLS

?PR?TREADMILLS_PROC_LOOP?TREADMILLS              -----    -----      -----    -----
  +--> ?PR?_SET_BIT_SEG?LED_DISP
  +--> ?PR?_SET_SEG_MODE?LED_DISP
  +--> ?PR?_UART_SEND_BUF?UART
  +--> ?PR?_BEEP_SET?BEEP
  +--> ?PR?_UART1_FRAME_TX_2?UART_FRAME
  +--> ?PR?_TREADMILLS_DISPLAY?TREADMILLS
  +--> ?PR?_UART1_FRAME_TX?UART_FRAME
  +--> ?PR?BEEP_FORCE_STOP?BEEP
  +--> ?PR?_SET_SEG_VAL?LED_DISP

?PR?_UART1_FRAME_TX_2?UART_FRAME                 -----    -----      -----    -----
  +--> ?PR?_UART_SEND_BUF?UART

BL51 BANKED LINKER/LOCATER V6.22.2.0                                                  07/25/2025  10:27:10  PAGE 8


?PR?BEEP_FORCE_STOP?BEEP                         -----    -----      -----    -----
  +--> ?PR?_PWM1DUTYCYCLE?PWM_SIMPLE

?PR?BT_POWER_SEND?UART_FRAME                     -----    -----      -----    -----
  +--> ?PR?_UART0_SEND_FRAME?UART_FRAME

?PR?COMMUNICATION_CHECKOUT?TREADMILLS            -----    -----      -----    -----
  +--> ?PR?_UART1_FRAME_TX?UART_FRAME
  +--> ?PR?_BEEP_SET?BEEP

?PR?SEND_DEFAULT_PARAM?MAIN                      -----    -----      019CH    0001H
  +--> ?PR?_UART1_FRAME_TX?UART_FRAME

?PR?SEND_MOTION_DATA_BY_STATUS?UART_F...         -----    -----      019CH    0001H
  +--> ?PR?_SEND_MOTION_DATA?UART_FRAME

?PR?_SEND_MOTION_DATA?UART_FRAME                 -----    -----      019DH    001FH
  +--> ?PR?_UART0_SEND_FRAME?UART_FRAME

?PR?TREADMILLS_PARAM_CALC?TREADMILLS             -----    -----      -----    -----
  +--> ?PR?_BEEP_SET?BEEP
  +--> ?PR?_TREADMILLS_DISPLAY?TREADMILLS

?PR?DISP_UPDATE?INDECATE                         -----    -----      -----    -----
  +--> ?PR?AIP1628_INIT?AIP1628
  +--> ?PR?_AIP1628_WRITE_BYTE?AIP1628

?PR?_AIP1628_WRITE_BYTE?AIP1628                  -----    -----      -----    -----
  +--> ?PR?_WT_BYTE?AIP1628

*** NEW ROOT ***************************************************

?PR?TIMER0_ISR?ISR                               -----    -----      -----    -----
  +--> ?PR?RF433M_RECEVIEDECODE?DECODE

*** NEW ROOT ***************************************************

?PR?UART0_ISR?UART                               -----    -----      -----    -----
  +--> ?PR?_UART0_ENTER_QUEUE?QUEUE

?PR?_UART0_ENTER_QUEUE?QUEUE                     -----    -----      01FEH    0004H
  +--> ?PR?_UART0_IS_FULL_QUEUE?QUEUE

?PR?_UART0_IS_FULL_QUEUE?QUEUE                   -----    -----      0202H    0003H

*** NEW ROOT ***************************************************

?PR?UART1_ISR?UART                               -----    -----      -----    -----
  +--> ?PR?_UART1_ENTER_QUEUE?QUEUE

?PR?_UART1_ENTER_QUEUE?QUEUE                     -----    -----      0205H    0004H
  +--> ?PR?_UART1_IS_FULL_QUEUE?QUEUE

?PR?_UART1_IS_FULL_QUEUE?QUEUE                   -----    -----      0209H    0003H



BL51 BANKED LINKER/LOCATER V6.22.2.0                                                  07/25/2025  10:27:10  PAGE 9


SYMBOL TABLE OF MODULE:  .\Output\PBJ_SK_2.4G (?C_STARTUP)

  VALUE           TYPE          NAME
  ----------------------------------

  -------         MODULE        ?C_STARTUP
  C:2C50H         SEGMENT       ?C_C51STARTUP
  I:0022H         SEGMENT       ?STACK
  C:0000H         PUBLIC        ?C_STARTUP
  D:00E0H         SYMBOL        ACC
  D:00F0H         SYMBOL        B
  D:0083H         SYMBOL        DPH
  D:0082H         SYMBOL        DPL
  N:0000H         SYMBOL        IBPSTACK
  N:0100H         SYMBOL        IBPSTACKTOP
  N:0080H         SYMBOL        IDATALEN
  C:2C65H         SYMBOL        IDATALOOP
  N:0000H         SYMBOL        PBPSTACK
  N:0000H         SYMBOL        PBPSTACKTOP
  N:0000H         SYMBOL        PDATALEN
  N:0000H         SYMBOL        PDATASTART
  N:0000H         SYMBOL        PPAGE
  N:0000H         SYMBOL        PPAGEENABLE
  D:00A0H         SYMBOL        PPAGE_SFR
  D:0081H         SYMBOL        SP
  C:2C50H         SYMBOL        STARTUP1
  N:0000H         SYMBOL        XBPSTACK
  N:0000H         SYMBOL        XBPSTACKTOP
  N:02FFH         SYMBOL        XDATALEN
  C:2C70H         SYMBOL        XDATALOOP
  N:0000H         SYMBOL        XDATASTART
  C:0000H         LINE#         94
  C:2C50H         LINE#         100
  C:2C53H         LINE#         101
  C:2C56H         LINE#         102
  C:2C59H         LINE#         104
  C:2C5CH         LINE#         105
  C:2C5FH         LINE#         106
  C:2C62H         LINE#         109
  C:2C64H         LINE#         110
  C:2C65H         LINE#         111
  C:2C66H         LINE#         112
  C:2C68H         LINE#         116
  C:2C6BH         LINE#         117
  C:2C6DH         LINE#         119
  C:2C6FH         LINE#         123
  C:2C70H         LINE#         124
  C:2C71H         LINE#         125
  C:2C72H         LINE#         126
  C:2C74H         LINE#         127
  C:2C76H         LINE#         161
  C:2C79H         LINE#         165
  -------         ENDMOD        ?C_STARTUP

  -------         MODULE        7_SEGMENT
  C:0000H         SYMBOL        _ICE_DUMMY_
  D:0080H         PUBLIC        P0
BL51 BANKED LINKER/LOCATER V6.22.2.0                                                  07/25/2025  10:27:10  PAGE 10


  D:0090H         PUBLIC        P1
  D:00A0H         PUBLIC        P2
  D:00B0H         PUBLIC        P3
  D:00D8H         PUBLIC        PWMCON0
  D:00A8H         PUBLIC        IE
  D:00B8H         PUBLIC        IP
  D:0098H         PUBLIC        SCON
  D:0088H         PUBLIC        TCON
  D:00F8H         PUBLIC        SCON_1
  D:00E8H         PUBLIC        ADCCON0
  D:00C0H         PUBLIC        I2CON
  D:00C8H         PUBLIC        T2CON
  X:026AH         PUBLIC        seg_num
  D:00D0H         PUBLIC        PSW
  -------         ENDMOD        7_SEGMENT

  -------         MODULE        AIP1628
  C:0000H         SYMBOL        _ICE_DUMMY_
  D:0080H         PUBLIC        P0
  D:0090H         PUBLIC        P1
  D:00A0H         PUBLIC        P2
  C:3CEFH         SYMBOL        _wt_byte
  D:00B0H         PUBLIC        P3
  D:00D8H         PUBLIC        PWMCON0
  C:3E5AH         PUBLIC        _set_aip1628_lighte_scale
  D:00A8H         PUBLIC        IE
  C:3CC0H         PUBLIC        _aip1628_write_nbytes
  D:00B8H         PUBLIC        IP
  C:3DB2H         PUBLIC        aip1628_init
  B:0090H.1       PUBLIC        P11
  B:0090H.2       PUBLIC        P12
  C:3DF4H         PUBLIC        _aip1628_write_byte
  B:0090H.3       PUBLIC        P13
  D:0098H         PUBLIC        SCON
  D:0088H         PUBLIC        TCON
  D:00F8H         PUBLIC        SCON_1
  D:00E8H         PUBLIC        ADCCON0
  D:00C0H         PUBLIC        I2CON
  D:00C8H         PUBLIC        T2CON
  D:00D0H         PUBLIC        PSW
  -------         PROC          _WT_BYTE
  D:0007H         SYMBOL        dat
  -------         DO            
  D:0006H         SYMBOL        i
  -------         ENDDO         
  C:3CEFH         LINE#         22
  C:3CEFH         LINE#         23
  C:3CEFH         LINE#         25
  C:3CFBH         LINE#         26
  C:3CFBH         LINE#         27
  C:3CFDH         LINE#         28
  C:3D01H         LINE#         29
  C:3D05H         LINE#         30
  C:3D07H         LINE#         31
  C:3D0AH         LINE#         32
  C:3D0CH         LINE#         33
  -------         ENDPROC       _WT_BYTE
BL51 BANKED LINKER/LOCATER V6.22.2.0                                                  07/25/2025  10:27:10  PAGE 11


  -------         PROC          _AIP1628_WRITE_BYTE
  D:0007H         SYMBOL        addr
  D:0005H         SYMBOL        dat
  C:3DF4H         LINE#         36
  C:3DF4H         LINE#         37
  C:3DF4H         LINE#         38
  C:3DF6H         LINE#         39
  C:3DFDH         LINE#         40
  C:3E02H         LINE#         42
  C:3E04H         LINE#         43
  -------         ENDPROC       _AIP1628_WRITE_BYTE
  -------         PROC          _AIP1628_WRITE_NBYTES
  D:0007H         SYMBOL        addr
  D:0001H         SYMBOL        p
  X:02C6H         SYMBOL        len
  C:3CC0H         LINE#         46
  C:3CC0H         LINE#         47
  C:3CC0H         LINE#         48
  C:3CC2H         LINE#         49
  C:3CC9H         LINE#         50
  C:3CD6H         LINE#         51
  C:3CD6H         LINE#         52
  C:3CDDH         LINE#         53
  C:3CE4H         LINE#         54
  C:3CECH         LINE#         55
  C:3CEEH         LINE#         56
  -------         ENDPROC       _AIP1628_WRITE_NBYTES
  -------         PROC          _SET_AIP1628_LIGHTE_SCALE
  D:0007H         SYMBOL        scale
  C:3E5AH         LINE#         59
  C:3E5AH         LINE#         60
  C:3E5AH         LINE#         62
  C:3E5CH         LINE#         63
  C:3E63H         LINE#         64
  C:3E65H         LINE#         65
  -------         ENDPROC       _SET_AIP1628_LIGHTE_SCALE
  -------         PROC          AIP1628_INIT
  C:3DB2H         LINE#         68
  C:3DB2H         LINE#         69
  C:3DB2H         LINE#         71
  C:3DB4H         LINE#         72
  C:3DB9H         LINE#         73
  C:3DBBH         LINE#         76
  C:3DBDH         LINE#         77
  C:3DC2H         LINE#         78
  C:3DC4H         LINE#         80
  C:3DC9H         LINE#         81
  -------         ENDPROC       AIP1628_INIT
  -------         ENDMOD        AIP1628

  -------         MODULE        INDECATE
  C:0000H         SYMBOL        _ICE_DUMMY_
  D:0080H         PUBLIC        P0
  D:0090H         PUBLIC        P1
  D:00A0H         PUBLIC        P2
  D:00B0H         PUBLIC        P3
  D:00D8H         PUBLIC        PWMCON0
BL51 BANKED LINKER/LOCATER V6.22.2.0                                                  07/25/2025  10:27:10  PAGE 12


  D:00A8H         PUBLIC        IE
  D:00B8H         PUBLIC        IP
  C:33C8H         PUBLIC        disp_update
  X:02BCH         PUBLIC        indecate_update_flag
  D:0098H         PUBLIC        SCON
  D:0088H         PUBLIC        TCON
  X:02BDH         PUBLIC        indecate
  D:00F8H         PUBLIC        SCON_1
  D:00E8H         PUBLIC        ADCCON0
  D:00C0H         PUBLIC        I2CON
  D:00C8H         PUBLIC        T2CON
  D:00D0H         PUBLIC        PSW
  -------         PROC          DISP_UPDATE
  C:33C8H         LINE#         18
  C:33C8H         LINE#         19
  C:33C8H         LINE#         20
  C:33CBH         LINE#         21
  C:33D1H         LINE#         22
  C:33D1H         LINE#         23
  C:33D3H         LINE#         25
  C:33D9H         LINE#         26
  C:33D9H         LINE#         27
  C:33E3H         LINE#         28
  C:33EDH         LINE#         29
  C:33F7H         LINE#         30
  C:3401H         LINE#         31
  C:340BH         LINE#         32
  C:340CH         LINE#         34
  C:340CH         LINE#         35
  C:3412H         LINE#         36
  C:3419H         LINE#         37
  C:3423H         LINE#         38
  C:3437H         LINE#         39
  C:343EH         LINE#         40
  C:343EH         LINE#         41
  C:343EH         LINE#         42
  -------         ENDPROC       DISP_UPDATE
  -------         ENDMOD        INDECATE

  -------         MODULE        LED_DISP
  C:0000H         SYMBOL        _ICE_DUMMY_
  D:0080H         PUBLIC        P0
  D:0090H         PUBLIC        P1
  D:00A0H         PUBLIC        P2
  D:00B0H         PUBLIC        P3
  X:028AH         SYMBOL        _mode
  D:00D8H         PUBLIC        PWMCON0
  C:3E40H         PUBLIC        _set_seg_flash_cnt
  D:00A8H         PUBLIC        IE
  C:3D64H         PUBLIC        _set_bit_seg
  C:2A03H         PUBLIC        _set_seg_val
  X:028BH         SYMBOL        ptrseg
  D:00B8H         PUBLIC        IP
  C:000EH         PUBLIC        led_display_init
  C:2FD4H         PUBLIC        _set_seg_two
  D:0098H         PUBLIC        SCON
  D:0088H         PUBLIC        TCON
BL51 BANKED LINKER/LOCATER V6.22.2.0                                                  07/25/2025  10:27:10  PAGE 13


  X:028EH         SYMBOL        flash_cnt
  X:028FH         SYMBOL        buf
  D:00F8H         PUBLIC        SCON_1
  X:0297H         SYMBOL        cnt
  D:00E8H         PUBLIC        ADCCON0
  D:00C0H         PUBLIC        I2CON
  C:3056H         PUBLIC        _set_seg_two_sc
  D:00C8H         PUBLIC        T2CON
  C:1DABH         PUBLIC        seg_disp_proc
  C:3E05H         PUBLIC        _set_seg_mode
  D:00D0H         PUBLIC        PSW
  -------         PROC          LED_DISPLAY_INIT
  C:000EH         LINE#         18
  C:000EH         LINE#         19
  C:000EH         LINE#         20
  C:001CH         LINE#         21
  C:0021H         LINE#         22
  -------         ENDPROC       LED_DISPLAY_INIT
  -------         PROC          _SET_BIT_SEG
  D:0007H         SYMBOL        index
  D:0005H         SYMBOL        dat
  C:3D64H         LINE#         25
  C:3D64H         LINE#         26
  C:3D64H         LINE#         27
  C:3D78H         LINE#         28
  C:3D7EH         LINE#         29
  -------         ENDPROC       _SET_BIT_SEG
  -------         PROC          _SET_SEG_VAL
  X:019DH         SYMBOL        val
  -------         DO            
  D:0007H         SYMBOL        dat
  -------         ENDDO         
  C:2A03H         LINE#         32
  C:2A0BH         LINE#         33
  C:2A0BH         LINE#         34
  C:2A12H         LINE#         35
  C:2A16H         LINE#         36
  C:2A31H         LINE#         37
  C:2A6BH         LINE#         38
  C:2AA5H         LINE#         39
  C:2AD2H         LINE#         41
  C:2AD8H         LINE#         42
  -------         ENDPROC       _SET_SEG_VAL
  -------         PROC          _SET_SEG_TWO
  X:01B8H         SYMBOL        hi2
  D:0005H         SYMBOL        lo2
  -------         DO            
  D:0007H         SYMBOL        dat
  -------         ENDDO         
  C:2FD4H         LINE#         45
  C:2FD9H         LINE#         46
  C:2FD9H         LINE#         47
  C:2FDEH         LINE#         48
  C:2FE1H         LINE#         49
  C:2FFCH         LINE#         50
  C:3023H         LINE#         52
  C:3038H         LINE#         53
BL51 BANKED LINKER/LOCATER V6.22.2.0                                                  07/25/2025  10:27:10  PAGE 14


  C:304FH         LINE#         55
  C:3055H         LINE#         56
  -------         ENDPROC       _SET_SEG_TWO
  -------         PROC          _SET_SEG_TWO_SC
  D:0007H         SYMBOL        hi2
  X:01B8H         SYMBOL        lo2
  -------         DO            
  D:0006H         SYMBOL        dat
  -------         ENDDO         
  C:3056H         LINE#         59
  C:305BH         LINE#         60
  C:305BH         LINE#         61
  C:3061H         LINE#         62
  C:3064H         LINE#         63
  C:307FH         LINE#         64
  C:30A1H         LINE#         66
  C:30B8H         LINE#         67
  C:30D0H         LINE#         69
  C:30D6H         LINE#         70
  -------         ENDPROC       _SET_SEG_TWO_SC
  -------         PROC          _SET_SEG_MODE
  D:0007H         SYMBOL        mode
  C:3E05H         LINE#         73
  C:3E05H         LINE#         74
  C:3E05H         LINE#         75
  C:3E0AH         LINE#         76
  C:3E0FH         LINE#         77
  C:3E14H         LINE#         78
  -------         ENDPROC       _SET_SEG_MODE
  -------         PROC          _SET_SEG_FLASH_CNT
  D:0007H         SYMBOL        cnt
  C:3E40H         LINE#         81
  C:3E40H         LINE#         82
  C:3E40H         LINE#         83
  C:3E46H         LINE#         84
  C:3E4CH         LINE#         85
  -------         ENDPROC       _SET_SEG_FLASH_CNT
  -------         PROC          SEG_DISP_PROC
  C:1DABH         LINE#         88
  C:1DABH         LINE#         89
  C:1DABH         LINE#         90
  C:1DBCH         LINE#         91
  C:1DBCH         LINE#         92
  C:1DBCH         LINE#         93
  C:1DBCH         LINE#         94
  C:1DBCH         LINE#         95
  C:1DC5H         LINE#         96
  C:1DC5H         LINE#         97
  C:1DD7H         LINE#         98
  C:1DE1H         LINE#         99
  C:1DEBH         LINE#         100
  C:1DF5H         LINE#         101
  C:1DF8H         LINE#         102
  C:1DFEH         LINE#         103
  C:1DFEH         LINE#         104
  C:1E0DH         LINE#         105
  C:1E1FH         LINE#         106
BL51 BANKED LINKER/LOCATER V6.22.2.0                                                  07/25/2025  10:27:10  PAGE 15


  C:1E26H         LINE#         107
  C:1E2DH         LINE#         108
  C:1E33H         LINE#         109
  C:1E35H         LINE#         110
  C:1E3DH         LINE#         111
  C:1E3DH         LINE#         112
  C:1E51H         LINE#         113
  C:1E68H         LINE#         114
  C:1E72H         LINE#         115
  C:1E7CH         LINE#         116
  C:1E82H         LINE#         117
  C:1E88H         LINE#         120
  C:1E88H         LINE#         121
  C:1E8EH         LINE#         122
  C:1E8FH         LINE#         123
  C:1E8FH         LINE#         124
  C:1E98H         LINE#         125
  C:1E98H         LINE#         126
  C:1EACH         LINE#         127
  C:1EC3H         LINE#         128
  C:1ECDH         LINE#         129
  C:1ED7H         LINE#         130
  C:1EDAH         LINE#         131
  C:1EE0H         LINE#         132
  C:1EE0H         LINE#         133
  C:1EF4H         LINE#         134
  C:1F0BH         LINE#         135
  C:1F15H         LINE#         136
  C:1F1FH         LINE#         137
  C:1F25H         LINE#         138
  C:1F27H         LINE#         139
  C:1F2FH         LINE#         140
  C:1F2FH         LINE#         141
  C:1F43H         LINE#         142
  C:1F5AH         LINE#         143
  C:1F64H         LINE#         144
  C:1F6EH         LINE#         145
  C:1F74H         LINE#         146
  C:1F79H         LINE#         147
  C:1F79H         LINE#         148
  C:1F7FH         LINE#         149
  C:1F7FH         LINE#         150
  C:1F7FH         LINE#         151
  C:1F7FH         LINE#         152
  C:1F7FH         LINE#         153
  -------         ENDPROC       SEG_DISP_PROC
  -------         ENDMOD        LED_DISP

  -------         MODULE        KEYPAD
  C:0000H         SYMBOL        _ICE_DUMMY_
  D:0080H         PUBLIC        P0
  D:0090H         PUBLIC        P1
  D:00A0H         PUBLIC        P2
  D:00B0H         PUBLIC        P3
  D:00D8H         PUBLIC        PWMCON0
  D:00A8H         PUBLIC        IE
  D:00B8H         PUBLIC        IP
BL51 BANKED LINKER/LOCATER V6.22.2.0                                                  07/25/2025  10:27:10  PAGE 16


  X:0298H         PUBLIC        delay_add
  X:0299H         SYMBOL        state
  C:2722H         PUBLIC        KeyPad_Scan
  X:029AH         PUBLIC        key_delay_dede
  D:0098H         PUBLIC        SCON
  D:0088H         PUBLIC        TCON
  X:029CH         SYMBOL        cont
  X:029DH         SYMBOL        trig
  X:029EH         SYMBOL        old
  D:00F8H         PUBLIC        SCON_1
  X:029FH         SYMBOL        cnt
  X:02A0H         PUBLIC        key
  X:02A1H         SYMBOL        new
  X:02A2H         PUBLIC        key_mask
  D:00E8H         PUBLIC        ADCCON0
  D:00C0H         PUBLIC        I2CON
  X:02A3H         PUBLIC        tl_flag
  X:02A4H         PUBLIC        FOHA_cont_cnt
  D:00C8H         PUBLIC        T2CON
  X:02A5H         PUBLIC        key_cnt
  D:00D0H         PUBLIC        PSW
  -------         PROC          KEYPAD_SCAN
  C:2722H         LINE#         32
  C:2722H         LINE#         33
  C:2722H         LINE#         38
  C:2727H         LINE#         40
  C:2739H         LINE#         41
  C:2746H         LINE#         42
  C:2755H         LINE#         43
  C:2764H         LINE#         46
  C:276EH         LINE#         47
  C:276EH         LINE#         48
  C:277DH         LINE#         50
  C:277DH         LINE#         52
  C:2783H         LINE#         53
  C:2783H         LINE#         54
  C:278BH         LINE#         55
  C:278BH         LINE#         56
  C:278DH         LINE#         57
  C:2798H         LINE#         58
  C:27A2H         LINE#         60
  C:27A2H         LINE#         61
  C:27A9H         LINE#         63
  C:27B6H         LINE#         64
  C:27B6H         LINE#         65
  C:27BEH         LINE#         66
  C:27C4H         LINE#         67
  C:27C9H         LINE#         68
  C:27C9H         LINE#         69
  C:27CAH         LINE#         70
  C:27CDH         LINE#         71
  C:27CDH         LINE#         72
  C:27CFH         LINE#         73
  C:27CFH         LINE#         74
  C:27D5H         LINE#         75
  C:27D5H         LINE#         76
  C:27D7H         LINE#         77
BL51 BANKED LINKER/LOCATER V6.22.2.0                                                  07/25/2025  10:27:10  PAGE 17


  C:27D7H         LINE#         78
  C:27DFH         LINE#         79
  C:27DFH         LINE#         80
  C:27E0H         LINE#         81
  C:27EBH         LINE#         82
  C:27EBH         LINE#         83
  C:27EBH         LINE#         85
  C:27F8H         LINE#         86
  C:27F8H         LINE#         87
  C:27FFH         LINE#         88
  C:2804H         LINE#         89
  C:2807H         LINE#         90
  C:280FH         LINE#         91
  C:281CH         LINE#         92
  C:281CH         LINE#         93
  C:281FH         LINE#         94
  C:2820H         LINE#         95
  C:2820H         LINE#         96
  C:2825H         LINE#         97
  C:2825H         LINE#         98
  C:2825H         LINE#         99
  -------         ENDPROC       KEYPAD_SCAN
  -------         ENDMOD        KEYPAD

  -------         MODULE        KEYPAD_FUN
  C:0000H         SYMBOL        _ICE_DUMMY_
  D:0080H         PUBLIC        P0
  D:0090H         PUBLIC        P1
  D:00A0H         PUBLIC        P2
  D:00B0H         PUBLIC        P3
  D:00D8H         PUBLIC        PWMCON0
  C:3256H         SYMBOL        _btn_sub_proc
  D:00A8H         PUBLIC        IE
  X:02AEH         PUBLIC        speed_modes
  D:00B8H         PUBLIC        IP
  X:02B4H         SYMBOL        index
  C:3E70H         PUBLIC        keypad_long_proc
  C:1BC9H         PUBLIC        keypad_short_proc
  D:0098H         PUBLIC        SCON
  D:0088H         PUBLIC        TCON
  D:00F8H         PUBLIC        SCON_1
  D:00E8H         PUBLIC        ADCCON0
  D:00C0H         PUBLIC        I2CON
  C:3AF4H         PUBLIC        keypad_continue_proc
  C:2DA3H         SYMBOL        _btn_add_proc
  D:00C8H         PUBLIC        T2CON
  D:00D0H         PUBLIC        PSW
  B:0021H.1       PUBLIC        PAUSE_FLAG
  -------         PROC          _BTN_ADD_PROC
  D:0006H         SYMBOL        scale
  C:2DA3H         LINE#         23
  C:2DA3H         LINE#         24
  C:2DA3H         LINE#         25
  C:2DACH         LINE#         26
  C:2DACH         LINE#         27
  C:2DB7H         LINE#         28
  C:2DB7H         LINE#         29
BL51 BANKED LINKER/LOCATER V6.22.2.0                                                  07/25/2025  10:27:10  PAGE 18


  C:2DCCH         LINE#         30
  C:2DCCH         LINE#         31
  C:2DD9H         LINE#         32
  C:2DEBH         LINE#         33
  C:2E00H         LINE#         34
  C:2E00H         LINE#         35
  C:2E05H         LINE#         36
  C:2E05H         LINE#         37
  C:2E07H         LINE#         38
  C:2E16H         LINE#         40
  C:2E2CH         LINE#         41
  C:2E31H         LINE#         42
  C:2E35H         LINE#         43
  C:2E35H         LINE#         44
  C:2E35H         LINE#         45
  -------         ENDPROC       _BTN_ADD_PROC
  -------         PROC          _BTN_SUB_PROC
  D:0006H         SYMBOL        scale
  C:3256H         LINE#         48
  C:3256H         LINE#         49
  C:3256H         LINE#         50
  C:325CH         LINE#         51
  C:325CH         LINE#         52
  C:3264H         LINE#         53
  C:3264H         LINE#         54
  C:3273H         LINE#         55
  C:3273H         LINE#         56
  C:3280H         LINE#         57
  C:3297H         LINE#         58
  C:329FH         LINE#         59
  C:329FH         LINE#         60
  C:32A8H         LINE#         61
  C:32A8H         LINE#         62
  C:32AAH         LINE#         63
  C:32B3H         LINE#         66
  C:32C9H         LINE#         67
  C:32CEH         LINE#         68
  C:32D2H         LINE#         69
  C:32D2H         LINE#         70
  C:32D2H         LINE#         71
  -------         ENDPROC       _BTN_SUB_PROC
  -------         PROC          KEYPAD_SHORT_PROC
  -------         DO            
  X:019CH         SYMBOL        bitmap
  -------         DO            
  X:019DH         SYMBOL        current_mode_index
  X:019FH         SYMBOL        current_speed
  -------         ENDDO         
  -------         ENDDO         
  C:1BC9H         LINE#         75
  C:1BC9H         LINE#         76
  C:1BC9H         LINE#         77
  C:1BD1H         LINE#         80
  C:1BDBH         LINE#         81
  C:1BDBH         LINE#         82
  C:1BE2H         LINE#         83
  C:1BE2H         LINE#         86
BL51 BANKED LINKER/LOCATER V6.22.2.0                                                  07/25/2025  10:27:10  PAGE 19


  C:1BF6H         LINE#         87
  C:1BF6H         LINE#         88
  C:1C03H         LINE#         89
  C:1C0BH         LINE#         90
  C:1C0BH         LINE#         91
  C:1C0EH         LINE#         92
  C:1C14H         LINE#         93
  C:1C21H         LINE#         94
  C:1C2EH         LINE#         95
  C:1C31H         LINE#         96
  C:1C39H         LINE#         97
  C:1C39H         LINE#         98
  C:1C3CH         LINE#         99
  C:1C41H         LINE#         100
  C:1C4CH         LINE#         101
  C:1C59H         LINE#         102
  C:1C5BH         LINE#         103
  C:1C63H         LINE#         104
  C:1C63H         LINE#         105
  C:1C66H         LINE#         106
  C:1C6BH         LINE#         107
  C:1C76H         LINE#         108
  C:1C83H         LINE#         109
  C:1C85H         LINE#         110
  C:1C8DH         LINE#         111
  C:1C8DH         LINE#         112
  C:1C8FH         LINE#         113
  C:1C92H         LINE#         114
  C:1C98H         LINE#         115
  C:1CA5H         LINE#         116
  C:1CB2H         LINE#         117
  C:1CB2H         LINE#         118
  C:1CB2H         LINE#         121
  C:1CC6H         LINE#         122
  C:1CC6H         LINE#         124
  C:1CD1H         LINE#         125
  C:1CD1H         LINE#         126
  C:1CD7H         LINE#         127
  C:1CE6H         LINE#         128
  C:1CF3H         LINE#         131
  C:1D05H         LINE#         133
  C:1D0CH         LINE#         134
  C:1D23H         LINE#         136
  C:1D2BH         LINE#         137
  C:1D42H         LINE#         139
  C:1D4BH         LINE#         140
  C:1D53H         LINE#         142
  C:1D5AH         LINE#         143
  C:1D5AH         LINE#         146
  C:1D7EH         LINE#         147
  C:1D8CH         LINE#         150
  C:1D91H         LINE#         151
  C:1D95H         LINE#         152
  C:1D95H         LINE#         153
  C:1D95H         LINE#         155
  C:1DA3H         LINE#         156
  C:1DA3H         LINE#         157
BL51 BANKED LINKER/LOCATER V6.22.2.0                                                  07/25/2025  10:27:10  PAGE 20


  C:1DAAH         LINE#         158
  C:1DAAH         LINE#         159
  -------         ENDPROC       KEYPAD_SHORT_PROC
  -------         PROC          KEYPAD_LONG_PROC
  -------         DO            
  X:0301H         SYMBOL        bitmap
  -------         ENDDO         
  C:3E70H         LINE#         162
  C:3E70H         LINE#         163
  C:3E70H         LINE#         164
  C:3E78H         LINE#         165
  C:3E78H         LINE#         166
  -------         ENDPROC       KEYPAD_LONG_PROC
  -------         PROC          KEYPAD_CONTINUE_PROC
  -------         DO            
  X:019CH         SYMBOL        bitmap
  -------         ENDDO         
  C:3AF4H         LINE#         169
  C:3AF4H         LINE#         170
  C:3AF4H         LINE#         171
  C:3AFCH         LINE#         173
  C:3B06H         LINE#         174
  C:3B06H         LINE#         175
  C:3B0CH         LINE#         176
  C:3B12H         LINE#         177
  C:3B17H         LINE#         178
  C:3B17H         LINE#         180
  C:3B25H         LINE#         181
  C:3B25H         LINE#         182
  C:3B2BH         LINE#         183
  C:3B31H         LINE#         184
  C:3B36H         LINE#         185
  C:3B36H         LINE#         186
  -------         ENDPROC       KEYPAD_CONTINUE_PROC
  -------         ENDMOD        KEYPAD_FUN

  -------         MODULE        BEEP
  C:0000H         SYMBOL        _ICE_DUMMY_
  D:0080H         PUBLIC        P0
  D:0090H         PUBLIC        P1
  D:00A0H         PUBLIC        P2
  D:00B0H         PUBLIC        P3
  D:00D8H         PUBLIC        PWMCON0
  D:00A8H         PUBLIC        IE
  X:02A6H         PUBLIC        is_disable_beep
  D:00B8H         PUBLIC        IP
  X:02A7H         SYMBOL        ticks
  D:0098H         PUBLIC        SCON
  D:0088H         PUBLIC        TCON
  C:3E4DH         PUBLIC        beep_force_stop
  X:02A9H         SYMBOL        off
  C:2EC3H         PUBLIC        beep_sound_proc
  D:00F8H         PUBLIC        SCON_1
  X:02ABH         SYMBOL        cnt
  C:357BH         PUBLIC        _beep_set
  D:00E8H         PUBLIC        ADCCON0
  D:00C0H         PUBLIC        I2CON
BL51 BANKED LINKER/LOCATER V6.22.2.0                                                  07/25/2025  10:27:10  PAGE 21


  X:02ACH         SYMBOL        on
  D:00C8H         PUBLIC        T2CON
  D:00D0H         PUBLIC        PSW
  -------         PROC          BEEP_FORCE_STOP
  C:3E4DH         LINE#         22
  C:3E4DH         LINE#         23
  C:3E4DH         LINE#         24
  C:3E53H         LINE#         25
  C:3E59H         LINE#         26
  -------         ENDPROC       BEEP_FORCE_STOP
  -------         PROC          _BEEP_SET
  X:01A1H         SYMBOL        count
  X:01A2H         SYMBOL        on_ticks
  X:01A4H         SYMBOL        off_ticks
  C:357BH         LINE#         29
  C:358CH         LINE#         30
  C:358CH         LINE#         31
  C:3592H         LINE#         40
  C:35A2H         LINE#         41
  C:35A8H         LINE#         42
  C:35B7H         LINE#         43
  C:35C6H         LINE#         44
  C:35CDH         LINE#         45
  C:35D6H         LINE#         46
  C:35DDH         LINE#         49
  -------         ENDPROC       _BEEP_SET
  -------         PROC          BEEP_SOUND_PROC
  C:2EC3H         LINE#         51
  C:2EC3H         LINE#         52
  C:2EC3H         LINE#         53
  C:2ECBH         LINE#         54
  C:2ECBH         LINE#         55
  C:2ED0H         LINE#         56
  C:2ED5H         LINE#         57
  C:2ED6H         LINE#         58
  C:2EE3H         LINE#         59
  C:2EE3H         LINE#         60
  C:2EF5H         LINE#         61
  C:2EF5H         LINE#         62
  C:2EFBH         LINE#         63
  C:2F01H         LINE#         64
  C:2F03H         LINE#         65
  C:2F24H         LINE#         66
  C:2F24H         LINE#         67
  C:2F38H         LINE#         68
  C:2F40H         LINE#         69
  C:2F40H         LINE#         70
  C:2F4EH         LINE#         71
  C:2F4EH         LINE#         72
  -------         ENDPROC       BEEP_SOUND_PROC
  -------         ENDMOD        BEEP

  -------         MODULE        MAIN
  C:0000H         SYMBOL        _ICE_DUMMY_
  D:00B1H         PUBLIC        P0M1
  D:00B3H         PUBLIC        P1M1
  D:00B2H         PUBLIC        P0M2
BL51 BANKED LINKER/LOCATER V6.22.2.0                                                  07/25/2025  10:27:10  PAGE 22


  D:0080H         PUBLIC        P0
  D:00B4H         PUBLIC        P1M2
  D:0090H         PUBLIC        P1
  D:00ACH         PUBLIC        P3M1
  D:00A0H         PUBLIC        P2
  D:00B0H         PUBLIC        P3
  D:00ADH         PUBLIC        P3M2
  D:0084H         PUBLIC        RCTRIM0
  D:0085H         PUBLIC        RCTRIM1
  B:00A8H.7       PUBLIC        EA
  D:00D8H         PUBLIC        PWMCON0
  B:0020H.5       PUBLIC        poweron_flag
  D:00A8H         PUBLIC        IE
  D:00C7H         PUBLIC        TA
  B:0020H.6       SYMBOL        poweron_send_flag
  D:00B8H         PUBLIC        IP
  X:02C9H         PUBLIC        down_control
  C:19DDH         PUBLIC        main
  X:02CAH         PUBLIC        no_key_cnt
  D:0087H         PUBLIC        PCON
  D:0098H         PUBLIC        SCON
  D:0088H         PUBLIC        TCON
  D:009FH         PUBLIC        CHPCON
  D:00F8H         PUBLIC        SCON_1
  D:00A4H         PUBLIC        IAPTRG
  C:2CFCH         PUBLIC        MODIFY_HIRC_166
  D:00E8H         PUBLIC        ADCCON0
  D:00C0H         PUBLIC        I2CON
  D:00A7H         PUBLIC        IAPAH
  D:00AEH         PUBLIC        IAPFD
  D:00C8H         PUBLIC        T2CON
  D:00A6H         PUBLIC        IAPAL
  C:24D5H         PUBLIC        send_default_param
  D:00AFH         PUBLIC        IAPCN
  D:0095H         PUBLIC        CKDIV
  D:00D0H         PUBLIC        PSW
  -------         PROC          MODIFY_HIRC_166
  -------         DO            
  D:0008H         SYMBOL        hircmap0
  D:0009H         SYMBOL        hircmap1
  D:0006H         SYMBOL        trimvalue16bit
  -------         ENDDO         
  C:2CFCH         LINE#         38
  C:2CFCH         LINE#         39
  C:2CFCH         LINE#         43
  C:2D04H         LINE#         44
  C:2D04H         LINE#         45
  C:2D07H         LINE#         46
  C:2D1AH         LINE#         47
  C:2D1DH         LINE#         48
  C:2D1FH         LINE#         49
  C:2D22H         LINE#         50
  C:2D35H         LINE#         51
  C:2D38H         LINE#         52
  C:2D3BH         LINE#         53
  C:2D3DH         LINE#         54
  C:2D50H         LINE#         55
BL51 BANKED LINKER/LOCATER V6.22.2.0                                                  07/25/2025  10:27:10  PAGE 23


  C:2D53H         LINE#         56
  C:2D66H         LINE#         57
  C:2D79H         LINE#         58
  C:2D81H         LINE#         59
  C:2D86H         LINE#         60
  C:2D8DH         LINE#         61
  C:2D90H         LINE#         62
  C:2D93H         LINE#         63
  C:2D96H         LINE#         64
  C:2D99H         LINE#         65
  C:2D9CH         LINE#         66
  C:2D9FH         LINE#         72
  C:2DA2H         LINE#         73
  C:2DA2H         LINE#         74
  -------         ENDPROC       MODIFY_HIRC_166
  -------         PROC          SEND_DEFAULT_PARAM
  -------         DO            
  X:019CH         SYMBOL        i
  -------         ENDDO         
  C:24D5H         LINE#         77
  C:24D5H         LINE#         78
  C:24D5H         LINE#         79
  C:24DAH         LINE#         80
  C:24E0H         LINE#         81
  C:24E8H         LINE#         82
  C:24ECH         LINE#         83
  C:24F0H         LINE#         84
  C:24F4H         LINE#         86
  C:24FBH         LINE#         87
  C:2502H         LINE#         88
  C:2509H         LINE#         89
  C:2510H         LINE#         90
  C:2517H         LINE#         91
  C:251EH         LINE#         92
  C:2525H         LINE#         93
  C:252CH         LINE#         94
  C:2533H         LINE#         95
  C:253AH         LINE#         96
  C:2541H         LINE#         97
  C:2548H         LINE#         100
  C:255AH         LINE#         101
  C:255AH         LINE#         102
  C:2569H         LINE#         103
  C:256EH         LINE#         104
  C:2575H         LINE#         105
  C:257CH         LINE#         106
  C:2592H         LINE#         107
  C:259CH         LINE#         108
  C:25A6H         LINE#         109
  C:25B0H         LINE#         110
  C:25B7H         LINE#         111
  C:25BEH         LINE#         112
  C:25C5H         LINE#         113
  C:25CCH         LINE#         114
  C:25D3H         LINE#         116
  C:25E6H         LINE#         117
  C:25E6H         LINE#         118
BL51 BANKED LINKER/LOCATER V6.22.2.0                                                  07/25/2025  10:27:10  PAGE 24


  C:25FAH         LINE#         119
  C:2602H         LINE#         120
  -------         ENDPROC       SEND_DEFAULT_PARAM
  -------         PROC          MAIN
  -------         DO            
  X:019BH         SYMBOL        i
  X:02C7H         SYMBOL        send_cnt
  X:02C8H         SYMBOL        poweron_cnt
  -------         ENDDO         
  C:19DDH         LINE#         127
  C:19DDH         LINE#         128
  C:19DDH         LINE#         129
  C:19E2H         LINE#         133
  C:19F1H         LINE#         134
  C:19F4H         LINE#         135
  C:1A01H         LINE#         144
  C:1A04H         LINE#         145
  C:1A07H         LINE#         147
  C:1A0AH         LINE#         148
  C:1A0DH         LINE#         150
  C:1A10H         LINE#         151
  C:1A12H         LINE#         153
  C:1A16H         LINE#         155
  C:1A19H         LINE#         156
  C:1A1CH         LINE#         157
  C:1A1FH         LINE#         158
  C:1A22H         LINE#         159
  C:1A25H         LINE#         160
  C:1A28H         LINE#         161
  C:1A2BH         LINE#         163
  C:1A2EH         LINE#         164
  C:1A31H         LINE#         165
  C:1A34H         LINE#         168
  C:1A36H         LINE#         169
  C:1A38H         LINE#         171
  C:1A45H         LINE#         174
  C:1A45H         LINE#         175
  C:1A45H         LINE#         176
  C:1A48H         LINE#         178
  C:1A4BH         LINE#         181
  C:1A51H         LINE#         182
  C:1A51H         LINE#         183
  C:1A53H         LINE#         184
  C:1A56H         LINE#         185
  C:1A59H         LINE#         186
  C:1A5CH         LINE#         187
  C:1A5CH         LINE#         190
  C:1A62H         LINE#         191
  C:1A62H         LINE#         192
  C:1A64H         LINE#         193
  C:1A67H         LINE#         194
  C:1A6AH         LINE#         195
  C:1A6DH         LINE#         196
  C:1A70H         LINE#         197
  C:1A70H         LINE#         200
  C:1A76H         LINE#         201
  C:1A76H         LINE#         202
BL51 BANKED LINKER/LOCATER V6.22.2.0                                                  07/25/2025  10:27:10  PAGE 25


  C:1A78H         LINE#         203
  C:1A7BH         LINE#         205
  C:1A7EH         LINE#         206
  C:1A7EH         LINE#         207
  C:1A84H         LINE#         208
  C:1A8EH         LINE#         209
  C:1A8EH         LINE#         210
  C:1A91H         LINE#         211
  C:1A96H         LINE#         212
  C:1A98H         LINE#         213
  C:1A98H         LINE#         214
  C:1A98H         LINE#         215
  C:1A98H         LINE#         218
  C:1AA1H         LINE#         219
  C:1AA1H         LINE#         220
  C:1AA3H         LINE#         221
  C:1AA6H         LINE#         222
  C:1AACH         LINE#         223
  C:1AACH         LINE#         224
  C:1AB1H         LINE#         225
  C:1AB7H         LINE#         226
  C:1ABCH         LINE#         227
  C:1ABCH         LINE#         228
  C:1AC2H         LINE#         229
  C:1AC9H         LINE#         230
  C:1AD0H         LINE#         231
  C:1AD7H         LINE#         232
  C:1AE4H         LINE#         233
  C:1AE4H         LINE#         235
  C:1AECH         LINE#         236
  C:1AECH         LINE#         237
  C:1AF2H         LINE#         238
  C:1B0AH         LINE#         239
  C:1B24H         LINE#         240
  C:1B2BH         LINE#         241
  C:1B38H         LINE#         242
  C:1B38H         LINE#         243
  C:1B43H         LINE#         244
  C:1B43H         LINE#         246
  C:1B49H         LINE#         247
  C:1B49H         LINE#         248
  C:1B4FH         LINE#         249
  C:1B4FH         LINE#         250
  C:1B54H         LINE#         252
  C:1B56H         LINE#         253
  C:1B5BH         LINE#         254
  C:1B5BH         LINE#         255
  C:1B5BH         LINE#         256
  C:1B5EH         LINE#         257
  C:1B5EH         LINE#         258
  C:1B64H         LINE#         259
  C:1B64H         LINE#         261
  C:1B6CH         LINE#         262
  C:1B6CH         LINE#         263
  C:1B7AH         LINE#         264
  C:1B86H         LINE#         265
  C:1B86H         LINE#         266
BL51 BANKED LINKER/LOCATER V6.22.2.0                                                  07/25/2025  10:27:10  PAGE 26


  C:1B8BH         LINE#         267
  C:1B91H         LINE#         268
  C:1B98H         LINE#         269
  C:1B98H         LINE#         270
  C:1B98H         LINE#         271
  C:1B98H         LINE#         274
  C:1B9EH         LINE#         275
  C:1B9EH         LINE#         276
  C:1BA0H         LINE#         277
  C:1BA3H         LINE#         279
  C:1BA9H         LINE#         280
  C:1BB6H         LINE#         281
  C:1BB6H         LINE#         282
  C:1BBCH         LINE#         283
  C:1BC2H         LINE#         284
  C:1BC2H         LINE#         285
  C:1BC2H         LINE#         287
  C:1BC5H         LINE#         288
  -------         ENDPROC       MAIN
  -------         ENDMOD        MAIN

  -------         MODULE        QUEUE
  C:0000H         SYMBOL        _ICE_DUMMY_
  D:0080H         PUBLIC        P0
  D:0090H         PUBLIC        P1
  D:00A0H         PUBLIC        P2
  D:00B0H         PUBLIC        P3
  D:00D8H         PUBLIC        PWMCON0
  D:00A8H         PUBLIC        IE
  C:3DCAH         SYMBOL        _Is_Empty_Queue
  D:00B8H         PUBLIC        IP
  D:0098H         PUBLIC        SCON
  D:0088H         PUBLIC        TCON
  C:36F7H         PUBLIC        _Create_Queue
  D:00F8H         PUBLIC        SCON_1
  C:3157H         PUBLIC        _UART0_Enter_queue
  C:30D7H         PUBLIC        _UART1_Enter_queue
  D:00E8H         PUBLIC        ADCCON0
  D:00C0H         PUBLIC        I2CON
  D:00C8H         PUBLIC        T2CON
  C:396AH         PUBLIC        _UART0_Is_Full_Queue
  C:3913H         PUBLIC        _UART1_Is_Full_Queue
  C:2E36H         PUBLIC        _Denter_queue
  D:00D0H         PUBLIC        PSW
  -------         PROC          _CREATE_QUEUE
  X:019CH         SYMBOL        Q
  X:019FH         SYMBOL        pbuff
  X:01A2H         SYMBOL        maxsize
  C:36F7H         LINE#         4
  C:3702H         LINE#         5
  C:3702H         LINE#         6
  C:371FH         LINE#         7
  C:3734H         LINE#         8
  C:373EH         LINE#         9
  C:3752H         LINE#         10
  -------         ENDPROC       _CREATE_QUEUE
  -------         PROC          _UART1_IS_FULL_QUEUE
BL51 BANKED LINKER/LOCATER V6.22.2.0                                                  07/25/2025  10:27:10  PAGE 27


  X:0209H         SYMBOL        Q
  C:3913H         LINE#         19
  C:391EH         LINE#         20
  C:391EH         LINE#         21
  C:3964H         LINE#         22
  C:3967H         LINE#         24
  C:3969H         LINE#         25
  -------         ENDPROC       _UART1_IS_FULL_QUEUE
  -------         PROC          _UART0_IS_FULL_QUEUE
  X:0202H         SYMBOL        Q
  C:396AH         LINE#         27
  C:3975H         LINE#         28
  C:3975H         LINE#         29
  C:39BBH         LINE#         30
  C:39BEH         LINE#         32
  C:39C0H         LINE#         33
  -------         ENDPROC       _UART0_IS_FULL_QUEUE
  -------         PROC          _IS_EMPTY_QUEUE
  D:0001H         SYMBOL        Q
  C:3DCAH         LINE#         35
  C:3DCAH         LINE#         36
  C:3DCAH         LINE#         37
  C:3DDCH         LINE#         38
  C:3DDFH         LINE#         40
  C:3DE1H         LINE#         41
  -------         ENDPROC       _IS_EMPTY_QUEUE
  -------         PROC          _UART1_ENTER_QUEUE
  X:0205H         SYMBOL        Q
  X:0208H         SYMBOL        val
  C:30D7H         LINE#         44
  C:30E7H         LINE#         45
  C:30E7H         LINE#         46
  C:30EDH         LINE#         47
  C:30F0H         LINE#         49
  C:30F0H         LINE#         50
  C:3114H         LINE#         51
  C:3154H         LINE#         52
  C:3156H         LINE#         53
  C:3156H         LINE#         54
  -------         ENDPROC       _UART1_ENTER_QUEUE
  -------         PROC          _UART0_ENTER_QUEUE
  X:01FEH         SYMBOL        Q
  X:0201H         SYMBOL        val
  C:3157H         LINE#         56
  C:3167H         LINE#         57
  C:3167H         LINE#         58
  C:316DH         LINE#         59
  C:3170H         LINE#         61
  C:3170H         LINE#         62
  C:3194H         LINE#         63
  C:31D4H         LINE#         64
  C:31D6H         LINE#         65
  C:31D6H         LINE#         66
  -------         ENDPROC       _UART0_ENTER_QUEUE
  -------         PROC          _DENTER_QUEUE
  X:019DH         SYMBOL        Q
  X:01A0H         SYMBOL        val
BL51 BANKED LINKER/LOCATER V6.22.2.0                                                  07/25/2025  10:27:10  PAGE 28


  C:2E36H         LINE#         68
  C:2E41H         LINE#         69
  C:2E41H         LINE#         70
  C:2E52H         LINE#         71
  C:2E52H         LINE#         72
  C:2E55H         LINE#         73
  C:2E55H         LINE#         75
  C:2E55H         LINE#         76
  C:2E80H         LINE#         77
  C:2EC0H         LINE#         78
  C:2EC2H         LINE#         79
  C:2EC2H         LINE#         80
  -------         ENDPROC       _DENTER_QUEUE
  -------         ENDMOD        QUEUE

  -------         MODULE        UART_FRAME
  C:0000H         SYMBOL        _ICE_DUMMY_
  D:0080H         PUBLIC        P0
  D:0090H         PUBLIC        P1
  D:00A0H         PUBLIC        P2
  D:00B0H         PUBLIC        P3
  X:000BH         PUBLIC        speed_range
  D:00D8H         PUBLIC        PWMCON0
  X:0011H         PUBLIC        frame
  D:00A8H         PUBLIC        IE
  X:002BH         PUBLIC        device_type
  D:00B8H         PUBLIC        IP
  C:179FH         PUBLIC        UART0_cmd_proc
  C:23A0H         PUBLIC        UART1_cmd_proc
  X:002FH         PUBLIC        name
  C:2603H         PUBLIC        _send_motion_data
  C:3C8EH         PUBLIC        _uart1_frame_tx
  X:0033H         PUBLIC        uart_frame
  D:0098H         PUBLIC        SCON
  B:0080H.5       PUBLIC        P05
  D:0088H         PUBLIC        TCON
  C:3C24H         PUBLIC        _uart1_frame_tx_2
  X:003CH         PUBLIC        UART0_rx_queue
  X:004BH         PUBLIC        UART1_rx_queue
  C:0026H         PUBLIC        uart_frame_init
  D:00F8H         PUBLIC        SCON_1
  C:3D48H         PUBLIC        bt_panel_send_speed
  X:005AH         PUBLIC        treadmill_status
  X:005BH         PUBLIC        feature_setting_data
  B:0020H.7       PUBLIC        bt_param_send_flag
  X:0063H         PUBLIC        UART0_rx_buf
  X:00F9H         PUBLIC        UART1_rx_buf
  B:0021H.0       PUBLIC        app_control_permission
  D:00E8H         PUBLIC        ADCCON0
  D:00C0H         PUBLIC        I2CON
  D:00C8H         PUBLIC        T2CON
  C:3A63H         PUBLIC        send_motion_data_by_status
  C:2AD9H         PUBLIC        _uart0_send_frame
  C:3C5BH         PUBLIC        _bt_panel_send_cmd
  C:2925H         PUBLIC        bt_power_send
  X:018FH         PUBLIC        bt_param_send_step
  C:1F80H         PUBLIC        uart0_frame_loop
BL51 BANKED LINKER/LOCATER V6.22.2.0                                                  07/25/2025  10:27:10  PAGE 29


  X:0190H         PUBLIC        uart_tx_frame
  D:00D0H         PUBLIC        PSW
  X:0199H         PUBLIC        bt_init_tick
  C:20FBH         PUBLIC        uart1_frame_loop
  C:3B75H         PUBLIC        _crc_cheack
  -------         PROC          UART_FRAME_INIT
  C:0026H         LINE#         36
  C:0026H         LINE#         37
  C:0026H         LINE#         38
  C:0045H         LINE#         39
  C:0064H         LINE#         42
  C:006AH         LINE#         43
  C:006FH         LINE#         44
  C:0074H         LINE#         45
  C:0079H         LINE#         50
  -------         ENDPROC       UART_FRAME_INIT
  -------         PROC          _UART1_FRAME_TX
  D:0007H         SYMBOL        cmd
  D:0005H         SYMBOL        dat
  -------         DO            
  D:0006H         SYMBOL        xor
  -------         ENDDO         
  C:3C8EH         LINE#         53
  C:3C8EH         LINE#         54
  C:3C8EH         LINE#         55
  C:3C90H         LINE#         56
  C:3C95H         LINE#         57
  C:3C96H         LINE#         58
  C:3C9AH         LINE#         59
  C:3C9CH         LINE#         60
  C:3C9FH         LINE#         61
  C:3CA1H         LINE#         62
  C:3CA3H         LINE#         63
  C:3CA6H         LINE#         64
  C:3CAAH         LINE#         65
  C:3CBFH         LINE#         66
  -------         ENDPROC       _UART1_FRAME_TX
  -------         PROC          _UART1_FRAME_TX_2
  D:0007H         SYMBOL        cmd
  D:0005H         SYMBOL        dat0
  D:0003H         SYMBOL        dat1
  -------         DO            
  D:0006H         SYMBOL        xor
  -------         ENDDO         
  C:3C24H         LINE#         68
  C:3C24H         LINE#         69
  C:3C24H         LINE#         70
  C:3C26H         LINE#         71
  C:3C2BH         LINE#         72
  C:3C2CH         LINE#         73
  C:3C30H         LINE#         74
  C:3C32H         LINE#         75
  C:3C35H         LINE#         76
  C:3C37H         LINE#         77
  C:3C3AH         LINE#         78
  C:3C3CH         LINE#         79
  C:3C3EH         LINE#         80
BL51 BANKED LINKER/LOCATER V6.22.2.0                                                  07/25/2025  10:27:10  PAGE 30


  C:3C41H         LINE#         81
  C:3C45H         LINE#         82
  C:3C5AH         LINE#         83
  -------         ENDPROC       _UART1_FRAME_TX_2
  -------         PROC          UART1_FRAME_LOOP
  -------         DO            
  X:0000H         SYMBOL        sm
  X:0001H         SYMBOL        len
  X:0002H         SYMBOL        ptr
  X:019CH         SYMBOL        dat
  D:0007H         SYMBOL        ret
  -------         ENDDO         
  C:20FBH         LINE#         88
  C:20FBH         LINE#         89
  C:20FBH         LINE#         95
  C:2112H         LINE#         97
  C:2118H         LINE#         98
  C:2118H         LINE#         99
  C:2130H         LINE#         100
  C:2148H         LINE#         101
  C:2148H         LINE#         102
  C:2148H         LINE#         103
  C:214DH         LINE#         104
  C:2153H         LINE#         105
  C:2154H         LINE#         106
  C:2154H         LINE#         107
  C:2159H         LINE#         108
  C:2168H         LINE#         109
  C:216DH         LINE#         110
  C:217AH         LINE#         111
  C:2180H         LINE#         112
  C:2181H         LINE#         113
  C:2181H         LINE#         114
  C:219EH         LINE#         115
  C:21A4H         LINE#         116
  C:21C6H         LINE#         117
  C:21C7H         LINE#         118
  C:21C7H         LINE#         119
  C:21D6H         LINE#         120
  C:21D6H         LINE#         121
  C:21E5H         LINE#         122
  C:21EAH         LINE#         123
  C:2207H         LINE#         124
  C:2207H         LINE#         125
  C:222AH         LINE#         126
  C:2232H         LINE#         127
  C:2254H         LINE#         128
  C:2254H         LINE#         129
  C:2259H         LINE#         130
  C:2259H         LINE#         131
  C:2259H         LINE#         132
  C:2259H         LINE#         133
  C:2259H         LINE#         134
  C:2259H         LINE#         135
  -------         ENDPROC       UART1_FRAME_LOOP
  -------         PROC          UART1_CMD_PROC
  C:23A0H         LINE#         142
BL51 BANKED LINKER/LOCATER V6.22.2.0                                                  07/25/2025  10:27:10  PAGE 31


  C:23A0H         LINE#         143
  C:23A0H         LINE#         144
  C:23BEH         LINE#         145
  C:23BEH         LINE#         146
  C:23BEH         LINE#         147
  C:23BEH         LINE#         148
  C:23BEH         LINE#         149
  C:23BFH         LINE#         153
  C:23BFH         LINE#         154
  C:23C1H         LINE#         155
  C:23C7H         LINE#         156
  C:23CFH         LINE#         159
  C:23D0H         LINE#         160
  C:23D0H         LINE#         170
  C:23D0H         LINE#         171
  C:23D0H         LINE#         172
  C:23DFH         LINE#         173
  C:23E0H         LINE#         174
  C:23E0H         LINE#         175
  C:23E6H         LINE#         176
  C:23ECH         LINE#         177
  C:23ECH         LINE#         178
  C:23F4H         LINE#         179
  C:23F9H         LINE#         180
  C:23F9H         LINE#         181
  C:23FFH         LINE#         182
  C:2400H         LINE#         183
  C:2400H         LINE#         184
  C:2406H         LINE#         185
  C:240AH         LINE#         186
  C:2412H         LINE#         187
  C:2415H         LINE#         188
  C:2426H         LINE#         189
  C:2427H         LINE#         190
  C:2427H         LINE#         192
  C:2434H         LINE#         193
  C:2434H         LINE#         194
  C:2439H         LINE#         195
  C:243AH         LINE#         197
  C:243AH         LINE#         198
  C:243FH         LINE#         199
  C:243FH         LINE#         200
  C:2440H         LINE#         201
  C:2440H         LINE#         202
  C:244DH         LINE#         203
  C:2453H         LINE#         204
  C:2453H         LINE#         205
  C:245AH         LINE#         206
  C:245DH         LINE#         207
  C:2460H         LINE#         208
  C:2463H         LINE#         210
  C:2466H         LINE#         211
  C:2469H         LINE#         212
  C:246CH         LINE#         213
  C:2473H         LINE#         214
  C:2478H         LINE#         215
  C:2479H         LINE#         216
BL51 BANKED LINKER/LOCATER V6.22.2.0                                                  07/25/2025  10:27:10  PAGE 32


  C:2481H         LINE#         217
  C:2481H         LINE#         218
  C:2488H         LINE#         219
  C:248BH         LINE#         220
  C:248EH         LINE#         221
  C:2491H         LINE#         223
  C:2494H         LINE#         224
  C:2497H         LINE#         225
  C:249AH         LINE#         226
  C:24A1H         LINE#         227
  C:24A6H         LINE#         228
  C:24A7H         LINE#         229
  C:24AFH         LINE#         230
  C:24AFH         LINE#         231
  C:24B6H         LINE#         232
  C:24B9H         LINE#         233
  C:24BCH         LINE#         234
  C:24BFH         LINE#         236
  C:24C2H         LINE#         237
  C:24C5H         LINE#         238
  C:24C8H         LINE#         239
  C:24CFH         LINE#         240
  C:24D4H         LINE#         241
  C:24D4H         LINE#         242
  C:24D4H         LINE#         243
  C:24D4H         LINE#         244
  C:24D4H         LINE#         245
  C:24D4H         LINE#         246
  -------         ENDPROC       UART1_CMD_PROC
  -------         PROC          _CRC_CHEACK
  X:01F5H         SYMBOL        pkt
  X:01F8H         SYMBOL        len
  -------         DO            
  D:0007H         SYMBOL        i
  D:0006H         SYMBOL        calculatedCRC
  -------         ENDDO         
  C:3B75H         LINE#         249
  C:3B85H         LINE#         250
  C:3B85H         LINE#         251
  C:3B8BH         LINE#         252
  C:3B96H         LINE#         253
  C:3B96H         LINE#         254
  C:3BABH         LINE#         255
  C:3BAEH         LINE#         256
  C:3BB0H         LINE#         257
  -------         ENDPROC       _CRC_CHEACK
  -------         PROC          _UART0_SEND_FRAME
  D:0007H         SYMBOL        sof
  D:0005H         SYMBOL        cmd
  D:0003H         SYMBOL        subcmd
  X:01BFH         SYMBOL        len
  X:01C0H         SYMBOL        buf
  X:01C3H         SYMBOL        end
  -------         DO            
  X:01C4H         SYMBOL        tx_buf
  X:01DEH         SYMBOL        temp
  D:0007H         SYMBOL        i
BL51 BANKED LINKER/LOCATER V6.22.2.0                                                  07/25/2025  10:27:10  PAGE 33


  -------         ENDDO         
  C:2AD9H         LINE#         260
  C:2AD9H         LINE#         261
  C:2AD9H         LINE#         266
  C:2ADEH         LINE#         267
  C:2AE1H         LINE#         268
  C:2AE4H         LINE#         269
  C:2AEDH         LINE#         271
  C:2AF2H         LINE#         272
  C:2AF5H         LINE#         273
  C:2AF8H         LINE#         276
  C:2B10H         LINE#         277
  C:2B10H         LINE#         278
  C:2B1CH         LINE#         279
  C:2B1CH         LINE#         280
  C:2B3AH         LINE#         281
  C:2B4FH         LINE#         282
  C:2B52H         LINE#         283
  C:2B52H         LINE#         285
  C:2B72H         LINE#         286
  C:2B83H         LINE#         288
  C:2B95H         LINE#         289
  -------         ENDPROC       _UART0_SEND_FRAME
  -------         PROC          UART0_FRAME_LOOP
  -------         DO            
  X:0005H         SYMBOL        sm
  X:0006H         SYMBOL        len
  X:0007H         SYMBOL        ptr
  X:019CH         SYMBOL        datt
  -------         ENDDO         
  C:1F80H         LINE#         299
  C:1F80H         LINE#         300
  C:1F80H         LINE#         305
  C:1F9DH         LINE#         306
  C:1FBDH         LINE#         307
  C:1FBDH         LINE#         308
  C:1FBDH         LINE#         309
  C:1FCBH         LINE#         310
  C:1FD3H         LINE#         311
  C:1FD9H         LINE#         312
  C:1FD9H         LINE#         313
  C:1FDBH         LINE#         314
  C:1FDBH         LINE#         315
  C:1FE3H         LINE#         316
  C:1FE9H         LINE#         317
  C:1FEBH         LINE#         318
  C:1FEBH         LINE#         319
  C:1FF3H         LINE#         320
  C:1FF9H         LINE#         321
  C:1FFBH         LINE#         322
  C:1FFBH         LINE#         323
[...]
BL51 BANKED LINKER/LOCATER V6.22.2.0                                                  07/25/2025  10:27:10  PAGE 59


  -------         ENDMOD        EE_PARAM

  -------         MODULE        IAP_EEPROM
  C:0000H         SYMBOL        _ICE_DUMMY_
  D:0080H         PUBLIC        P0
  D:0090H         PUBLIC        P1
  D:00A0H         PUBLIC        P2
  D:00B0H         PUBLIC        P3
  B:00A8H.7       PUBLIC        EA
  D:00D8H         PUBLIC        PWMCON0
  D:00A8H         PUBLIC        IE
  D:00C7H         PUBLIC        TA
  C:369AH         PUBLIC        _erase_aprom_page
  D:00B8H         PUBLIC        IP
  C:3A12H         PUBLIC        _read_aprom_page
  C:3E82H         PUBLIC        test_iaprom
  C:2B96H         PUBLIC        _write_aprom_page
  D:0098H         PUBLIC        SCON
  D:0088H         PUBLIC        TCON
  D:009FH         PUBLIC        CHPCON
  D:00A5H         PUBLIC        IAPUEN
  D:00F8H         PUBLIC        SCON_1
  D:00A4H         PUBLIC        IAPTRG
  D:00E8H         PUBLIC        ADCCON0
  D:00C0H         PUBLIC        I2CON
  D:00A7H         PUBLIC        IAPAH
  D:00AEH         PUBLIC        IAPFD
  D:00C8H         PUBLIC        T2CON
  D:00A6H         PUBLIC        IAPAL
  D:00AFH         PUBLIC        IAPCN
  D:00D0H         PUBLIC        PSW
  -------         PROC          _ERASE_APROM_PAGE
  D:0007H         SYMBOL        page
  -------         DO            
  D:0006H         SYMBOL        u16_addr
  -------         ENDDO         
  C:369AH         LINE#         12
  C:369AH         LINE#         13
  C:369AH         LINE#         14
  C:36B1H         LINE#         15
  C:36B4H         LINE#         16
  C:36B7H         LINE#         17
  C:36BAH         LINE#         18
  C:36CDH         LINE#         19
  C:36E0H         LINE#         20
  C:36E3H         LINE#         21
  C:36F6H         LINE#         22
  -------         ENDPROC       _ERASE_APROM_PAGE
  -------         PROC          _WRITE_APROM_PAGE
  D:0007H         SYMBOL        page
  X:02B6H         SYMBOL        buf
  X:02B9H         SYMBOL        len
  -------         DO            
  D:0005H         SYMBOL        i
  X:02BAH         SYMBOL        u16_addr
  -------         ENDDO         
  C:2B96H         LINE#         25
BL51 BANKED LINKER/LOCATER V6.22.2.0                                                  07/25/2025  10:27:10  PAGE 60


  C:2BA1H         LINE#         26
  C:2BA1H         LINE#         29
  C:2BBEH         LINE#         30
  C:2BD1H         LINE#         31
  C:2BE4H         LINE#         36
  C:2BE7H         LINE#         37
  C:2BF3H         LINE#         38
  C:2BF3H         LINE#         39
  C:2BFBH         LINE#         40
  C:2BFEH         LINE#         41
  C:2C13H         LINE#         42
  C:2C26H         LINE#         43
  C:2C29H         LINE#         47
  C:2C3CH         LINE#         48
  C:2C4FH         LINE#         52
  -------         ENDPROC       _WRITE_APROM_PAGE
  -------         PROC          _READ_APROM_PAGE
  D:0007H         SYMBOL        page
  X:02D7H         SYMBOL        buf
  X:02DAH         SYMBOL        len
  -------         DO            
  D:0005H         SYMBOL        i
  D:0006H         SYMBOL        ptr
  -------         ENDDO         
  C:3A12H         LINE#         56
  C:3A1DH         LINE#         57
  C:3A1DH         LINE#         59
  C:3A34H         LINE#         60
  C:3A40H         LINE#         61
  C:3A40H         LINE#         62
  C:3A5FH         LINE#         63
  C:3A62H         LINE#         64
  -------         ENDPROC       _READ_APROM_PAGE
  -------         PROC          TEST_IAPROM
  C:3E82H         LINE#         72
  C:3E82H         LINE#         73
  C:3E82H         LINE#         110
  C:3E84H         LINE#         113
  -------         ENDPROC       TEST_IAPROM
  -------         ENDMOD        IAP_EEPROM

  -------         MODULE        DELAY
  C:0000H         SYMBOL        _ICE_DUMMY_
  D:0080H         PUBLIC        P0
  D:0090H         PUBLIC        P1
  D:00A0H         PUBLIC        P2
  C:3808H         PUBLIC        _Timer0_Delay100us
  D:00B0H         PUBLIC        P3
  D:00D8H         PUBLIC        PWMCON0
  C:3753H         PUBLIC        _Timer2_Delay500us
  D:00A8H         PUBLIC        IE
  D:00B8H         PUBLIC        IP
  C:3861H         PUBLIC        _Timer0_Delay1ms
  B:0021H.3       PUBLIC        BIT_TMP
  D:0098H         PUBLIC        SCON
  D:0089H         PUBLIC        TMOD
  D:0088H         PUBLIC        TCON
BL51 BANKED LINKER/LOCATER V6.22.2.0                                                  07/25/2025  10:27:10  PAGE 61


  D:00F8H         PUBLIC        SCON_1
  B:0088H.5       PUBLIC        TF0
  C:38BAH         PUBLIC        _Timer1_Delay10ms
  B:0088H.7       PUBLIC        TF1
  B:00C8H.7       PUBLIC        TF2
  D:008CH         PUBLIC        TH0
  D:00C6H         PUBLIC        RH3
  D:008DH         PUBLIC        TH1
  D:00CDH         PUBLIC        TH2
  D:008AH         PUBLIC        TL0
  D:00C5H         PUBLIC        RL3
  D:008BH         PUBLIC        TL1
  D:00CCH         PUBLIC        TL2
  C:363CH         PUBLIC        _Timer3_Delay10us
  B:0088H.4       PUBLIC        TR0
  B:0088H.6       PUBLIC        TR1
  B:00C8H.2       PUBLIC        TR2
  D:00E8H         PUBLIC        ADCCON0
  D:00C0H         PUBLIC        I2CON
  D:00C9H         PUBLIC        T2MOD
  D:00C8H         PUBLIC        T2CON
  D:00C4H         PUBLIC        T3CON
  D:008EH         PUBLIC        CKCON
  D:00D0H         PUBLIC        PSW
  C:35DEH         PUBLIC        _Timer3_Delay100ms
  -------         PROC          _TIMER0_DELAY100US
  X:02DFH         SYMBOL        u32CNT
  C:3808H         LINE#         22
  C:380EH         LINE#         23
  C:380EH         LINE#         24
  C:3811H         LINE#         25
  C:3814H         LINE#         26
  C:3816H         LINE#         27
  C:382FH         LINE#         28
  C:382FH         LINE#         29
  C:3832H         LINE#         30
  C:3835H         LINE#         31
  C:3838H         LINE#         32
  C:383AH         LINE#         33
  C:385CH         LINE#         34
  C:385EH         LINE#         35
  C:3860H         LINE#         36
  -------         ENDPROC       _TIMER0_DELAY100US
  -------         PROC          _TIMER0_DELAY1MS
  X:02E3H         SYMBOL        u32CNT
  C:3861H         LINE#         38
  C:3867H         LINE#         39
  C:3867H         LINE#         40
  C:386AH         LINE#         41
  C:386DH         LINE#         42
  C:386FH         LINE#         43
  C:3888H         LINE#         44
  C:3888H         LINE#         45
  C:388BH         LINE#         46
  C:388EH         LINE#         47
  C:3891H         LINE#         48
  C:3893H         LINE#         49
BL51 BANKED LINKER/LOCATER V6.22.2.0                                                  07/25/2025  10:27:10  PAGE 62


  C:38B5H         LINE#         50
  C:38B7H         LINE#         51
  C:38B9H         LINE#         52
  -------         ENDPROC       _TIMER0_DELAY1MS
  -------         PROC          _TIMER1_DELAY10MS
  X:02E7H         SYMBOL        u32CNT
  C:38BAH         LINE#         55
  C:38C0H         LINE#         56
  C:38C0H         LINE#         57
  C:38C3H         LINE#         58
  C:38C6H         LINE#         59
  C:38C8H         LINE#         60
  C:38E1H         LINE#         61
  C:38E1H         LINE#         62
  C:38E4H         LINE#         63
  C:38E7H         LINE#         64
  C:38EAH         LINE#         65
  C:38ECH         LINE#         66
  C:390EH         LINE#         67
  C:3910H         LINE#         68
  C:3912H         LINE#         69
  -------         ENDPROC       _TIMER1_DELAY10MS
  -------         PROC          _TIMER2_DELAY500US
  X:02EBH         SYMBOL        u32CNT
  C:3753H         LINE#         71
  C:3759H         LINE#         72
  C:3759H         LINE#         73
  C:375CH         LINE#         74
  C:375FH         LINE#         75
  C:3762H         LINE#         76
  C:3764H         LINE#         77
  C:377DH         LINE#         78
  C:377DH         LINE#         79
  C:3780H         LINE#         80
  C:3783H         LINE#         81
  C:3786H         LINE#         82
  C:3788H         LINE#         83
  C:37AAH         LINE#         84
  C:37ACH         LINE#         85
  C:37AEH         LINE#         86
  -------         ENDPROC       _TIMER2_DELAY500US
  -------         PROC          _TIMER3_DELAY100MS
  X:02EFH         SYMBOL        u32CNT
  C:35DEH         LINE#         88
  C:35E4H         LINE#         89
  C:35E4H         LINE#         90
  C:35E7H         LINE#         91
  C:35EAH         LINE#         92
  C:3603H         LINE#         93
  C:3603H         LINE#         94
  C:3606H         LINE#         95
  C:3609H         LINE#         96
  C:3611H         LINE#         97
  C:3614H         LINE#         98
  C:3636H         LINE#         99
  C:3638H         LINE#         100
  C:363BH         LINE#         101
BL51 BANKED LINKER/LOCATER V6.22.2.0                                                  07/25/2025  10:27:10  PAGE 63


  -------         ENDPROC       _TIMER3_DELAY100MS
  -------         PROC          _TIMER3_DELAY10US
  X:02F3H         SYMBOL        u32CNT
  C:363CH         LINE#         103
  C:3642H         LINE#         104
  C:3642H         LINE#         105
  C:3645H         LINE#         106
  C:3648H         LINE#         107
  C:3661H         LINE#         108
  C:3661H         LINE#         109
  C:3664H         LINE#         110
  C:3667H         LINE#         111
  C:366FH         LINE#         112
  C:3672H         LINE#         113
  C:3694H         LINE#         114
  C:3696H         LINE#         115
  C:3699H         LINE#         116
  -------         ENDPROC       _TIMER3_DELAY10US
  -------         ENDMOD        DELAY

  -------         MODULE        COMMON
  C:0000H         SYMBOL        _ICE_DUMMY_
  D:00B1H         PUBLIC        P0M1
  D:00B3H         PUBLIC        P1M1
  D:00B2H         PUBLIC        P0M2
  D:0080H         PUBLIC        P0
  D:00B4H         PUBLIC        P1M2
  D:0090H         PUBLIC        P1
  D:00A0H         PUBLIC        P2
  D:00B0H         PUBLIC        P3
  B:00A8H.7       PUBLIC        EA
  D:00D8H         PUBLIC        PWMCON0
  D:00A8H         PUBLIC        IE
  C:3D7FH         PUBLIC        SW_Reset
  D:00C7H         PUBLIC        TA
  D:00B8H         PUBLIC        IP
  B:0098H.1       PUBLIC        TI
  D:0087H         PUBLIC        PCON
  D:0098H         PUBLIC        SCON
  D:0089H         PUBLIC        TMOD
  D:0088H         PUBLIC        TCON
  D:009FH         PUBLIC        CHPCON
  D:00F8H         PUBLIC        SCON_1
  D:00C6H         PUBLIC        RH3
  D:008DH         PUBLIC        TH1
  D:00C5H         PUBLIC        RL3
  C:3BECH         PUBLIC        _InitialUART0_Timer1
  C:32D3H         PUBLIC        _InitialUART0_Timer3
  C:3350H         PUBLIC        _InitialUART1_Timer3
  B:0088H.6       PUBLIC        TR1
  D:00E8H         PUBLIC        ADCCON0
  D:00C0H         PUBLIC        I2CON
  D:00C8H         PUBLIC        T2CON
  D:00C4H         PUBLIC        T3CON
  D:008EH         PUBLIC        CKCON
  D:00D0H         PUBLIC        PSW
  -------         PROC          _INITIALUART0_TIMER1
BL51 BANKED LINKER/LOCATER V6.22.2.0                                                  07/25/2025  10:27:10  PAGE 64


  D:0004H         SYMBOL        u32Baudrate
  C:3BECH         LINE#         26
  C:3BECH         LINE#         27
  C:3BECH         LINE#         28
  C:3BF2H         LINE#         29
  C:3BF8H         LINE#         31
  C:3BFBH         LINE#         32
  C:3BFEH         LINE#         34
  C:3C01H         LINE#         35
  C:3C04H         LINE#         36
  C:3C07H         LINE#         42
  C:3C1FH         LINE#         44
  C:3C21H         LINE#         45
  C:3C23H         LINE#         46
  -------         ENDPROC       _INITIALUART0_TIMER1
  -------         PROC          _INITIALUART0_TIMER3
  X:02F7H         SYMBOL        u32Baudrate
  C:32D3H         LINE#         48
  C:32D9H         LINE#         49
  C:32D9H         LINE#         50
  C:32DFH         LINE#         51
  C:32E5H         LINE#         53
  C:32E8H         LINE#         54
  C:32EBH         LINE#         55
  C:32EEH         LINE#         56
  C:32F1H         LINE#         63
  C:331FH         LINE#         64
  C:334AH         LINE#         66
  C:334DH         LINE#         67
  C:334FH         LINE#         68
  -------         ENDPROC       _INITIALUART0_TIMER3
  -------         PROC          _INITIALUART1_TIMER3
  X:019CH         SYMBOL        u32Baudrate
  C:3350H         LINE#         74
  C:3356H         LINE#         75
  C:3356H         LINE#         76
  C:335CH         LINE#         77
  C:3362H         LINE#         79
  C:3365H         LINE#         80
  C:3368H         LINE#         81
  C:336BH         LINE#         88
  C:3399H         LINE#         89
  C:33C4H         LINE#         91
  C:33C7H         LINE#         92
  -------         ENDPROC       _INITIALUART1_TIMER3
  -------         PROC          SW_RESET
  C:3D7FH         LINE#         97
  C:3D7FH         LINE#         98
  C:3D7FH         LINE#         99
  C:3D82H         LINE#         100
  C:3D85H         LINE#         101
  C:3D98H         LINE#         102
  -------         ENDPROC       SW_RESET
  -------         ENDMOD        COMMON

  -------         MODULE        ?C?FPADD
  C:0085H         PUBLIC        ?C?FPADD
BL51 BANKED LINKER/LOCATER V6.22.2.0                                                  07/25/2025  10:27:10  PAGE 65


  C:0081H         PUBLIC        ?C?FPSUB
  -------         ENDMOD        ?C?FPADD

  -------         MODULE        ?C?FPMUL
  C:0176H         PUBLIC        ?C?FPMUL
  -------         ENDMOD        ?C?FPMUL

  -------         MODULE        ?C?FPDIV
  C:027FH         PUBLIC        ?C?FPDIV
  -------         ENDMOD        ?C?FPDIV

  -------         MODULE        ?C?FPCMP
  C:031EH         PUBLIC        ?C?FPCMP
  C:031CH         PUBLIC        ?C?FPCMP3
  -------         ENDMOD        ?C?FPCMP

  -------         MODULE        ?C?FCAST
  C:039FH         PUBLIC        ?C?FCASTC
  C:039AH         PUBLIC        ?C?FCASTI
  C:0395H         PUBLIC        ?C?FCASTL
  -------         ENDMOD        ?C?FCAST

  -------         MODULE        ?C?CASTF
  C:03D3H         PUBLIC        ?C?CASTF
  -------         ENDMOD        ?C?CASTF

  -------         MODULE        ?C?COPY
  C:0524H         PUBLIC        ?C?COPY
  -------         ENDMOD        ?C?COPY

  -------         MODULE        ?C?CLDPTR
  C:054AH         PUBLIC        ?C?CLDPTR
  -------         ENDMOD        ?C?CLDPTR

  -------         MODULE        ?C?CLDOPTR
  C:0563H         PUBLIC        ?C?CLDOPTR
  -------         ENDMOD        ?C?CLDOPTR

  -------         MODULE        ?C?CSTPTR
  C:0590H         PUBLIC        ?C?CSTPTR
  -------         ENDMOD        ?C?CSTPTR

  -------         MODULE        ?C?CSTOPTR
  C:05A2H         PUBLIC        ?C?CSTOPTR
  -------         ENDMOD        ?C?CSTOPTR

  -------         MODULE        ?C?UIDIV
  C:05C4H         PUBLIC        ?C?UIDIV
  -------         ENDMOD        ?C?UIDIV

  -------         MODULE        ?C?IILDX
  C:0619H         PUBLIC        ?C?IILDX
  -------         ENDMOD        ?C?IILDX

  -------         MODULE        ?C?ULDIV
  C:066BH         PUBLIC        ?C?ULDIV
  -------         ENDMOD        ?C?ULDIV
BL51 BANKED LINKER/LOCATER V6.22.2.0                                                  07/25/2025  10:27:10  PAGE 66



  -------         MODULE        ?C?LNEG
  C:06FDH         PUBLIC        ?C?LNEG
  -------         ENDMOD        ?C?LNEG

  -------         MODULE        ?C?ULCMP
  C:070BH         PUBLIC        ?C?ULCMP
  -------         ENDMOD        ?C?ULCMP

  -------         MODULE        ?C?ULSHR
  C:071CH         PUBLIC        ?C?ULSHR
  -------         ENDMOD        ?C?ULSHR

  -------         MODULE        ?C?LLDOPTR
  C:072FH         PUBLIC        ?C?LLDOPTR
  -------         ENDMOD        ?C?LLDOPTR

  -------         MODULE        ?C?LSTOPTR
  C:075FH         PUBLIC        ?C?LSTOPTR
  -------         ENDMOD        ?C?LSTOPTR

  -------         MODULE        ?C?LLDOPTR0
  C:0783H         PUBLIC        ?C?LLDOPTR0
  -------         ENDMOD        ?C?LLDOPTR0

  -------         MODULE        ?C?LSTXDATA
  C:07B3H         PUBLIC        ?C?LSTXDATA
  -------         ENDMOD        ?C?LSTXDATA

  -------         MODULE        ?C?LSTKXDATA
  C:07BFH         PUBLIC        ?C?LSTKXDATA
  -------         ENDMOD        ?C?LSTKXDATA

  -------         MODULE        ?C?LSTKOPTR
  C:07F0H         PUBLIC        ?C?LSTKOPTR
  -------         ENDMOD        ?C?LSTKOPTR

  -------         MODULE        ?C?PLDPTR
  C:0814H         PUBLIC        ?C?PLDPTR
  -------         ENDMOD        ?C?PLDPTR

  -------         MODULE        ?C?PSTPTR
  C:0834H         PUBLIC        ?C?PSTPTR
  -------         ENDMOD        ?C?PSTPTR

  -------         MODULE        ?C?CCASE
  C:0883H         PUBLIC        ?C?CCASE
  -------         ENDMOD        ?C?CCASE

  -------         MODULE        ?C?LLDIDATA
  C:08A9H         PUBLIC        ?C?LLDIDATA
  -------         ENDMOD        ?C?LLDIDATA

  -------         MODULE        ?C?LLDXDATA
  C:08B5H         PUBLIC        ?C?LLDXDATA
  -------         ENDMOD        ?C?LLDXDATA

BL51 BANKED LINKER/LOCATER V6.22.2.0                                                  07/25/2025  10:27:10  PAGE 67


  -------         MODULE        ?C?LLDPDATA
  C:08C1H         PUBLIC        ?C?LLDPDATA
  -------         ENDMOD        ?C?LLDPDATA

  -------         MODULE        ?C?LLDCODE
  C:08CDH         PUBLIC        ?C?LLDCODE
  -------         ENDMOD        ?C?LLDCODE

  -------         MODULE        ?C?LLDIDATA0
  C:08DDH         PUBLIC        ?C?LLDIDATA0
  -------         ENDMOD        ?C?LLDIDATA0

  -------         MODULE        ?C?LLDXDATA0
  C:08EAH         PUBLIC        ?C?LLDXDATA0
  -------         ENDMOD        ?C?LLDXDATA0

  -------         MODULE        ?C?LLDPDATA0
  C:08F6H         PUBLIC        ?C?LLDPDATA0
  -------         ENDMOD        ?C?LLDPDATA0

  -------         MODULE        ?C?LLDCODE0
  C:0903H         PUBLIC        ?C?LLDCODE0
  -------         ENDMOD        ?C?LLDCODE0

  -------         MODULE        ?C?LSTIDATA
  C:0913H         PUBLIC        ?C?LSTIDATA
  -------         ENDMOD        ?C?LSTIDATA

  -------         MODULE        ?C?LSTPDATA
  C:091FH         PUBLIC        ?C?LSTPDATA
  -------         ENDMOD        ?C?LSTPDATA

  -------         MODULE        ?C?LSTKIDATA
  C:092BH         PUBLIC        ?C?LSTKIDATA
  -------         ENDMOD        ?C?LSTKIDATA

  -------         MODULE        ?C?LSTKPDATA
  C:0944H         PUBLIC        ?C?LSTKPDATA
  -------         ENDMOD        ?C?LSTKPDATA

  -------         MODULE        ?C?PLDIDATA
  C:095DH         PUBLIC        ?C?PLDIDATA
  -------         ENDMOD        ?C?PLDIDATA

  -------         MODULE        ?C?PSTIDATA
  C:0966H         PUBLIC        ?C?PSTIDATA
  -------         ENDMOD        ?C?PSTIDATA

  -------         MODULE        ?C?PLDXDATA
  C:096FH         PUBLIC        ?C?PLDXDATA
  -------         ENDMOD        ?C?PLDXDATA

  -------         MODULE        ?C?PSTXDATA
  C:0978H         PUBLIC        ?C?PSTXDATA
  -------         ENDMOD        ?C?PSTXDATA

  -------         MODULE        ?C?PLDPDATA
BL51 BANKED LINKER/LOCATER V6.22.2.0                                                  07/25/2025  10:27:10  PAGE 68


  C:0981H         PUBLIC        ?C?PLDPDATA
  -------         ENDMOD        ?C?PLDPDATA

  -------         MODULE        ?C?PSTPDATA
  C:098AH         PUBLIC        ?C?PSTPDATA
  -------         ENDMOD        ?C?PSTPDATA

  -------         MODULE        ?C?PLDCODE
  C:0993H         PUBLIC        ?C?PLDCODE
  -------         ENDMOD        ?C?PLDCODE

Program Size: data=12.4 xdata=770 code=16002
LINK/LOCATE RUN COMPLETE.  0 WARNING(S),  0 ERROR(S)
