Component: ARM Compiler 5.06 update 7 (build 960) Tool: armlink [4d3601]

==============================================================================

Image Symbol Table

    Local Symbols

    Symbol Name                              Value     Ov Type        Size  Object(Section)

    RESET                                    0x00000000   Section      192  startup_hc32f005.o(RESET)
    ../clib/microlib/division.c              0x00000000   Number         0  uidiv.o ABSOLUTE
    ../clib/microlib/division.c              0x00000000   Number         0  idiv.o ABSOLUTE
    ../clib/microlib/init/entry.s            0x00000000   Number         0  entry2.o ABSOLUTE
    ../clib/microlib/init/entry.s            0x00000000   Number         0  entry7a.o ABSOLUTE
    ../clib/microlib/init/entry.s            0x00000000   Number         0  entry5.o ABSOLUTE
    ../clib/microlib/init/entry.s            0x00000000   Number         0  entry12b.o ABSOLUTE
    ../clib/microlib/init/entry.s            0x00000000   Number         0  entry12a.o ABSOLUTE
    ../clib/microlib/init/entry.s            0x00000000   Number         0  entry11b.o ABSOLUTE
    ../clib/microlib/init/entry.s            0x00000000   Number         0  entry11a.o ABSOLUTE
    ../clib/microlib/init/entry.s            0x00000000   Number         0  entry10b.o ABSOLUTE
    ../clib/microlib/init/entry.s            0x00000000   Number         0  entry10a.o ABSOLUTE
    ../clib/microlib/init/entry.s            0x00000000   Number         0  entry9b.o ABSOLUTE
    ../clib/microlib/init/entry.s            0x00000000   Number         0  entry.o ABSOLUTE
    ../clib/microlib/init/entry.s            0x00000000   Number         0  entry9a.o ABSOLUTE
    ../clib/microlib/init/entry.s            0x00000000   Number         0  entry8a.o ABSOLUTE
    ../clib/microlib/init/entry.s            0x00000000   Number         0  entry7b.o ABSOLUTE
    ../clib/microlib/init/entry.s            0x00000000   Number         0  entry8b.o ABSOLUTE
    ../clib/microlib/longlong.c              0x00000000   Number         0  llshl.o ABSOLUTE
    ../clib/microlib/longlong.c              0x00000000   Number         0  llushr.o ABSOLUTE
    ../clib/microlib/longlong.c              0x00000000   Number         0  llsshr.o ABSOLUTE
    ../clib/microlib/string/memcpy.c         0x00000000   Number         0  memcpya.o ABSOLUTE
    ../clib/microlib/string/memcpy.c         0x00000000   Number         0  memcpyb.o ABSOLUTE
    ../clib/microlib/string/memset.c         0x00000000   Number         0  memseta.o ABSOLUTE
    ../clib/microlib/stubs.s                 0x00000000   Number         0  iusefp.o ABSOLUTE
    ../clib/microlib/stubs.s                 0x00000000   Number         0  useno.o ABSOLUTE
    ../fplib/microlib/d2f.c                  0x00000000   Number         0  d2f.o ABSOLUTE
    ../fplib/microlib/f2d.c                  0x00000000   Number         0  f2d.o ABSOLUTE
    ../fplib/microlib/fpadd.c                0x00000000   Number         0  dadd.o ABSOLUTE
    ../fplib/microlib/fpadd.c                0x00000000   Number         0  fadd.o ABSOLUTE
    ../fplib/microlib/fpdiv.c                0x00000000   Number         0  fdiv.o ABSOLUTE
    ../fplib/microlib/fpdiv.c                0x00000000   Number         0  ddiv.o ABSOLUTE
    ../fplib/microlib/fpepilogue.c           0x00000000   Number         0  fepilogue.o ABSOLUTE
    ../fplib/microlib/fpepilogue.c           0x00000000   Number         0  depilogue.o ABSOLUTE
    ../fplib/microlib/fpfix.c                0x00000000   Number         0  dfixi.o ABSOLUTE
    ../fplib/microlib/fpfix.c                0x00000000   Number         0  dfixui.o ABSOLUTE
    ../fplib/microlib/fpfix.c                0x00000000   Number         0  ffixi.o ABSOLUTE
    ../fplib/microlib/fpfix.c                0x00000000   Number         0  ffixui.o ABSOLUTE
    ../fplib/microlib/fpflt.c                0x00000000   Number         0  ffltui.o ABSOLUTE
    ../fplib/microlib/fpflt.c                0x00000000   Number         0  dflti.o ABSOLUTE
    ../fplib/microlib/fpflt.c                0x00000000   Number         0  dfltui.o ABSOLUTE
    ../fplib/microlib/fpflt.c                0x00000000   Number         0  fflti.o ABSOLUTE
    ../fplib/microlib/fpmul.c                0x00000000   Number         0  fmul.o ABSOLUTE
    ../fplib/microlib/fpmul.c                0x00000000   Number         0  dmul.o ABSOLUTE
    ..\..\..\..\driver\src\adc.c             0x00000000   Number         0  adc.o ABSOLUTE
    ..\..\..\..\driver\src\adt.c             0x00000000   Number         0  adt.o ABSOLUTE
    ..\..\..\..\driver\src\bgr.c             0x00000000   Number         0  bgr.o ABSOLUTE
    ..\..\..\..\driver\src\bt.c              0x00000000   Number         0  bt.o ABSOLUTE
    ..\..\..\..\driver\src\ddl.c             0x00000000   Number         0  ddl.o ABSOLUTE
    ..\..\..\..\driver\src\flash.c           0x00000000   Number         0  flash.o ABSOLUTE
    ..\..\..\..\driver\src\gpio.c            0x00000000   Number         0  gpio.o ABSOLUTE
    ..\..\..\..\driver\src\lpm.c             0x00000000   Number         0  lpm.o ABSOLUTE
    ..\..\..\..\driver\src\sysctrl.c         0x00000000   Number         0  sysctrl.o ABSOLUTE
    ..\..\..\..\driver\src\uart.c            0x00000000   Number         0  uart.o ABSOLUTE
    ..\..\..\..\mcu\common\interrupts_hc32f005.c 0x00000000   Number         0  interrupts_hc32f005.o ABSOLUTE
    ..\..\..\..\mcu\common\system_hc32f005.c 0x00000000   Number         0  system_hc32f005.o ABSOLUTE
    ..\\..\\..\\..\\driver\\src\\adc.c       0x00000000   Number         0  adc.o ABSOLUTE
    ..\\..\\..\\..\\driver\\src\\adt.c       0x00000000   Number         0  adt.o ABSOLUTE
    ..\\..\\..\\..\\driver\\src\\bgr.c       0x00000000   Number         0  bgr.o ABSOLUTE
    ..\\..\\..\\..\\driver\\src\\bt.c        0x00000000   Number         0  bt.o ABSOLUTE
    ..\\..\\..\\..\\driver\\src\\ddl.c       0x00000000   Number         0  ddl.o ABSOLUTE
    ..\\..\\..\\..\\driver\\src\\flash.c     0x00000000   Number         0  flash.o ABSOLUTE
    ..\\..\\..\\..\\driver\\src\\gpio.c      0x00000000   Number         0  gpio.o ABSOLUTE
    ..\\..\\..\\..\\driver\\src\\lpm.c       0x00000000   Number         0  lpm.o ABSOLUTE
    ..\\..\\..\\..\\driver\\src\\sysctrl.c   0x00000000   Number         0  sysctrl.o ABSOLUTE
    ..\\..\\..\\..\\driver\\src\\uart.c      0x00000000   Number         0  uart.o ABSOLUTE
    ..\\..\\..\\..\\mcu\\common\\interrupts_hc32f005.c 0x00000000   Number         0  interrupts_hc32f005.o ABSOLUTE
    ..\\..\\..\\..\\mcu\\common\\system_hc32f005.c 0x00000000   Number         0  system_hc32f005.o ABSOLUTE
    ..\\source\\MY_ADC.c                     0x00000000   Number         0  my_adc.o ABSOLUTE
    ..\\source\\MY_GPIO.c                    0x00000000   Number         0  my_gpio.o ABSOLUTE
    ..\\source\\MY_TIM.c                     0x00000000   Number         0  my_tim.o ABSOLUTE
    ..\\source\\MY_VC.c                      0x00000000   Number         0  my_vc.o ABSOLUTE
    ..\\source\\main.c                       0x00000000   Number         0  main.o ABSOLUTE
    ..\\source\\motor.c                      0x00000000   Number         0  motor.o ABSOLUTE
    ..\\source\\motor_speed_pid.c            0x00000000   Number         0  motor_speed_pid.o ABSOLUTE
    ..\\source\\my_usart.c                   0x00000000   Number         0  my_usart.o ABSOLUTE
    ..\\source\\pid.c                        0x00000000   Number         0  pid.o ABSOLUTE
    ..\\source\\point_fun.c                  0x00000000   Number         0  point_fun.o ABSOLUTE
    ..\\source\\queue.c                      0x00000000   Number         0  queue.o ABSOLUTE
    ..\\source\\ringfifo.c                   0x00000000   Number         0  ringfifo.o ABSOLUTE
    ..\\source\\uart_frame.c                 0x00000000   Number         0  uart_frame.o ABSOLUTE
    ..\source\MY_ADC.c                       0x00000000   Number         0  my_adc.o ABSOLUTE
    ..\source\MY_GPIO.c                      0x00000000   Number         0  my_gpio.o ABSOLUTE
    ..\source\MY_TIM.c                       0x00000000   Number         0  my_tim.o ABSOLUTE
    ..\source\MY_VC.c                        0x00000000   Number         0  my_vc.o ABSOLUTE
    ..\source\main.c                         0x00000000   Number         0  main.o ABSOLUTE
    ..\source\motor.c                        0x00000000   Number         0  motor.o ABSOLUTE
    ..\source\motor_speed_pid.c              0x00000000   Number         0  motor_speed_pid.o ABSOLUTE
    ..\source\my_usart.c                     0x00000000   Number         0  my_usart.o ABSOLUTE
    ..\source\pid.c                          0x00000000   Number         0  pid.o ABSOLUTE
    ..\source\point_fun.c                    0x00000000   Number         0  point_fun.o ABSOLUTE
    ..\source\queue.c                        0x00000000   Number         0  queue.o ABSOLUTE
    ..\source\ringfifo.c                     0x00000000   Number         0  ringfifo.o ABSOLUTE
    ..\source\uart_frame.c                   0x00000000   Number         0  uart_frame.o ABSOLUTE
    cdrcmple.s                               0x00000000   Number         0  cdrcmple.o ABSOLUTE
    cfcmple.s                                0x00000000   Number         0  cfcmple.o ABSOLUTE
    cfrcmple.s                               0x00000000   Number         0  cfrcmple.o ABSOLUTE
    dc.s                                     0x00000000   Number         0  dc.o ABSOLUTE
    handlers.s                               0x00000000   Number         0  handlers.o ABSOLUTE
    init.s                                   0x00000000   Number         0  init.o ABSOLUTE
    startup_hc32f005.s                       0x00000000   Number         0  startup_hc32f005.o ABSOLUTE
    .ARM.Collect$$$$00000000                 0x000000c0   Section        0  entry.o(.ARM.Collect$$$$00000000)
    .ARM.Collect$$$$00000001                 0x000000c0   Section        4  entry2.o(.ARM.Collect$$$$00000001)
    .ARM.Collect$$$$00000004                 0x000000c4   Section        4  entry5.o(.ARM.Collect$$$$00000004)
    .ARM.Collect$$$$00000008                 0x000000c8   Section        0  entry7b.o(.ARM.Collect$$$$00000008)
    .ARM.Collect$$$$0000000A                 0x000000c8   Section        0  entry8b.o(.ARM.Collect$$$$0000000A)
    .ARM.Collect$$$$0000000B                 0x000000c8   Section        8  entry9a.o(.ARM.Collect$$$$0000000B)
    .ARM.Collect$$$$0000000E                 0x000000d0   Section        4  entry12b.o(.ARM.Collect$$$$0000000E)
    .ARM.Collect$$$$0000000F                 0x000000d4   Section        0  entry10a.o(.ARM.Collect$$$$0000000F)
    .ARM.Collect$$$$00000011                 0x000000d4   Section        0  entry11a.o(.ARM.Collect$$$$00000011)
    .ARM.Collect$$$$00002712                 0x000000d4   Section        4  entry2.o(.ARM.Collect$$$$00002712)
    __lit__00000000                          0x000000d4   Data           4  entry2.o(.ARM.Collect$$$$00002712)
    .text                                    0x000000d8   Section       60  startup_hc32f005.o(.text)
    .text                                    0x00000114   Section        0  uidiv.o(.text)
    .text                                    0x00000140   Section        0  idiv.o(.text)
    .text                                    0x00000168   Section        0  memcpya.o(.text)
    .text                                    0x0000018c   Section        0  fadd.o(.text)
    .text                                    0x0000023e   Section        0  fmul.o(.text)
    .text                                    0x000002b8   Section        0  fdiv.o(.text)
    .text                                    0x00000334   Section        0  dadd.o(.text)
    .text                                    0x0000049c   Section        0  dmul.o(.text)
    .text                                    0x0000056c   Section        0  ddiv.o(.text)
    .text                                    0x0000065c   Section        0  fflti.o(.text)
    .text                                    0x00000672   Section        0  ffltui.o(.text)
    .text                                    0x00000680   Section        0  dflti.o(.text)
    .text                                    0x000006a8   Section        0  dfltui.o(.text)
    .text                                    0x000006c4   Section        0  ffixi.o(.text)
    .text                                    0x000006f6   Section        0  ffixui.o(.text)
    .text                                    0x00000720   Section        0  dfixi.o(.text)
    .text                                    0x00000768   Section        0  dfixui.o(.text)
    .text                                    0x000007a4   Section        0  f2d.o(.text)
    .text                                    0x000007cc   Section       40  cdrcmple.o(.text)
    .text                                    0x000007f4   Section        0  d2f.o(.text)
    .text                                    0x0000082c   Section       20  cfcmple.o(.text)
    .text                                    0x00000840   Section       20  cfrcmple.o(.text)
    .text                                    0x00000854   Section        0  llshl.o(.text)
    .text                                    0x00000874   Section        0  llushr.o(.text)
    .text                                    0x00000896   Section        0  llsshr.o(.text)
    .text                                    0x000008bc   Section        0  fepilogue.o(.text)
    .text                                    0x000008bc   Section        0  iusefp.o(.text)
    .text                                    0x0000093e   Section        0  depilogue.o(.text)
    .text                                    0x000009fc   Section       36  init.o(.text)
    i.ADC_IRQHandler                         0x00000a20   Section        0  interrupts_hc32f005.o(i.ADC_IRQHandler)
    i.ADC_Value_Handle                       0x00000a28   Section        0  my_adc.o(i.ADC_Value_Handle)
    i.Adc_ClrContIrqState                    0x00000aa4   Section        0  adc.o(i.Adc_ClrContIrqState)
    i.Adc_CmpCfg                             0x00000ab4   Section        0  adc.o(i.Adc_CmpCfg)
    i.Adc_ConfigScanMode                     0x00000b2c   Section        0  adc.o(i.Adc_ConfigScanMode)
    i.Adc_Enable                             0x00000b78   Section        0  adc.o(i.Adc_Enable)
    i.Adc_EnableIrq                          0x00000b8c   Section        0  adc.o(i.Adc_EnableIrq)
    i.Adc_GetScanResult                      0x00000ba4   Section        0  adc.o(i.Adc_GetScanResult)
    i.Adc_IRQHandler                         0x00000c38   Section        0  my_adc.o(i.Adc_IRQHandler)
    i.Adc_Init                               0x00000cb4   Section        0  adc.o(i.Adc_Init)
    i.Adc_Start                              0x00000dac   Section        0  adc.o(i.Adc_Start)
    i.Adt_CHxXPortCfg                        0x00000de0   Section        0  adt.o(i.Adt_CHxXPortCfg)
    i.Adt_CfgIrq                             0x00000fa8   Section        0  adt.o(i.Adt_CfgIrq)
    i.Adt_ClearAllIrqFlag                    0x00000fcc   Section        0  adt.o(i.Adt_ClearAllIrqFlag)
    i.Adt_ClearCount                         0x00000fda   Section        0  adt.o(i.Adt_ClearCount)
    i.Adt_ClearIrqFlag                       0x00000fe8   Section        0  adt.o(i.Adt_ClearIrqFlag)
    i.Adt_EnableValueBuf                     0x00000ffa   Section        0  adt.o(i.Adt_EnableValueBuf)
    i.Adt_GetIrqFlag                         0x00001030   Section        0  adt.o(i.Adt_GetIrqFlag)
    i.Adt_Init                               0x00001044   Section        0  adt.o(i.Adt_Init)
    i.Adt_SetCompareValue                    0x00001098   Section        0  adt.o(i.Adt_SetCompareValue)
    i.Adt_SetPeriod                          0x000010c2   Section        0  adt.o(i.Adt_SetPeriod)
    i.Adt_StartCount                         0x000010ca   Section        0  adt.o(i.Adt_StartCount)
    i.Adt_StopCount                          0x000010da   Section        0  adt.o(i.Adt_StopCount)
    i.App_AdcInitch12                        0x000010e8   Section        0  my_adc.o(i.App_AdcInitch12)
    i.App_AdvTimerInit                       0x0000116c   Section        0  my_tim.o(i.App_AdvTimerInit)
    i.App_AdvTimerPortInit                   0x00001218   Section        0  my_tim.o(i.App_AdvTimerPortInit)
    i.App_BtTimerTest                        0x00001244   Section        0  my_tim.o(i.App_BtTimerTest)
    App_BtTimerTest                          0x00001245   Thumb Code    74  my_tim.o(i.App_BtTimerTest)
    i.App_BtTogTest                          0x00001290   Section        0  my_tim.o(i.App_BtTogTest)
    App_BtTogTest                            0x00001291   Thumb Code    72  my_tim.o(i.App_BtTogTest)
    i.App_ClkInit                            0x000012dc   Section        0  sysctrl.o(i.App_ClkInit)
    i.App_GpioInit                           0x00001302   Section        0  my_tim.o(i.App_GpioInit)
    App_GpioInit                             0x00001303   Thumb Code    44  my_tim.o(i.App_GpioInit)
    i.App_PortInit                           0x0000132e   Section        0  my_usart.o(i.App_PortInit)
    i.App_UartInit                           0x00001378   Section        0  my_usart.o(i.App_UartInit)
    i.App_UserKeyInit                        0x000013ac   Section        0  my_gpio.o(i.App_UserKeyInit)
    App_UserKeyInit                          0x000013ad   Thumb Code    38  my_gpio.o(i.App_UserKeyInit)
    i.Bgr_BgrEnable                          0x000013d4   Section        0  bgr.o(i.Bgr_BgrEnable)
    i.Bt_ARRSet                              0x000013f0   Section        0  bt.o(i.Bt_ARRSet)
    i.Bt_ClearIntFlag                        0x0000144c   Section        0  bt.o(i.Bt_ClearIntFlag)
    i.Bt_Cnt16Set                            0x00001498   Section        0  bt.o(i.Bt_Cnt16Set)
    i.Bt_EnableIrq                           0x000014f4   Section        0  bt.o(i.Bt_EnableIrq)
    i.Bt_GetIntFlag                          0x0000154c   Section        0  bt.o(i.Bt_GetIntFlag)
    i.Bt_Init                                0x0000158c   Section        0  bt.o(i.Bt_Init)
    i.Bt_Run                                 0x0000175c   Section        0  bt.o(i.Bt_Run)
    i.Bt_Stop                                0x000017b0   Section        0  bt.o(i.Bt_Stop)
    i.CLKTRIM_IRQHandler                     0x000017fc   Section        0  interrupts_hc32f005.o(i.CLKTRIM_IRQHandler)
    i.Create_Queue                           0x00001804   Section        0  queue.o(i.Create_Queue)
    i.Current_Max_Over                       0x00001810   Section        0  motor_speed_pid.o(i.Current_Max_Over)
    Current_Max_Over                         0x00001811   Thumb Code    70  motor_speed_pid.o(i.Current_Max_Over)
    i.DMAC_IRQHandler                        0x00001868   Section        0  interrupts_hc32f005.o(i.DMAC_IRQHandler)
    i.Denter_queue                           0x00001870   Section        0  queue.o(i.Denter_queue)
    i.EnableNvic                             0x0000189c   Section        0  interrupts_hc32f005.o(i.EnableNvic)
    i.Enter_queue                            0x0000190c   Section        0  queue.o(i.Enter_queue)
    i.FLASH_RAM_IRQHandler                   0x00001936   Section        0  interrupts_hc32f005.o(i.FLASH_RAM_IRQHandler)
    i.Flash_WaitCycle                        0x00001944   Section        0  flash.o(i.Flash_WaitCycle)
    i.GetBit                                 0x00001978   Section        0  ddl.o(i.GetBit)
    i.Get_Proc_loop                          0x00001984   Section        0  my_adc.o(i.Get_Proc_loop)
    i.GpioInit                               0x000019e0   Section        0  main.o(i.GpioInit)
    GpioInit                                 0x000019e1   Thumb Code    58  main.o(i.GpioInit)
    i.Gpio_ClearIrq                          0x00001a1c   Section        0  gpio.o(i.Gpio_ClearIrq)
    i.Gpio_EnableIrq                         0x00001a38   Section        0  gpio.o(i.Gpio_EnableIrq)
    i.Gpio_GetIrqStatus                      0x00001a5c   Section        0  gpio.o(i.Gpio_GetIrqStatus)
    i.Gpio_Init                              0x00001a74   Section        0  gpio.o(i.Gpio_Init)
    i.Gpio_SetAfMode                         0x00001af4   Section        0  gpio.o(i.Gpio_SetAfMode)
    i.Gpio_SetAnalogMode                     0x00001b08   Section        0  gpio.o(i.Gpio_SetAnalogMode)
    i.Gpio_WriteOutputIO                     0x00001b24   Section        0  gpio.o(i.Gpio_WriteOutputIO)
    i.HardFault_Handler                      0x00001b40   Section        0  interrupts_hc32f005.o(i.HardFault_Handler)
    i.I2C_IRQHandler                         0x00001b50   Section        0  interrupts_hc32f005.o(i.I2C_IRQHandler)
    i.Is_Empty_Queue                         0x00001b58   Section        0  queue.o(i.Is_Empty_Queue)
    Is_Empty_Queue                           0x00001b59   Thumb Code    18  queue.o(i.Is_Empty_Queue)
    i.Is_Full_Queue                          0x00001b6a   Section        0  queue.o(i.Is_Full_Queue)
    i.LVD_IRQHandler                         0x00001b86   Section        0  interrupts_hc32f005.o(i.LVD_IRQHandler)
    i.MAIN_INIT                              0x00001b90   Section        0  point_fun.o(i.MAIN_INIT)
    i.MY_ADC_INIT                            0x00001bac   Section        0  my_adc.o(i.MY_ADC_INIT)
    i.MY_GPIO_INIT                           0x00001bc8   Section        0  my_gpio.o(i.MY_GPIO_INIT)
    i.MY_TIM_INIT                            0x00001be4   Section        0  my_tim.o(i.MY_TIM_INIT)
    i.MY_UART_INIT                           0x00001c08   Section        0  my_usart.o(i.MY_UART_INIT)
    i.PCA_IRQHandler                         0x00001c18   Section        0  interrupts_hc32f005.o(i.PCA_IRQHandler)
    i.PCNT_IRQHandler                        0x00001c20   Section        0  interrupts_hc32f005.o(i.PCNT_IRQHandler)
    i.PORT0_IRQHandler                       0x00001c28   Section        0  interrupts_hc32f005.o(i.PORT0_IRQHandler)
    i.PORT1_IRQHandler                       0x00001c30   Section        0  interrupts_hc32f005.o(i.PORT1_IRQHandler)
    i.PORT2_IRQHandler                       0x00001c38   Section        0  interrupts_hc32f005.o(i.PORT2_IRQHandler)
    i.PORT3_IRQHandler                       0x00001c40   Section        0  interrupts_hc32f005.o(i.PORT3_IRQHandler)
    i.Port3_IRQHandler                       0x00001c48   Section        0  my_gpio.o(i.Port3_IRQHandler)
    i.SPI_IRQHandler                         0x00001c84   Section        0  interrupts_hc32f005.o(i.SPI_IRQHandler)
    i.Select_Init                            0x00001c8c   Section        0  point_fun.o(i.Select_Init)
    i.SetBit                                 0x00001c9c   Section        0  ddl.o(i.SetBit)
    i.SysTick_Handler                        0x00001cba   Section        0  interrupts_hc32f005.o(i.SysTick_Handler)
    i.Sysctrl_ClkInit                        0x00001cc2   Section        0  sysctrl.o(i.Sysctrl_ClkInit)
    i.Sysctrl_ClkSourceEnable                0x00001d14   Section        0  sysctrl.o(i.Sysctrl_ClkSourceEnable)
    i.Sysctrl_GetHClkFreq                    0x00001de8   Section        0  sysctrl.o(i.Sysctrl_GetHClkFreq)
    i.Sysctrl_GetPClkFreq                    0x00001ee8   Section        0  sysctrl.o(i.Sysctrl_GetPClkFreq)
    i.Sysctrl_SetHCLKDiv                     0x00001f08   Section        0  sysctrl.o(i.Sysctrl_SetHCLKDiv)
    i.Sysctrl_SetPCLKDiv                     0x00001f30   Section        0  sysctrl.o(i.Sysctrl_SetPCLKDiv)
    i.Sysctrl_SetPeripheralGate              0x00001f58   Section        0  sysctrl.o(i.Sysctrl_SetPeripheralGate)
    i.Sysctrl_SetRCHTrim                     0x00001f70   Section        0  sysctrl.o(i.Sysctrl_SetRCHTrim)
    i.Sysctrl_SetRCLStableTime               0x00001f98   Section        0  sysctrl.o(i.Sysctrl_SetRCLStableTime)
    i.Sysctrl_SetXTHStableTime               0x00001fbc   Section        0  sysctrl.o(i.Sysctrl_SetXTHStableTime)
    i.Sysctrl_SysClkSwitch                   0x00001fdc   Section        0  sysctrl.o(i.Sysctrl_SysClkSwitch)
    i.Sysctrl_XTHDriverCfg                   0x00002008   Section        0  sysctrl.o(i.Sysctrl_XTHDriverCfg)
    i.SystemCoreClockUpdate                  0x00002024   Section        0  system_hc32f005.o(i.SystemCoreClockUpdate)
    i.SystemInit                             0x00002034   Section        0  system_hc32f005.o(i.SystemInit)
    i.TIM0_IRQHandler                        0x0000203c   Section        0  interrupts_hc32f005.o(i.TIM0_IRQHandler)
    i.TIM1_IRQHandler                        0x00002044   Section        0  interrupts_hc32f005.o(i.TIM1_IRQHandler)
    i.TIM2_IRQHandler                        0x0000204c   Section        0  interrupts_hc32f005.o(i.TIM2_IRQHandler)
    i.TIM3_IRQHandler                        0x00002054   Section        0  interrupts_hc32f005.o(i.TIM3_IRQHandler)
    i.TIM4_IRQHandler                        0x0000205c   Section        0  interrupts_hc32f005.o(i.TIM4_IRQHandler)
    i.TIM5_IRQHandler                        0x00002064   Section        0  interrupts_hc32f005.o(i.TIM5_IRQHandler)
    i.TIM6_IRQHandler                        0x0000206c   Section        0  interrupts_hc32f005.o(i.TIM6_IRQHandler)
    i.Tim2_IRQHandler                        0x00002074   Section        0  my_tim.o(i.Tim2_IRQHandler)
    i.Tim6_IRQHandler                        0x000020a0   Section        0  my_tim.o(i.Tim6_IRQHandler)
    i.UART0_IRQHandler                       0x00002104   Section        0  interrupts_hc32f005.o(i.UART0_IRQHandler)
    i.UART1_IRQHandler                       0x0000210c   Section        0  interrupts_hc32f005.o(i.UART1_IRQHandler)
    i.UART_Send_Buf                          0x00002114   Section        0  uart_frame.o(i.UART_Send_Buf)
    i.Uart1_IRQHandler                       0x00002138   Section        0  uart_frame.o(i.Uart1_IRQHandler)
    i.Uart_ClrStatus                         0x00002168   Section        0  uart.o(i.Uart_ClrStatus)
    i.Uart_EnableFunc                        0x0000217e   Section        0  uart.o(i.Uart_EnableFunc)
    i.Uart_EnableIrq                         0x00002192   Section        0  uart.o(i.Uart_EnableIrq)
    i.Uart_GetStatus                         0x000021a6   Section        0  uart.o(i.Uart_GetStatus)
    i.Uart_Init                              0x000021be   Section        0  uart.o(i.Uart_Init)
    i.Uart_ReceiveData                       0x000021e2   Section        0  uart.o(i.Uart_ReceiveData)
    i.Uart_SendDataPoll                      0x000021ea   Section        0  uart.o(i.Uart_SendDataPoll)
    i.Uart_SetBaudRate                       0x00002216   Section        0  uart.o(i.Uart_SetBaudRate)
    i.VC0_IRQHandler                         0x00002272   Section        0  interrupts_hc32f005.o(i.VC0_IRQHandler)
    i.VC1_IRQHandler                         0x0000227a   Section        0  interrupts_hc32f005.o(i.VC1_IRQHandler)
    i.WDT_IRQHandler                         0x00002282   Section        0  interrupts_hc32f005.o(i.WDT_IRQHandler)
    i._500ms_time_handle                     0x0000228c   Section        0  main.o(i._500ms_time_handle)
    i._SysctrlUnlock                         0x0000234c   Section        0  sysctrl.o(i._SysctrlUnlock)
    _SysctrlUnlock                           0x0000234d   Thumb Code    12  sysctrl.o(i._SysctrlUnlock)
    i._UartBaudCfg                           0x00002364   Section        0  my_usart.o(i._UartBaudCfg)
    _UartBaudCfg                             0x00002365   Thumb Code   116  my_usart.o(i._UartBaudCfg)
    i.__ARM_clz                              0x000023dc   Section        0  depilogue.o(i.__ARM_clz)
    i.__ARM_common_switch8                   0x0000240a   Section        0  adc.o(i.__ARM_common_switch8)
    i.__NVIC_SetPriority                     0x00002428   Section        0  interrupts_hc32f005.o(i.__NVIC_SetPriority)
    __NVIC_SetPriority                       0x00002429   Thumb Code   110  interrupts_hc32f005.o(i.__NVIC_SetPriority)
    i.__scatterload_copy                     0x000024a0   Section       14  handlers.o(i.__scatterload_copy)
    i.__scatterload_null                     0x000024ae   Section        2  handlers.o(i.__scatterload_null)
    i.__scatterload_zeroinit                 0x000024b0   Section       14  handlers.o(i.__scatterload_zeroinit)
    i.checkout_current_over                  0x000024c0   Section        0  motor_speed_pid.o(i.checkout_current_over)
    checkout_current_over                    0x000024c1   Thumb Code    78  motor_speed_pid.o(i.checkout_current_over)
    i.checkout_speed_over                    0x0000251c   Section        0  motor_speed_pid.o(i.checkout_speed_over)
    checkout_speed_over                      0x0000251d   Thumb Code   132  motor_speed_pid.o(i.checkout_speed_over)
    i.clear_adcbuf                           0x000025bc   Section        0  my_adc.o(i.clear_adcbuf)
    i.cmd_proc                               0x000025d8   Section        0  uart_frame.o(i.cmd_proc)
    i.communication_checkout                 0x00002ab4   Section        0  uart_frame.o(i.communication_checkout)
    i.ctr_init                               0x00002ae8   Section        0  motor.o(i.ctr_init)
    i.ctr_proc_loop                          0x00002b70   Section        0  motor.o(i.ctr_proc_loop)
    i.ddl_memclr                             0x00002ef4   Section        0  ddl.o(i.ddl_memclr)
    i.default_pid_int                        0x00002f14   Section        0  pid.o(i.default_pid_int)
    i.delay10us                              0x00002f50   Section        0  ddl.o(i.delay10us)
    i.delay1ms                               0x00002fac   Section        0  ddl.o(i.delay1ms)
    i.error_chick                            0x00003004   Section        0  motor_speed_pid.o(i.error_chick)
    i.get_adc_value                          0x00003024   Section        0  my_adc.o(i.get_adc_value)
    i.main                                   0x000030b0   Section        0  main.o(i.main)
    i.motor_speed                            0x0000310c   Section        0  motor.o(i.motor_speed)
    i.motor_speed_pid_isr                    0x00003474   Section        0  motor_speed_pid.o(i.motor_speed_pid_isr)
    i.myfun                                  0x00003670   Section        0  point_fun.o(i.myfun)
    i.pid_calc                               0x00003680   Section        0  pid.o(i.pid_calc)
    i.rt_data                                0x00003770   Section        0  point_fun.o(i.rt_data)
    i.tim0run                                0x0000377c   Section        0  my_tim.o(i.tim0run)
    i.tim0stop                               0x000037a0   Section        0  my_tim.o(i.tim0stop)
    i.tim2run                                0x000037ac   Section        0  my_tim.o(i.tim2run)
    i.tim6run                                0x000037c4   Section        0  my_tim.o(i.tim6run)
    i.tim6stop                               0x000037f0   Section        0  my_tim.o(i.tim6stop)
    i.uart_frame_init                        0x00003804   Section        0  uart_frame.o(i.uart_frame_init)
    i.uart_frame_loop                        0x00003838   Section        0  uart_frame.o(i.uart_frame_loop)
    i.uart_frame_tx                          0x00003970   Section        0  uart_frame.o(i.uart_frame_tx)
    i.wait_for_motor                         0x000039b4   Section        0  main.o(i.wait_for_motor)
    wait_for_motor                           0x000039b5   Thumb Code    52  main.o(i.wait_for_motor)
    .constdata                               0x000039f4   Section       24  sysctrl.o(.constdata)
    .data                                    0x20000000   Section        4  system_hc32f005.o(.data)
    .data                                    0x20000004   Section        9  main.o(.data)
    wait_time_start                          0x20000006   Data           2  main.o(.data)
    .data                                    0x2000000e   Section        7  my_tim.o(.data)
    .data                                    0x20000018   Section       21  my_adc.o(.data)
    flag                                     0x2000002c   Data           1  my_adc.o(.data)
    .data                                    0x20000030   Section       24  uart_frame.o(.data)
    sm                                       0x20000040   Data           1  uart_frame.o(.data)
    len                                      0x20000041   Data           1  uart_frame.o(.data)
    ptr                                      0x20000044   Data           4  uart_frame.o(.data)
    .data                                    0x20000048   Section      167  motor.o(.data)
    interrupt_flag                           0x200000ec   Data           1  motor.o(.data)
    er02_code                                0x200000ed   Data           1  motor.o(.data)
    er08_code                                0x200000ee   Data           1  motor.o(.data)
    .data                                    0x200000f0   Section       13  motor_speed_pid.o(.data)
    low_speed_count                          0x200000fa   Data           1  motor_speed_pid.o(.data)
    Current_over_flag                        0x200000fb   Data           1  motor_speed_pid.o(.data)
    current_max_over                         0x200000fc   Data           1  motor_speed_pid.o(.data)
    .bss                                     0x20000100   Section       20  my_adc.o(.bss)
    .bss                                     0x20000114   Section       32  point_fun.o(.bss)
    .bss                                     0x20000134   Section      171  uart_frame.o(.bss)
    .bss                                     0x200001e0   Section       76  motor.o(.bss)
    .bss                                     0x2000022c   Section       44  pid.o(.bss)
    STACK                                    0x20000258   Section     1024  startup_hc32f005.o(STACK)

    Global Symbols

    Symbol Name                              Value     Ov Type        Size  Object(Section)

    BuildAttributes$$THM_ISAv3M$S$PE$A:L22$X:L11$S22$IEEE1$IW$USESV6$~STKCKD$USESV7$~SHL$OTIME$ROPI$EBA8$MICROLIB$REQ8$PRES8$EABIv2 0x00000000   Number         0  anon$$obj.o ABSOLUTE
    __ARM_use_no_argv                        0x00000000   Number         0  main.o ABSOLUTE
    __Vectors                                0x00000000   Data           0  startup_hc32f005.o(RESET)
    __use_no_errno                           0x00000000   Number         0  useno.o ABSOLUTE
    __use_no_exception_handling              0x00000000   Number         0  useno.o ABSOLUTE
    __use_no_fp                              0x00000000   Number         0  useno.o ABSOLUTE
    __use_no_heap                            0x00000000   Number         0  useno.o ABSOLUTE
    __use_no_heap_region                     0x00000000   Number         0  useno.o ABSOLUTE
    __use_no_semihosting                     0x00000000   Number         0  useno.o ABSOLUTE
    __use_no_semihosting_swi                 0x00000000   Number         0  useno.o ABSOLUTE
    __use_no_signal_handling                 0x00000000   Number         0  useno.o ABSOLUTE
    ClkTrim_IRQHandler                        - Undefined Weak Reference
    Dmac_IRQHandler                           - Undefined Weak Reference
    Flash_IRQHandler                          - Undefined Weak Reference
    I2c_IRQHandler                            - Undefined Weak Reference
    Lvd_IRQHandler                            - Undefined Weak Reference
    Pca_IRQHandler                            - Undefined Weak Reference
    Pcnt_IRQHandler                           - Undefined Weak Reference
    Port0_IRQHandler                          - Undefined Weak Reference
    Port1_IRQHandler                          - Undefined Weak Reference
    Port2_IRQHandler                          - Undefined Weak Reference
    Ram_IRQHandler                            - Undefined Weak Reference
    Spi_IRQHandler                            - Undefined Weak Reference
    SysTick_IRQHandler                        - Undefined Weak Reference
    Tim0_IRQHandler                           - Undefined Weak Reference
    Tim1_IRQHandler                           - Undefined Weak Reference
    Tim3_IRQHandler                           - Undefined Weak Reference
    Tim4_IRQHandler                           - Undefined Weak Reference
    Tim5_IRQHandler                           - Undefined Weak Reference
    Uart0_IRQHandler                          - Undefined Weak Reference
    Vc0_IRQHandler                            - Undefined Weak Reference
    Vc1_IRQHandler                            - Undefined Weak Reference
    Wdt_IRQHandler                            - Undefined Weak Reference
    __arm_fini_                               - Undefined Weak Reference
    __cpp_initialize__aeabi_                  - Undefined Weak Reference
    __cxa_finalize                            - Undefined Weak Reference
    __decompress                              - Undefined Weak Reference
    _clock_init                               - Undefined Weak Reference
    _microlib_exit                            - Undefined Weak Reference
    __Vectors_End                            0x000000c0   Data           0  startup_hc32f005.o(RESET)
    __Vectors_Size                           0x000000c0   Number         0  startup_hc32f005.o ABSOLUTE
    __main                                   0x000000c1   Thumb Code     0  entry.o(.ARM.Collect$$$$00000000)
    _main_stk                                0x000000c1   Thumb Code     0  entry2.o(.ARM.Collect$$$$00000001)
    _main_scatterload                        0x000000c5   Thumb Code     0  entry5.o(.ARM.Collect$$$$00000004)
    __main_after_scatterload                 0x000000c9   Thumb Code     0  entry5.o(.ARM.Collect$$$$00000004)
    _main_clock                              0x000000c9   Thumb Code     0  entry7b.o(.ARM.Collect$$$$00000008)
    _main_cpp_init                           0x000000c9   Thumb Code     0  entry8b.o(.ARM.Collect$$$$0000000A)
    _main_init                               0x000000c9   Thumb Code     0  entry9a.o(.ARM.Collect$$$$0000000B)
    __rt_lib_shutdown_fini                   0x000000d1   Thumb Code     0  entry12b.o(.ARM.Collect$$$$0000000E)
    __rt_final_cpp                           0x000000d5   Thumb Code     0  entry10a.o(.ARM.Collect$$$$0000000F)
    __rt_final_exit                          0x000000d5   Thumb Code     0  entry11a.o(.ARM.Collect$$$$00000011)
    Reset_Handler                            0x000000d9   Thumb Code    26  startup_hc32f005.o(.text)
    NMI_Handler                              0x000000f3   Thumb Code     2  startup_hc32f005.o(.text)
    SVC_Handler                              0x000000f7   Thumb Code     2  startup_hc32f005.o(.text)
    PendSV_Handler                           0x000000f9   Thumb Code     2  startup_hc32f005.o(.text)
    Dummy_Handler                            0x000000fd   Thumb Code     0  startup_hc32f005.o(.text)
    LPTIM_IRQHandler                         0x000000fd   Thumb Code     0  startup_hc32f005.o(.text)
    LPUART_IRQHandler                        0x000000fd   Thumb Code     0  startup_hc32f005.o(.text)
    RTC_IRQHandler                           0x000000fd   Thumb Code     0  startup_hc32f005.o(.text)
    __aeabi_uidiv                            0x00000115   Thumb Code     0  uidiv.o(.text)
    __aeabi_uidivmod                         0x00000115   Thumb Code    44  uidiv.o(.text)
    __aeabi_idiv                             0x00000141   Thumb Code     0  idiv.o(.text)
    __aeabi_idivmod                          0x00000141   Thumb Code    40  idiv.o(.text)
    __aeabi_memcpy                           0x00000169   Thumb Code    36  memcpya.o(.text)
    __aeabi_memcpy4                          0x00000169   Thumb Code     0  memcpya.o(.text)
    __aeabi_memcpy8                          0x00000169   Thumb Code     0  memcpya.o(.text)
    __aeabi_fadd                             0x0000018d   Thumb Code   162  fadd.o(.text)
    __aeabi_fsub                             0x0000022f   Thumb Code     8  fadd.o(.text)
    __aeabi_frsub                            0x00000237   Thumb Code     8  fadd.o(.text)
    __aeabi_fmul                             0x0000023f   Thumb Code   122  fmul.o(.text)
    __aeabi_fdiv                             0x000002b9   Thumb Code   124  fdiv.o(.text)
    __aeabi_dadd                             0x00000335   Thumb Code   330  dadd.o(.text)
    __aeabi_dsub                             0x0000047f   Thumb Code    12  dadd.o(.text)
    __aeabi_drsub                            0x0000048b   Thumb Code    12  dadd.o(.text)
    __aeabi_dmul                             0x0000049d   Thumb Code   202  dmul.o(.text)
    __aeabi_ddiv                             0x0000056d   Thumb Code   234  ddiv.o(.text)
    __aeabi_i2f                              0x0000065d   Thumb Code    22  fflti.o(.text)
    __aeabi_ui2f                             0x00000673   Thumb Code    14  ffltui.o(.text)
    __aeabi_i2d                              0x00000681   Thumb Code    34  dflti.o(.text)
    __aeabi_ui2d                             0x000006a9   Thumb Code    24  dfltui.o(.text)
    __aeabi_f2iz                             0x000006c5   Thumb Code    50  ffixi.o(.text)
    __aeabi_f2uiz                            0x000006f7   Thumb Code    40  ffixui.o(.text)
    __aeabi_d2iz                             0x00000721   Thumb Code    62  dfixi.o(.text)
    __aeabi_d2uiz                            0x00000769   Thumb Code    50  dfixui.o(.text)
    __aeabi_f2d                              0x000007a5   Thumb Code    40  f2d.o(.text)
    __aeabi_cdrcmple                         0x000007cd   Thumb Code    38  cdrcmple.o(.text)
    __aeabi_d2f                              0x000007f5   Thumb Code    56  d2f.o(.text)
    __aeabi_cfcmpeq                          0x0000082d   Thumb Code     0  cfcmple.o(.text)
    __aeabi_cfcmple                          0x0000082d   Thumb Code    20  cfcmple.o(.text)
    __aeabi_cfrcmple                         0x00000841   Thumb Code    20  cfrcmple.o(.text)
    __aeabi_llsl                             0x00000855   Thumb Code    32  llshl.o(.text)
    _ll_shift_l                              0x00000855   Thumb Code     0  llshl.o(.text)
    __aeabi_llsr                             0x00000875   Thumb Code    34  llushr.o(.text)
    _ll_ushift_r                             0x00000875   Thumb Code     0  llushr.o(.text)
    __aeabi_lasr                             0x00000897   Thumb Code    38  llsshr.o(.text)
    _ll_sshift_r                             0x00000897   Thumb Code     0  llsshr.o(.text)
    __I$use$fp                               0x000008bd   Thumb Code     0  iusefp.o(.text)
    _float_round                             0x000008bd   Thumb Code    16  fepilogue.o(.text)
    _float_epilogue                          0x000008cd   Thumb Code   114  fepilogue.o(.text)
    _double_round                            0x0000093f   Thumb Code    26  depilogue.o(.text)
    _double_epilogue                         0x00000959   Thumb Code   164  depilogue.o(.text)
    __scatterload                            0x000009fd   Thumb Code    28  init.o(.text)
    __scatterload_rt2                        0x000009fd   Thumb Code     0  init.o(.text)
    ADC_IRQHandler                           0x00000a21   Thumb Code     8  interrupts_hc32f005.o(i.ADC_IRQHandler)
    ADC_Value_Handle                         0x00000a29   Thumb Code   124  my_adc.o(i.ADC_Value_Handle)
    Adc_ClrContIrqState                      0x00000aa5   Thumb Code    10  adc.o(i.Adc_ClrContIrqState)
    Adc_CmpCfg                               0x00000ab5   Thumb Code   116  adc.o(i.Adc_CmpCfg)
    Adc_ConfigScanMode                       0x00000b2d   Thumb Code    70  adc.o(i.Adc_ConfigScanMode)
    Adc_Enable                               0x00000b79   Thumb Code    16  adc.o(i.Adc_Enable)
    Adc_EnableIrq                            0x00000b8d   Thumb Code    18  adc.o(i.Adc_EnableIrq)
    Adc_GetScanResult                        0x00000ba5   Thumb Code   142  adc.o(i.Adc_GetScanResult)
    Adc_IRQHandler                           0x00000c39   Thumb Code   102  my_adc.o(i.Adc_IRQHandler)
    Adc_Init                                 0x00000cb5   Thumb Code   244  adc.o(i.Adc_Init)
    Adc_Start                                0x00000dad   Thumb Code    48  adc.o(i.Adc_Start)
    Adt_CHxXPortCfg                          0x00000de1   Thumb Code   456  adt.o(i.Adt_CHxXPortCfg)
    Adt_CfgIrq                               0x00000fa9   Thumb Code    36  adt.o(i.Adt_CfgIrq)
    Adt_ClearAllIrqFlag                      0x00000fcd   Thumb Code    14  adt.o(i.Adt_ClearAllIrqFlag)
    Adt_ClearCount                           0x00000fdb   Thumb Code    14  adt.o(i.Adt_ClearCount)
    Adt_ClearIrqFlag                         0x00000fe9   Thumb Code    18  adt.o(i.Adt_ClearIrqFlag)
    Adt_EnableValueBuf                       0x00000ffb   Thumb Code    54  adt.o(i.Adt_EnableValueBuf)
    Adt_GetIrqFlag                           0x00001031   Thumb Code    20  adt.o(i.Adt_GetIrqFlag)
    Adt_Init                                 0x00001045   Thumb Code    84  adt.o(i.Adt_Init)
    Adt_SetCompareValue                      0x00001099   Thumb Code    42  adt.o(i.Adt_SetCompareValue)
    Adt_SetPeriod                            0x000010c3   Thumb Code     8  adt.o(i.Adt_SetPeriod)
    Adt_StartCount                           0x000010cb   Thumb Code    16  adt.o(i.Adt_StartCount)
    Adt_StopCount                            0x000010db   Thumb Code    14  adt.o(i.Adt_StopCount)
    App_AdcInitch12                          0x000010e9   Thumb Code   126  my_adc.o(i.App_AdcInitch12)
    App_AdvTimerInit                         0x0000116d   Thumb Code   166  my_tim.o(i.App_AdvTimerInit)
    App_AdvTimerPortInit                     0x00001219   Thumb Code    44  my_tim.o(i.App_AdvTimerPortInit)
    App_ClkInit                              0x000012dd   Thumb Code    38  sysctrl.o(i.App_ClkInit)
    App_PortInit                             0x0000132f   Thumb Code    72  my_usart.o(i.App_PortInit)
    App_UartInit                             0x00001379   Thumb Code    46  my_usart.o(i.App_UartInit)
    Bgr_BgrEnable                            0x000013d5   Thumb Code    22  bgr.o(i.Bgr_BgrEnable)
    Bt_ARRSet                                0x000013f1   Thumb Code    86  bt.o(i.Bt_ARRSet)
    Bt_ClearIntFlag                          0x0000144d   Thumb Code    72  bt.o(i.Bt_ClearIntFlag)
    Bt_Cnt16Set                              0x00001499   Thumb Code    86  bt.o(i.Bt_Cnt16Set)
    Bt_EnableIrq                             0x000014f5   Thumb Code    84  bt.o(i.Bt_EnableIrq)
    Bt_GetIntFlag                            0x0000154d   Thumb Code    58  bt.o(i.Bt_GetIntFlag)
    Bt_Init                                  0x0000158d   Thumb Code   460  bt.o(i.Bt_Init)
    Bt_Run                                   0x0000175d   Thumb Code    78  bt.o(i.Bt_Run)
    Bt_Stop                                  0x000017b1   Thumb Code    72  bt.o(i.Bt_Stop)
    CLKTRIM_IRQHandler                       0x000017fd   Thumb Code     8  interrupts_hc32f005.o(i.CLKTRIM_IRQHandler)
    Create_Queue                             0x00001805   Thumb Code    12  queue.o(i.Create_Queue)
    DMAC_IRQHandler                          0x00001869   Thumb Code     8  interrupts_hc32f005.o(i.DMAC_IRQHandler)
    Denter_queue                             0x00001871   Thumb Code    44  queue.o(i.Denter_queue)
    EnableNvic                               0x0000189d   Thumb Code   104  interrupts_hc32f005.o(i.EnableNvic)
    Enter_queue                              0x0000190d   Thumb Code    42  queue.o(i.Enter_queue)
    FLASH_RAM_IRQHandler                     0x00001937   Thumb Code    12  interrupts_hc32f005.o(i.FLASH_RAM_IRQHandler)
    Flash_WaitCycle                          0x00001945   Thumb Code    38  flash.o(i.Flash_WaitCycle)
    GetBit                                   0x00001979   Thumb Code    12  ddl.o(i.GetBit)
    Get_Proc_loop                            0x00001985   Thumb Code    84  my_adc.o(i.Get_Proc_loop)
    Gpio_ClearIrq                            0x00001a1d   Thumb Code    22  gpio.o(i.Gpio_ClearIrq)
    Gpio_EnableIrq                           0x00001a39   Thumb Code    30  gpio.o(i.Gpio_EnableIrq)
    Gpio_GetIrqStatus                        0x00001a5d   Thumb Code    18  gpio.o(i.Gpio_GetIrqStatus)
    Gpio_Init                                0x00001a75   Thumb Code   118  gpio.o(i.Gpio_Init)
    Gpio_SetAfMode                           0x00001af5   Thumb Code    16  gpio.o(i.Gpio_SetAfMode)
    Gpio_SetAnalogMode                       0x00001b09   Thumb Code    22  gpio.o(i.Gpio_SetAnalogMode)
    Gpio_WriteOutputIO                       0x00001b25   Thumb Code    24  gpio.o(i.Gpio_WriteOutputIO)
    HardFault_Handler                        0x00001b41   Thumb Code    16  interrupts_hc32f005.o(i.HardFault_Handler)
    I2C_IRQHandler                           0x00001b51   Thumb Code     8  interrupts_hc32f005.o(i.I2C_IRQHandler)
    Is_Full_Queue                            0x00001b6b   Thumb Code    28  queue.o(i.Is_Full_Queue)
    LVD_IRQHandler                           0x00001b87   Thumb Code     8  interrupts_hc32f005.o(i.LVD_IRQHandler)
    MAIN_INIT                                0x00001b91   Thumb Code    24  point_fun.o(i.MAIN_INIT)
    MY_ADC_INIT                              0x00001bad   Thumb Code    24  my_adc.o(i.MY_ADC_INIT)
    MY_GPIO_INIT                             0x00001bc9   Thumb Code    28  my_gpio.o(i.MY_GPIO_INIT)
    MY_TIM_INIT                              0x00001be5   Thumb Code    32  my_tim.o(i.MY_TIM_INIT)
    MY_UART_INIT                             0x00001c09   Thumb Code    16  my_usart.o(i.MY_UART_INIT)
    PCA_IRQHandler                           0x00001c19   Thumb Code     8  interrupts_hc32f005.o(i.PCA_IRQHandler)
    PCNT_IRQHandler                          0x00001c21   Thumb Code     8  interrupts_hc32f005.o(i.PCNT_IRQHandler)
    PORT0_IRQHandler                         0x00001c29   Thumb Code     8  interrupts_hc32f005.o(i.PORT0_IRQHandler)
    PORT1_IRQHandler                         0x00001c31   Thumb Code     8  interrupts_hc32f005.o(i.PORT1_IRQHandler)
    PORT2_IRQHandler                         0x00001c39   Thumb Code     8  interrupts_hc32f005.o(i.PORT2_IRQHandler)
    PORT3_IRQHandler                         0x00001c41   Thumb Code     8  interrupts_hc32f005.o(i.PORT3_IRQHandler)
    Port3_IRQHandler                         0x00001c49   Thumb Code    52  my_gpio.o(i.Port3_IRQHandler)
    SPI_IRQHandler                           0x00001c85   Thumb Code     8  interrupts_hc32f005.o(i.SPI_IRQHandler)
    Select_Init                              0x00001c8d   Thumb Code     8  point_fun.o(i.Select_Init)
    SetBit                                   0x00001c9d   Thumb Code    30  ddl.o(i.SetBit)
    SysTick_Handler                          0x00001cbb   Thumb Code     8  interrupts_hc32f005.o(i.SysTick_Handler)
    Sysctrl_ClkInit                          0x00001cc3   Thumb Code    82  sysctrl.o(i.Sysctrl_ClkInit)
    Sysctrl_ClkSourceEnable                  0x00001d15   Thumb Code   202  sysctrl.o(i.Sysctrl_ClkSourceEnable)
    Sysctrl_GetHClkFreq                      0x00001de9   Thumb Code   238  sysctrl.o(i.Sysctrl_GetHClkFreq)
    Sysctrl_GetPClkFreq                      0x00001ee9   Thumb Code    28  sysctrl.o(i.Sysctrl_GetPClkFreq)
    Sysctrl_SetHCLKDiv                       0x00001f09   Thumb Code    36  sysctrl.o(i.Sysctrl_SetHCLKDiv)
    Sysctrl_SetPCLKDiv                       0x00001f31   Thumb Code    36  sysctrl.o(i.Sysctrl_SetPCLKDiv)
    Sysctrl_SetPeripheralGate                0x00001f59   Thumb Code    20  sysctrl.o(i.Sysctrl_SetPeripheralGate)
    Sysctrl_SetRCHTrim                       0x00001f71   Thumb Code    32  sysctrl.o(i.Sysctrl_SetRCHTrim)
    Sysctrl_SetRCLStableTime                 0x00001f99   Thumb Code    32  sysctrl.o(i.Sysctrl_SetRCLStableTime)
    Sysctrl_SetXTHStableTime                 0x00001fbd   Thumb Code    28  sysctrl.o(i.Sysctrl_SetXTHStableTime)
    Sysctrl_SysClkSwitch                     0x00001fdd   Thumb Code    40  sysctrl.o(i.Sysctrl_SysClkSwitch)
    Sysctrl_XTHDriverCfg                     0x00002009   Thumb Code    24  sysctrl.o(i.Sysctrl_XTHDriverCfg)
    SystemCoreClockUpdate                    0x00002025   Thumb Code    12  system_hc32f005.o(i.SystemCoreClockUpdate)
    SystemInit                               0x00002035   Thumb Code     8  system_hc32f005.o(i.SystemInit)
    TIM0_IRQHandler                          0x0000203d   Thumb Code     8  interrupts_hc32f005.o(i.TIM0_IRQHandler)
    TIM1_IRQHandler                          0x00002045   Thumb Code     8  interrupts_hc32f005.o(i.TIM1_IRQHandler)
    TIM2_IRQHandler                          0x0000204d   Thumb Code     8  interrupts_hc32f005.o(i.TIM2_IRQHandler)
    TIM3_IRQHandler                          0x00002055   Thumb Code     8  interrupts_hc32f005.o(i.TIM3_IRQHandler)
    TIM4_IRQHandler                          0x0000205d   Thumb Code     8  interrupts_hc32f005.o(i.TIM4_IRQHandler)
    TIM5_IRQHandler                          0x00002065   Thumb Code     8  interrupts_hc32f005.o(i.TIM5_IRQHandler)
    TIM6_IRQHandler                          0x0000206d   Thumb Code     8  interrupts_hc32f005.o(i.TIM6_IRQHandler)
    Tim2_IRQHandler                          0x00002075   Thumb Code    40  my_tim.o(i.Tim2_IRQHandler)
    Tim6_IRQHandler                          0x000020a1   Thumb Code    76  my_tim.o(i.Tim6_IRQHandler)
    UART0_IRQHandler                         0x00002105   Thumb Code     8  interrupts_hc32f005.o(i.UART0_IRQHandler)
    UART1_IRQHandler                         0x0000210d   Thumb Code     8  interrupts_hc32f005.o(i.UART1_IRQHandler)
    UART_Send_Buf                            0x00002115   Thumb Code    30  uart_frame.o(i.UART_Send_Buf)
    Uart1_IRQHandler                         0x00002139   Thumb Code    40  uart_frame.o(i.Uart1_IRQHandler)
    Uart_ClrStatus                           0x00002169   Thumb Code    22  uart.o(i.Uart_ClrStatus)
    Uart_EnableFunc                          0x0000217f   Thumb Code    20  uart.o(i.Uart_EnableFunc)
    Uart_EnableIrq                           0x00002193   Thumb Code    20  uart.o(i.Uart_EnableIrq)
    Uart_GetStatus                           0x000021a7   Thumb Code    24  uart.o(i.Uart_GetStatus)
    Uart_Init                                0x000021bf   Thumb Code    36  uart.o(i.Uart_Init)
    Uart_ReceiveData                         0x000021e3   Thumb Code     8  uart.o(i.Uart_ReceiveData)
    Uart_SendDataPoll                        0x000021eb   Thumb Code    44  uart.o(i.Uart_SendDataPoll)
    Uart_SetBaudRate                         0x00002217   Thumb Code    92  uart.o(i.Uart_SetBaudRate)
    VC0_IRQHandler                           0x00002273   Thumb Code     8  interrupts_hc32f005.o(i.VC0_IRQHandler)
    VC1_IRQHandler                           0x0000227b   Thumb Code     8  interrupts_hc32f005.o(i.VC1_IRQHandler)
    WDT_IRQHandler                           0x00002283   Thumb Code     8  interrupts_hc32f005.o(i.WDT_IRQHandler)
    _500ms_time_handle                       0x0000228d   Thumb Code   168  main.o(i._500ms_time_handle)
    __ARM_clz                                0x000023dd   Thumb Code    46  depilogue.o(i.__ARM_clz)
    __ARM_common_switch8                     0x0000240b   Thumb Code    28  adc.o(i.__ARM_common_switch8)
    __scatterload_copy                       0x000024a1   Thumb Code    14  handlers.o(i.__scatterload_copy)
    __scatterload_null                       0x000024af   Thumb Code     2  handlers.o(i.__scatterload_null)
    __scatterload_zeroinit                   0x000024b1   Thumb Code    14  handlers.o(i.__scatterload_zeroinit)
    clear_adcbuf                             0x000025bd   Thumb Code    16  my_adc.o(i.clear_adcbuf)
    cmd_proc                                 0x000025d9   Thumb Code  1232  uart_frame.o(i.cmd_proc)
    communication_checkout                   0x00002ab5   Thumb Code    46  uart_frame.o(i.communication_checkout)
    ctr_init                                 0x00002ae9   Thumb Code   124  motor.o(i.ctr_init)
    ctr_proc_loop                            0x00002b71   Thumb Code   840  motor.o(i.ctr_proc_loop)
    ddl_memclr                               0x00002ef5   Thumb Code    32  ddl.o(i.ddl_memclr)
    default_pid_int                          0x00002f15   Thumb Code    40  pid.o(i.default_pid_int)
    delay10us                                0x00002f51   Thumb Code    74  ddl.o(i.delay10us)
    delay1ms                                 0x00002fad   Thumb Code    76  ddl.o(i.delay1ms)
    error_chick                              0x00003005   Thumb Code    28  motor_speed_pid.o(i.error_chick)
    get_adc_value                            0x00003025   Thumb Code   116  my_adc.o(i.get_adc_value)
    main                                     0x000030b1   Thumb Code    84  main.o(i.main)
    motor_speed                              0x0000310d   Thumb Code   824  motor.o(i.motor_speed)
    motor_speed_pid_isr                      0x00003475   Thumb Code   468  motor_speed_pid.o(i.motor_speed_pid_isr)
    myfun                                    0x00003671   Thumb Code    16  point_fun.o(i.myfun)
    pid_calc                                 0x00003681   Thumb Code   226  pid.o(i.pid_calc)
    rt_data                                  0x00003771   Thumb Code    12  point_fun.o(i.rt_data)
    tim0run                                  0x0000377d   Thumb Code    30  my_tim.o(i.tim0run)
    tim0stop                                 0x000037a1   Thumb Code    10  my_tim.o(i.tim0stop)
    tim2run                                  0x000037ad   Thumb Code    18  my_tim.o(i.tim2run)
    tim6run                                  0x000037c5   Thumb Code    40  my_tim.o(i.tim6run)
    tim6stop                                 0x000037f1   Thumb Code    16  my_tim.o(i.tim6stop)
    uart_frame_init                          0x00003805   Thumb Code    34  uart_frame.o(i.uart_frame_init)
    uart_frame_loop                          0x00003839   Thumb Code   286  uart_frame.o(i.uart_frame_loop)
    uart_frame_tx                            0x00003971   Thumb Code    64  uart_frame.o(i.uart_frame_tx)
    Region$$Table$$Base                      0x00003a0c   Number         0  anon$$obj.o(Region$$Table)
    Region$$Table$$Limit                     0x00003a2c   Number         0  anon$$obj.o(Region$$Table)
    SystemCoreClock                          0x20000000   Data           4  system_hc32f005.o(.data)
    waitforamoment                           0x20000004   Data           1  main.o(.data)
    base_time                                0x20000008   Data           4  main.o(.data)
    uart_time_error                          0x2000000c   Data           1  main.o(.data)
    ZHANKONBI                                0x2000000e   Data           2  my_tim.o(.data)
    tim_handle                               0x20000010   Data           4  my_tim.o(.data)
    u8TestFlag                               0x20000014   Data           1  my_tim.o(.data)
    adc_handle                               0x20000018   Data           3  my_adc.o(.data)
    u32AdcResultAcc                          0x2000001c   Data           4  my_adc.o(.data)
    adc0data                                 0x20000020   Data           4  my_adc.o(.data)
    adc1data                                 0x20000024   Data           4  my_adc.o(.data)
    adc2data                                 0x20000028   Data           4  my_adc.o(.data)
    uart_frame                               0x20000030   Data           8  uart_frame.o(.data)
    uart_tx_frame                            0x20000038   Data           8  uart_frame.o(.data)
    ctr                                      0x20000048   Data           5  motor.o(.data)
    speed_param                              0x20000050   Data         156  motor.o(.data)
    valtage                                  0x200000f0   Data           1  motor_speed_pid.o(.data)
    over_current                             0x200000f2   Data           2  motor_speed_pid.o(.data)
    over_voltage                             0x200000f4   Data           2  motor_speed_pid.o(.data)
    timestest                                0x200000f6   Data           2  motor_speed_pid.o(.data)
    old_pwm                                  0x200000f8   Data           2  motor_speed_pid.o(.data)
    stcAdcCfg                                0x20000100   Data          20  my_adc.o(.bss)
    gfun                                     0x20000114   Data          32  point_fun.o(.bss)
    rx_setparam                              0x20000134   Data          18  uart_frame.o(.bss)
    rx_queue                                 0x20000148   Data          16  uart_frame.o(.bss)
    rx_buf                                   0x20000158   Data         135  uart_frame.o(.bss)
    motor                                    0x200001e0   Data          76  motor.o(.bss)
    mt_pid                                   0x2000022c   Data          44  pid.o(.bss)
    __initial_sp                             0x20000658   Data           0  startup_hc32f005.o(STACK)



==============================================================================

Memory Map of the image

  Image Entry point : 0x000000c1

  Load Region LR_IROM1 (Base: 0x00000000, Size: 0x00003b2c, Max: 0x00008000, ABSOLUTE)

    Execution Region ER_IROM1 (Exec base: 0x00000000, Load base: 0x00000000, Size: 0x00003a2c, Max: 0x00008000, ABSOLUTE)

    Exec Addr    Load Addr    Size         Type   Attr      Idx    E Section Name        Object

    0x00000000   0x00000000   0x000000c0   Data   RO            3    RESET               startup_hc32f005.o
    0x000000c0   0x000000c0   0x00000000   Code   RO         2401  * .ARM.Collect$$$$00000000  mc_p.l(entry.o)
    0x000000c0   0x000000c0   0x00000004   Code   RO         2452    .ARM.Collect$$$$00000001  mc_p.l(entry2.o)
    0x000000c4   0x000000c4   0x00000004   Code   RO         2455    .ARM.Collect$$$$00000004  mc_p.l(entry5.o)
    0x000000c8   0x000000c8   0x00000000   Code   RO         2457    .ARM.Collect$$$$00000008  mc_p.l(entry7b.o)
    0x000000c8   0x000000c8   0x00000000   Code   RO         2459    .ARM.Collect$$$$0000000A  mc_p.l(entry8b.o)
    0x000000c8   0x000000c8   0x00000008   Code   RO         2460    .ARM.Collect$$$$0000000B  mc_p.l(entry9a.o)
    0x000000d0   0x000000d0   0x00000004   Code   RO         2467    .ARM.Collect$$$$0000000E  mc_p.l(entry12b.o)
    0x000000d4   0x000000d4   0x00000000   Code   RO         2462    .ARM.Collect$$$$0000000F  mc_p.l(entry10a.o)
    0x000000d4   0x000000d4   0x00000000   Code   RO         2464    .ARM.Collect$$$$00000011  mc_p.l(entry11a.o)
    0x000000d4   0x000000d4   0x00000004   Code   RO         2453    .ARM.Collect$$$$00002712  mc_p.l(entry2.o)
    0x000000d8   0x000000d8   0x0000003c   Code   RO            4    .text               startup_hc32f005.o
    0x00000114   0x00000114   0x0000002c   Code   RO         2404    .text               mc_p.l(uidiv.o)
    0x00000140   0x00000140   0x00000028   Code   RO         2406    .text               mc_p.l(idiv.o)
    0x00000168   0x00000168   0x00000024   Code   RO         2408    .text               mc_p.l(memcpya.o)
    0x0000018c   0x0000018c   0x000000b2   Code   RO         2414    .text               mf_p.l(fadd.o)
    0x0000023e   0x0000023e   0x0000007a   Code   RO         2416    .text               mf_p.l(fmul.o)
    0x000002b8   0x000002b8   0x0000007c   Code   RO         2418    .text               mf_p.l(fdiv.o)
    0x00000334   0x00000334   0x00000168   Code   RO         2420    .text               mf_p.l(dadd.o)
    0x0000049c   0x0000049c   0x000000d0   Code   RO         2422    .text               mf_p.l(dmul.o)
    0x0000056c   0x0000056c   0x000000f0   Code   RO         2424    .text               mf_p.l(ddiv.o)
    0x0000065c   0x0000065c   0x00000016   Code   RO         2426    .text               mf_p.l(fflti.o)
    0x00000672   0x00000672   0x0000000e   Code   RO         2428    .text               mf_p.l(ffltui.o)
    0x00000680   0x00000680   0x00000028   Code   RO         2430    .text               mf_p.l(dflti.o)
    0x000006a8   0x000006a8   0x0000001c   Code   RO         2432    .text               mf_p.l(dfltui.o)
    0x000006c4   0x000006c4   0x00000032   Code   RO         2434    .text               mf_p.l(ffixi.o)
    0x000006f6   0x000006f6   0x00000028   Code   RO         2436    .text               mf_p.l(ffixui.o)
    0x0000071e   0x0000071e   0x00000002   PAD
    0x00000720   0x00000720   0x00000048   Code   RO         2438    .text               mf_p.l(dfixi.o)
    0x00000768   0x00000768   0x0000003c   Code   RO         2440    .text               mf_p.l(dfixui.o)
    0x000007a4   0x000007a4   0x00000028   Code   RO         2442    .text               mf_p.l(f2d.o)
    0x000007cc   0x000007cc   0x00000028   Code   RO         2444    .text               mf_p.l(cdrcmple.o)
    0x000007f4   0x000007f4   0x00000038   Code   RO         2446    .text               mf_p.l(d2f.o)
    0x0000082c   0x0000082c   0x00000014   Code   RO         2448    .text               mf_p.l(cfcmple.o)
    0x00000840   0x00000840   0x00000014   Code   RO         2450    .text               mf_p.l(cfrcmple.o)
    0x00000854   0x00000854   0x00000020   Code   RO         2468    .text               mc_p.l(llshl.o)
    0x00000874   0x00000874   0x00000022   Code   RO         2470    .text               mc_p.l(llushr.o)
    0x00000896   0x00000896   0x00000026   Code   RO         2472    .text               mc_p.l(llsshr.o)
    0x000008bc   0x000008bc   0x00000000   Code   RO         2474    .text               mc_p.l(iusefp.o)
    0x000008bc   0x000008bc   0x00000082   Code   RO         2475    .text               mf_p.l(fepilogue.o)
    0x0000093e   0x0000093e   0x000000be   Code   RO         2477    .text               mf_p.l(depilogue.o)
    0x000009fc   0x000009fc   0x00000024   Code   RO         2481    .text               mc_p.l(init.o)
    0x00000a20   0x00000a20   0x00000008   Code   RO           94    i.ADC_IRQHandler    interrupts_hc32f005.o
    0x00000a28   0x00000a28   0x0000007c   Code   RO         1890    i.ADC_Value_Handle  my_adc.o
    0x00000aa4   0x00000aa4   0x00000010   Code   RO         1092    i.Adc_ClrContIrqState  adc.o
    0x00000ab4   0x00000ab4   0x00000078   Code   RO         1096    i.Adc_CmpCfg        adc.o
    0x00000b2c   0x00000b2c   0x0000004c   Code   RO         1099    i.Adc_ConfigScanMode  adc.o
    0x00000b78   0x00000b78   0x00000014   Code   RO         1103    i.Adc_Enable        adc.o
    0x00000b8c   0x00000b8c   0x00000018   Code   RO         1104    i.Adc_EnableIrq     adc.o
    0x00000ba4   0x00000ba4   0x00000094   Code   RO         1109    i.Adc_GetScanResult  adc.o
    0x00000c38   0x00000c38   0x0000007c   Code   RO         1891    i.Adc_IRQHandler    my_adc.o
    0x00000cb4   0x00000cb4   0x000000f8   Code   RO         1110    i.Adc_Init          adc.o
    0x00000dac   0x00000dac   0x00000034   Code   RO         1113    i.Adc_Start         adc.o
    0x00000de0   0x00000de0   0x000001c8   Code   RO         1252    i.Adt_CHxXPortCfg   adt.o
    0x00000fa8   0x00000fa8   0x00000024   Code   RO         1261    i.Adt_CfgIrq        adt.o
    0x00000fcc   0x00000fcc   0x0000000e   Code   RO         1263    i.Adt_ClearAllIrqFlag  adt.o
    0x00000fda   0x00000fda   0x0000000e   Code   RO         1265    i.Adt_ClearCount    adt.o
    0x00000fe8   0x00000fe8   0x00000012   Code   RO         1273    i.Adt_ClearIrqFlag  adt.o
    0x00000ffa   0x00000ffa   0x00000036   Code   RO         1288    i.Adt_EnableValueBuf  adt.o
    0x00001030   0x00001030   0x00000014   Code   RO         1292    i.Adt_GetIrqFlag    adt.o
    0x00001044   0x00001044   0x00000054   Code   RO         1298    i.Adt_Init          adt.o
    0x00001098   0x00001098   0x0000002a   Code   RO         1302    i.Adt_SetCompareValue  adt.o
    0x000010c2   0x000010c2   0x00000008   Code   RO         1306    i.Adt_SetPeriod     adt.o
    0x000010ca   0x000010ca   0x00000010   Code   RO         1309    i.Adt_StartCount    adt.o
    0x000010da   0x000010da   0x0000000e   Code   RO         1310    i.Adt_StopCount     adt.o
    0x000010e8   0x000010e8   0x00000084   Code   RO         1893    i.App_AdcInitch12   my_adc.o
    0x0000116c   0x0000116c   0x000000ac   Code   RO         1797    i.App_AdvTimerInit  my_tim.o
    0x00001218   0x00001218   0x0000002c   Code   RO         1798    i.App_AdvTimerPortInit  my_tim.o
    0x00001244   0x00001244   0x0000004a   Code   RO         1799    i.App_BtTimerTest   my_tim.o
    0x0000128e   0x0000128e   0x00000002   PAD
    0x00001290   0x00001290   0x0000004c   Code   RO         1800    i.App_BtTogTest     my_tim.o
    0x000012dc   0x000012dc   0x00000026   Code   RO          482    i.App_ClkInit       sysctrl.o
    0x00001302   0x00001302   0x0000002c   Code   RO         1801    i.App_GpioInit      my_tim.o
    0x0000132e   0x0000132e   0x00000048   Code   RO         1690    i.App_PortInit      my_usart.o
    0x00001376   0x00001376   0x00000002   PAD
    0x00001378   0x00001378   0x00000034   Code   RO         1691    i.App_UartInit      my_usart.o
    0x000013ac   0x000013ac   0x00000026   Code   RO         1985    i.App_UserKeyInit   my_gpio.o
    0x000013d2   0x000013d2   0x00000002   PAD
    0x000013d4   0x000013d4   0x0000001c   Code   RO         1650    i.Bgr_BgrEnable     bgr.o
    0x000013f0   0x000013f0   0x0000005c   Code   RO          741    i.Bt_ARRSet         bt.o
    0x0000144c   0x0000144c   0x0000004c   Code   RO          742    i.Bt_ClearIntFlag   bt.o
    0x00001498   0x00001498   0x0000005c   Code   RO          744    i.Bt_Cnt16Set       bt.o
    0x000014f4   0x000014f4   0x00000058   Code   RO          748    i.Bt_EnableIrq      bt.o
    0x0000154c   0x0000154c   0x00000040   Code   RO          749    i.Bt_GetIntFlag     bt.o
    0x0000158c   0x0000158c   0x000001d0   Code   RO          750    i.Bt_Init           bt.o
    0x0000175c   0x0000175c   0x00000054   Code   RO          751    i.Bt_Run            bt.o
    0x000017b0   0x000017b0   0x0000004c   Code   RO          752    i.Bt_Stop           bt.o
    0x000017fc   0x000017fc   0x00000008   Code   RO           95    i.CLKTRIM_IRQHandler  interrupts_hc32f005.o
    0x00001804   0x00001804   0x0000000c   Code   RO         2160    i.Create_Queue      queue.o
    0x00001810   0x00001810   0x00000058   Code   RO         2354    i.Current_Max_Over  motor_speed_pid.o
    0x00001868   0x00001868   0x00000008   Code   RO           96    i.DMAC_IRQHandler   interrupts_hc32f005.o
    0x00001870   0x00001870   0x0000002c   Code   RO         2161    i.Denter_queue      queue.o
    0x0000189c   0x0000189c   0x00000070   Code   RO           97    i.EnableNvic        interrupts_hc32f005.o
    0x0000190c   0x0000190c   0x0000002a   Code   RO         2162    i.Enter_queue       queue.o
    0x00001936   0x00001936   0x0000000c   Code   RO           98    i.FLASH_RAM_IRQHandler  interrupts_hc32f005.o
    0x00001942   0x00001942   0x00000002   PAD
    0x00001944   0x00001944   0x00000034   Code   RO         1000    i.Flash_WaitCycle   flash.o
    0x00001978   0x00001978   0x0000000c   Code   RO          386    i.GetBit            ddl.o
    0x00001984   0x00001984   0x0000005c   Code   RO         1894    i.Get_Proc_loop     my_adc.o
    0x000019e0   0x000019e0   0x0000003a   Code   RO          288    i.GpioInit          main.o
    0x00001a1a   0x00001a1a   0x00000002   PAD
    0x00001a1c   0x00001a1c   0x0000001c   Code   RO          856    i.Gpio_ClearIrq     gpio.o
    0x00001a38   0x00001a38   0x00000024   Code   RO          858    i.Gpio_EnableIrq    gpio.o
    0x00001a5c   0x00001a5c   0x00000018   Code   RO          861    i.Gpio_GetIrqStatus  gpio.o
    0x00001a74   0x00001a74   0x00000080   Code   RO          862    i.Gpio_Init         gpio.o
    0x00001af4   0x00001af4   0x00000014   Code   RO          864    i.Gpio_SetAfMode    gpio.o
    0x00001b08   0x00001b08   0x0000001c   Code   RO          865    i.Gpio_SetAnalogMode  gpio.o
    0x00001b24   0x00001b24   0x0000001c   Code   RO          875    i.Gpio_WriteOutputIO  gpio.o
    0x00001b40   0x00001b40   0x00000010   Code   RO           99    i.HardFault_Handler  interrupts_hc32f005.o
    0x00001b50   0x00001b50   0x00000008   Code   RO          100    i.I2C_IRQHandler    interrupts_hc32f005.o
    0x00001b58   0x00001b58   0x00000012   Code   RO         2163    i.Is_Empty_Queue    queue.o
    0x00001b6a   0x00001b6a   0x0000001c   Code   RO         2164    i.Is_Full_Queue     queue.o
    0x00001b86   0x00001b86   0x00000008   Code   RO          101    i.LVD_IRQHandler    interrupts_hc32f005.o
    0x00001b8e   0x00001b8e   0x00000002   PAD
    0x00001b90   0x00001b90   0x0000001c   Code   RO         2118    i.MAIN_INIT         point_fun.o
    0x00001bac   0x00001bac   0x0000001c   Code   RO         1895    i.MY_ADC_INIT       my_adc.o
    0x00001bc8   0x00001bc8   0x0000001c   Code   RO         1986    i.MY_GPIO_INIT      my_gpio.o
    0x00001be4   0x00001be4   0x00000024   Code   RO         1802    i.MY_TIM_INIT       my_tim.o
    0x00001c08   0x00001c08   0x00000010   Code   RO         1694    i.MY_UART_INIT      my_usart.o
    0x00001c18   0x00001c18   0x00000008   Code   RO          102    i.PCA_IRQHandler    interrupts_hc32f005.o
    0x00001c20   0x00001c20   0x00000008   Code   RO          103    i.PCNT_IRQHandler   interrupts_hc32f005.o
    0x00001c28   0x00001c28   0x00000008   Code   RO          104    i.PORT0_IRQHandler  interrupts_hc32f005.o
    0x00001c30   0x00001c30   0x00000008   Code   RO          105    i.PORT1_IRQHandler  interrupts_hc32f005.o
    0x00001c38   0x00001c38   0x00000008   Code   RO          106    i.PORT2_IRQHandler  interrupts_hc32f005.o
    0x00001c40   0x00001c40   0x00000008   Code   RO          107    i.PORT3_IRQHandler  interrupts_hc32f005.o
    0x00001c48   0x00001c48   0x0000003c   Code   RO         1987    i.Port3_IRQHandler  my_gpio.o
    0x00001c84   0x00001c84   0x00000008   Code   RO          108    i.SPI_IRQHandler    interrupts_hc32f005.o
    0x00001c8c   0x00001c8c   0x00000010   Code   RO         2119    i.Select_Init       point_fun.o
    0x00001c9c   0x00001c9c   0x0000001e   Code   RO          388    i.SetBit            ddl.o
    0x00001cba   0x00001cba   0x00000008   Code   RO          109    i.SysTick_Handler   interrupts_hc32f005.o
    0x00001cc2   0x00001cc2   0x00000052   Code   RO          484    i.Sysctrl_ClkInit   sysctrl.o
    0x00001d14   0x00001d14   0x000000d4   Code   RO          485    i.Sysctrl_ClkSourceEnable  sysctrl.o
    0x00001de8   0x00001de8   0x00000100   Code   RO          486    i.Sysctrl_GetHClkFreq  sysctrl.o
    0x00001ee8   0x00001ee8   0x00000020   Code   RO          487    i.Sysctrl_GetPClkFreq  sysctrl.o
    0x00001f08   0x00001f08   0x00000028   Code   RO          490    i.Sysctrl_SetHCLKDiv  sysctrl.o
    0x00001f30   0x00001f30   0x00000028   Code   RO          491    i.Sysctrl_SetPCLKDiv  sysctrl.o
    0x00001f58   0x00001f58   0x00000018   Code   RO          492    i.Sysctrl_SetPeripheralGate  sysctrl.o
    0x00001f70   0x00001f70   0x00000028   Code   RO          493    i.Sysctrl_SetRCHTrim  sysctrl.o
    0x00001f98   0x00001f98   0x00000024   Code   RO          494    i.Sysctrl_SetRCLStableTime  sysctrl.o
    0x00001fbc   0x00001fbc   0x00000020   Code   RO          497    i.Sysctrl_SetXTHStableTime  sysctrl.o
    0x00001fdc   0x00001fdc   0x0000002c   Code   RO          498    i.Sysctrl_SysClkSwitch  sysctrl.o
    0x00002008   0x00002008   0x0000001c   Code   RO          499    i.Sysctrl_XTHDriverCfg  sysctrl.o
    0x00002024   0x00002024   0x00000010   Code   RO           12    i.SystemCoreClockUpdate  system_hc32f005.o
    0x00002034   0x00002034   0x00000008   Code   RO           13    i.SystemInit        system_hc32f005.o
    0x0000203c   0x0000203c   0x00000008   Code   RO          110    i.TIM0_IRQHandler   interrupts_hc32f005.o
    0x00002044   0x00002044   0x00000008   Code   RO          111    i.TIM1_IRQHandler   interrupts_hc32f005.o
    0x0000204c   0x0000204c   0x00000008   Code   RO          112    i.TIM2_IRQHandler   interrupts_hc32f005.o
    0x00002054   0x00002054   0x00000008   Code   RO          113    i.TIM3_IRQHandler   interrupts_hc32f005.o
    0x0000205c   0x0000205c   0x00000008   Code   RO          114    i.TIM4_IRQHandler   interrupts_hc32f005.o
    0x00002064   0x00002064   0x00000008   Code   RO          115    i.TIM5_IRQHandler   interrupts_hc32f005.o
    0x0000206c   0x0000206c   0x00000008   Code   RO          116    i.TIM6_IRQHandler   interrupts_hc32f005.o
    0x00002074   0x00002074   0x0000002c   Code   RO         1803    i.Tim2_IRQHandler   my_tim.o
    0x000020a0   0x000020a0   0x00000064   Code   RO         1804    i.Tim6_IRQHandler   my_tim.o
    0x00002104   0x00002104   0x00000008   Code   RO          117    i.UART0_IRQHandler  interrupts_hc32f005.o
    0x0000210c   0x0000210c   0x00000008   Code   RO          118    i.UART1_IRQHandler  interrupts_hc32f005.o
    0x00002114   0x00002114   0x00000024   Code   RO         2209    i.UART_Send_Buf     uart_frame.o
    0x00002138   0x00002138   0x00000030   Code   RO         2210    i.Uart1_IRQHandler  uart_frame.o
    0x00002168   0x00002168   0x00000016   Code   RO          615    i.Uart_ClrStatus    uart.o
    0x0000217e   0x0000217e   0x00000014   Code   RO          618    i.Uart_EnableFunc   uart.o
    0x00002192   0x00002192   0x00000014   Code   RO          619    i.Uart_EnableIrq    uart.o
    0x000021a6   0x000021a6   0x00000018   Code   RO          622    i.Uart_GetStatus    uart.o
    0x000021be   0x000021be   0x00000024   Code   RO          623    i.Uart_Init         uart.o
    0x000021e2   0x000021e2   0x00000008   Code   RO          624    i.Uart_ReceiveData  uart.o
    0x000021ea   0x000021ea   0x0000002c   Code   RO          626    i.Uart_SendDataPoll  uart.o
    0x00002216   0x00002216   0x0000005c   Code   RO          628    i.Uart_SetBaudRate  uart.o
    0x00002272   0x00002272   0x00000008   Code   RO          119    i.VC0_IRQHandler    interrupts_hc32f005.o
    0x0000227a   0x0000227a   0x00000008   Code   RO          120    i.VC1_IRQHandler    interrupts_hc32f005.o
    0x00002282   0x00002282   0x00000008   Code   RO          121    i.WDT_IRQHandler    interrupts_hc32f005.o
    0x0000228a   0x0000228a   0x00000002   PAD
    0x0000228c   0x0000228c   0x000000c0   Code   RO          289    i._500ms_time_handle  main.o
    0x0000234c   0x0000234c   0x00000018   Code   RO          500    i._SysctrlUnlock    sysctrl.o
    0x00002364   0x00002364   0x00000078   Code   RO         1695    i._UartBaudCfg      my_usart.o
    0x000023dc   0x000023dc   0x0000002e   Code   RO         2479    i.__ARM_clz         mf_p.l(depilogue.o)
    0x0000240a   0x0000240a   0x0000001c   Code   RO         1244    i.__ARM_common_switch8  adc.o
    0x00002426   0x00002426   0x00000002   PAD
    0x00002428   0x00002428   0x00000078   Code   RO          122    i.__NVIC_SetPriority  interrupts_hc32f005.o
    0x000024a0   0x000024a0   0x0000000e   Code   RO         2485    i.__scatterload_copy  mc_p.l(handlers.o)
    0x000024ae   0x000024ae   0x00000002   Code   RO         2486    i.__scatterload_null  mc_p.l(handlers.o)
    0x000024b0   0x000024b0   0x0000000e   Code   RO         2487    i.__scatterload_zeroinit  mc_p.l(handlers.o)
    0x000024be   0x000024be   0x00000002   PAD
    0x000024c0   0x000024c0   0x0000005c   Code   RO         2355    i.checkout_current_over  motor_speed_pid.o
    0x0000251c   0x0000251c   0x000000a0   Code   RO         2356    i.checkout_speed_over  motor_speed_pid.o
    0x000025bc   0x000025bc   0x0000001c   Code   RO         1897    i.clear_adcbuf      my_adc.o
    0x000025d8   0x000025d8   0x000004dc   Code   RO         2211    i.cmd_proc          uart_frame.o
    0x00002ab4   0x00002ab4   0x00000034   Code   RO         2212    i.communication_checkout  uart_frame.o
    0x00002ae8   0x00002ae8   0x00000088   Code   RO         2282    i.ctr_init          motor.o
    0x00002b70   0x00002b70   0x00000384   Code   RO         2283    i.ctr_proc_loop     motor.o
    0x00002ef4   0x00002ef4   0x00000020   Code   RO          392    i.ddl_memclr        ddl.o
    0x00002f14   0x00002f14   0x0000003c   Code   RO         2322    i.default_pid_int   pid.o
    0x00002f50   0x00002f50   0x0000005c   Code   RO          394    i.delay10us         ddl.o
    0x00002fac   0x00002fac   0x00000058   Code   RO          395    i.delay1ms          ddl.o
    0x00003004   0x00003004   0x00000020   Code   RO         2357    i.error_chick       motor_speed_pid.o
    0x00003024   0x00003024   0x0000008c   Code   RO         1898    i.get_adc_value     my_adc.o
    0x000030b0   0x000030b0   0x0000005c   Code   RO          290    i.main              main.o
    0x0000310c   0x0000310c   0x00000368   Code   RO         2284    i.motor_speed       motor.o
    0x00003474   0x00003474   0x000001fc   Code   RO         2358    i.motor_speed_pid_isr  motor_speed_pid.o
    0x00003670   0x00003670   0x00000010   Code   RO         2120    i.myfun             point_fun.o
    0x00003680   0x00003680   0x000000f0   Code   RO         2323    i.pid_calc          pid.o
    0x00003770   0x00003770   0x0000000c   Code   RO         2121    i.rt_data           point_fun.o
    0x0000377c   0x0000377c   0x00000024   Code   RO         1805    i.tim0run           my_tim.o
    0x000037a0   0x000037a0   0x0000000a   Code   RO         1806    i.tim0stop          my_tim.o
    0x000037aa   0x000037aa   0x00000002   PAD
    0x000037ac   0x000037ac   0x00000018   Code   RO         1807    i.tim2run           my_tim.o
    0x000037c4   0x000037c4   0x0000002c   Code   RO         1808    i.tim6run           my_tim.o
    0x000037f0   0x000037f0   0x00000014   Code   RO         1809    i.tim6stop          my_tim.o
    0x00003804   0x00003804   0x00000034   Code   RO         2213    i.uart_frame_init   uart_frame.o
    0x00003838   0x00003838   0x00000138   Code   RO         2214    i.uart_frame_loop   uart_frame.o
    0x00003970   0x00003970   0x00000044   Code   RO         2215    i.uart_frame_tx     uart_frame.o
    0x000039b4   0x000039b4   0x00000040   Code   RO          291    i.wait_for_motor    main.o
    0x000039f4   0x000039f4   0x00000018   Data   RO          501    .constdata          sysctrl.o
    0x00003a0c   0x00003a0c   0x00000020   Data   RO         2483    Region$$Table       anon$$obj.o


    Execution Region RW_IRAM1 (Exec base: 0x20000000, Load base: 0x00003a2c, Size: 0x00000658, Max: 0x00001000, ABSOLUTE)

    Exec Addr    Load Addr    Size         Type   Attr      Idx    E Section Name        Object

    0x20000000   0x00003a2c   0x00000004   Data   RW           14    .data               system_hc32f005.o
    0x20000004   0x00003a30   0x00000009   Data   RW          292    .data               main.o
    0x2000000d   0x00003a39   0x00000001   PAD
    0x2000000e   0x00003a3a   0x00000007   Data   RW         1810    .data               my_tim.o
    0x20000015   0x00003a41   0x00000003   PAD
    0x20000018   0x00003a44   0x00000015   Data   RW         1900    .data               my_adc.o
    0x2000002d   0x00003a59   0x00000003   PAD
    0x20000030   0x00003a5c   0x00000018   Data   RW         2218    .data               uart_frame.o
    0x20000048   0x00003a74   0x000000a7   Data   RW         2286    .data               motor.o
    0x200000ef   0x00003b1b   0x00000001   PAD
    0x200000f0   0x00003b1c   0x0000000d   Data   RW         2359    .data               motor_speed_pid.o
    0x200000fd   0x00003b29   0x00000003   PAD
    0x20000100        -       0x00000014   Zero   RW         1899    .bss                my_adc.o
    0x20000114        -       0x00000020   Zero   RW         2122    .bss                point_fun.o
    0x20000134        -       0x000000ab   Zero   RW         2217    .bss                uart_frame.o
    0x200001df   0x00003b29   0x00000001   PAD
    0x200001e0        -       0x0000004c   Zero   RW         2285    .bss                motor.o
    0x2000022c        -       0x0000002c   Zero   RW         2324    .bss                pid.o
    0x20000258        -       0x00000400   Zero   RW            1    STACK               startup_hc32f005.o


==============================================================================

Image component sizes


      Code (inc. data)   RO Data    RW Data    ZI Data      Debug   Object Name

       732         50          0          0          0       4780   adc.o
       776          0          0          0          0       8173   adt.o
        28          6          0          0          0        484   bgr.o
      1036         40          0          0          0       5184   bt.o
       254         30          0          0          0       3314   ddl.o
        52         14          0          0          0        598   flash.o
       292         42          0          0          0       4844   gpio.o
       460         18          0          0          0      23467   interrupts_hc32f005.o
       406         44          0          9          0      21927   main.o
      1908        130          0        167         76       6467   motor.o
       880        104          0         13          0       3330   motor_speed_pid.o
       668         76          0         21         20       4765   my_adc.o
       126          8          0          0          0       1418   my_gpio.o
       724         62          0          7          0       7371   my_tim.o
       260         10          0          0          0       2037   my_usart.o
       300         34          0          0         44       2494   pid.o
        72         12          0          0         32       2343   point_fun.o
       144          0          0          0          0       3108   queue.o
        60         22        192          0       1024        660   startup_hc32f005.o
       928         80         24          0          0      10161   sysctrl.o
        24          4          0          4          0      54119   system_hc32f005.o
       266          0          0          0          0       5543   uart.o
      1812        188          0         24        171       7299   uart_frame.o

    ----------------------------------------------------------------------
     12226        974        248        256       1368     183886   Object Totals
         0          0         32          0          0          0   (incl. Generated)
        18          0          0         11          1          0   (incl. Padding)

    ----------------------------------------------------------------------

      Code (inc. data)   RO Data    RW Data    ZI Data      Debug   Library Member Name

         0          0          0          0          0          0   entry.o
         0          0          0          0          0          0   entry10a.o
         0          0          0          0          0          0   entry11a.o
         4          0          0          0          0          0   entry12b.o
         8          4          0          0          0          0   entry2.o
         4          0          0          0          0          0   entry5.o
         0          0          0          0          0          0   entry7b.o
         0          0          0          0          0          0   entry8b.o
         8          4          0          0          0          0   entry9a.o
        30          0          0          0          0          0   handlers.o
        40          0          0          0          0         72   idiv.o
        36          8          0          0          0         68   init.o
         0          0          0          0          0          0   iusefp.o
        32          0          0          0          0         68   llshl.o
        38          0          0          0          0         68   llsshr.o
        34          0          0          0          0         68   llushr.o
        36          0          0          0          0         60   memcpya.o
        44          0          0          0          0         72   uidiv.o
        40          2          0          0          0         68   cdrcmple.o
        20          0          0          0          0         68   cfcmple.o
        20          0          0          0          0         68   cfrcmple.o
        56          0          0          0          0         68   d2f.o
       360          6          0          0          0        140   dadd.o
       240          6          0          0          0         84   ddiv.o
       236          0          0          0          0        216   depilogue.o
        72         10          0          0          0         72   dfixi.o
        60         10          0          0          0         68   dfixui.o
        40          6          0          0          0         68   dflti.o
        28          4          0          0          0         68   dfltui.o
       208          6          0          0          0         88   dmul.o
        40          0          0          0          0         60   f2d.o
       178          0          0          0          0        108   fadd.o
       124          0          0          0          0         72   fdiv.o
       130          0          0          0          0        144   fepilogue.o
        50          0          0          0          0         60   ffixi.o
        40          0          0          0          0         60   ffixui.o
        22          0          0          0          0         68   fflti.o
        14          0          0          0          0         68   ffltui.o
       122          0          0          0          0         72   fmul.o

    ----------------------------------------------------------------------
      2418         66          0          0          0       2264   Library Totals
         4          0          0          0          0          0   (incl. Padding)

    ----------------------------------------------------------------------

      Code (inc. data)   RO Data    RW Data    ZI Data      Debug   Library Name

       314         16          0          0          0        476   mc_p.l
      2100         50          0          0          0       1788   mf_p.l

    ----------------------------------------------------------------------
      2418         66          0          0          0       2264   Library Totals

    ----------------------------------------------------------------------

==============================================================================


      Code (inc. data)   RO Data    RW Data    ZI Data      Debug   

     14644       1040        248        256       1368     178534   Grand Totals
     14644       1040        248        256       1368     178534   ELF Image Totals
     14644       1040        248        256          0          0   ROM Totals

==============================================================================

    Total RO  Size (Code + RO Data)                14892 (  14.54kB)
    Total RW  Size (RW Data + ZI Data)              1624 (   1.59kB)
    Total ROM Size (Code + RO Data + RW Data)      15148 (  14.79kB)

==============================================================================

