C51 COMPILER V9.60.0.0   KEYPAD                                                            07/25/2025 08:32:57 PAGE 1   


C51 COMPILER V9.60.0.0, COMPILATION OF MODULE KEYPAD
OBJECT MODULE PLACED IN .\Output\keypad.obj
COMPILER INVOKED BY: D:\Software\Keil_V5\C51\C51\BIN\C51.EXE ..\driver\keypad.c LARGE OPTIMIZE(7,SPEED) BROWSE INCDIR(..
                    -\Library\Device\Include;..\Library\StdDriver\inc;..\user;..\driver;..\bsp;..\Include;..\common) DEBUG OBJECTEXTEND PRINT
                    -(.\LST\keypad.lst) TABS(2) OBJECT(.\Output\keypad.obj)

line level    source

   1          /*
   2           * keypad.c
   3           *
   4           *  Created on: 2018年2月4日
   5           *      Author: Administrator
   6           */
   7          #include "keypad.h"
   8          #include "keypad_fun.h"
   9          #include "led_disp.h"
  10          #include "decode.h"
  11          #include "treadmills.h"
  12          #include "beep.h"
  13          
  14          
  15          static u8 trig=0;
  16          static u8 cont=0;
  17          
  18          static u8 cnt=0,state=0;
  19          static u8 new ,old;
  20          
  21          u8 FOHA_cont_cnt=0;
  22          
  23          u8 times=0;
  24          u8 key_valuq=0;
  25          u8 key=0;
  26          u8 key_long_flag=0;
  27          u8 key_continue=0;
  28          
  29          u8 key_cnt=0x00;
  30          u8 key_mask=0x00;
  31          u8 delay_add=0x00;
  32          u8 tl_flag=0;
  33          
  34          extern bit poweron_flag;
  35          u16 key_delay_dede=0;
  36          extern u16 no_key_cnt;
  37          
  38          void KeyPad_Scan(void)
  39          {
  40   1         /**
  41   1         * 按键输入入口,和硬件有关系
  42   1         */
  43   1        //=================================
  44   1        new=0;
  45   1        
  46   1        if(key_value!=key_valuq)
  47   1        {
  48   2          times++;
  49   2          if(times>15)
  50   2          {
  51   3            key_valuq = key_value;
  52   3            times=0;
  53   3          }
C51 COMPILER V9.60.0.0   KEYPAD                                                            07/25/2025 08:32:57 PAGE 2   

  54   2          if(key_long_flag==0)
  55   2          {
  56   3            
  57   3            if(key_continue>=7)
  58   3            {
  59   4            key_valuq = key_value;
  60   4              key_continue=0;
  61   4            }
  62   3            else if(key_continue<=7)
  63   3            key_continue++;
  64   3          }
  65   2        }
  66   1        else if(key_value == key_valuq)
  67   1        {
  68   2          times=0;
  69   2            if(key_continue<=7)
  70   2            key_continue++;
  71   2        }
  72   1        
  73   1        //客户433键值
  74   1        if(key_valuq==0X04){new |=(1<<0);}  //+     //0X04
  75   1        if(key_valuq==0X1A){new |=(1<<1);}  //ON/OFF  
  76   1        if(key_valuq==0X01){new |=(1<<2);}  //M     
  77   1        if(key_valuq==0X05){new |=(1<<3);}  //-
  78   1        
  79   1        
  80   1          if(key_delay_dede)
  81   1          {
  82   2            key_delay_dede--;
  83   2            return;
  84   2          }
  85   1        
  86   1        if(new!=0)//按键有效
  87   1        {   
  88   2         if(treadmills.status==STATUS_SLEEP_MODE)  //休眠状态下，按遥控器任何按键
  89   2          {
  90   3              treadmills.status=STATUS_POWERON; 
  91   3              beep_set(1,DEFAULT_ON_TICKS,DEFAULT_OFF_TICKS);
  92   3              key_delay_dede=20;
  93   3              return;
  94   3          }   
  95   2          no_key_cnt=0;
  96   2      
  97   2         if(FOHA_cont_cnt>90) //长按延时
  98   2         {
  99   3           key=new;
 100   3           delay_add++;
 101   3           if(delay_add==15)    //连击延时，越小越快，15
 102   3           {
 103   4             key_long_flag=1;
 104   4             delay_add=0;
 105   4             keypad_continue_proc();
 106   4           }
 107   3         }else
 108   2         {
 109   3           FOHA_cont_cnt++;
 110   3         }
 111   2        }else//按键无效了
 112   1        {
 113   2          if(FOHA_cont_cnt==1)
 114   2          {
 115   3            FOHA_cont_cnt=0;
C51 COMPILER V9.60.0.0   KEYPAD                                                            07/25/2025 08:32:57 PAGE 3   

 116   3            beep_set(1,DEFAULT_ON_TICKS,DEFAULT_OFF_TICKS);
 117   3          }
 118   2        }
 119   1        
 120   1        if(new !=old)//按键有变更
 121   1        {
 122   2          no_key_cnt=0;
 123   2          key=new;
 124   2          keypad_short_proc();
 125   2          old=new;
 126   2          if(FOHA_cont_cnt>90)//连击结束响
 127   2          {
 128   3            FOHA_cont_cnt=1;
 129   3          }else
 130   2          {
 131   3            FOHA_cont_cnt=0;
 132   3          }
 133   2        } 
 134   1      }
 135          


MODULE INFORMATION:   STATIC OVERLAYABLE
   CODE SIZE        =    390    ----
   CONSTANT SIZE    =   ----    ----
   XDATA SIZE       =     18    ----
   PDATA SIZE       =   ----    ----
   DATA SIZE        =   ----    ----
   IDATA SIZE       =   ----    ----
   BIT SIZE         =   ----    ----
END OF MODULE INFORMATION.


C51 COMPILATION COMPLETE.  0 WARNING(S),  0 ERROR(S)
