BL51 BANKED LINKER/LOCATER V6.22.2.0                                                    08/04/2025  09:13:39  PAGE 1


BL51 BANKED LINKER/LOCATER V6.22.2.0, INVOKED BY:
D:\SOFTWARE\KEIL_V5\C51\C51\BIN\BL51.EXE .\Output\STARTUP.obj, .\Output\7_segment.obj, .\Output\aip1628.obj, .\Output\in
>> decate.obj, .\Output\led_disp.obj, .\Output\keypad.obj, .\Output\keypad_fun.obj, .\Output\beep.obj, .\Output\main.obj
>> , .\Output\queue.obj, .\Output\uart_frame.obj, .\Output\treadmills.obj, .\Output\param.obj, .\Output\programe.obj, .\
>> Output\decode.obj, .\Output\isr.obj, .\Output\PWM_simple.obj, .\Output\Timer01_M1.obj, .\Output\uart.obj, .\Output\ee
>> _param.obj, .\Output\IAP_EEPROM.obj, .\Output\Delay.obj, .\Output\Common.obj TO .\Output\PBJ_SK_2.4G PRINT (.\LST\PBJ
>> _SK_2.m51) RAMSIZE (256) DISABLEWARNING (16)


MEMORY MODEL: LARGE WITH FLOATING POINT ARITHMETIC


INPUT MODULES INCLUDED:
  .\Output\STARTUP.obj (?C_STARTUP)
  .\Output\7_segment.obj (7_SEGMENT)
  .\Output\aip1628.obj (AIP1628)
  .\Output\indecate.obj (INDECATE)
  .\Output\led_disp.obj (LED_DISP)
  .\Output\keypad.obj (KEYPAD)
  .\Output\keypad_fun.obj (KEYPAD_FUN)
  .\Output\beep.obj (BEEP)
  .\Output\main.obj (MAIN)
  .\Output\queue.obj (QUEUE)
  .\Output\uart_frame.obj (UART_FRAME)
  .\Output\treadmills.obj (TREADMILLS)
  .\Output\param.obj (PARAM)
  .\Output\programe.obj (PROGRAME)
  .\Output\decode.obj (DECODE)
  .\Output\isr.obj (ISR)
  .\Output\PWM_simple.obj (PWM_SIMPLE)
  .\Output\Timer01_M1.obj (TIMER01_M1)
  .\Output\uart.obj (UART)
  .\Output\ee_param.obj (EE_PARAM)
  .\Output\IAP_EEPROM.obj (IAP_EEPROM)
  .\Output\Delay.obj (DELAY)
  .\Output\Common.obj (COMMON)
  D:\SOFTWARE\KEIL_V5\C51\C51\LIB\C51FPL.LIB (?C?FPADD)
  D:\SOFTWARE\KEIL_V5\C51\C51\LIB\C51FPL.LIB (?C?FPMUL)
  D:\SOFTWARE\KEIL_V5\C51\C51\LIB\C51FPL.LIB (?C?FPDIV)
  D:\SOFTWARE\KEIL_V5\C51\C51\LIB\C51FPL.LIB (?C?FPCMP)
  D:\SOFTWARE\KEIL_V5\C51\C51\LIB\C51FPL.LIB (?C?FCAST)
  D:\SOFTWARE\KEIL_V5\C51\C51\LIB\C51FPL.LIB (?C?CASTF)
  D:\SOFTWARE\KEIL_V5\C51\C51\LIB\C51FPL.LIB (?C?FPGETOPN)
  D:\SOFTWARE\KEIL_V5\C51\C51\LIB\C51L.LIB (?C_INIT)
  D:\SOFTWARE\KEIL_V5\C51\C51\LIB\C51L.LIB (?C?COPY)
  D:\SOFTWARE\KEIL_V5\C51\C51\LIB\C51L.LIB (?C?CLDPTR)
  D:\SOFTWARE\KEIL_V5\C51\C51\LIB\C51L.LIB (?C?CLDOPTR)
  D:\SOFTWARE\KEIL_V5\C51\C51\LIB\C51L.LIB (?C?CSTPTR)
  D:\SOFTWARE\KEIL_V5\C51\C51\LIB\C51L.LIB (?C?CSTOPTR)
  D:\SOFTWARE\KEIL_V5\C51\C51\LIB\C51L.LIB (?C?UIDIV)
  D:\SOFTWARE\KEIL_V5\C51\C51\LIB\C51L.LIB (?C?IILDX)
  D:\SOFTWARE\KEIL_V5\C51\C51\LIB\C51L.LIB (?C?ULDIV)
  D:\SOFTWARE\KEIL_V5\C51\C51\LIB\C51L.LIB (?C?LNEG)
  D:\SOFTWARE\KEIL_V5\C51\C51\LIB\C51L.LIB (?C?ULCMP)
  D:\SOFTWARE\KEIL_V5\C51\C51\LIB\C51L.LIB (?C?ULSHR)
  D:\SOFTWARE\KEIL_V5\C51\C51\LIB\C51L.LIB (?C?LLDOPTR)
  D:\SOFTWARE\KEIL_V5\C51\C51\LIB\C51L.LIB (?C?LSTOPTR)
  D:\SOFTWARE\KEIL_V5\C51\C51\LIB\C51L.LIB (?C?LLDOPTR0)
BL51 BANKED LINKER/LOCATER V6.22.2.0                                                  08/04/2025  09:13:39  PAGE 2


  D:\SOFTWARE\KEIL_V5\C51\C51\LIB\C51L.LIB (?C?LSTXDATA)
  D:\SOFTWARE\KEIL_V5\C51\C51\LIB\C51L.LIB (?C?LSTKXDATA)
  D:\SOFTWARE\KEIL_V5\C51\C51\LIB\C51L.LIB (?C?LSTKOPTR)
  D:\SOFTWARE\KEIL_V5\C51\C51\LIB\C51L.LIB (?C?PLDPTR)
  D:\SOFTWARE\KEIL_V5\C51\C51\LIB\C51L.LIB (?C?PSTPTR)
  D:\SOFTWARE\KEIL_V5\C51\C51\LIB\C51L.LIB (?C?LLDIDATA)
  D:\SOFTWARE\KEIL_V5\C51\C51\LIB\C51L.LIB (?C?LLDXDATA)
  D:\SOFTWARE\KEIL_V5\C51\C51\LIB\C51L.LIB (?C?LLDPDATA)
  D:\SOFTWARE\KEIL_V5\C51\C51\LIB\C51L.LIB (?C?LLDCODE)
  D:\SOFTWARE\KEIL_V5\C51\C51\LIB\C51L.LIB (?C?LLDIDATA0)
  D:\SOFTWARE\KEIL_V5\C51\C51\LIB\C51L.LIB (?C?LLDXDATA0)
  D:\SOFTWARE\KEIL_V5\C51\C51\LIB\C51L.LIB (?C?LLDPDATA0)
  D:\SOFTWARE\KEIL_V5\C51\C51\LIB\C51L.LIB (?C?LLDCODE0)
  D:\SOFTWARE\KEIL_V5\C51\C51\LIB\C51L.LIB (?C?LSTIDATA)
  D:\SOFTWARE\KEIL_V5\C51\C51\LIB\C51L.LIB (?C?LSTPDATA)
  D:\SOFTWARE\KEIL_V5\C51\C51\LIB\C51L.LIB (?C?LSTKIDATA)
  D:\SOFTWARE\KEIL_V5\C51\C51\LIB\C51L.LIB (?C?LSTKPDATA)
  D:\SOFTWARE\KEIL_V5\C51\C51\LIB\C51L.LIB (?C?PLDIDATA)
  D:\SOFTWARE\KEIL_V5\C51\C51\LIB\C51L.LIB (?C?PSTIDATA)
  D:\SOFTWARE\KEIL_V5\C51\C51\LIB\C51L.LIB (?C?PLDXDATA)
  D:\SOFTWARE\KEIL_V5\C51\C51\LIB\C51L.LIB (?C?PSTXDATA)
  D:\SOFTWARE\KEIL_V5\C51\C51\LIB\C51L.LIB (?C?PLDPDATA)
  D:\SOFTWARE\KEIL_V5\C51\C51\LIB\C51L.LIB (?C?PSTPDATA)
  D:\SOFTWARE\KEIL_V5\C51\C51\LIB\C51L.LIB (?C?PLDCODE)


LINK MAP OF MODULE:  .\Output\PBJ_SK_2.4G (?C_STARTUP)


            TYPE    BASE      LENGTH    RELOCATION   SEGMENT NAME
            -----------------------------------------------------

            * * * * * * *   D A T A   M E M O R Y   * * * * * * *
            REG     0000H     0008H     ABSOLUTE     "REG BANK 0"
            DATA    0008H     0002H     UNIT         _DATA_GROUP_
                    000AH     0016H                  *** GAP ***
            BIT     0020H.0   0000H.5   UNIT         ?BI?DECODE
            BIT     0020H.5   0000H.2   UNIT         ?BI?MAIN
            BIT     0020H.7   0000H.1   UNIT         ?BI?DELAY
            IDATA   0021H     0001H     UNIT         ?STACK

            * * * * * * *  X D A T A   M E M O R Y  * * * * * * *
            XDATA   0000H     00BCH     UNIT         ?XD?UART_FRAME
            XDATA   00BCH     004BH     UNIT         ?XD?TREADMILLS
            XDATA   0107H     0025H     UNIT         _XDATA_GROUP_
            XDATA   012CH     0016H     UNIT         ?XD?DECODE
            XDATA   0142H     0012H     UNIT         ?XD?KEYPAD
            XDATA   0154H     0011H     UNIT         ?XD?7_SEGMENT
            XDATA   0165H     000FH     UNIT         ?XD?ISR
            XDATA   0174H     000EH     UNIT         ?XD?LED_DISP
            XDATA   0182H     0008H     UNIT         ?XD?BEEP
            XDATA   018AH     0007H     UNIT         ?XD?KEYPAD_FUN
            XDATA   0191H     0007H     UNIT         ?XD?_WRITE_APROM_PAGE?IAP_EEPROM
            XDATA   0198H     0006H     UNIT         ?XD?INDECATE
            XDATA   019EH     0005H     UNIT         ?XD?_AIP1628_WRITE_NBYTES?AIP1628
            XDATA   01A3H     0005H     UNIT         ?XD?MAIN
            XDATA   01A8H     0005H     UNIT         ?XD?PROGRAME
BL51 BANKED LINKER/LOCATER V6.22.2.0                                                  08/04/2025  09:13:39  PAGE 3


            XDATA   01ADH     0005H     UNIT         ?XD?EE_PARAM
            XDATA   01B2H     0005H     UNIT         ?XD?_READ_APROM_PAGE?IAP_EEPROM
            XDATA   01B7H     0004H     UNIT         ?XD?_UART0_ENTER_QUEUE?QUEUE
            XDATA   01BBH     0004H     UNIT         ?XD?PARAM
            XDATA   01BFH     0004H     UNIT         ?XD?_TIMER0_DELAY100US?DELAY
            XDATA   01C3H     0004H     UNIT         ?XD?_TIMER0_DELAY1MS?DELAY
            XDATA   01C7H     0004H     UNIT         ?XD?_TIMER1_DELAY10MS?DELAY
            XDATA   01CBH     0004H     UNIT         ?XD?_TIMER2_DELAY500US?DELAY
            XDATA   01CFH     0004H     UNIT         ?XD?_TIMER3_DELAY100MS?DELAY
            XDATA   01D3H     0004H     UNIT         ?XD?_TIMER3_DELAY10US?DELAY
            XDATA   01D7H     0004H     UNIT         ?XD?_INITIALUART0_TIMER3?COMMON
            XDATA   01DBH     0003H     UNIT         ?XD?_UART0_IS_FULL_QUEUE?QUEUE
            XDATA   01DEH     0003H     UNIT         ?XD?_UART_SEND_VALUE?UART
            XDATA   01E1H     0002H     UNIT         ?XD?UART
            XDATA   01E3H     0002H     UNIT         ?XD?READ_PARAM?EE_PARAM
            XDATA   01E5H     0001H     UNIT         ?XD?KEYPAD_LONG_PROC?KEYPAD_FUN

            * * * * * * *   C O D E   M E M O R Y   * * * * * * *
            CODE    0000H     0003H     ABSOLUTE     
            CODE    0003H     0007H     UNIT         ?PR?EE_PARAM_INIT?EE_PARAM
                    000AH     0001H                  *** GAP ***
            CODE    000BH     0003H     ABSOLUTE     
            CODE    000EH     006AH     UNIT         ?PR?_UART_SEND_BUF?UART
            CODE    0078H     0003H     UNIT         ?PR?TEST_IAPROM?IAP_EEPROM
            CODE    007BH     0003H     ABSOLUTE     
            CODE    007EH     08FBH     UNIT         ?C?LIB_CODE
            CODE    0979H     0480H     UNIT         ?PR?RF433M_RECEVIEDECODE?DECODE
            CODE    0DF9H     03FDH     UNIT         ?PR?_TREADMILLS_DISPLAY?TREADMILLS
            CODE    11F6H     03DFH     UNIT         ?PR?TREADMILLS_PROC_LOOP?TREADMILLS
            CODE    15D5H     02C0H     UNIT         ?PR?TREADMILLS_PARAM_CALC?TREADMILLS
            CODE    1895H     01E2H     UNIT         ?PR?MAIN?MAIN
            CODE    1A77H     01D5H     UNIT         ?PR?SEG_DISP_PROC?LED_DISP
            CODE    1C4CH     0186H     UNIT         ?PR?KEYPAD_SCAN?KEYPAD
            CODE    1DD2H     0185H     UNIT         ?PR?KEYPAD_SHORT_PROC?KEYPAD_FUN
            CODE    1F57H     015FH     UNIT         ?PR?UART1_FRAME_LOOP?UART_FRAME
            CODE    20B6H     0135H     UNIT         ?PR?UART1_CMD_PROC?UART_FRAME
            CODE    21EBH     0120H     UNIT         ?PR?SEND_DEFAULT_PARAM?MAIN
            CODE    230BH     011FH     UNIT         ?C_INITSEG
            CODE    242AH     00FFH     UNIT         ?PR?TIMER0_ISR?ISR
            CODE    2529H     00D6H     UNIT         ?PR?_SET_SEG_VAL?LED_DISP
            CODE    25FFH     00BAH     UNIT         ?PR?_WRITE_APROM_PAGE?IAP_EEPROM
            CODE    26B9H     00B4H     UNIT         ?PR?_UART_SEND_VALUE?UART
            CODE    276DH     00ACH     UNIT         ?C_C51STARTUP
            CODE    2819H     00A7H     UNIT         ?PR?MODIFY_HIRC_166?MAIN
            CODE    28C0H     0093H     UNIT         ?PR?_BTN_ADD_PROC?KEYPAD_FUN
            CODE    2953H     008DH     UNIT         ?PR?_DENTER_QUEUE?QUEUE
            CODE    29E0H     008CH     UNIT         ?PR?BEEP_SOUND_PROC?BEEP
            CODE    2A6CH     0085H     UNIT         ?PR?TREADMILLS_DISP_LOOP?TREADMILLS
            CODE    2AF1H     0082H     UNIT         ?PR?_SET_SEG_TWO?LED_DISP
            CODE    2B73H     0081H     UNIT         ?PR?_SET_SEG_TWO_SC?LED_DISP
            CODE    2BF4H     0080H     UNIT         ?PR?_UART1_ENTER_QUEUE?QUEUE
            CODE    2C74H     0080H     UNIT         ?PR?_UART0_ENTER_QUEUE?QUEUE
            CODE    2CF4H     007FH     UNIT         ?PR?COMMUNICATION_CHECKOUT?TREADMILLS
            CODE    2D73H     007DH     UNIT         ?PR?_BTN_SUB_PROC?KEYPAD_FUN
            CODE    2DF0H     007DH     UNIT         ?PR?_INITIALUART0_TIMER3?COMMON
            CODE    2E6DH     0078H     UNIT         ?PR?_INITIALUART1_TIMER3?COMMON
            CODE    2EE5H     0077H     UNIT         ?PR?DISP_UPDATE?INDECATE
BL51 BANKED LINKER/LOCATER V6.22.2.0                                                  08/04/2025  09:13:39  PAGE 4


            CODE    2F5CH     0069H     UNIT         ?PR?_UART_SEND_DATA?UART
            CODE    2FC5H     0064H     UNIT         ?PR?BOOT_TIME?TREADMILLS
            CODE    3029H     0063H     UNIT         ?PR?_BEEP_SET?BEEP
            CODE    308CH     005EH     UNIT         ?PR?_TIMER3_DELAY100MS?DELAY
            CODE    30EAH     005EH     UNIT         ?PR?_TIMER3_DELAY10US?DELAY
            CODE    3148H     005DH     UNIT         ?PR?_ERASE_APROM_PAGE?IAP_EEPROM
            CODE    31A5H     005CH     UNIT         ?PR?_CREATE_QUEUE?QUEUE
            CODE    3201H     005CH     UNIT         ?PR?_TIMER2_DELAY500US?DELAY
            CODE    325DH     0059H     UNIT         ?PR?UART1_ISR?UART
            CODE    32B6H     0059H     UNIT         ?PR?_TIMER0_DELAY100US?DELAY
            CODE    330FH     0059H     UNIT         ?PR?_TIMER0_DELAY1MS?DELAY
            CODE    3368H     0059H     UNIT         ?PR?_TIMER1_DELAY10MS?DELAY
            CODE    33C1H     0057H     UNIT         ?PR?_UART1_IS_FULL_QUEUE?QUEUE
            CODE    3418H     0057H     UNIT         ?PR?_UART0_IS_FULL_QUEUE?QUEUE
            CODE    346FH     0051H     UNIT         ?PR?_READ_APROM_PAGE?IAP_EEPROM
            CODE    34C0H     0044H     UNIT         ?PR?READ_PARAM?EE_PARAM
            CODE    3504H     0043H     UNIT         ?PR?KEYPAD_CONTINUE_PROC?KEYPAD_FUN
            CODE    3547H     003EH     UNIT         ?PR?TREADMILLS_INIT?TREADMILLS
            CODE    3585H     003BH     UNIT         ?PR?PWM_INIT?PWM_SIMPLE
            CODE    35C0H     0038H     UNIT         ?PR?_INITIALUART0_TIMER1?COMMON
            CODE    35F8H     0037H     UNIT         ?PR?_UART1_FRAME_TX_2?UART_FRAME
            CODE    362FH     0035H     UNIT         ?PR?UART_FRAME_INIT?UART_FRAME
            CODE    3664H     0032H     UNIT         ?PR?_UART1_FRAME_TX?UART_FRAME
            CODE    3696H     002FH     UNIT         ?PR?_AIP1628_WRITE_NBYTES?AIP1628
            CODE    36C5H     001EH     UNIT         ?PR?_WT_BYTE?AIP1628
            CODE    36E3H     001DH     UNIT         ?PR?WRITE_PARAM?EE_PARAM
            CODE    3700H     001BH     UNIT         ?PR?_SET_BIT_SEG?LED_DISP
            CODE    371BH     001AH     UNIT         ?PR?SW_RESET?COMMON
            CODE    3735H     0019H     UNIT         ?PR?TIMER0_INIT?TIMER01_M1
            CODE    374EH     0018H     UNIT         ?PR?AIP1628_INIT?AIP1628
            CODE    3766H     0018H     UNIT         ?PR?_IS_EMPTY_QUEUE?QUEUE
            CODE    377EH     0014H     UNIT         ?PR?LED_DISPLAY_INIT?LED_DISP
            CODE    3792H     0012H     UNIT         ?PR?PROGRAME_INIT?PROGRAME
            CODE    37A4H     0011H     UNIT         ?PR?_AIP1628_WRITE_BYTE?AIP1628
            CODE    37B5H     0010H     UNIT         ?PR?_SET_SEG_MODE?LED_DISP
            CODE    37C5H     000FH     UNIT         ?CO?TREADMILLS
            CODE    37D4H     000FH     UNIT         ?PR?UART_INIT?UART
            CODE    37E3H     000EH     UNIT         ?PR?_PWM1DUTYCYCLE?PWM_SIMPLE
            CODE    37F1H     000EH     UNIT         ?PR?_PWM2DUTYCYCLE?PWM_SIMPLE
            CODE    37FFH     000DH     UNIT         ?PR?_SET_SEG_FLASH_CNT?LED_DISP
            CODE    380CH     000DH     UNIT         ?PR?BEEP_FORCE_STOP?BEEP
            CODE    3819H     000CH     UNIT         ?PR?_SET_AIP1628_LIGHTE_SCALE?AIP1628
            CODE    3825H     000AH     UNIT         ?PR?PARAM_INIT?PARAM
            CODE    382FH     0009H     UNIT         ?PR?KEYPAD_LONG_PROC?KEYPAD_FUN
            CODE    3838H     0009H     UNIT         ?PR?RF433M_INIT?DECODE



OVERLAY MAP OF MODULE:   .\Output\PBJ_SK_2.4G (?C_STARTUP)


SEGMENT                                         DATA_GROUP          XDATA_GROUP
  +--> CALLED SEGMENT                         START    LENGTH     START    LENGTH
---------------------------------------------------------------------------------
?C_C51STARTUP                                 -----    -----      -----    -----
  +--> ?PR?MAIN?MAIN
  +--> ?C_INITSEG
BL51 BANKED LINKER/LOCATER V6.22.2.0                                                  08/04/2025  09:13:39  PAGE 5



?PR?MAIN?MAIN                                 -----    -----      0107H    0001H
  +--> ?PR?MODIFY_HIRC_166?MAIN
  +--> ?PR?RF433M_INIT?DECODE
  +--> ?PR?LED_DISPLAY_INIT?LED_DISP
  +--> ?PR?AIP1628_INIT?AIP1628
  +--> ?PR?PWM_INIT?PWM_SIMPLE
  +--> ?PR?UART_INIT?UART
  +--> ?PR?TIMER0_INIT?TIMER01_M1
  +--> ?PR?UART_FRAME_INIT?UART_FRAME
  +--> ?PR?TREADMILLS_INIT?TREADMILLS
  +--> ?PR?PARAM_INIT?PARAM
  +--> ?PR?EE_PARAM_INIT?EE_PARAM
  +--> ?PR?_BEEP_SET?BEEP
  +--> ?PR?UART1_FRAME_LOOP?UART_FRAME
  +--> ?PR?KEYPAD_SCAN?KEYPAD
  +--> ?PR?BEEP_SOUND_PROC?BEEP
  +--> ?PR?BOOT_TIME?TREADMILLS
  +--> ?PR?SEG_DISP_PROC?LED_DISP
  +--> ?PR?TREADMILLS_DISP_LOOP?TREADMILLS
  +--> ?PR?TREADMILLS_PROC_LOOP?TREADMILLS
  +--> ?PR?COMMUNICATION_CHECKOUT?TREADMILLS
  +--> ?PR?SEND_DEFAULT_PARAM?MAIN
  +--> ?PR?_SET_BIT_SEG?LED_DISP
  +--> ?PR?_SET_SEG_MODE?LED_DISP
  +--> ?PR?TREADMILLS_PARAM_CALC?TREADMILLS
  +--> ?PR?DISP_UPDATE?INDECATE

?PR?MODIFY_HIRC_166?MAIN                      0008H    0002H      -----    -----

?PR?LED_DISPLAY_INIT?LED_DISP                 -----    -----      -----    -----
  +--> ?PR?_SET_SEG_MODE?LED_DISP

?PR?AIP1628_INIT?AIP1628                      -----    -----      -----    -----
  +--> ?PR?_WT_BYTE?AIP1628
  +--> ?PR?_SET_AIP1628_LIGHTE_SCALE?AIP1628

?PR?_SET_AIP1628_LIGHTE_SCALE?AIP1628         -----    -----      -----    -----
  +--> ?PR?_WT_BYTE?AIP1628

?PR?UART_INIT?UART                            -----    -----      -----    -----
  +--> ?PR?_INITIALUART1_TIMER3?COMMON

?PR?_INITIALUART1_TIMER3?COMMON               -----    -----      0108H    0004H

?PR?UART_FRAME_INIT?UART_FRAME                -----    -----      -----    -----
  +--> ?PR?_CREATE_QUEUE?QUEUE

?PR?_CREATE_QUEUE?QUEUE                       -----    -----      0108H    000AH

?PR?_BEEP_SET?BEEP                            -----    -----      010DH    0005H
  +--> ?PR?_PWM1DUTYCYCLE?PWM_SIMPLE

?PR?UART1_FRAME_LOOP?UART_FRAME               -----    -----      0108H    0001H
  +--> ?PR?_DENTER_QUEUE?QUEUE
  +--> ?PR?UART1_CMD_PROC?UART_FRAME

BL51 BANKED LINKER/LOCATER V6.22.2.0                                                  08/04/2025  09:13:39  PAGE 6


?PR?_DENTER_QUEUE?QUEUE                       -----    -----      0109H    0006H
  +--> ?PR?_IS_EMPTY_QUEUE?QUEUE

?PR?UART1_CMD_PROC?UART_FRAME                 -----    -----      -----    -----
  +--> ?PR?_UART_SEND_BUF?UART
  +--> ?PR?_BEEP_SET?BEEP
  +--> ?PR?_SET_SEG_VAL?LED_DISP
  +--> ?PR?_SET_SEG_MODE?LED_DISP

?PR?_UART_SEND_BUF?UART                       -----    -----      010DH    0005H
  +--> ?PR?_UART_SEND_DATA?UART

?PR?_UART_SEND_DATA?UART                      -----    -----      0112H    0004H

?PR?_SET_SEG_VAL?LED_DISP                     -----    -----      0109H    0002H

?PR?KEYPAD_SCAN?KEYPAD                        -----    -----      -----    -----
  +--> ?PR?_BEEP_SET?BEEP
  +--> ?PR?KEYPAD_CONTINUE_PROC?KEYPAD_FUN
  +--> ?PR?KEYPAD_SHORT_PROC?KEYPAD_FUN

?PR?KEYPAD_CONTINUE_PROC?KEYPAD_FUN           -----    -----      0108H    0001H
  +--> ?PR?_BTN_ADD_PROC?KEYPAD_FUN
  +--> ?PR?_BTN_SUB_PROC?KEYPAD_FUN

?PR?_BTN_ADD_PROC?KEYPAD_FUN                  -----    -----      -----    -----
  +--> ?PR?_BEEP_SET?BEEP
  +--> ?PR?_UART1_FRAME_TX?UART_FRAME

?PR?_UART1_FRAME_TX?UART_FRAME                -----    -----      -----    -----
  +--> ?PR?_UART_SEND_BUF?UART

?PR?_BTN_SUB_PROC?KEYPAD_FUN                  -----    -----      -----    -----
  +--> ?PR?_BEEP_SET?BEEP
  +--> ?PR?_UART1_FRAME_TX?UART_FRAME

?PR?KEYPAD_SHORT_PROC?KEYPAD_FUN              -----    -----      0108H    0005H
  +--> ?PR?_BTN_ADD_PROC?KEYPAD_FUN
  +--> ?PR?_BEEP_SET?BEEP
  +--> ?PR?_UART1_FRAME_TX?UART_FRAME
  +--> ?PR?_BTN_SUB_PROC?KEYPAD_FUN

?PR?BEEP_SOUND_PROC?BEEP                      -----    -----      -----    -----
  +--> ?PR?_PWM1DUTYCYCLE?PWM_SIMPLE

?PR?BOOT_TIME?TREADMILLS                      -----    -----      -----    -----
  +--> ?PR?_TREADMILLS_DISPLAY?TREADMILLS

?PR?_TREADMILLS_DISPLAY?TREADMILLS            -----    -----      0108H    001CH
  +--> ?CO?TREADMILLS
  +--> ?PR?_SET_SEG_TWO_SC?LED_DISP
  +--> ?PR?_SET_BIT_SEG?LED_DISP
  +--> ?PR?_SET_SEG_TWO?LED_DISP

?PR?_SET_SEG_TWO_SC?LED_DISP                  -----    -----      0124H    0001H

?PR?_SET_SEG_TWO?LED_DISP                     -----    -----      0124H    0001H
BL51 BANKED LINKER/LOCATER V6.22.2.0                                                  08/04/2025  09:13:39  PAGE 7



?PR?TREADMILLS_DISP_LOOP?TREADMILLS           -----    -----      -----    -----
  +--> ?PR?_TREADMILLS_DISPLAY?TREADMILLS

?PR?TREADMILLS_PROC_LOOP?TREADMILLS           -----    -----      -----    -----
  +--> ?PR?_SET_BIT_SEG?LED_DISP
  +--> ?PR?_UART_SEND_BUF?UART
  +--> ?PR?_BEEP_SET?BEEP
  +--> ?PR?_SET_SEG_MODE?LED_DISP
  +--> ?PR?_UART1_FRAME_TX_2?UART_FRAME
  +--> ?PR?_TREADMILLS_DISPLAY?TREADMILLS
  +--> ?PR?_UART1_FRAME_TX?UART_FRAME
  +--> ?PR?BEEP_FORCE_STOP?BEEP
  +--> ?PR?_SET_SEG_VAL?LED_DISP

?PR?_UART1_FRAME_TX_2?UART_FRAME              -----    -----      -----    -----
  +--> ?PR?_UART_SEND_BUF?UART

?PR?BEEP_FORCE_STOP?BEEP                      -----    -----      -----    -----
  +--> ?PR?_PWM1DUTYCYCLE?PWM_SIMPLE

?PR?COMMUNICATION_CHECKOUT?TREADMILLS         -----    -----      -----    -----
  +--> ?PR?_UART1_FRAME_TX?UART_FRAME
  +--> ?PR?_BEEP_SET?BEEP

?PR?SEND_DEFAULT_PARAM?MAIN                   -----    -----      0108H    0001H
  +--> ?PR?_UART1_FRAME_TX?UART_FRAME

?PR?TREADMILLS_PARAM_CALC?TREADMILLS          -----    -----      -----    -----
  +--> ?PR?_BEEP_SET?BEEP
  +--> ?PR?_TREADMILLS_DISPLAY?TREADMILLS

?PR?DISP_UPDATE?INDECATE                      -----    -----      -----    -----
  +--> ?PR?AIP1628_INIT?AIP1628
  +--> ?PR?_AIP1628_WRITE_BYTE?AIP1628

?PR?_AIP1628_WRITE_BYTE?AIP1628               -----    -----      -----    -----
  +--> ?PR?_WT_BYTE?AIP1628

*** NEW ROOT ***************************************************

?PR?TIMER0_ISR?ISR                            -----    -----      -----    -----
  +--> ?PR?RF433M_RECEVIEDECODE?DECODE

*** NEW ROOT ***************************************************

?PR?UART1_ISR?UART                            -----    -----      -----    -----
  +--> ?PR?_UART1_ENTER_QUEUE?QUEUE

?PR?_UART1_ENTER_QUEUE?QUEUE                  -----    -----      0125H    0004H
  +--> ?PR?_UART1_IS_FULL_QUEUE?QUEUE

?PR?_UART1_IS_FULL_QUEUE?QUEUE                -----    -----      0129H    0003H



SYMBOL TABLE OF MODULE:  .\Output\PBJ_SK_2.4G (?C_STARTUP)
BL51 BANKED LINKER/LOCATER V6.22.2.0                                                  08/04/2025  09:13:39  PAGE 8



  VALUE           TYPE          NAME
  ----------------------------------

  -------         MODULE        ?C_STARTUP
  C:276DH         SEGMENT       ?C_C51STARTUP
  I:0021H         SEGMENT       ?STACK
  C:0000H         PUBLIC        ?C_STARTUP
  D:00E0H         SYMBOL        ACC
  D:00F0H         SYMBOL        B
  D:0083H         SYMBOL        DPH
  D:0082H         SYMBOL        DPL
  N:0000H         SYMBOL        IBPSTACK
  N:0100H         SYMBOL        IBPSTACKTOP
  N:0080H         SYMBOL        IDATALEN
  C:2782H         SYMBOL        IDATALOOP
  N:0000H         SYMBOL        PBPSTACK
  N:0000H         SYMBOL        PBPSTACKTOP
  N:0000H         SYMBOL        PDATALEN
  N:0000H         SYMBOL        PDATASTART
  N:0000H         SYMBOL        PPAGE
  N:0000H         SYMBOL        PPAGEENABLE
  D:00A0H         SYMBOL        PPAGE_SFR
  D:0081H         SYMBOL        SP
  C:276DH         SYMBOL        STARTUP1
  N:0000H         SYMBOL        XBPSTACK
  N:0000H         SYMBOL        XBPSTACKTOP
  N:02FFH         SYMBOL        XDATALEN
  C:278DH         SYMBOL        XDATALOOP
  N:0000H         SYMBOL        XDATASTART
  C:0000H         LINE#         94
  C:276DH         LINE#         100
  C:2770H         LINE#         101
  C:2773H         LINE#         102
  C:2776H         LINE#         104
  C:2779H         LINE#         105
  C:277CH         LINE#         106
  C:277FH         LINE#         109
  C:2781H         LINE#         110
  C:2782H         LINE#         111
  C:2783H         LINE#         112
  C:2785H         LINE#         116
  C:2788H         LINE#         117
  C:278AH         LINE#         119
  C:278CH         LINE#         123
  C:278DH         LINE#         124
  C:278EH         LINE#         125
  C:278FH         LINE#         126
  C:2791H         LINE#         127
  C:2793H         LINE#         161
  C:2796H         LINE#         165
  -------         ENDMOD        ?C_STARTUP

  -------         MODULE        7_SEGMENT
  C:0000H         SYMBOL        _ICE_DUMMY_
  D:0080H         PUBLIC        P0
  D:0090H         PUBLIC        P1
BL51 BANKED LINKER/LOCATER V6.22.2.0                                                  08/04/2025  09:13:39  PAGE 9


  D:00A0H         PUBLIC        P2
  D:00B0H         PUBLIC        P3
  D:00D8H         PUBLIC        PWMCON0
  D:00A8H         PUBLIC        IE
  D:00B8H         PUBLIC        IP
  D:0098H         PUBLIC        SCON
  D:0088H         PUBLIC        TCON
  D:00F8H         PUBLIC        SCON_1
  D:00E8H         PUBLIC        ADCCON0
  D:00C0H         PUBLIC        I2CON
  D:00C8H         PUBLIC        T2CON
  X:0154H         PUBLIC        seg_num
  D:00D0H         PUBLIC        PSW
  -------         ENDMOD        7_SEGMENT

  -------         MODULE        AIP1628
  C:0000H         SYMBOL        _ICE_DUMMY_
  D:0080H         PUBLIC        P0
  D:0090H         PUBLIC        P1
  D:00A0H         PUBLIC        P2
  C:36C5H         SYMBOL        _wt_byte
  D:00B0H         PUBLIC        P3
  D:00D8H         PUBLIC        PWMCON0
  C:3819H         PUBLIC        _set_aip1628_lighte_scale
  D:00A8H         PUBLIC        IE
  C:3696H         PUBLIC        _aip1628_write_nbytes
  D:00B8H         PUBLIC        IP
  C:374EH         PUBLIC        aip1628_init
  B:0090H.1       PUBLIC        P11
  B:0090H.2       PUBLIC        P12
  C:37A4H         PUBLIC        _aip1628_write_byte
  B:0090H.3       PUBLIC        P13
  D:0098H         PUBLIC        SCON
  D:0088H         PUBLIC        TCON
  D:00F8H         PUBLIC        SCON_1
  D:00E8H         PUBLIC        ADCCON0
  D:00C0H         PUBLIC        I2CON
  D:00C8H         PUBLIC        T2CON
  D:00D0H         PUBLIC        PSW
  -------         PROC          _WT_BYTE
  D:0007H         SYMBOL        dat
  -------         DO            
  D:0006H         SYMBOL        i
  -------         ENDDO         
  C:36C5H         LINE#         22
  C:36C5H         LINE#         23
  C:36C5H         LINE#         25
  C:36D1H         LINE#         26
  C:36D1H         LINE#         27
  C:36D3H         LINE#         28
  C:36D7H         LINE#         29
  C:36DBH         LINE#         30
  C:36DDH         LINE#         31
  C:36E0H         LINE#         32
  C:36E2H         LINE#         33
  -------         ENDPROC       _WT_BYTE
  -------         PROC          _AIP1628_WRITE_BYTE
BL51 BANKED LINKER/LOCATER V6.22.2.0                                                  08/04/2025  09:13:39  PAGE 10


  D:0007H         SYMBOL        addr
  D:0005H         SYMBOL        dat
  C:37A4H         LINE#         36
  C:37A4H         LINE#         37
  C:37A4H         LINE#         38
  C:37A6H         LINE#         39
  C:37ADH         LINE#         40
  C:37B2H         LINE#         42
  C:37B4H         LINE#         43
  -------         ENDPROC       _AIP1628_WRITE_BYTE
  -------         PROC          _AIP1628_WRITE_NBYTES
  D:0007H         SYMBOL        addr
  D:0001H         SYMBOL        p
  X:01A2H         SYMBOL        len
  C:3696H         LINE#         46
  C:3696H         LINE#         47
  C:3696H         LINE#         48
  C:3698H         LINE#         49
  C:369FH         LINE#         50
  C:36ACH         LINE#         51
  C:36ACH         LINE#         52
  C:36B3H         LINE#         53
  C:36BAH         LINE#         54
  C:36C2H         LINE#         55
  C:36C4H         LINE#         56
  -------         ENDPROC       _AIP1628_WRITE_NBYTES
  -------         PROC          _SET_AIP1628_LIGHTE_SCALE
  D:0007H         SYMBOL        scale
  C:3819H         LINE#         59
  C:3819H         LINE#         60
  C:3819H         LINE#         62
  C:381BH         LINE#         63
  C:3822H         LINE#         64
  C:3824H         LINE#         65
  -------         ENDPROC       _SET_AIP1628_LIGHTE_SCALE
  -------         PROC          AIP1628_INIT
  C:374EH         LINE#         68
  C:374EH         LINE#         69
  C:374EH         LINE#         71
  C:3750H         LINE#         72
  C:3755H         LINE#         73
  C:3757H         LINE#         76
  C:3759H         LINE#         77
  C:375EH         LINE#         78
  C:3760H         LINE#         80
  C:3765H         LINE#         81
  -------         ENDPROC       AIP1628_INIT
  -------         ENDMOD        AIP1628

  -------         MODULE        INDECATE
  C:0000H         SYMBOL        _ICE_DUMMY_
  D:0080H         PUBLIC        P0
  D:0090H         PUBLIC        P1
  D:00A0H         PUBLIC        P2
  D:00B0H         PUBLIC        P3
  D:00D8H         PUBLIC        PWMCON0
  D:00A8H         PUBLIC        IE
BL51 BANKED LINKER/LOCATER V6.22.2.0                                                  08/04/2025  09:13:39  PAGE 11


  D:00B8H         PUBLIC        IP
  C:2EE5H         PUBLIC        disp_update
  X:0198H         PUBLIC        indecate_update_flag
  D:0098H         PUBLIC        SCON
  D:0088H         PUBLIC        TCON
  X:0199H         PUBLIC        indecate
  D:00F8H         PUBLIC        SCON_1
  D:00E8H         PUBLIC        ADCCON0
  D:00C0H         PUBLIC        I2CON
  D:00C8H         PUBLIC        T2CON
  D:00D0H         PUBLIC        PSW
  -------         PROC          DISP_UPDATE
  C:2EE5H         LINE#         18
  C:2EE5H         LINE#         19
  C:2EE5H         LINE#         20
  C:2EE8H         LINE#         21
  C:2EEEH         LINE#         22
  C:2EEEH         LINE#         23
  C:2EF0H         LINE#         25
  C:2EF6H         LINE#         26
  C:2EF6H         LINE#         27
  C:2F00H         LINE#         28
  C:2F0AH         LINE#         29
  C:2F14H         LINE#         30
  C:2F1EH         LINE#         31
  C:2F28H         LINE#         32
  C:2F29H         LINE#         34
  C:2F29H         LINE#         35
  C:2F2FH         LINE#         36
  C:2F36H         LINE#         37
  C:2F40H         LINE#         38
  C:2F54H         LINE#         39
  C:2F5BH         LINE#         40
  C:2F5BH         LINE#         41
  C:2F5BH         LINE#         42
  -------         ENDPROC       DISP_UPDATE
  -------         ENDMOD        INDECATE

  -------         MODULE        LED_DISP
  C:0000H         SYMBOL        _ICE_DUMMY_
  D:0080H         PUBLIC        P0
  D:0090H         PUBLIC        P1
  D:00A0H         PUBLIC        P2
  D:00B0H         PUBLIC        P3
  X:0174H         SYMBOL        _mode
  D:00D8H         PUBLIC        PWMCON0
  C:37FFH         PUBLIC        _set_seg_flash_cnt
  D:00A8H         PUBLIC        IE
  C:3700H         PUBLIC        _set_bit_seg
  C:2529H         PUBLIC        _set_seg_val
  X:0175H         SYMBOL        ptrseg
  D:00B8H         PUBLIC        IP
  C:377EH         PUBLIC        led_display_init
  C:2AF1H         PUBLIC        _set_seg_two
  D:0098H         PUBLIC        SCON
  D:0088H         PUBLIC        TCON
  X:0178H         SYMBOL        flash_cnt
BL51 BANKED LINKER/LOCATER V6.22.2.0                                                  08/04/2025  09:13:39  PAGE 12


  X:0179H         SYMBOL        buf
  D:00F8H         PUBLIC        SCON_1
  X:0181H         SYMBOL        cnt
  D:00E8H         PUBLIC        ADCCON0
  D:00C0H         PUBLIC        I2CON
  C:2B73H         PUBLIC        _set_seg_two_sc
  D:00C8H         PUBLIC        T2CON
  C:1A77H         PUBLIC        seg_disp_proc
  C:37B5H         PUBLIC        _set_seg_mode
  D:00D0H         PUBLIC        PSW
  -------         PROC          LED_DISPLAY_INIT
  C:377EH         LINE#         18
  C:377EH         LINE#         19
  C:377EH         LINE#         20
  C:378CH         LINE#         21
  C:3791H         LINE#         22
  -------         ENDPROC       LED_DISPLAY_INIT
  -------         PROC          _SET_BIT_SEG
  D:0007H         SYMBOL        index
  D:0005H         SYMBOL        dat
  C:3700H         LINE#         25
  C:3700H         LINE#         26
  C:3700H         LINE#         27
  C:3714H         LINE#         28
  C:371AH         LINE#         29
  -------         ENDPROC       _SET_BIT_SEG
  -------         PROC          _SET_SEG_VAL
  X:0109H         SYMBOL        val
  -------         DO            
  D:0007H         SYMBOL        dat
  -------         ENDDO         
  C:2529H         LINE#         32
  C:2531H         LINE#         33
  C:2531H         LINE#         34
  C:2538H         LINE#         35
  C:253CH         LINE#         36
  C:2557H         LINE#         37
  C:2591H         LINE#         38
  C:25CBH         LINE#         39
  C:25F8H         LINE#         41
  C:25FEH         LINE#         42
  -------         ENDPROC       _SET_SEG_VAL
  -------         PROC          _SET_SEG_TWO
  X:0124H         SYMBOL        hi2
  D:0005H         SYMBOL        lo2
  -------         DO            
  D:0007H         SYMBOL        dat
  -------         ENDDO         
  C:2AF1H         LINE#         45
  C:2AF6H         LINE#         46
  C:2AF6H         LINE#         47
  C:2AFBH         LINE#         48
  C:2AFEH         LINE#         49
  C:2B19H         LINE#         50
  C:2B40H         LINE#         52
  C:2B55H         LINE#         53
  C:2B6CH         LINE#         55
BL51 BANKED LINKER/LOCATER V6.22.2.0                                                  08/04/2025  09:13:39  PAGE 13


  C:2B72H         LINE#         56
  -------         ENDPROC       _SET_SEG_TWO
  -------         PROC          _SET_SEG_TWO_SC
  D:0007H         SYMBOL        hi2
  X:0124H         SYMBOL        lo2
  -------         DO            
  D:0006H         SYMBOL        dat
  -------         ENDDO         
  C:2B73H         LINE#         59
  C:2B78H         LINE#         60
  C:2B78H         LINE#         61
  C:2B7EH         LINE#         62
  C:2B81H         LINE#         63
  C:2B9CH         LINE#         64
  C:2BBEH         LINE#         66
  C:2BD5H         LINE#         67
  C:2BEDH         LINE#         69
  C:2BF3H         LINE#         70
  -------         ENDPROC       _SET_SEG_TWO_SC
  -------         PROC          _SET_SEG_MODE
  D:0007H         SYMBOL        mode
  C:37B5H         LINE#         73
  C:37B5H         LINE#         74
  C:37B5H         LINE#         75
  C:37BAH         LINE#         76
  C:37BFH         LINE#         77
  C:37C4H         LINE#         78
  -------         ENDPROC       _SET_SEG_MODE
  -------         PROC          _SET_SEG_FLASH_CNT
  D:0007H         SYMBOL        cnt
  C:37FFH         LINE#         81
  C:37FFH         LINE#         82
  C:37FFH         LINE#         83
  C:3805H         LINE#         84
  C:380BH         LINE#         85
  -------         ENDPROC       _SET_SEG_FLASH_CNT
  -------         PROC          SEG_DISP_PROC
  C:1A77H         LINE#         88
  C:1A77H         LINE#         89
  C:1A77H         LINE#         90
  C:1A88H         LINE#         91
  C:1A88H         LINE#         92
  C:1A88H         LINE#         93
  C:1A88H         LINE#         94
  C:1A88H         LINE#         95
  C:1A91H         LINE#         96
  C:1A91H         LINE#         97
  C:1AA3H         LINE#         98
  C:1AADH         LINE#         99
  C:1AB7H         LINE#         100
  C:1AC1H         LINE#         101
  C:1AC4H         LINE#         102
  C:1ACAH         LINE#         103
  C:1ACAH         LINE#         104
  C:1AD9H         LINE#         105
  C:1AEBH         LINE#         106
  C:1AF2H         LINE#         107
BL51 BANKED LINKER/LOCATER V6.22.2.0                                                  08/04/2025  09:13:39  PAGE 14


  C:1AF9H         LINE#         108
  C:1AFFH         LINE#         109
  C:1B01H         LINE#         110
  C:1B09H         LINE#         111
  C:1B09H         LINE#         112
  C:1B1DH         LINE#         113
  C:1B34H         LINE#         114
  C:1B3EH         LINE#         115
  C:1B48H         LINE#         116
  C:1B4EH         LINE#         117
  C:1B54H         LINE#         120
  C:1B54H         LINE#         121
  C:1B5AH         LINE#         122
  C:1B5BH         LINE#         123
  C:1B5BH         LINE#         124
  C:1B64H         LINE#         125
  C:1B64H         LINE#         126
  C:1B78H         LINE#         127
  C:1B8FH         LINE#         128
  C:1B99H         LINE#         129
  C:1BA3H         LINE#         130
  C:1BA6H         LINE#         131
  C:1BACH         LINE#         132
  C:1BACH         LINE#         133
  C:1BC0H         LINE#         134
  C:1BD7H         LINE#         135
  C:1BE1H         LINE#         136
  C:1BEBH         LINE#         137
  C:1BF1H         LINE#         138
  C:1BF3H         LINE#         139
  C:1BFBH         LINE#         140
  C:1BFBH         LINE#         141
  C:1C0FH         LINE#         142
  C:1C26H         LINE#         143
  C:1C30H         LINE#         144
  C:1C3AH         LINE#         145
  C:1C40H         LINE#         146
  C:1C45H         LINE#         147
  C:1C45H         LINE#         148
  C:1C4BH         LINE#         149
  C:1C4BH         LINE#         150
  C:1C4BH         LINE#         151
  C:1C4BH         LINE#         152
  C:1C4BH         LINE#         153
  -------         ENDPROC       SEG_DISP_PROC
  -------         ENDMOD        LED_DISP

  -------         MODULE        KEYPAD
  C:0000H         SYMBOL        _ICE_DUMMY_
  D:0080H         PUBLIC        P0
  D:0090H         PUBLIC        P1
  D:00A0H         PUBLIC        P2
  D:00B0H         PUBLIC        P3
  D:00D8H         PUBLIC        PWMCON0
  D:00A8H         PUBLIC        IE
  X:0142H         PUBLIC        key_continue
  D:00B8H         PUBLIC        IP
BL51 BANKED LINKER/LOCATER V6.22.2.0                                                  08/04/2025  09:13:39  PAGE 15


  X:0143H         PUBLIC        delay_add
  X:0144H         SYMBOL        state
  X:0145H         PUBLIC        times
  C:1C4CH         PUBLIC        KeyPad_Scan
  X:0146H         PUBLIC        key_delay_dede
  D:0098H         PUBLIC        SCON
  D:0088H         PUBLIC        TCON
  X:0148H         SYMBOL        cont
  X:0149H         SYMBOL        trig
  X:014AH         SYMBOL        old
  D:00F8H         PUBLIC        SCON_1
  X:014BH         SYMBOL        cnt
  X:014CH         PUBLIC        key
  X:014DH         SYMBOL        new
  X:014EH         PUBLIC        key_valuq
  X:014FH         PUBLIC        key_mask
  X:0150H         PUBLIC        key_long_flag
  D:00E8H         PUBLIC        ADCCON0
  D:00C0H         PUBLIC        I2CON
  X:0151H         PUBLIC        tl_flag
  X:0152H         PUBLIC        FOHA_cont_cnt
  D:00C8H         PUBLIC        T2CON
  X:0153H         PUBLIC        key_cnt
  D:00D0H         PUBLIC        PSW
  -------         PROC          KEYPAD_SCAN
  C:1C4CH         LINE#         38
  C:1C4CH         LINE#         39
  C:1C4CH         LINE#         44
  C:1C51H         LINE#         46
  C:1C5CH         LINE#         47
  C:1C5CH         LINE#         48
  C:1C62H         LINE#         49
  C:1C6CH         LINE#         50
  C:1C6CH         LINE#         51
  C:1C71H         LINE#         52
  C:1C76H         LINE#         53
  C:1C76H         LINE#         54
  C:1C7CH         LINE#         55
  C:1C7CH         LINE#         57
  C:1C8CH         LINE#         58
  C:1C8CH         LINE#         59
  C:1C94H         LINE#         60
  C:1C99H         LINE#         61
  C:1C9BH         LINE#         62
  C:1CA6H         LINE#         63
  C:1CACH         LINE#         64
  C:1CACH         LINE#         65
  C:1CAEH         LINE#         66
  C:1CB5H         LINE#         67
  C:1CB5H         LINE#         68
  C:1CBAH         LINE#         69
  C:1CC7H         LINE#         70
  C:1CCAH         LINE#         71
  C:1CCAH         LINE#         74
  C:1CDCH         LINE#         75
  C:1CE9H         LINE#         76
  C:1CF8H         LINE#         77
BL51 BANKED LINKER/LOCATER V6.22.2.0                                                  08/04/2025  09:13:39  PAGE 16


  C:1D07H         LINE#         80
  C:1D11H         LINE#         81
  C:1D11H         LINE#         82
  C:1D20H         LINE#         84
  C:1D20H         LINE#         86
  C:1D26H         LINE#         87
  C:1D26H         LINE#         88
  C:1D2EH         LINE#         89
  C:1D2EH         LINE#         90
  C:1D30H         LINE#         91
  C:1D3BH         LINE#         92
  C:1D45H         LINE#         94
  C:1D45H         LINE#         95
  C:1D4CH         LINE#         97
  C:1D59H         LINE#         98
  C:1D59H         LINE#         99
  C:1D61H         LINE#         100
  C:1D67H         LINE#         101
  C:1D6CH         LINE#         102
  C:1D6CH         LINE#         103
  C:1D71H         LINE#         104
  C:1D76H         LINE#         105
  C:1D79H         LINE#         106
  C:1D79H         LINE#         107
  C:1D7BH         LINE#         108
  C:1D7BH         LINE#         109
  C:1D81H         LINE#         110
  C:1D81H         LINE#         111
  C:1D83H         LINE#         112
  C:1D83H         LINE#         113
  C:1D8BH         LINE#         114
  C:1D8BH         LINE#         115
  C:1D8CH         LINE#         116
  C:1D97H         LINE#         117
  C:1D97H         LINE#         118
  C:1D97H         LINE#         120
  C:1DA4H         LINE#         121
  C:1DA4H         LINE#         122
  C:1DABH         LINE#         123
  C:1DB0H         LINE#         124
  C:1DB3H         LINE#         125
  C:1DBBH         LINE#         126
  C:1DC8H         LINE#         127
  C:1DC8H         LINE#         128
  C:1DCBH         LINE#         129
  C:1DCCH         LINE#         130
  C:1DCCH         LINE#         131
  C:1DD1H         LINE#         132
  C:1DD1H         LINE#         133
  C:1DD1H         LINE#         134
  -------         ENDPROC       KEYPAD_SCAN
  -------         ENDMOD        KEYPAD

  -------         MODULE        KEYPAD_FUN
  C:0000H         SYMBOL        _ICE_DUMMY_
  D:0080H         PUBLIC        P0
  D:0090H         PUBLIC        P1
BL51 BANKED LINKER/LOCATER V6.22.2.0                                                  08/04/2025  09:13:39  PAGE 17


  D:00A0H         PUBLIC        P2
  D:00B0H         PUBLIC        P3
  D:00D8H         PUBLIC        PWMCON0
  C:2D73H         SYMBOL        _btn_sub_proc
  D:00A8H         PUBLIC        IE
  X:018AH         PUBLIC        speed_modes
  D:00B8H         PUBLIC        IP
  X:0190H         SYMBOL        index
  C:382FH         PUBLIC        keypad_long_proc
  C:1DD2H         PUBLIC        keypad_short_proc
  D:0098H         PUBLIC        SCON
  D:0088H         PUBLIC        TCON
  D:00F8H         PUBLIC        SCON_1
  D:00E8H         PUBLIC        ADCCON0
  D:00C0H         PUBLIC        I2CON
  C:3504H         PUBLIC        keypad_continue_proc
  C:28C0H         SYMBOL        _btn_add_proc
  D:00C8H         PUBLIC        T2CON
  D:00D0H         PUBLIC        PSW
  -------         PROC          _BTN_ADD_PROC
  D:0006H         SYMBOL        scale
  C:28C0H         LINE#         24
  C:28C0H         LINE#         25
  C:28C0H         LINE#         26
  C:28C9H         LINE#         27
  C:28C9H         LINE#         28
  C:28D4H         LINE#         29
  C:28D4H         LINE#         30
  C:28E9H         LINE#         31
  C:28E9H         LINE#         32
  C:28F6H         LINE#         33
  C:2908H         LINE#         34
  C:291DH         LINE#         35
  C:291DH         LINE#         36
  C:2922H         LINE#         37
  C:2922H         LINE#         38
  C:2924H         LINE#         39
  C:2933H         LINE#         41
  C:2949H         LINE#         42
  C:294EH         LINE#         43
  C:2952H         LINE#         44
  C:2952H         LINE#         45
  C:2952H         LINE#         46
  -------         ENDPROC       _BTN_ADD_PROC
  -------         PROC          _BTN_SUB_PROC
  D:0006H         SYMBOL        scale
  C:2D73H         LINE#         49
  C:2D73H         LINE#         50
  C:2D73H         LINE#         51
  C:2D79H         LINE#         52
  C:2D79H         LINE#         53
  C:2D81H         LINE#         54
  C:2D81H         LINE#         55
  C:2D90H         LINE#         56
  C:2D90H         LINE#         57
  C:2D9DH         LINE#         58
  C:2DB4H         LINE#         59
BL51 BANKED LINKER/LOCATER V6.22.2.0                                                  08/04/2025  09:13:39  PAGE 18


  C:2DBCH         LINE#         60
  C:2DBCH         LINE#         61
  C:2DC5H         LINE#         62
  C:2DC5H         LINE#         63
  C:2DC7H         LINE#         64
  C:2DD0H         LINE#         66
  C:2DE6H         LINE#         67
  C:2DEBH         LINE#         68
  C:2DEFH         LINE#         69
  C:2DEFH         LINE#         70
  C:2DEFH         LINE#         71
  -------         ENDPROC       _BTN_SUB_PROC
  -------         PROC          KEYPAD_SHORT_PROC
  -------         DO            
  X:0108H         SYMBOL        bitmap
  -------         DO            
  X:0109H         SYMBOL        current_mode_index
  X:010BH         SYMBOL        current_speed
  -------         ENDDO         
  -------         ENDDO         
  C:1DD2H         LINE#         75
  C:1DD2H         LINE#         76
  C:1DD2H         LINE#         77
  C:1DDAH         LINE#         80
  C:1DE4H         LINE#         81
  C:1DE4H         LINE#         82
  C:1DEBH         LINE#         83
  C:1DEBH         LINE#         86
  C:1DF9H         LINE#         87
  C:1DF9H         LINE#         88
  C:1E06H         LINE#         89
  C:1E0EH         LINE#         90
  C:1E0EH         LINE#         91
  C:1E11H         LINE#         92
  C:1E17H         LINE#         93
  C:1E24H         LINE#         94
  C:1E26H         LINE#         95
  C:1E2EH         LINE#         96
  C:1E2EH         LINE#         97
  C:1E31H         LINE#         98
  C:1E36H         LINE#         99
  C:1E41H         LINE#         100
  C:1E43H         LINE#         101
  C:1E4BH         LINE#         102
  C:1E4BH         LINE#         103
  C:1E4EH         LINE#         104
  C:1E53H         LINE#         105
  C:1E5EH         LINE#         106
  C:1E5EH         LINE#         107
  C:1E5EH         LINE#         110
  C:1E72H         LINE#         111
  C:1E72H         LINE#         113
  C:1E7DH         LINE#         114
  C:1E7DH         LINE#         115
  C:1E83H         LINE#         116
  C:1E92H         LINE#         117
  C:1E9FH         LINE#         120
BL51 BANKED LINKER/LOCATER V6.22.2.0                                                  08/04/2025  09:13:39  PAGE 19


  C:1EB1H         LINE#         122
  C:1EB8H         LINE#         123
  C:1ECFH         LINE#         125
  C:1ED7H         LINE#         126
  C:1EEEH         LINE#         128
  C:1EF7H         LINE#         129
  C:1EFFH         LINE#         131
  C:1F06H         LINE#         132
  C:1F06H         LINE#         137
  C:1F2AH         LINE#         138
  C:1F38H         LINE#         141
  C:1F3DH         LINE#         142
  C:1F41H         LINE#         143
  C:1F41H         LINE#         144
  C:1F41H         LINE#         146
  C:1F4FH         LINE#         147
  C:1F4FH         LINE#         148
  C:1F56H         LINE#         149
  C:1F56H         LINE#         150
  -------         ENDPROC       KEYPAD_SHORT_PROC
  -------         PROC          KEYPAD_LONG_PROC
  -------         DO            
  X:01E5H         SYMBOL        bitmap
  -------         ENDDO         
  C:382FH         LINE#         153
  C:382FH         LINE#         154
  C:382FH         LINE#         155
  C:3837H         LINE#         156
  C:3837H         LINE#         157
  -------         ENDPROC       KEYPAD_LONG_PROC
  -------         PROC          KEYPAD_CONTINUE_PROC
  -------         DO            
  X:0108H         SYMBOL        bitmap
  -------         ENDDO         
  C:3504H         LINE#         160
  C:3504H         LINE#         161
  C:3504H         LINE#         162
  C:350CH         LINE#         164
  C:3516H         LINE#         165
  C:3516H         LINE#         166
  C:351CH         LINE#         167
  C:3522H         LINE#         168
  C:3527H         LINE#         169
  C:3527H         LINE#         171
  C:3535H         LINE#         172
  C:3535H         LINE#         173
  C:353BH         LINE#         174
  C:3541H         LINE#         175
  C:3546H         LINE#         176
  C:3546H         LINE#         177
  -------         ENDPROC       KEYPAD_CONTINUE_PROC
  -------         ENDMOD        KEYPAD_FUN

  -------         MODULE        BEEP
  C:0000H         SYMBOL        _ICE_DUMMY_
  D:0080H         PUBLIC        P0
  D:0090H         PUBLIC        P1
BL51 BANKED LINKER/LOCATER V6.22.2.0                                                  08/04/2025  09:13:39  PAGE 20


  D:00A0H         PUBLIC        P2
  D:00B0H         PUBLIC        P3
  D:00D8H         PUBLIC        PWMCON0
  D:00A8H         PUBLIC        IE
  X:0182H         PUBLIC        is_disable_beep
  D:00B8H         PUBLIC        IP
  X:0183H         SYMBOL        ticks
  D:0098H         PUBLIC        SCON
  D:0088H         PUBLIC        TCON
  C:380CH         PUBLIC        beep_force_stop
  X:0185H         SYMBOL        off
  C:29E0H         PUBLIC        beep_sound_proc
  D:00F8H         PUBLIC        SCON_1
  X:0187H         SYMBOL        cnt
  C:3029H         PUBLIC        _beep_set
  D:00E8H         PUBLIC        ADCCON0
  D:00C0H         PUBLIC        I2CON
  X:0188H         SYMBOL        on
  D:00C8H         PUBLIC        T2CON
  D:00D0H         PUBLIC        PSW
  -------         PROC          BEEP_FORCE_STOP
  C:380CH         LINE#         22
  C:380CH         LINE#         23
  C:380CH         LINE#         24
  C:3812H         LINE#         25
  C:3818H         LINE#         26
  -------         ENDPROC       BEEP_FORCE_STOP
  -------         PROC          _BEEP_SET
  X:010DH         SYMBOL        count
  X:010EH         SYMBOL        on_ticks
  X:0110H         SYMBOL        off_ticks
  C:3029H         LINE#         29
  C:303AH         LINE#         30
  C:303AH         LINE#         31
  C:3040H         LINE#         40
  C:3050H         LINE#         41
  C:3056H         LINE#         42
  C:3065H         LINE#         43
  C:3074H         LINE#         44
  C:307BH         LINE#         45
  C:3084H         LINE#         46
  C:308BH         LINE#         49
  -------         ENDPROC       _BEEP_SET
  -------         PROC          BEEP_SOUND_PROC
  C:29E0H         LINE#         51
  C:29E0H         LINE#         52
  C:29E0H         LINE#         53
  C:29E8H         LINE#         54
  C:29E8H         LINE#         55
  C:29EDH         LINE#         56
  C:29F2H         LINE#         57
  C:29F3H         LINE#         58
  C:2A00H         LINE#         59
  C:2A00H         LINE#         60
  C:2A12H         LINE#         61
  C:2A12H         LINE#         62
  C:2A18H         LINE#         63
BL51 BANKED LINKER/LOCATER V6.22.2.0                                                  08/04/2025  09:13:39  PAGE 21


  C:2A1EH         LINE#         64
  C:2A20H         LINE#         65
  C:2A41H         LINE#         66
  C:2A41H         LINE#         67
  C:2A55H         LINE#         68
  C:2A5DH         LINE#         69
  C:2A5DH         LINE#         70
  C:2A6BH         LINE#         71
  C:2A6BH         LINE#         72
  -------         ENDPROC       BEEP_SOUND_PROC
  -------         ENDMOD        BEEP

  -------         MODULE        MAIN
  C:0000H         SYMBOL        _ICE_DUMMY_
  D:00B1H         PUBLIC        P0M1
  D:00B3H         PUBLIC        P1M1
  D:00B2H         PUBLIC        P0M2
  D:0080H         PUBLIC        P0
  D:00B4H         PUBLIC        P1M2
  D:0090H         PUBLIC        P1
  D:00ACH         PUBLIC        P3M1
  D:00A0H         PUBLIC        P2
  D:00B0H         PUBLIC        P3
  D:00ADH         PUBLIC        P3M2
  D:0084H         PUBLIC        RCTRIM0
  D:0085H         PUBLIC        RCTRIM1
  B:00A8H.7       PUBLIC        EA
  D:00D8H         PUBLIC        PWMCON0
  B:0020H.5       PUBLIC        poweron_flag
  D:00A8H         PUBLIC        IE
  D:00C7H         PUBLIC        TA
  B:0020H.6       SYMBOL        poweron_send_flag
  D:00B8H         PUBLIC        IP
  X:01A5H         PUBLIC        down_control
  C:1895H         PUBLIC        main
  X:01A6H         PUBLIC        no_key_cnt
  D:0087H         PUBLIC        PCON
  D:0098H         PUBLIC        SCON
  D:0088H         PUBLIC        TCON
  D:009FH         PUBLIC        CHPCON
  D:00F8H         PUBLIC        SCON_1
  D:00A4H         PUBLIC        IAPTRG
  C:2819H         PUBLIC        MODIFY_HIRC_166
  D:00E8H         PUBLIC        ADCCON0
  D:00C0H         PUBLIC        I2CON
  D:00A7H         PUBLIC        IAPAH
  D:00AEH         PUBLIC        IAPFD
  D:00C8H         PUBLIC        T2CON
  D:00A6H         PUBLIC        IAPAL
  C:21EBH         PUBLIC        send_default_param
  D:00AFH         PUBLIC        IAPCN
  D:0095H         PUBLIC        CKDIV
  D:00D0H         PUBLIC        PSW
  -------         PROC          MODIFY_HIRC_166
  -------         DO            
  D:0008H         SYMBOL        hircmap0
  D:0009H         SYMBOL        hircmap1
BL51 BANKED LINKER/LOCATER V6.22.2.0                                                  08/04/2025  09:13:39  PAGE 22


  D:0006H         SYMBOL        trimvalue16bit
  -------         ENDDO         
  C:2819H         LINE#         38
  C:2819H         LINE#         39
  C:2819H         LINE#         43
  C:2821H         LINE#         44
  C:2821H         LINE#         45
  C:2824H         LINE#         46
  C:2837H         LINE#         47
  C:283AH         LINE#         48
  C:283CH         LINE#         49
  C:283FH         LINE#         50
  C:2852H         LINE#         51
  C:2855H         LINE#         52
  C:2858H         LINE#         53
  C:285AH         LINE#         54
  C:286DH         LINE#         55
  C:2870H         LINE#         56
  C:2883H         LINE#         57
  C:2896H         LINE#         58
  C:289EH         LINE#         59
  C:28A3H         LINE#         60
  C:28AAH         LINE#         61
  C:28ADH         LINE#         62
  C:28B0H         LINE#         63
  C:28B3H         LINE#         64
  C:28B6H         LINE#         65
  C:28B9H         LINE#         66
  C:28BCH         LINE#         72
  C:28BFH         LINE#         73
  C:28BFH         LINE#         74
  -------         ENDPROC       MODIFY_HIRC_166
  -------         PROC          SEND_DEFAULT_PARAM
  -------         DO            
  X:0108H         SYMBOL        i
  -------         ENDDO         
  C:21EBH         LINE#         77
  C:21EBH         LINE#         78
  C:21EBH         LINE#         79
  C:21F0H         LINE#         81
  C:21F6H         LINE#         82
  C:21FEH         LINE#         83
  C:2202H         LINE#         84
  C:2206H         LINE#         85
  C:220AH         LINE#         87
  C:2211H         LINE#         88
  C:2218H         LINE#         89
  C:221FH         LINE#         90
  C:2226H         LINE#         91
  C:222DH         LINE#         92
  C:2234H         LINE#         93
  C:223BH         LINE#         94
  C:2242H         LINE#         95
  C:2249H         LINE#         96
  C:2250H         LINE#         97
  C:2257H         LINE#         98
  C:225EH         LINE#         101
BL51 BANKED LINKER/LOCATER V6.22.2.0                                                  08/04/2025  09:13:39  PAGE 23


  C:2270H         LINE#         102
  C:2270H         LINE#         103
  C:227FH         LINE#         104
  C:2284H         LINE#         106
  C:229AH         LINE#         107
  C:22A4H         LINE#         108
  C:22AEH         LINE#         109
  C:22B8H         LINE#         110
  C:22BFH         LINE#         111
  C:22C6H         LINE#         112
  C:22CDH         LINE#         113
  C:22D4H         LINE#         114
  C:22DBH         LINE#         116
  C:22EEH         LINE#         117
  C:22EEH         LINE#         118
  C:2302H         LINE#         119
  C:230AH         LINE#         120
  -------         ENDPROC       SEND_DEFAULT_PARAM
  -------         PROC          MAIN
  -------         DO            
  X:0107H         SYMBOL        i
  X:01A3H         SYMBOL        send_cnt
  X:01A4H         SYMBOL        poweron_cnt
  -------         ENDDO         
  C:1895H         LINE#         127
  C:1895H         LINE#         128
  C:1895H         LINE#         129
  C:189AH         LINE#         133
  C:18A9H         LINE#         134
  C:18ACH         LINE#         135
  C:18B9H         LINE#         144
  C:18BCH         LINE#         145
  C:18BFH         LINE#         147
  C:18C2H         LINE#         148
  C:18C5H         LINE#         150
  C:18C8H         LINE#         151
  C:18CAH         LINE#         153
  C:18CEH         LINE#         155
  C:18D1H         LINE#         156
  C:18D4H         LINE#         157
  C:18D7H         LINE#         158
  C:18DAH         LINE#         159
  C:18DDH         LINE#         160
  C:18E0H         LINE#         161
  C:18E3H         LINE#         163
  C:18E6H         LINE#         164
  C:18E9H         LINE#         165
  C:18ECH         LINE#         168
  C:18EEH         LINE#         169
  C:18F0H         LINE#         171
  C:18FDH         LINE#         174
  C:18FDH         LINE#         175
  C:18FDH         LINE#         176
  C:1900H         LINE#         179
  C:1906H         LINE#         180
  C:1906H         LINE#         181
  C:1908H         LINE#         182
BL51 BANKED LINKER/LOCATER V6.22.2.0                                                  08/04/2025  09:13:39  PAGE 24


  C:190BH         LINE#         183
  C:190EH         LINE#         184
  C:1911H         LINE#         185
  C:1911H         LINE#         188
  C:1917H         LINE#         189
  C:1917H         LINE#         190
  C:1919H         LINE#         191
  C:191CH         LINE#         192
  C:191FH         LINE#         193
  C:1922H         LINE#         194
  C:1922H         LINE#         197
  C:1928H         LINE#         198
  C:1928H         LINE#         199
  C:192AH         LINE#         200
  C:192DH         LINE#         201
  C:1930H         LINE#         202
  C:1930H         LINE#         203
  C:1936H         LINE#         204
  C:1940H         LINE#         205
  C:1940H         LINE#         206
  C:1943H         LINE#         207
  C:1948H         LINE#         208
  C:194AH         LINE#         209
  C:194AH         LINE#         210
  C:194AH         LINE#         211
  C:194AH         LINE#         214
  C:1953H         LINE#         215
  C:1953H         LINE#         216
  C:1955H         LINE#         218
  C:195BH         LINE#         219
  C:195BH         LINE#         220
  C:195FH         LINE#         221
  C:1965H         LINE#         222
  C:196AH         LINE#         223
  C:196AH         LINE#         224
  C:1970H         LINE#         225
  C:1977H         LINE#         226
  C:197EH         LINE#         227
  C:1985H         LINE#         228
  C:1992H         LINE#         229
  C:1992H         LINE#         231
  C:199AH         LINE#         232
  C:199AH         LINE#         233
  C:19A0H         LINE#         234
  C:19B8H         LINE#         235
  C:19D2H         LINE#         236
  C:19D9H         LINE#         237
  C:19E6H         LINE#         238
  C:19E6H         LINE#         240
  C:19F1H         LINE#         241
  C:19F1H         LINE#         243
  C:19F7H         LINE#         244
  C:19F7H         LINE#         245
  C:19FDH         LINE#         246
  C:19FDH         LINE#         247
  C:1A02H         LINE#         248
  C:1A04H         LINE#         249
BL51 BANKED LINKER/LOCATER V6.22.2.0                                                  08/04/2025  09:13:39  PAGE 25


  C:1A09H         LINE#         250
  C:1A09H         LINE#         251
  C:1A09H         LINE#         252
  C:1A0CH         LINE#         253
  C:1A0CH         LINE#         254
  C:1A12H         LINE#         255
  C:1A12H         LINE#         257
  C:1A1AH         LINE#         258
  C:1A1AH         LINE#         259
  C:1A28H         LINE#         260
  C:1A34H         LINE#         261
  C:1A34H         LINE#         262
  C:1A39H         LINE#         263
  C:1A3FH         LINE#         264
  C:1A46H         LINE#         265
  C:1A46H         LINE#         266
  C:1A46H         LINE#         267
  C:1A46H         LINE#         270
  C:1A4CH         LINE#         271
  C:1A4CH         LINE#         272
  C:1A4EH         LINE#         273
  C:1A51H         LINE#         275
  C:1A57H         LINE#         276
  C:1A64H         LINE#         277
  C:1A64H         LINE#         278
  C:1A6AH         LINE#         279
  C:1A70H         LINE#         280
  C:1A70H         LINE#         281
  C:1A70H         LINE#         283
  C:1A73H         LINE#         284
  -------         ENDPROC       MAIN
  -------         ENDMOD        MAIN

  -------         MODULE        QUEUE
  C:0000H         SYMBOL        _ICE_DUMMY_
  D:0080H         PUBLIC        P0
  D:0090H         PUBLIC        P1
  D:00A0H         PUBLIC        P2
  D:00B0H         PUBLIC        P3
  D:00D8H         PUBLIC        PWMCON0
  D:00A8H         PUBLIC        IE
  C:3766H         SYMBOL        _Is_Empty_Queue
  D:00B8H         PUBLIC        IP
  D:0098H         PUBLIC        SCON
  D:0088H         PUBLIC        TCON
  C:31A5H         PUBLIC        _Create_Queue
  D:00F8H         PUBLIC        SCON_1
  C:2C74H         PUBLIC        _UART0_Enter_queue
  C:2BF4H         PUBLIC        _UART1_Enter_queue
  D:00E8H         PUBLIC        ADCCON0
  D:00C0H         PUBLIC        I2CON
  D:00C8H         PUBLIC        T2CON
  C:3418H         PUBLIC        _UART0_Is_Full_Queue
  C:33C1H         PUBLIC        _UART1_Is_Full_Queue
  C:2953H         PUBLIC        _Denter_queue
  D:00D0H         PUBLIC        PSW
  -------         PROC          _CREATE_QUEUE
BL51 BANKED LINKER/LOCATER V6.22.2.0                                                  08/04/2025  09:13:39  PAGE 26


  X:0108H         SYMBOL        Q
  X:010BH         SYMBOL        pbuff
  X:010EH         SYMBOL        maxsize
  C:31A5H         LINE#         4
  C:31B0H         LINE#         5
  C:31B0H         LINE#         6
  C:31CDH         LINE#         7
  C:31E2H         LINE#         8
  C:31ECH         LINE#         9
  C:3200H         LINE#         10
  -------         ENDPROC       _CREATE_QUEUE
  -------         PROC          _UART1_IS_FULL_QUEUE
  X:0129H         SYMBOL        Q
  C:33C1H         LINE#         19
  C:33CCH         LINE#         20
  C:33CCH         LINE#         21
  C:3412H         LINE#         22
  C:3415H         LINE#         24
  C:3417H         LINE#         25
  -------         ENDPROC       _UART1_IS_FULL_QUEUE
  -------         PROC          _UART0_IS_FULL_QUEUE
  X:01DBH         SYMBOL        Q
  C:3418H         LINE#         27
  C:3423H         LINE#         28
  C:3423H         LINE#         29
  C:3469H         LINE#         30
  C:346CH         LINE#         32
  C:346EH         LINE#         33
  -------         ENDPROC       _UART0_IS_FULL_QUEUE
  -------         PROC          _IS_EMPTY_QUEUE
  D:0001H         SYMBOL        Q
  C:3766H         LINE#         35
  C:3766H         LINE#         36
  C:3766H         LINE#         37
  C:3778H         LINE#         38
  C:377BH         LINE#         40
  C:377DH         LINE#         41
  -------         ENDPROC       _IS_EMPTY_QUEUE
  -------         PROC          _UART1_ENTER_QUEUE
  X:0125H         SYMBOL        Q
  X:0128H         SYMBOL        val
  C:2BF4H         LINE#         44
  C:2C04H         LINE#         45
  C:2C04H         LINE#         46
  C:2C0AH         LINE#         47
  C:2C0DH         LINE#         49
  C:2C0DH         LINE#         50
  C:2C31H         LINE#         51
  C:2C71H         LINE#         52
  C:2C73H         LINE#         53
  C:2C73H         LINE#         54
  -------         ENDPROC       _UART1_ENTER_QUEUE
  -------         PROC          _UART0_ENTER_QUEUE
  X:01B7H         SYMBOL        Q
  X:01BAH         SYMBOL        val
  C:2C74H         LINE#         56
  C:2C84H         LINE#         57
BL51 BANKED LINKER/LOCATER V6.22.2.0                                                  08/04/2025  09:13:39  PAGE 27


  C:2C84H         LINE#         58
  C:2C8AH         LINE#         59
  C:2C8DH         LINE#         61
  C:2C8DH         LINE#         62
  C:2CB1H         LINE#         63
  C:2CF1H         LINE#         64
  C:2CF3H         LINE#         65
  C:2CF3H         LINE#         66
  -------         ENDPROC       _UART0_ENTER_QUEUE
  -------         PROC          _DENTER_QUEUE
  X:0109H         SYMBOL        Q
  X:010CH         SYMBOL        val
  C:2953H         LINE#         68
  C:295EH         LINE#         69
  C:295EH         LINE#         70
  C:296FH         LINE#         71
  C:296FH         LINE#         72
  C:2972H         LINE#         73
  C:2972H         LINE#         75
  C:2972H         LINE#         76
  C:299DH         LINE#         77
  C:29DDH         LINE#         78
  C:29DFH         LINE#         79
  C:29DFH         LINE#         80
  -------         ENDPROC       _DENTER_QUEUE
  -------         ENDMOD        QUEUE

  -------         MODULE        UART_FRAME
  C:0000H         SYMBOL        _ICE_DUMMY_
  D:0080H         PUBLIC        P0
  D:0090H         PUBLIC        P1
  D:00A0H         PUBLIC        P2
  D:00B0H         PUBLIC        P3
  D:00D8H         PUBLIC        PWMCON0
  D:00A8H         PUBLIC        IE
  D:00B8H         PUBLIC        IP
  C:20B6H         PUBLIC        UART1_cmd_proc
  C:3664H         PUBLIC        _uart1_frame_tx
  X:0005H         PUBLIC        uart_frame
  D:0098H         PUBLIC        SCON
  B:0080H.5       PUBLIC        P05
  D:0088H         PUBLIC        TCON
  C:35F8H         PUBLIC        _uart1_frame_tx_2
  X:000EH         PUBLIC        UART1_rx_queue
  C:362FH         PUBLIC        uart_frame_init
  D:00F8H         PUBLIC        SCON_1
  X:001DH         PUBLIC        UART1_rx_buf
  D:00E8H         PUBLIC        ADCCON0
  D:00C0H         PUBLIC        I2CON
  D:00C8H         PUBLIC        T2CON
  X:00B3H         PUBLIC        uart_tx_frame
  D:00D0H         PUBLIC        PSW
  C:1F57H         PUBLIC        uart1_frame_loop
  -------         PROC          UART_FRAME_INIT
  C:362FH         LINE#         29
  C:362FH         LINE#         30
  C:362FH         LINE#         31
BL51 BANKED LINKER/LOCATER V6.22.2.0                                                  08/04/2025  09:13:39  PAGE 28


  C:364EH         LINE#         34
  C:3654H         LINE#         35
  C:3659H         LINE#         36
  C:365EH         LINE#         37
  C:3663H         LINE#         38
  -------         ENDPROC       UART_FRAME_INIT
  -------         PROC          _UART1_FRAME_TX
  D:0007H         SYMBOL        cmd
  D:0005H         SYMBOL        dat
  -------         DO            
  D:0006H         SYMBOL        xor
  -------         ENDDO         
  C:3664H         LINE#         41
  C:3664H         LINE#         42
  C:3664H         LINE#         43
  C:3666H         LINE#         44
  C:366BH         LINE#         45
  C:366CH         LINE#         46
  C:3670H         LINE#         47
  C:3672H         LINE#         48
  C:3675H         LINE#         49
  C:3677H         LINE#         50
  C:3679H         LINE#         51
  C:367CH         LINE#         52
  C:3680H         LINE#         53
  C:3695H         LINE#         54
  -------         ENDPROC       _UART1_FRAME_TX
  -------         PROC          _UART1_FRAME_TX_2
  D:0007H         SYMBOL        cmd
  D:0005H         SYMBOL        dat0
  D:0003H         SYMBOL        dat1
  -------         DO            
  D:0006H         SYMBOL        xor
  -------         ENDDO         
  C:35F8H         LINE#         56
  C:35F8H         LINE#         57
  C:35F8H         LINE#         58
  C:35FAH         LINE#         59
  C:35FFH         LINE#         60
  C:3600H         LINE#         61
  C:3604H         LINE#         62
  C:3606H         LINE#         63
  C:3609H         LINE#         64
  C:360BH         LINE#         65
  C:360EH         LINE#         66
  C:3610H         LINE#         67
  C:3612H         LINE#         68
  C:3615H         LINE#         69
  C:3619H         LINE#         70
  C:362EH         LINE#         71
  -------         ENDPROC       _UART1_FRAME_TX_2
  -------         PROC          UART1_FRAME_LOOP
  -------         DO            
  X:0000H         SYMBOL        sm
  X:0001H         SYMBOL        len
  X:0002H         SYMBOL        ptr
  X:0108H         SYMBOL        dat
BL51 BANKED LINKER/LOCATER V6.22.2.0                                                  08/04/2025  09:13:39  PAGE 29


  D:0007H         SYMBOL        ret
  -------         ENDDO         
  C:1F57H         LINE#         76
  C:1F57H         LINE#         77
  C:1F57H         LINE#         83
  C:1F6EH         LINE#         85
  C:1F74H         LINE#         86
  C:1F74H         LINE#         87
  C:1F8CH         LINE#         88
  C:1FA4H         LINE#         89
  C:1FA4H         LINE#         90
  C:1FA4H         LINE#         91
  C:1FA9H         LINE#         92
  C:1FAFH         LINE#         93
  C:1FB0H         LINE#         94
  C:1FB0H         LINE#         95
  C:1FB5H         LINE#         96
  C:1FC4H         LINE#         97
  C:1FC9H         LINE#         98
  C:1FD6H         LINE#         99
  C:1FDCH         LINE#         100
  C:1FDDH         LINE#         101
  C:1FDDH         LINE#         102
  C:1FFAH         LINE#         103
  C:2000H         LINE#         104
  C:2022H         LINE#         105
  C:2023H         LINE#         106
  C:2023H         LINE#         107
  C:2032H         LINE#         108
  C:2032H         LINE#         109
  C:2041H         LINE#         110
  C:2046H         LINE#         111
  C:2063H         LINE#         112
  C:2063H         LINE#         113
  C:2086H         LINE#         114
  C:208EH         LINE#         115
  C:20B0H         LINE#         116
  C:20B0H         LINE#         117
  C:20B5H         LINE#         118
  C:20B5H         LINE#         119
  C:20B5H         LINE#         120
  C:20B5H         LINE#         121
  C:20B5H         LINE#         122
  C:20B5H         LINE#         123
  -------         ENDPROC       UART1_FRAME_LOOP
  -------         PROC          UART1_CMD_PROC
  C:20B6H         LINE#         130
  C:20B6H         LINE#         131
  C:20B6H         LINE#         132
  C:20D4H         LINE#         133
  C:20D4H         LINE#         134
  C:20D4H         LINE#         135
  C:20D4H         LINE#         136
  C:20D4H         LINE#         137
  C:20D5H         LINE#         141
  C:20D5H         LINE#         142
  C:20D7H         LINE#         143
BL51 BANKED LINKER/LOCATER V6.22.2.0                                                  08/04/2025  09:13:39  PAGE 30


  C:20DDH         LINE#         144
  C:20E5H         LINE#         147
  C:20E6H         LINE#         148
  C:20E6H         LINE#         158
  C:20E6H         LINE#         159
  C:20E6H         LINE#         160
  C:20F5H         LINE#         161
  C:20F6H         LINE#         162
  C:20F6H         LINE#         163
  C:20FCH         LINE#         164
  C:2102H         LINE#         165
  C:2102H         LINE#         166
  C:210AH         LINE#         167
  C:210FH         LINE#         168
  C:210FH         LINE#         169
  C:2115H         LINE#         170
  C:2116H         LINE#         171
  C:2116H         LINE#         172
  C:211CH         LINE#         173
  C:2120H         LINE#         174
  C:2128H         LINE#         175
  C:212BH         LINE#         176
  C:213CH         LINE#         177
  C:213DH         LINE#         178
  C:213DH         LINE#         180
  C:214AH         LINE#         181
  C:214AH         LINE#         182
  C:214FH         LINE#         183
  C:2150H         LINE#         185
  C:2150H         LINE#         186
  C:2155H         LINE#         187
  C:2155H         LINE#         188
  C:2156H         LINE#         189
  C:2156H         LINE#         190
  C:2163H         LINE#         191
  C:2169H         LINE#         192
  C:2169H         LINE#         193
  C:2170H         LINE#         194
  C:2173H         LINE#         195
  C:2176H         LINE#         196
  C:2179H         LINE#         198
  C:217CH         LINE#         199
  C:217FH         LINE#         200
  C:2182H         LINE#         201
  C:2189H         LINE#         202
  C:218EH         LINE#         203
  C:218FH         LINE#         204
  C:2197H         LINE#         205
  C:2197H         LINE#         206
  C:219EH         LINE#         207
  C:21A1H         LINE#         208
  C:21A4H         LINE#         209
  C:21A7H         LINE#         211
  C:21AAH         LINE#         212
  C:21ADH         LINE#         213
  C:21B0H         LINE#         214
  C:21B7H         LINE#         215
BL51 BANKED LINKER/LOCATER V6.22.2.0                                                  08/04/2025  09:13:39  PAGE 31


  C:21BCH         LINE#         216
  C:21BDH         LINE#         217
  C:21C5H         LINE#         218
  C:21C5H         LINE#         219
  C:21CCH         LINE#         220
  C:21CFH         LINE#         221
  C:21D2H         LINE#         222
  C:21D5H         LINE#         224
  C:21D8H         LINE#         225
  C:21DBH         LINE#         226
  C:21DEH         LINE#         227
  C:21E5H         LINE#         228
  C:21EAH         LINE#         229
  C:21EAH         LINE#         230
  C:21EAH         LINE#         231
  C:21EAH         LINE#         232
  C:21EAH         LINE#         233
  C:21EAH         LINE#         234
  -------         ENDPROC       UART1_CMD_PROC
  -------         ENDMOD        UART_FRAME

  -------         MODULE        TREADMILLS
  C:0000H         SYMBOL        _ICE_DUMMY_
  D:0080H         PUBLIC        P0
  D:0090H         PUBLIC        P1
  D:00A0H         PUBLIC        P2
  X:00C7H         SYMBOL        run_disp_tab
  D:00B0H         PUBLIC        P3
  X:00CAH         PUBLIC        booktime_cnt
  D:00D8H         PUBLIC        PWMCON0
  D:00A8H         PUBLIC        IE
  C:0DF9H         PUBLIC        _treadmills_display
  X:00CBH         PUBLIC        booktime_en
  D:00B8H         PUBLIC        IP
  C:15D5H         PUBLIC        treadmills_param_calc
  X:00CCH         PUBLIC        error_times
  D:0098H         PUBLIC        SCON
  D:0088H         PUBLIC        TCON
  X:00CDH         PUBLIC        treadmills
  C:2CF4H         PUBLIC        communication_checkout
  C:37C5H         SYMBOL        _?ix1000
  C:37CAH         SYMBOL        _?ix1001
  D:00F8H         PUBLIC        SCON_1
  C:2FC5H         PUBLIC        boot_time
  C:3547H         PUBLIC        treadmills_init
  D:00E8H         PUBLIC        ADCCON0
  D:00C0H         PUBLIC        I2CON
  X:0104H         SYMBOL        boot_disp_tab
  D:00C8H         PUBLIC        T2CON
  C:2A6CH         PUBLIC        treadmills_disp_loop
  C:11F6H         PUBLIC        treadmills_proc_loop
  D:00D0H         PUBLIC        PSW
  -------         PROC          TREADMILLS_INIT
  C:3547H         LINE#         22
  C:3547H         LINE#         23
  C:3547H         LINE#         24
  C:354CH         LINE#         25
BL51 BANKED LINKER/LOCATER V6.22.2.0                                                  08/04/2025  09:13:39  PAGE 32


  C:3556H         LINE#         26
  C:355DH         LINE#         27
  C:3567H         LINE#         28
  C:3571H         LINE#         29
  C:3578H         LINE#         30
  C:357CH         LINE#         31
  C:3580H         LINE#         34
  C:3584H         LINE#         35
  -------         ENDPROC       TREADMILLS_INIT
  -------         PROC          BOOT_TIME
  C:2FC5H         LINE#         47
  C:2FC5H         LINE#         48
  C:2FC5H         LINE#         49
  C:2FD0H         LINE#         50
  C:2FD6H         LINE#         51
  C:2FE0H         LINE#         52
  C:2FE0H         LINE#         53
  C:2FE2H         LINE#         54
  C:2FF0H         LINE#         55
  C:2FF0H         LINE#         56
  C:2FFCH         LINE#         57
  C:2FFEH         LINE#         59
  C:2FFEH         LINE#         60
  C:3005H         LINE#         61
  C:3005H         LINE#         62
  C:300AH         LINE#         63
  C:3011H         LINE#         65
  C:301BH         LINE#         66
  C:301BH         LINE#         67
  C:3021H         LINE#         68
  C:3026H         LINE#         69
  C:3028H         LINE#         70
  C:3028H         LINE#         71
  C:3028H         LINE#         72
  -------         ENDPROC       BOOT_TIME
  -------         PROC          TREADMILLS_PARAM_CALC
  -------         DO            
  X:00BCH         SYMBOL        distance
  -------         ENDDO         
  C:15D5H         LINE#         76
  C:15D5H         LINE#         77
  C:15D5H         LINE#         79
  C:15E8H         LINE#         82
  C:15F0H         LINE#         83
  C:15F0H         LINE#         84
  C:1625H         LINE#         86
  C:1625H         LINE#         87
  C:162BH         LINE#         88
  C:1630H         LINE#         89
  C:163BH         LINE#         90
  C:163BH         LINE#         91
  C:163DH         LINE#         93
  C:163DH         LINE#         94
  C:165CH         LINE#         96
  C:1677H         LINE#         97
  C:1677H         LINE#         98
  C:167DH         LINE#         99
BL51 BANKED LINKER/LOCATER V6.22.2.0                                                  08/04/2025  09:13:39  PAGE 33


  C:1682H         LINE#         100
  C:168DH         LINE#         101
  C:168DH         LINE#         102
  C:168DH         LINE#         105
  C:1698H         LINE#         106
  C:1698H         LINE#         107
  C:16D5H         LINE#         108
  C:171AH         LINE#         110
  C:1734H         LINE#         111
  C:1734H         LINE#         112
  C:173AH         LINE#         113
  C:173FH         LINE#         114
  C:174AH         LINE#         115
  C:174AH         LINE#         116
  C:174CH         LINE#         118
  C:174CH         LINE#         123
  C:1789H         LINE#         124
  C:179DH         LINE#         125
  C:179DH         LINE#         128
  C:17A8H         LINE#         129
  C:17A8H         LINE#         130
  C:17F7H         LINE#         131
  C:17F7H         LINE#         132
  C:1845H         LINE#         133
  C:1847H         LINE#         135
  C:1847H         LINE#         136
  C:1851H         LINE#         137
  C:1857H         LINE#         138
  C:185CH         LINE#         139
  C:1867H         LINE#         140
  C:1867H         LINE#         141
  C:1869H         LINE#         143
  C:1869H         LINE#         144
  C:188AH         LINE#         145
  C:188AH         LINE#         147
  C:1894H         LINE#         148
  -------         ENDPROC       TREADMILLS_PARAM_CALC
  -------         PROC          TREADMILLS_PROC_LOOP
  -------         DO            
  X:00C0H         SYMBOL        cnt
  X:00C1H         SYMBOL        timeout
  X:00C2H         SYMBOL        val
  -------         ENDDO         
  C:11F6H         LINE#         152
  C:11F6H         LINE#         153
  C:11F6H         LINE#         156
  C:1235H         LINE#         157
  C:1235H         LINE#         158
  C:1235H         LINE#         159
  C:123BH         LINE#         160
  C:1248H         LINE#         161
  C:1248H         LINE#         162
  C:124AH         LINE#         164
  C:1251H         LINE#         165
  C:1254H         LINE#         166
  C:1257H         LINE#         167
  C:125AH         LINE#         168
BL51 BANKED LINKER/LOCATER V6.22.2.0                                                  08/04/2025  09:13:39  PAGE 34


  C:125DH         LINE#         169
  C:1260H         LINE#         171
  C:1266H         LINE#         172
  C:126DH         LINE#         173
  C:1274H         LINE#         174
  C:127BH         LINE#         176
  C:1281H         LINE#         178
  C:1287H         LINE#         179
  C:128BH         LINE#         180
  C:128EH         LINE#         181
  C:129FH         LINE#         183
  C:12A5H         LINE#         184
  C:12A5H         LINE#         186
  C:12A6H         LINE#         187
  C:12A6H         LINE#         188
  C:12A6H         LINE#         189
  C:12A6H         LINE#         190
  C:12A7H         LINE#         191
[...]
BL51 BANKED LINKER/LOCATER V6.22.2.0                                                  08/04/2025  09:13:39  PAGE 52


  C:36E8H         LINE#         56
  C:36EEH         LINE#         58
  C:36FFH         LINE#         62
  -------         ENDPROC       WRITE_PARAM
  -------         ENDMOD        EE_PARAM

  -------         MODULE        IAP_EEPROM
  C:0000H         SYMBOL        _ICE_DUMMY_
  D:0080H         PUBLIC        P0
  D:0090H         PUBLIC        P1
  D:00A0H         PUBLIC        P2
  D:00B0H         PUBLIC        P3
  B:00A8H.7       PUBLIC        EA
  D:00D8H         PUBLIC        PWMCON0
  D:00A8H         PUBLIC        IE
  D:00C7H         PUBLIC        TA
  C:3148H         PUBLIC        _erase_aprom_page
  D:00B8H         PUBLIC        IP
  C:346FH         PUBLIC        _read_aprom_page
  C:0078H         PUBLIC        test_iaprom
  C:25FFH         PUBLIC        _write_aprom_page
  D:0098H         PUBLIC        SCON
  D:0088H         PUBLIC        TCON
  D:009FH         PUBLIC        CHPCON
  D:00A5H         PUBLIC        IAPUEN
  D:00F8H         PUBLIC        SCON_1
  D:00A4H         PUBLIC        IAPTRG
  D:00E8H         PUBLIC        ADCCON0
  D:00C0H         PUBLIC        I2CON
  D:00A7H         PUBLIC        IAPAH
  D:00AEH         PUBLIC        IAPFD
  D:00C8H         PUBLIC        T2CON
  D:00A6H         PUBLIC        IAPAL
  D:00AFH         PUBLIC        IAPCN
  D:00D0H         PUBLIC        PSW
  -------         PROC          _ERASE_APROM_PAGE
  D:0007H         SYMBOL        page
  -------         DO            
  D:0006H         SYMBOL        u16_addr
  -------         ENDDO         
  C:3148H         LINE#         12
  C:3148H         LINE#         13
  C:3148H         LINE#         14
  C:315FH         LINE#         15
  C:3162H         LINE#         16
  C:3165H         LINE#         17
  C:3168H         LINE#         18
  C:317BH         LINE#         19
  C:318EH         LINE#         20
  C:3191H         LINE#         21
  C:31A4H         LINE#         22
  -------         ENDPROC       _ERASE_APROM_PAGE
  -------         PROC          _WRITE_APROM_PAGE
  D:0007H         SYMBOL        page
  X:0192H         SYMBOL        buf
  X:0195H         SYMBOL        len
  -------         DO            
BL51 BANKED LINKER/LOCATER V6.22.2.0                                                  08/04/2025  09:13:39  PAGE 53


  D:0005H         SYMBOL        i
  X:0196H         SYMBOL        u16_addr
  -------         ENDDO         
  C:25FFH         LINE#         25
  C:260AH         LINE#         26
  C:260AH         LINE#         29
  C:2627H         LINE#         30
  C:263AH         LINE#         31
  C:264DH         LINE#         36
  C:2650H         LINE#         37
  C:265CH         LINE#         38
  C:265CH         LINE#         39
  C:2664H         LINE#         40
  C:2667H         LINE#         41
  C:267CH         LINE#         42
  C:268FH         LINE#         43
  C:2692H         LINE#         47
  C:26A5H         LINE#         48
  C:26B8H         LINE#         52
  -------         ENDPROC       _WRITE_APROM_PAGE
  -------         PROC          _READ_APROM_PAGE
  D:0007H         SYMBOL        page
  X:01B3H         SYMBOL        buf
  X:01B6H         SYMBOL        len
  -------         DO            
  D:0005H         SYMBOL        i
  D:0006H         SYMBOL        ptr
  -------         ENDDO         
  C:346FH         LINE#         56
  C:347AH         LINE#         57
  C:347AH         LINE#         59
  C:3491H         LINE#         60
  C:349DH         LINE#         61
  C:349DH         LINE#         62
  C:34BCH         LINE#         63
  C:34BFH         LINE#         64
  -------         ENDPROC       _READ_APROM_PAGE
  -------         PROC          TEST_IAPROM
  C:0078H         LINE#         72
  C:0078H         LINE#         73
  C:0078H         LINE#         110
  C:007AH         LINE#         113
  -------         ENDPROC       TEST_IAPROM
  -------         ENDMOD        IAP_EEPROM

  -------         MODULE        DELAY
  C:0000H         SYMBOL        _ICE_DUMMY_
  D:0080H         PUBLIC        P0
  D:0090H         PUBLIC        P1
  D:00A0H         PUBLIC        P2
  C:32B6H         PUBLIC        _Timer0_Delay100us
  D:00B0H         PUBLIC        P3
  D:00D8H         PUBLIC        PWMCON0
  C:3201H         PUBLIC        _Timer2_Delay500us
  D:00A8H         PUBLIC        IE
  D:00B8H         PUBLIC        IP
  C:330FH         PUBLIC        _Timer0_Delay1ms
BL51 BANKED LINKER/LOCATER V6.22.2.0                                                  08/04/2025  09:13:39  PAGE 54


  B:0020H.7       PUBLIC        BIT_TMP
  D:0098H         PUBLIC        SCON
  D:0089H         PUBLIC        TMOD
  D:0088H         PUBLIC        TCON
  D:00F8H         PUBLIC        SCON_1
  B:0088H.5       PUBLIC        TF0
  C:3368H         PUBLIC        _Timer1_Delay10ms
  B:0088H.7       PUBLIC        TF1
  B:00C8H.7       PUBLIC        TF2
  D:008CH         PUBLIC        TH0
  D:00C6H         PUBLIC        RH3
  D:008DH         PUBLIC        TH1
  D:00CDH         PUBLIC        TH2
  D:008AH         PUBLIC        TL0
  D:00C5H         PUBLIC        RL3
  D:008BH         PUBLIC        TL1
  D:00CCH         PUBLIC        TL2
  C:30EAH         PUBLIC        _Timer3_Delay10us
  B:0088H.4       PUBLIC        TR0
  B:0088H.6       PUBLIC        TR1
  B:00C8H.2       PUBLIC        TR2
  D:00E8H         PUBLIC        ADCCON0
  D:00C0H         PUBLIC        I2CON
  D:00C9H         PUBLIC        T2MOD
  D:00C8H         PUBLIC        T2CON
  D:00C4H         PUBLIC        T3CON
  D:008EH         PUBLIC        CKCON
  D:00D0H         PUBLIC        PSW
  C:308CH         PUBLIC        _Timer3_Delay100ms
  -------         PROC          _TIMER0_DELAY100US
  X:01BFH         SYMBOL        u32CNT
  C:32B6H         LINE#         22
  C:32BCH         LINE#         23
  C:32BCH         LINE#         24
  C:32BFH         LINE#         25
  C:32C2H         LINE#         26
  C:32C4H         LINE#         27
  C:32DDH         LINE#         28
  C:32DDH         LINE#         29
  C:32E0H         LINE#         30
  C:32E3H         LINE#         31
  C:32E6H         LINE#         32
  C:32E8H         LINE#         33
  C:330AH         LINE#         34
  C:330CH         LINE#         35
  C:330EH         LINE#         36
  -------         ENDPROC       _TIMER0_DELAY100US
  -------         PROC          _TIMER0_DELAY1MS
  X:01C3H         SYMBOL        u32CNT
  C:330FH         LINE#         38
  C:3315H         LINE#         39
  C:3315H         LINE#         40
  C:3318H         LINE#         41
  C:331BH         LINE#         42
  C:331DH         LINE#         43
  C:3336H         LINE#         44
  C:3336H         LINE#         45
BL51 BANKED LINKER/LOCATER V6.22.2.0                                                  08/04/2025  09:13:39  PAGE 55


  C:3339H         LINE#         46
  C:333CH         LINE#         47
  C:333FH         LINE#         48
  C:3341H         LINE#         49
  C:3363H         LINE#         50
  C:3365H         LINE#         51
  C:3367H         LINE#         52
  -------         ENDPROC       _TIMER0_DELAY1MS
  -------         PROC          _TIMER1_DELAY10MS
  X:01C7H         SYMBOL        u32CNT
  C:3368H         LINE#         55
  C:336EH         LINE#         56
  C:336EH         LINE#         57
  C:3371H         LINE#         58
  C:3374H         LINE#         59
  C:3376H         LINE#         60
  C:338FH         LINE#         61
  C:338FH         LINE#         62
  C:3392H         LINE#         63
  C:3395H         LINE#         64
  C:3398H         LINE#         65
  C:339AH         LINE#         66
  C:33BCH         LINE#         67
  C:33BEH         LINE#         68
  C:33C0H         LINE#         69
  -------         ENDPROC       _TIMER1_DELAY10MS
  -------         PROC          _TIMER2_DELAY500US
  X:01CBH         SYMBOL        u32CNT
  C:3201H         LINE#         71
  C:3207H         LINE#         72
  C:3207H         LINE#         73
  C:320AH         LINE#         74
  C:320DH         LINE#         75
  C:3210H         LINE#         76
  C:3212H         LINE#         77
  C:322BH         LINE#         78
  C:322BH         LINE#         79
  C:322EH         LINE#         80
  C:3231H         LINE#         81
  C:3234H         LINE#         82
  C:3236H         LINE#         83
  C:3258H         LINE#         84
  C:325AH         LINE#         85
  C:325CH         LINE#         86
  -------         ENDPROC       _TIMER2_DELAY500US
  -------         PROC          _TIMER3_DELAY100MS
  X:01CFH         SYMBOL        u32CNT
  C:308CH         LINE#         88
  C:3092H         LINE#         89
  C:3092H         LINE#         90
  C:3095H         LINE#         91
  C:3098H         LINE#         92
  C:30B1H         LINE#         93
  C:30B1H         LINE#         94
  C:30B4H         LINE#         95
  C:30B7H         LINE#         96
  C:30BFH         LINE#         97
BL51 BANKED LINKER/LOCATER V6.22.2.0                                                  08/04/2025  09:13:39  PAGE 56


  C:30C2H         LINE#         98
  C:30E4H         LINE#         99
  C:30E6H         LINE#         100
  C:30E9H         LINE#         101
  -------         ENDPROC       _TIMER3_DELAY100MS
  -------         PROC          _TIMER3_DELAY10US
  X:01D3H         SYMBOL        u32CNT
  C:30EAH         LINE#         103
  C:30F0H         LINE#         104
  C:30F0H         LINE#         105
  C:30F3H         LINE#         106
  C:30F6H         LINE#         107
  C:310FH         LINE#         108
  C:310FH         LINE#         109
  C:3112H         LINE#         110
  C:3115H         LINE#         111
  C:311DH         LINE#         112
  C:3120H         LINE#         113
  C:3142H         LINE#         114
  C:3144H         LINE#         115
  C:3147H         LINE#         116
  -------         ENDPROC       _TIMER3_DELAY10US
  -------         ENDMOD        DELAY

  -------         MODULE        COMMON
  C:0000H         SYMBOL        _ICE_DUMMY_
  D:00B1H         PUBLIC        P0M1
  D:00B3H         PUBLIC        P1M1
  D:00B2H         PUBLIC        P0M2
  D:0080H         PUBLIC        P0
  D:00B4H         PUBLIC        P1M2
  D:0090H         PUBLIC        P1
  D:00A0H         PUBLIC        P2
  D:00B0H         PUBLIC        P3
  B:00A8H.7       PUBLIC        EA
  D:00D8H         PUBLIC        PWMCON0
  D:00A8H         PUBLIC        IE
  C:371BH         PUBLIC        SW_Reset
  D:00C7H         PUBLIC        TA
  D:00B8H         PUBLIC        IP
  B:0098H.1       PUBLIC        TI
  D:0087H         PUBLIC        PCON
  D:0098H         PUBLIC        SCON
  D:0089H         PUBLIC        TMOD
  D:0088H         PUBLIC        TCON
  D:009FH         PUBLIC        CHPCON
  D:00F8H         PUBLIC        SCON_1
  D:00C6H         PUBLIC        RH3
  D:008DH         PUBLIC        TH1
  D:00C5H         PUBLIC        RL3
  C:35C0H         PUBLIC        _InitialUART0_Timer1
  C:2DF0H         PUBLIC        _InitialUART0_Timer3
  C:2E6DH         PUBLIC        _InitialUART1_Timer3
  B:0088H.6       PUBLIC        TR1
  D:00E8H         PUBLIC        ADCCON0
  D:00C0H         PUBLIC        I2CON
  D:00C8H         PUBLIC        T2CON
BL51 BANKED LINKER/LOCATER V6.22.2.0                                                  08/04/2025  09:13:39  PAGE 57


  D:00C4H         PUBLIC        T3CON
  D:008EH         PUBLIC        CKCON
  D:00D0H         PUBLIC        PSW
  -------         PROC          _INITIALUART0_TIMER1
  D:0004H         SYMBOL        u32Baudrate
  C:35C0H         LINE#         26
  C:35C0H         LINE#         27
  C:35C0H         LINE#         28
  C:35C6H         LINE#         29
  C:35CCH         LINE#         31
  C:35CFH         LINE#         32
  C:35D2H         LINE#         34
  C:35D5H         LINE#         35
  C:35D8H         LINE#         36
  C:35DBH         LINE#         42
  C:35F3H         LINE#         44
  C:35F5H         LINE#         45
  C:35F7H         LINE#         46
  -------         ENDPROC       _INITIALUART0_TIMER1
  -------         PROC          _INITIALUART0_TIMER3
  X:01D7H         SYMBOL        u32Baudrate
  C:2DF0H         LINE#         48
  C:2DF6H         LINE#         49
  C:2DF6H         LINE#         50
  C:2DFCH         LINE#         51
  C:2E02H         LINE#         53
  C:2E05H         LINE#         54
  C:2E08H         LINE#         55
  C:2E0BH         LINE#         56
  C:2E0EH         LINE#         63
  C:2E3CH         LINE#         64
  C:2E67H         LINE#         66
  C:2E6AH         LINE#         67
  C:2E6CH         LINE#         68
  -------         ENDPROC       _INITIALUART0_TIMER3
  -------         PROC          _INITIALUART1_TIMER3
  X:0108H         SYMBOL        u32Baudrate
  C:2E6DH         LINE#         74
  C:2E73H         LINE#         75
  C:2E73H         LINE#         76
  C:2E79H         LINE#         77
  C:2E7FH         LINE#         79
  C:2E82H         LINE#         80
  C:2E85H         LINE#         81
  C:2E88H         LINE#         88
  C:2EB6H         LINE#         89
  C:2EE1H         LINE#         91
  C:2EE4H         LINE#         92
  -------         ENDPROC       _INITIALUART1_TIMER3
  -------         PROC          SW_RESET
  C:371BH         LINE#         97
  C:371BH         LINE#         98
  C:371BH         LINE#         99
  C:371EH         LINE#         100
  C:3721H         LINE#         101
  C:3734H         LINE#         102
  -------         ENDPROC       SW_RESET
BL51 BANKED LINKER/LOCATER V6.22.2.0                                                  08/04/2025  09:13:39  PAGE 58


  -------         ENDMOD        COMMON

  -------         MODULE        ?C?FPADD
  C:0085H         PUBLIC        ?C?FPADD
  C:0081H         PUBLIC        ?C?FPSUB
  -------         ENDMOD        ?C?FPADD

  -------         MODULE        ?C?FPMUL
  C:0176H         PUBLIC        ?C?FPMUL
  -------         ENDMOD        ?C?FPMUL

  -------         MODULE        ?C?FPDIV
  C:027FH         PUBLIC        ?C?FPDIV
  -------         ENDMOD        ?C?FPDIV

  -------         MODULE        ?C?FPCMP
  C:031EH         PUBLIC        ?C?FPCMP
  C:031CH         PUBLIC        ?C?FPCMP3
  -------         ENDMOD        ?C?FPCMP

  -------         MODULE        ?C?FCAST
  C:039FH         PUBLIC        ?C?FCASTC
  C:039AH         PUBLIC        ?C?FCASTI
  C:0395H         PUBLIC        ?C?FCASTL
  -------         ENDMOD        ?C?FCAST

  -------         MODULE        ?C?CASTF
  C:03D3H         PUBLIC        ?C?CASTF
  -------         ENDMOD        ?C?CASTF

  -------         MODULE        ?C?COPY
  C:0524H         PUBLIC        ?C?COPY
  -------         ENDMOD        ?C?COPY

  -------         MODULE        ?C?CLDPTR
  C:054AH         PUBLIC        ?C?CLDPTR
  -------         ENDMOD        ?C?CLDPTR

  -------         MODULE        ?C?CLDOPTR
  C:0563H         PUBLIC        ?C?CLDOPTR
  -------         ENDMOD        ?C?CLDOPTR

  -------         MODULE        ?C?CSTPTR
  C:0590H         PUBLIC        ?C?CSTPTR
  -------         ENDMOD        ?C?CSTPTR

  -------         MODULE        ?C?CSTOPTR
  C:05A2H         PUBLIC        ?C?CSTOPTR
  -------         ENDMOD        ?C?CSTOPTR

  -------         MODULE        ?C?UIDIV
  C:05C4H         PUBLIC        ?C?UIDIV
  -------         ENDMOD        ?C?UIDIV

  -------         MODULE        ?C?IILDX
  C:0619H         PUBLIC        ?C?IILDX
  -------         ENDMOD        ?C?IILDX
BL51 BANKED LINKER/LOCATER V6.22.2.0                                                  08/04/2025  09:13:39  PAGE 59



  -------         MODULE        ?C?ULDIV
  C:066BH         PUBLIC        ?C?ULDIV
  -------         ENDMOD        ?C?ULDIV

  -------         MODULE        ?C?LNEG
  C:06FDH         PUBLIC        ?C?LNEG
  -------         ENDMOD        ?C?LNEG

  -------         MODULE        ?C?ULCMP
  C:070BH         PUBLIC        ?C?ULCMP
  -------         ENDMOD        ?C?ULCMP

  -------         MODULE        ?C?ULSHR
  C:071CH         PUBLIC        ?C?ULSHR
  -------         ENDMOD        ?C?ULSHR

  -------         MODULE        ?C?LLDOPTR
  C:072FH         PUBLIC        ?C?LLDOPTR
  -------         ENDMOD        ?C?LLDOPTR

  -------         MODULE        ?C?LSTOPTR
  C:075FH         PUBLIC        ?C?LSTOPTR
  -------         ENDMOD        ?C?LSTOPTR

  -------         MODULE        ?C?LLDOPTR0
  C:0783H         PUBLIC        ?C?LLDOPTR0
  -------         ENDMOD        ?C?LLDOPTR0

  -------         MODULE        ?C?LSTXDATA
  C:07B3H         PUBLIC        ?C?LSTXDATA
  -------         ENDMOD        ?C?LSTXDATA

  -------         MODULE        ?C?LSTKXDATA
  C:07BFH         PUBLIC        ?C?LSTKXDATA
  -------         ENDMOD        ?C?LSTKXDATA

  -------         MODULE        ?C?LSTKOPTR
  C:07F0H         PUBLIC        ?C?LSTKOPTR
  -------         ENDMOD        ?C?LSTKOPTR

  -------         MODULE        ?C?PLDPTR
  C:0814H         PUBLIC        ?C?PLDPTR
  -------         ENDMOD        ?C?PLDPTR

  -------         MODULE        ?C?PSTPTR
  C:0834H         PUBLIC        ?C?PSTPTR
  -------         ENDMOD        ?C?PSTPTR

  -------         MODULE        ?C?LLDIDATA
  C:0883H         PUBLIC        ?C?LLDIDATA
  -------         ENDMOD        ?C?LLDIDATA

  -------         MODULE        ?C?LLDXDATA
  C:088FH         PUBLIC        ?C?LLDXDATA
  -------         ENDMOD        ?C?LLDXDATA

BL51 BANKED LINKER/LOCATER V6.22.2.0                                                  08/04/2025  09:13:39  PAGE 60


  -------         MODULE        ?C?LLDPDATA
  C:089BH         PUBLIC        ?C?LLDPDATA
  -------         ENDMOD        ?C?LLDPDATA

  -------         MODULE        ?C?LLDCODE
  C:08A7H         PUBLIC        ?C?LLDCODE
  -------         ENDMOD        ?C?LLDCODE

  -------         MODULE        ?C?LLDIDATA0
  C:08B7H         PUBLIC        ?C?LLDIDATA0
  -------         ENDMOD        ?C?LLDIDATA0

  -------         MODULE        ?C?LLDXDATA0
  C:08C4H         PUBLIC        ?C?LLDXDATA0
  -------         ENDMOD        ?C?LLDXDATA0

  -------         MODULE        ?C?LLDPDATA0
  C:08D0H         PUBLIC        ?C?LLDPDATA0
  -------         ENDMOD        ?C?LLDPDATA0

  -------         MODULE        ?C?LLDCODE0
  C:08DDH         PUBLIC        ?C?LLDCODE0
  -------         ENDMOD        ?C?LLDCODE0

  -------         MODULE        ?C?LSTIDATA
  C:08EDH         PUBLIC        ?C?LSTIDATA
  -------         ENDMOD        ?C?LSTIDATA

  -------         MODULE        ?C?LSTPDATA
  C:08F9H         PUBLIC        ?C?LSTPDATA
  -------         ENDMOD        ?C?LSTPDATA

  -------         MODULE        ?C?LSTKIDATA
  C:0905H         PUBLIC        ?C?LSTKIDATA
  -------         ENDMOD        ?C?LSTKIDATA

  -------         MODULE        ?C?LSTKPDATA
  C:091EH         PUBLIC        ?C?LSTKPDATA
  -------         ENDMOD        ?C?LSTKPDATA

  -------         MODULE        ?C?PLDIDATA
  C:0937H         PUBLIC        ?C?PLDIDATA
  -------         ENDMOD        ?C?PLDIDATA

  -------         MODULE        ?C?PSTIDATA
  C:0940H         PUBLIC        ?C?PSTIDATA
  -------         ENDMOD        ?C?PSTIDATA

  -------         MODULE        ?C?PLDXDATA
  C:0949H         PUBLIC        ?C?PLDXDATA
  -------         ENDMOD        ?C?PLDXDATA

  -------         MODULE        ?C?PSTXDATA
  C:0952H         PUBLIC        ?C?PSTXDATA
  -------         ENDMOD        ?C?PSTXDATA

  -------         MODULE        ?C?PLDPDATA
BL51 BANKED LINKER/LOCATER V6.22.2.0                                                  08/04/2025  09:13:39  PAGE 61


  C:095BH         PUBLIC        ?C?PLDPDATA
  -------         ENDMOD        ?C?PLDPDATA

  -------         MODULE        ?C?PSTPDATA
  C:0964H         PUBLIC        ?C?PSTPDATA
  -------         ENDMOD        ?C?PSTPDATA

  -------         MODULE        ?C?PLDCODE
  C:096DH         PUBLIC        ?C?PLDCODE
  -------         ENDMOD        ?C?PLDCODE

Program Size: data=12.0 xdata=486 code=14400
LINK/LOCATE RUN COMPLETE.  0 WARNING(S),  0 ERROR(S)
