C51 COMPILER V9.60.7.0   PWM_SIMPLE                                                        06/05/2025 18:20:25 PAGE 1   


C51 COMPILER V9.60.7.0, COMPILATION OF MODULE PWM_SIMPLE
OBJECT MODULE PLACED IN .\Output\PWM_simple.obj
COMPILER INVOKED BY: D:\Program Files\Keil_v5\C51\BIN\C51.EXE ..\bsp\PWM_simple.c LARGE OPTIMIZE(7,SPEED) BROWSE INCDIR(
                    -..\Library\Device\Include;..\Library\StdDriver\inc;..\user;..\driver;..\bsp;..\Include;..\common) DEBUG OBJECTEXTEND PRI
                    -NT(.\LST\PWM_simple.lst) TABS(2) OBJECT(.\Output\PWM_simple.obj)

line level    source

   1          #include "common.h"
   2          
   3          /*********************************************************************************************************
             -***
   4          *    Main function 
   5          **********************************************************************************************************
             -**/
   6          void pwm_init(void)
   7          {
   8   1          PWM1_P14_OUTPUT_ENABLE;
   9   1        
  10   1          PWM_IMDEPENDENT_MODE;
  11   1      /**********************************************************************
  12   1        PWM frequency = Fpwm/((PWMPH,PWMPL) + 1) <Fpwm = Fsys/PWM_CLOCK_DIV> 
  13   1                      = (16MHz/8)/(999 + 1)
  14   1                      = 2KHz
  15   1      ***********************************************************************/
  16   1          PWM_CLOCK_DIV_8;
  17   1          PWMPH = (740>>8);//600 //old:900
  18   1          PWMPL = (740);   //old:900
  19   1      
  20   1          PWM1H = (0>>8);
  21   1          PWM1L = 0;
  22   1          
  23   1      /* PWM output inversly enable */
  24   1          PWM1_OUTPUT_NORMAL;
  25   1      
  26   1      /*-------- PWM start run--------------*/ 
  27   1          set_LOAD;
  28   1          set_PWMRUN;
  29   1      }
  30          
  31          
  32          void PWM1DutyCycle(UINT16 pwm)
  33          {
  34   1        PWM1H = (pwm>>8);
  35   1        PWM1L = pwm;
  36   1        set_LOAD;// 装载周期和占空比数据
  37   1      }
  38          
  39          
  40          
  41          void PWM2DutyCycle(UINT16 pwm)
  42          {
  43   1        PWM2H = (pwm>>8);
  44   1        PWM2L = pwm;
  45   1        set_LOAD;// 装载周期和占空比数据
  46   1      }


MODULE INFORMATION:   STATIC OVERLAYABLE
   CODE SIZE        =     87    ----
   CONSTANT SIZE    =   ----    ----
C51 COMPILER V9.60.7.0   PWM_SIMPLE                                                        06/05/2025 18:20:25 PAGE 2   

   XDATA SIZE       =   ----    ----
   PDATA SIZE       =   ----    ----
   DATA SIZE        =   ----    ----
   IDATA SIZE       =   ----    ----
   BIT SIZE         =   ----    ----
END OF MODULE INFORMATION.


C51 COMPILATION COMPLETE.  0 WARNING(S),  0 ERROR(S)
