C51 COMPILER V9.60.0.0   ISR                                                               07/25/2025 09:11:54 PAGE 1   


C51 COMPILER V9.60.0.0, COMPILATION OF MODULE ISR
OBJECT MODULE PLACED IN .\Output\isr.obj
COMPILER INVOKED BY: D:\Software\Keil_V5\C51\C51\BIN\C51.EXE ..\bsp\isr.c LARGE OPTIMIZE(7,SPEED) BROWSE INCDIR(..\Libra
                    -ry\Device\Include;..\Library\StdDriver\inc;..\user;..\driver;..\bsp;..\Include;..\common) DEBUG OBJECTEXTEND PRINT(.\LST
                    -\isr.lst) TABS(2) OBJECT(.\Output\isr.obj)

line level    source

   1          #include "common.h"
   2          #include "uart_frame.h"
   3          #include "queue.h"
   4          #include "treadmills.h"
   5          #include "decode.h"
   6          
   7          UINT8  ms10_flag=0;
   8          UINT8  ms100_flag=0;
   9          UINT8  ms250_flag=0;
  10          UINT8  ms500_flag=0;
  11          UINT8  ms1000_flag=0;
  12          
  13          void Timer0_ISR(void) interrupt 1        // Vector @  0x0B
  14          {
  15   1        static UINT16 cnt1=0;
  16   1        static UINT16 cnt2=0;
  17   1        static UINT16 cnt3=0;
  18   1        static UINT16 cnt4=0;
  19   1        static UINT16 cnt5=0;
  20   1        
  21   1        TH0 = (65536-76)/256;   
  22   1        TL0 = (65536-76)%256;   //TIMER_DIV12_VALUE_60us  Êµ²â
  23   1        
  24   1        RF433M_RecevieDecode();
  25   1        
  26   1        cnt4++;
  27   1        if(cnt4>167)//10ms=166
  28   1        {
  29   2          cnt4=0;
  30   2          ms10_flag=1;
  31   2        }
  32   1        
  33   1        cnt1++;
  34   1        if(cnt1>1667)//100ms=1667
  35   1        {
  36   2          cnt1=0;
  37   2          ms100_flag=1;
  38   2        }
  39   1        
  40   1        cnt2++;
  41   1        if(cnt2>4180)//250ms=4180
  42   1        {
  43   2          cnt2=0;
  44   2          ms250_flag=1;
  45   2        }
  46   1        
  47   1        cnt5++;
  48   1        if(cnt5>8340)//500ms=8340
  49   1        {
  50   2          cnt5=0;
  51   2          ms500_flag=1;
  52   2        }
  53   1        
C51 COMPILER V9.60.0.0   ISR                                                               07/25/2025 09:11:54 PAGE 2   

  54   1        cnt3++;
  55   1        if(cnt3>16600)//1000ms=16600
  56   1        {
  57   2          cnt3=0;
  58   2          ms1000_flag=1;
  59   2        }
  60   1      }
  61          


MODULE INFORMATION:   STATIC OVERLAYABLE
   CODE SIZE        =    255    ----
   CONSTANT SIZE    =   ----    ----
   XDATA SIZE       =     15    ----
   PDATA SIZE       =   ----    ----
   DATA SIZE        =   ----    ----
   IDATA SIZE       =   ----    ----
   BIT SIZE         =   ----    ----
END OF MODULE INFORMATION.


C51 COMPILATION COMPLETE.  0 WARNING(S),  0 ERROR(S)
