BL51 BANKED LINKER/LOCATER V6.22.2.0                                                    11/17/2025  09:19:00  PAGE 1


BL51 BANKED LINKER/LOCATER V6.22.2.0, INVOKED BY:
D:\SOFTWARE\KEIL_V5\C51\C51\BIN\BL51.EXE .\Output\STARTUP.obj, .\Output\7_segment.obj, .\Output\aip1628.obj, .\Output\in
>> decate.obj, .\Output\led_disp.obj, .\Output\keypad.obj, .\Output\keypad_fun.obj, .\Output\beep.obj, .\Output\main.obj
>> , .\Output\queue.obj, .\Output\uart_frame.obj, .\Output\treadmills.obj, .\Output\param.obj, .\Output\programe.obj, .\
>> Output\decode.obj, .\Output\isr.obj, .\Output\PWM_simple.obj, .\Output\Timer01_M1.obj, .\Output\uart.obj, .\Output\ee
>> _param.obj, .\Output\IAP_EEPROM.obj, .\Output\Delay.obj, .\Output\Common.obj TO .\Output\PBJ_SK_2.4G PRINT (.\LST\PBJ
>> _SK_2.m51) RAMSIZE (256) DISABLEWARNING (16)


MEMORY MODEL: LARGE WITH FLOATING POINT ARITHMETIC


INPUT MODULES INCLUDED:
  .\Output\STARTUP.obj (?C_STARTUP)
  .\Output\7_segment.obj (7_SEGMENT)
  .\Output\aip1628.obj (AIP1628)
  .\Output\indecate.obj (INDECATE)
  .\Output\led_disp.obj (LED_DISP)
  .\Output\keypad.obj (KEYPAD)
  .\Output\keypad_fun.obj (KEYPAD_FUN)
  .\Output\beep.obj (BEEP)
  .\Output\main.obj (MAIN)
  .\Output\queue.obj (QUEUE)
  .\Output\uart_frame.obj (UART_FRAME)
  .\Output\treadmills.obj (TREADMILLS)
  .\Output\param.obj (PARAM)
  .\Output\programe.obj (PROGRAME)
  .\Output\decode.obj (DECODE)
  .\Output\isr.obj (ISR)
  .\Output\PWM_simple.obj (PWM_SIMPLE)
  .\Output\Timer01_M1.obj (TIMER01_M1)
  .\Output\uart.obj (UART)
  .\Output\ee_param.obj (EE_PARAM)
  .\Output\IAP_EEPROM.obj (IAP_EEPROM)
  .\Output\Delay.obj (DELAY)
  .\Output\Common.obj (COMMON)
  D:\SOFTWARE\KEIL_V5\C51\C51\LIB\C51FPL.LIB (?C?FPADD)
  D:\SOFTWARE\KEIL_V5\C51\C51\LIB\C51FPL.LIB (?C?FPMUL)
  D:\SOFTWARE\KEIL_V5\C51\C51\LIB\C51FPL.LIB (?C?FPDIV)
  D:\SOFTWARE\KEIL_V5\C51\C51\LIB\C51FPL.LIB (?C?FPCMP)
  D:\SOFTWARE\KEIL_V5\C51\C51\LIB\C51FPL.LIB (?C?FCAST)
  D:\SOFTWARE\KEIL_V5\C51\C51\LIB\C51FPL.LIB (?C?CASTF)
  D:\SOFTWARE\KEIL_V5\C51\C51\LIB\C51FPL.LIB (?C?FPGETOPN)
  D:\SOFTWARE\KEIL_V5\C51\C51\LIB\C51L.LIB (?C_INIT)
  D:\SOFTWARE\KEIL_V5\C51\C51\LIB\C51L.LIB (?C?COPY)
  D:\SOFTWARE\KEIL_V5\C51\C51\LIB\C51L.LIB (?C?CLDPTR)
  D:\SOFTWARE\KEIL_V5\C51\C51\LIB\C51L.LIB (?C?CLDOPTR)
  D:\SOFTWARE\KEIL_V5\C51\C51\LIB\C51L.LIB (?C?CSTPTR)
  D:\SOFTWARE\KEIL_V5\C51\C51\LIB\C51L.LIB (?C?CSTOPTR)
  D:\SOFTWARE\KEIL_V5\C51\C51\LIB\C51L.LIB (?C?UIDIV)
  D:\SOFTWARE\KEIL_V5\C51\C51\LIB\C51L.LIB (?C?IILDX)
  D:\SOFTWARE\KEIL_V5\C51\C51\LIB\C51L.LIB (?C?ULDIV)
  D:\SOFTWARE\KEIL_V5\C51\C51\LIB\C51L.LIB (?C?LNEG)
  D:\SOFTWARE\KEIL_V5\C51\C51\LIB\C51L.LIB (?C?ULCMP)
  D:\SOFTWARE\KEIL_V5\C51\C51\LIB\C51L.LIB (?C?ULSHR)
  D:\SOFTWARE\KEIL_V5\C51\C51\LIB\C51L.LIB (?C?LLDOPTR)
  D:\SOFTWARE\KEIL_V5\C51\C51\LIB\C51L.LIB (?C?LSTOPTR)
  D:\SOFTWARE\KEIL_V5\C51\C51\LIB\C51L.LIB (?C?LLDOPTR0)
BL51 BANKED LINKER/LOCATER V6.22.2.0                                                  11/17/2025  09:19:00  PAGE 2


  D:\SOFTWARE\KEIL_V5\C51\C51\LIB\C51L.LIB (?C?LSTXDATA)
  D:\SOFTWARE\KEIL_V5\C51\C51\LIB\C51L.LIB (?C?LSTKXDATA)
  D:\SOFTWARE\KEIL_V5\C51\C51\LIB\C51L.LIB (?C?LSTKOPTR)
  D:\SOFTWARE\KEIL_V5\C51\C51\LIB\C51L.LIB (?C?PLDPTR)
  D:\SOFTWARE\KEIL_V5\C51\C51\LIB\C51L.LIB (?C?PSTPTR)
  D:\SOFTWARE\KEIL_V5\C51\C51\LIB\C51L.LIB (?C?CCASE)
  D:\SOFTWARE\KEIL_V5\C51\C51\LIB\C51L.LIB (?C?LLDIDATA)
  D:\SOFTWARE\KEIL_V5\C51\C51\LIB\C51L.LIB (?C?LLDXDATA)
  D:\SOFTWARE\KEIL_V5\C51\C51\LIB\C51L.LIB (?C?LLDPDATA)
  D:\SOFTWARE\KEIL_V5\C51\C51\LIB\C51L.LIB (?C?LLDCODE)
  D:\SOFTWARE\KEIL_V5\C51\C51\LIB\C51L.LIB (?C?LLDIDATA0)
  D:\SOFTWARE\KEIL_V5\C51\C51\LIB\C51L.LIB (?C?LLDXDATA0)
  D:\SOFTWARE\KEIL_V5\C51\C51\LIB\C51L.LIB (?C?LLDPDATA0)
  D:\SOFTWARE\KEIL_V5\C51\C51\LIB\C51L.LIB (?C?LLDCODE0)
  D:\SOFTWARE\KEIL_V5\C51\C51\LIB\C51L.LIB (?C?LSTIDATA)
  D:\SOFTWARE\KEIL_V5\C51\C51\LIB\C51L.LIB (?C?LSTPDATA)
  D:\SOFTWARE\KEIL_V5\C51\C51\LIB\C51L.LIB (?C?LSTKIDATA)
  D:\SOFTWARE\KEIL_V5\C51\C51\LIB\C51L.LIB (?C?LSTKPDATA)
  D:\SOFTWARE\KEIL_V5\C51\C51\LIB\C51L.LIB (?C?PLDIDATA)
  D:\SOFTWARE\KEIL_V5\C51\C51\LIB\C51L.LIB (?C?PSTIDATA)
  D:\SOFTWARE\KEIL_V5\C51\C51\LIB\C51L.LIB (?C?PLDXDATA)
  D:\SOFTWARE\KEIL_V5\C51\C51\LIB\C51L.LIB (?C?PSTXDATA)
  D:\SOFTWARE\KEIL_V5\C51\C51\LIB\C51L.LIB (?C?PLDPDATA)
  D:\SOFTWARE\KEIL_V5\C51\C51\LIB\C51L.LIB (?C?PSTPDATA)
  D:\SOFTWARE\KEIL_V5\C51\C51\LIB\C51L.LIB (?C?PLDCODE)


LINK MAP OF MODULE:  .\Output\PBJ_SK_2.4G (?C_STARTUP)


            TYPE    BASE      LENGTH    RELOCATION   SEGMENT NAME
            -----------------------------------------------------

            * * * * * * *   D A T A   M E M O R Y   * * * * * * *
            REG     0000H     0008H     ABSOLUTE     "REG BANK 0"
            DATA    0008H     0002H     UNIT         _DATA_GROUP_
                    000AH     0016H                  *** GAP ***
            BIT     0020H.0   0000H.5   UNIT         ?BI?DECODE
            BIT     0020H.5   0000H.2   UNIT         ?BI?MAIN
            BIT     0020H.7   0000H.2   UNIT         ?BI?UART_FRAME
            BIT     0021H.1   0000H.1   UNIT         ?BI?KEYPAD_FUN
            BIT     0021H.2   0000H.1   UNIT         ?BI?UART
            BIT     0021H.3   0000H.1   UNIT         ?BI?DELAY
                    0021H.4   0000H.4                *** GAP ***
            IDATA   0022H     0001H     UNIT         ?STACK

            * * * * * * *  X D A T A   M E M O R Y  * * * * * * *
            XDATA   0000H     019BH     UNIT         ?XD?UART_FRAME
            XDATA   019BH     0071H     UNIT         _XDATA_GROUP_
            XDATA   020CH     004CH     UNIT         ?XD?TREADMILLS
            XDATA   0258H     0012H     UNIT         ?XD?DECODE
            XDATA   026AH     0011H     UNIT         ?XD?7_SEGMENT
            XDATA   027BH     000FH     UNIT         ?XD?ISR
            XDATA   028AH     000EH     UNIT         ?XD?LED_DISP
            XDATA   0298H     000EH     UNIT         ?XD?KEYPAD
            XDATA   02A6H     0008H     UNIT         ?XD?BEEP
            XDATA   02AEH     0007H     UNIT         ?XD?KEYPAD_FUN
BL51 BANKED LINKER/LOCATER V6.22.2.0                                                  11/17/2025  09:19:00  PAGE 3


            XDATA   02B5H     0007H     UNIT         ?XD?_WRITE_APROM_PAGE?IAP_EEPROM
            XDATA   02BCH     0006H     UNIT         ?XD?INDECATE
            XDATA   02C2H     0005H     UNIT         ?XD?_AIP1628_WRITE_NBYTES?AIP1628
            XDATA   02C7H     0005H     UNIT         ?XD?MAIN
            XDATA   02CCH     0005H     UNIT         ?XD?PROGRAME
            XDATA   02D1H     0005H     UNIT         ?XD?EE_PARAM
            XDATA   02D6H     0005H     UNIT         ?XD?_READ_APROM_PAGE?IAP_EEPROM
            XDATA   02DBH     0004H     UNIT         ?XD?PARAM
            XDATA   02DFH     0004H     UNIT         ?XD?_TIMER0_DELAY100US?DELAY
            XDATA   02E3H     0004H     UNIT         ?XD?_TIMER0_DELAY1MS?DELAY
            XDATA   02E7H     0004H     UNIT         ?XD?_TIMER1_DELAY10MS?DELAY
            XDATA   02EBH     0004H     UNIT         ?XD?_TIMER2_DELAY500US?DELAY
            XDATA   02EFH     0004H     UNIT         ?XD?_TIMER3_DELAY100MS?DELAY
            XDATA   02F3H     0004H     UNIT         ?XD?_TIMER3_DELAY10US?DELAY
            XDATA   02F7H     0004H     UNIT         ?XD?_INITIALUART0_TIMER3?COMMON
            XDATA   02FBH     0002H     UNIT         ?XD?BT_PANEL_SEND_SPEED?UART_FRAME
            XDATA   02FDH     0002H     UNIT         ?XD?UART
            XDATA   02FFH     0002H     UNIT         ?XD?READ_PARAM?EE_PARAM
            XDATA   0301H     0001H     UNIT         ?XD?KEYPAD_LONG_PROC?KEYPAD_FUN

            * * * * * * *   C O D E   M E M O R Y   * * * * * * *
            CODE    0000H     0003H     ABSOLUTE     
            CODE    0003H     0007H     UNIT         ?PR?EE_PARAM_INIT?EE_PARAM
                    000AH     0001H                  *** GAP ***
            CODE    000BH     0003H     ABSOLUTE     
            CODE    000EH     0014H     UNIT         ?PR?LED_DISPLAY_INIT?LED_DISP
                    0022H     0001H                  *** GAP ***
            CODE    0023H     0003H     ABSOLUTE     
            CODE    0026H     0054H     UNIT         ?PR?UART_FRAME_INIT?UART_FRAME
                    007AH     0001H                  *** GAP ***
            CODE    007BH     0003H     ABSOLUTE     
            CODE    007EH     0921H     UNIT         ?C?LIB_CODE
            CODE    099FH     0414H     UNIT         ?PR?_TREADMILLS_DISPLAY?TREADMILLS
            CODE    0DB3H     03F0H     UNIT         ?PR?TREADMILLS_PROC_LOOP?TREADMILLS
            CODE    11A3H     0353H     UNIT         ?PR?RF433M_RECEVIEDECODE?DECODE
            CODE    14F6H     02C0H     UNIT         ?PR?TREADMILLS_PARAM_CALC?TREADMILLS
            CODE    17B6H     0238H     UNIT         ?PR?UART0_CMD_PROC?UART_FRAME
            CODE    19EEH     01E2H     UNIT         ?PR?KEYPAD_SHORT_PROC?KEYPAD_FUN
            CODE    1BD0H     01D5H     UNIT         ?PR?SEG_DISP_PROC?LED_DISP
            CODE    1DA5H     0196H     UNIT         ?PR?MAIN?MAIN
            CODE    1F3BH     017BH     UNIT         ?PR?UART0_FRAME_LOOP?UART_FRAME
            CODE    20B6H     015FH     UNIT         ?PR?UART1_FRAME_LOOP?UART_FRAME
            CODE    2215H     0146H     UNIT         ?C_INITSEG
            CODE    235BH     0135H     UNIT         ?PR?UART1_CMD_PROC?UART_FRAME
            CODE    2490H     012EH     UNIT         ?PR?SEND_DEFAULT_PARAM?MAIN
            CODE    25BEH     011FH     UNIT         ?PR?_SEND_MOTION_DATA?UART_FRAME
            CODE    26DDH     0104H     UNIT         ?PR?KEYPAD_SCAN?KEYPAD
            CODE    27E1H     00FFH     UNIT         ?PR?TIMER0_ISR?ISR
            CODE    28E0H     00DEH     UNIT         ?PR?BT_POWER_SEND?UART_FRAME
            CODE    29BEH     00D6H     UNIT         ?PR?_SET_SEG_VAL?LED_DISP
            CODE    2A94H     00BDH     UNIT         ?PR?_UART0_SEND_FRAME?UART_FRAME
            CODE    2B51H     00BAH     UNIT         ?PR?_WRITE_APROM_PAGE?IAP_EEPROM
            CODE    2C0BH     00ACH     UNIT         ?C_C51STARTUP
            CODE    2CB7H     00A7H     UNIT         ?PR?MODIFY_HIRC_166?MAIN
            CODE    2D5EH     0093H     UNIT         ?PR?_BTN_ADD_PROC?KEYPAD_FUN
            CODE    2DF1H     008DH     UNIT         ?PR?_DENTER_QUEUE?QUEUE
            CODE    2E7EH     008CH     UNIT         ?PR?BEEP_SOUND_PROC?BEEP
BL51 BANKED LINKER/LOCATER V6.22.2.0                                                  11/17/2025  09:19:00  PAGE 4


            CODE    2F0AH     0085H     UNIT         ?PR?TREADMILLS_DISP_LOOP?TREADMILLS
            CODE    2F8FH     0082H     UNIT         ?PR?_SET_SEG_TWO?LED_DISP
            CODE    3011H     0081H     UNIT         ?PR?_SET_SEG_TWO_SC?LED_DISP
            CODE    3092H     0080H     UNIT         ?PR?_UART1_ENTER_QUEUE?QUEUE
            CODE    3112H     0080H     UNIT         ?PR?_UART0_ENTER_QUEUE?QUEUE
            CODE    3192H     007FH     UNIT         ?PR?COMMUNICATION_CHECKOUT?TREADMILLS
            CODE    3211H     007DH     UNIT         ?PR?_BTN_SUB_PROC?KEYPAD_FUN
            CODE    328EH     007DH     UNIT         ?PR?_INITIALUART0_TIMER3?COMMON
            CODE    330BH     0078H     UNIT         ?PR?_INITIALUART1_TIMER3?COMMON
            CODE    3383H     0077H     UNIT         ?PR?DISP_UPDATE?INDECATE
            CODE    33FAH     006FH     UNIT         ?PR?_UART_SEND_BUF?UART
            CODE    3469H     0069H     UNIT         ?PR?_UART_SEND_DATA?UART
            CODE    34D2H     0064H     UNIT         ?PR?BOOT_TIME?TREADMILLS
            CODE    3536H     0063H     UNIT         ?PR?_BEEP_SET?BEEP
            CODE    3599H     005EH     UNIT         ?PR?_TIMER3_DELAY100MS?DELAY
            CODE    35F7H     005EH     UNIT         ?PR?_TIMER3_DELAY10US?DELAY
            CODE    3655H     005DH     UNIT         ?PR?_ERASE_APROM_PAGE?IAP_EEPROM
            CODE    36B2H     005CH     UNIT         ?PR?_CREATE_QUEUE?QUEUE
            CODE    370EH     005CH     UNIT         ?PR?_TIMER2_DELAY500US?DELAY
            CODE    376AH     0059H     UNIT         ?PR?UART1_ISR?UART
            CODE    37C3H     0059H     UNIT         ?PR?_TIMER0_DELAY100US?DELAY
            CODE    381CH     0059H     UNIT         ?PR?_TIMER0_DELAY1MS?DELAY
            CODE    3875H     0059H     UNIT         ?PR?_TIMER1_DELAY10MS?DELAY
            CODE    38CEH     0057H     UNIT         ?PR?_UART1_IS_FULL_QUEUE?QUEUE
            CODE    3925H     0057H     UNIT         ?PR?_UART0_IS_FULL_QUEUE?QUEUE
            CODE    397CH     0051H     UNIT         ?PR?UART0_ISR?UART
            CODE    39CDH     0051H     UNIT         ?PR?_READ_APROM_PAGE?IAP_EEPROM
            CODE    3A1EH     004DH     UNIT         ?PR?SEND_MOTION_DATA_BY_STATUS?UART_FRAME
            CODE    3A6BH     0044H     UNIT         ?PR?READ_PARAM?EE_PARAM
            CODE    3AAFH     0043H     UNIT         ?PR?KEYPAD_CONTINUE_PROC?KEYPAD_FUN
            CODE    3AF2H     003EH     UNIT         ?PR?TREADMILLS_INIT?TREADMILLS
            CODE    3B30H     003CH     UNIT         ?PR?_CRC_CHEACK?UART_FRAME
            CODE    3B6CH     003BH     UNIT         ?PR?PWM_INIT?PWM_SIMPLE
            CODE    3BA7H     0038H     UNIT         ?PR?_INITIALUART0_TIMER1?COMMON
            CODE    3BDFH     0037H     UNIT         ?PR?_UART1_FRAME_TX_2?UART_FRAME
            CODE    3C16H     0033H     UNIT         ?PR?_BT_PANEL_SEND_CMD?UART_FRAME
            CODE    3C49H     0032H     UNIT         ?PR?_UART1_FRAME_TX?UART_FRAME
            CODE    3C7BH     002FH     UNIT         ?PR?_AIP1628_WRITE_NBYTES?AIP1628
            CODE    3CAAH     001EH     UNIT         ?PR?_WT_BYTE?AIP1628
            CODE    3CC8H     001EH     UNIT         ?PR?UART_INIT?UART
            CODE    3CE6H     001DH     UNIT         ?PR?WRITE_PARAM?EE_PARAM
            CODE    3D03H     001CH     UNIT         ?PR?BT_PANEL_SEND_SPEED?UART_FRAME
            CODE    3D1FH     001BH     UNIT         ?PR?_SET_BIT_SEG?LED_DISP
            CODE    3D3AH     001AH     UNIT         ?PR?SW_RESET?COMMON
            CODE    3D54H     0019H     UNIT         ?PR?TIMER0_INIT?TIMER01_M1
            CODE    3D6DH     0018H     UNIT         ?PR?AIP1628_INIT?AIP1628
            CODE    3D85H     0018H     UNIT         ?PR?_IS_EMPTY_QUEUE?QUEUE
            CODE    3D9DH     0012H     UNIT         ?PR?PROGRAME_INIT?PROGRAME
            CODE    3DAFH     0011H     UNIT         ?PR?_AIP1628_WRITE_BYTE?AIP1628
            CODE    3DC0H     0010H     UNIT         ?PR?_SET_SEG_MODE?LED_DISP
            CODE    3DD0H     000FH     UNIT         ?CO?TREADMILLS
            CODE    3DDFH     000EH     UNIT         ?PR?_PWM1DUTYCYCLE?PWM_SIMPLE
            CODE    3DEDH     000EH     UNIT         ?PR?_PWM2DUTYCYCLE?PWM_SIMPLE
            CODE    3DFBH     000DH     UNIT         ?PR?_SET_SEG_FLASH_CNT?LED_DISP
            CODE    3E08H     000DH     UNIT         ?PR?BEEP_FORCE_STOP?BEEP
            CODE    3E15H     000CH     UNIT         ?PR?_SET_AIP1628_LIGHTE_SCALE?AIP1628
            CODE    3E21H     000AH     UNIT         ?PR?PARAM_INIT?PARAM
BL51 BANKED LINKER/LOCATER V6.22.2.0                                                  11/17/2025  09:19:00  PAGE 5


            CODE    3E2BH     0009H     UNIT         ?PR?KEYPAD_LONG_PROC?KEYPAD_FUN
            CODE    3E34H     0009H     UNIT         ?PR?RF433M_INIT?DECODE
            CODE    3E3DH     0003H     UNIT         ?PR?TEST_IAPROM?IAP_EEPROM



OVERLAY MAP OF MODULE:   .\Output\PBJ_SK_2.4G (?C_STARTUP)


SEGMENT                                            DATA_GROUP          XDATA_GROUP
  +--> CALLED SEGMENT                            START    LENGTH     START    LENGTH
------------------------------------------------------------------------------------
?C_C51STARTUP                                    -----    -----      -----    -----
  +--> ?PR?MAIN?MAIN
  +--> ?C_INITSEG

?PR?MAIN?MAIN                                    -----    -----      019BH    0001H
  +--> ?PR?MODIFY_HIRC_166?MAIN
  +--> ?PR?RF433M_INIT?DECODE
  +--> ?PR?LED_DISPLAY_INIT?LED_DISP
  +--> ?PR?AIP1628_INIT?AIP1628
  +--> ?PR?PWM_INIT?PWM_SIMPLE
  +--> ?PR?UART_INIT?UART
  +--> ?PR?TIMER0_INIT?TIMER01_M1
  +--> ?PR?UART_FRAME_INIT?UART_FRAME
  +--> ?PR?TREADMILLS_INIT?TREADMILLS
  +--> ?PR?PARAM_INIT?PARAM
  +--> ?PR?EE_PARAM_INIT?EE_PARAM
  +--> ?PR?_BEEP_SET?BEEP
  +--> ?PR?UART0_FRAME_LOOP?UART_FRAME
  +--> ?PR?UART1_FRAME_LOOP?UART_FRAME
  +--> ?PR?KEYPAD_SCAN?KEYPAD
  +--> ?PR?BEEP_SOUND_PROC?BEEP
  +--> ?PR?BOOT_TIME?TREADMILLS
  +--> ?PR?SEG_DISP_PROC?LED_DISP
  +--> ?PR?TREADMILLS_DISP_LOOP?TREADMILLS
  +--> ?PR?TREADMILLS_PROC_LOOP?TREADMILLS
  +--> ?PR?BT_POWER_SEND?UART_FRAME
  +--> ?PR?SEND_DEFAULT_PARAM?MAIN
  +--> ?PR?SEND_MOTION_DATA_BY_STATUS?UART_F...
  +--> ?PR?_SET_BIT_SEG?LED_DISP
  +--> ?PR?TREADMILLS_PARAM_CALC?TREADMILLS
  +--> ?PR?DISP_UPDATE?INDECATE

?PR?MODIFY_HIRC_166?MAIN                         0008H    0002H      -----    -----

?PR?LED_DISPLAY_INIT?LED_DISP                    -----    -----      -----    -----
  +--> ?PR?_SET_SEG_MODE?LED_DISP

?PR?AIP1628_INIT?AIP1628                         -----    -----      -----    -----
  +--> ?PR?_WT_BYTE?AIP1628
  +--> ?PR?_SET_AIP1628_LIGHTE_SCALE?AIP1628

?PR?_SET_AIP1628_LIGHTE_SCALE?AIP1628            -----    -----      -----    -----
  +--> ?PR?_WT_BYTE?AIP1628

?PR?UART_INIT?UART                               -----    -----      -----    -----
BL51 BANKED LINKER/LOCATER V6.22.2.0                                                  11/17/2025  09:19:00  PAGE 6


  +--> ?PR?_INITIALUART0_TIMER1?COMMON
  +--> ?PR?_INITIALUART1_TIMER3?COMMON

?PR?_INITIALUART1_TIMER3?COMMON                  -----    -----      019CH    0004H

?PR?UART_FRAME_INIT?UART_FRAME                   -----    -----      -----    -----
  +--> ?PR?_CREATE_QUEUE?QUEUE

?PR?_CREATE_QUEUE?QUEUE                          -----    -----      019CH    000AH

?PR?_BEEP_SET?BEEP                               -----    -----      01A1H    0005H
  +--> ?PR?_PWM1DUTYCYCLE?PWM_SIMPLE

?PR?UART0_FRAME_LOOP?UART_FRAME                  -----    -----      019CH    0001H
  +--> ?PR?_DENTER_QUEUE?QUEUE
  +--> ?PR?_UART0_SEND_FRAME?UART_FRAME
  +--> ?PR?UART0_CMD_PROC?UART_FRAME

?PR?_DENTER_QUEUE?QUEUE                          -----    -----      019DH    0006H
  +--> ?PR?_IS_EMPTY_QUEUE?QUEUE

?PR?_UART0_SEND_FRAME?UART_FRAME                 -----    -----      01BCH    0039H
  +--> ?PR?_CRC_CHEACK?UART_FRAME
  +--> ?PR?_UART_SEND_BUF?UART

?PR?_CRC_CHEACK?UART_FRAME                       -----    -----      01F5H    0004H

?PR?_UART_SEND_BUF?UART                          -----    -----      01F5H    0005H
  +--> ?PR?_UART_SEND_DATA?UART

?PR?_UART_SEND_DATA?UART                         -----    -----      01FAH    0004H

?PR?UART0_CMD_PROC?UART_FRAME                    -----    -----      019DH    0001H
  +--> ?PR?_UART0_SEND_FRAME?UART_FRAME
  +--> ?PR?_UART1_FRAME_TX?UART_FRAME
  +--> ?PR?_BEEP_SET?BEEP

?PR?_UART1_FRAME_TX?UART_FRAME                   -----    -----      -----    -----
  +--> ?PR?_UART_SEND_BUF?UART

?PR?UART1_FRAME_LOOP?UART_FRAME                  -----    -----      019CH    0001H
  +--> ?PR?_DENTER_QUEUE?QUEUE
  +--> ?PR?UART1_CMD_PROC?UART_FRAME

?PR?UART1_CMD_PROC?UART_FRAME                    -----    -----      -----    -----
  +--> ?PR?_UART_SEND_BUF?UART
  +--> ?PR?_BEEP_SET?BEEP
  +--> ?PR?_SET_SEG_VAL?LED_DISP
  +--> ?PR?_SET_SEG_MODE?LED_DISP

?PR?_SET_SEG_VAL?LED_DISP                        -----    -----      019DH    0002H

?PR?KEYPAD_SCAN?KEYPAD                           -----    -----      -----    -----
  +--> ?PR?_BEEP_SET?BEEP
  +--> ?PR?KEYPAD_CONTINUE_PROC?KEYPAD_FUN
  +--> ?PR?KEYPAD_SHORT_PROC?KEYPAD_FUN

BL51 BANKED LINKER/LOCATER V6.22.2.0                                                  11/17/2025  09:19:00  PAGE 7


?PR?KEYPAD_CONTINUE_PROC?KEYPAD_FUN              -----    -----      019CH    0001H
  +--> ?PR?_BTN_ADD_PROC?KEYPAD_FUN
  +--> ?PR?_BTN_SUB_PROC?KEYPAD_FUN

?PR?_BTN_ADD_PROC?KEYPAD_FUN                     -----    -----      -----    -----
  +--> ?PR?_BEEP_SET?BEEP
  +--> ?PR?_UART1_FRAME_TX?UART_FRAME

?PR?_BTN_SUB_PROC?KEYPAD_FUN                     -----    -----      -----    -----
  +--> ?PR?_BEEP_SET?BEEP
  +--> ?PR?_UART1_FRAME_TX?UART_FRAME

?PR?KEYPAD_SHORT_PROC?KEYPAD_FUN                 -----    -----      019CH    0005H
  +--> ?PR?_BTN_ADD_PROC?KEYPAD_FUN
  +--> ?PR?_BEEP_SET?BEEP
  +--> ?PR?_BT_PANEL_SEND_CMD?UART_FRAME
  +--> ?PR?_UART1_FRAME_TX?UART_FRAME
  +--> ?PR?_BTN_SUB_PROC?KEYPAD_FUN

?PR?_BT_PANEL_SEND_CMD?UART_FRAME                -----    -----      01A1H    0003H
  +--> ?PR?_UART0_SEND_FRAME?UART_FRAME

?PR?BEEP_SOUND_PROC?BEEP                         -----    -----      -----    -----
  +--> ?PR?_PWM1DUTYCYCLE?PWM_SIMPLE

?PR?BOOT_TIME?TREADMILLS                         -----    -----      -----    -----
  +--> ?PR?_TREADMILLS_DISPLAY?TREADMILLS

?PR?_TREADMILLS_DISPLAY?TREADMILLS               -----    -----      019CH    001CH
  +--> ?CO?TREADMILLS
  +--> ?PR?_SET_SEG_TWO_SC?LED_DISP
  +--> ?PR?_SET_BIT_SEG?LED_DISP
  +--> ?PR?_SET_SEG_TWO?LED_DISP

?PR?_SET_SEG_TWO_SC?LED_DISP                     -----    -----      01B8H    0001H

?PR?_SET_SEG_TWO?LED_DISP                        -----    -----      01B8H    0001H

?PR?TREADMILLS_DISP_LOOP?TREADMILLS              -----    -----      -----    -----
  +--> ?PR?_TREADMILLS_DISPLAY?TREADMILLS

?PR?TREADMILLS_PROC_LOOP?TREADMILLS              -----    -----      -----    -----
  +--> ?PR?_SET_BIT_SEG?LED_DISP
  +--> ?PR?_SET_SEG_MODE?LED_DISP
  +--> ?PR?_UART_SEND_BUF?UART
  +--> ?PR?_BEEP_SET?BEEP
  +--> ?PR?_UART1_FRAME_TX_2?UART_FRAME
  +--> ?PR?_TREADMILLS_DISPLAY?TREADMILLS
  +--> ?PR?_UART1_FRAME_TX?UART_FRAME
  +--> ?PR?BEEP_FORCE_STOP?BEEP
  +--> ?PR?_SET_SEG_VAL?LED_DISP

?PR?_UART1_FRAME_TX_2?UART_FRAME                 -----    -----      -----    -----
  +--> ?PR?_UART_SEND_BUF?UART

?PR?BEEP_FORCE_STOP?BEEP                         -----    -----      -----    -----
  +--> ?PR?_PWM1DUTYCYCLE?PWM_SIMPLE
BL51 BANKED LINKER/LOCATER V6.22.2.0                                                  11/17/2025  09:19:00  PAGE 8



?PR?BT_POWER_SEND?UART_FRAME                     -----    -----      -----    -----
  +--> ?PR?_UART0_SEND_FRAME?UART_FRAME

?PR?SEND_DEFAULT_PARAM?MAIN                      -----    -----      019CH    0001H
  +--> ?PR?_UART1_FRAME_TX?UART_FRAME

?PR?SEND_MOTION_DATA_BY_STATUS?UART_F...         -----    -----      019CH    0001H
  +--> ?PR?_SEND_MOTION_DATA?UART_FRAME

?PR?_SEND_MOTION_DATA?UART_FRAME                 -----    -----      019DH    001FH
  +--> ?PR?_UART0_SEND_FRAME?UART_FRAME

?PR?TREADMILLS_PARAM_CALC?TREADMILLS             -----    -----      -----    -----
  +--> ?PR?_BEEP_SET?BEEP
  +--> ?PR?_TREADMILLS_DISPLAY?TREADMILLS

?PR?DISP_UPDATE?INDECATE                         -----    -----      -----    -----
  +--> ?PR?AIP1628_INIT?AIP1628
  +--> ?PR?_AIP1628_WRITE_BYTE?AIP1628

?PR?_AIP1628_WRITE_BYTE?AIP1628                  -----    -----      -----    -----
  +--> ?PR?_WT_BYTE?AIP1628

*** NEW ROOT ***************************************************

?PR?TIMER0_ISR?ISR                               -----    -----      -----    -----
  +--> ?PR?RF433M_RECEVIEDECODE?DECODE

*** NEW ROOT ***************************************************

?PR?UART0_ISR?UART                               -----    -----      -----    -----
  +--> ?PR?_UART0_ENTER_QUEUE?QUEUE

?PR?_UART0_ENTER_QUEUE?QUEUE                     -----    -----      01FEH    0004H
  +--> ?PR?_UART0_IS_FULL_QUEUE?QUEUE

?PR?_UART0_IS_FULL_QUEUE?QUEUE                   -----    -----      0202H    0003H

*** NEW ROOT ***************************************************

?PR?UART1_ISR?UART                               -----    -----      -----    -----
  +--> ?PR?_UART1_ENTER_QUEUE?QUEUE

?PR?_UART1_ENTER_QUEUE?QUEUE                     -----    -----      0205H    0004H
  +--> ?PR?_UART1_IS_FULL_QUEUE?QUEUE

?PR?_UART1_IS_FULL_QUEUE?QUEUE                   -----    -----      0209H    0003H



SYMBOL TABLE OF MODULE:  .\Output\PBJ_SK_2.4G (?C_STARTUP)

  VALUE           TYPE          NAME
  ----------------------------------

  -------         MODULE        ?C_STARTUP
BL51 BANKED LINKER/LOCATER V6.22.2.0                                                  11/17/2025  09:19:00  PAGE 9


  C:2C0BH         SEGMENT       ?C_C51STARTUP
  I:0022H         SEGMENT       ?STACK
  C:0000H         PUBLIC        ?C_STARTUP
  D:00E0H         SYMBOL        ACC
  D:00F0H         SYMBOL        B
  D:0083H         SYMBOL        DPH
  D:0082H         SYMBOL        DPL
  N:0000H         SYMBOL        IBPSTACK
  N:0100H         SYMBOL        IBPSTACKTOP
  N:0080H         SYMBOL        IDATALEN
  C:2C20H         SYMBOL        IDATALOOP
  N:0000H         SYMBOL        PBPSTACK
  N:0000H         SYMBOL        PBPSTACKTOP
  N:0000H         SYMBOL        PDATALEN
  N:0000H         SYMBOL        PDATASTART
  N:0000H         SYMBOL        PPAGE
  N:0000H         SYMBOL        PPAGEENABLE
  D:00A0H         SYMBOL        PPAGE_SFR
  D:0081H         SYMBOL        SP
  C:2C0BH         SYMBOL        STARTUP1
  N:0000H         SYMBOL        XBPSTACK
  N:0000H         SYMBOL        XBPSTACKTOP
  N:02FFH         SYMBOL        XDATALEN
  C:2C2BH         SYMBOL        XDATALOOP
  N:0000H         SYMBOL        XDATASTART
  C:0000H         LINE#         94
  C:2C0BH         LINE#         100
  C:2C0EH         LINE#         101
  C:2C11H         LINE#         102
  C:2C14H         LINE#         104
  C:2C17H         LINE#         105
  C:2C1AH         LINE#         106
  C:2C1DH         LINE#         109
  C:2C1FH         LINE#         110
  C:2C20H         LINE#         111
  C:2C21H         LINE#         112
  C:2C23H         LINE#         116
  C:2C26H         LINE#         117
  C:2C28H         LINE#         119
  C:2C2AH         LINE#         123
  C:2C2BH         LINE#         124
  C:2C2CH         LINE#         125
  C:2C2DH         LINE#         126
  C:2C2FH         LINE#         127
  C:2C31H         LINE#         161
  C:2C34H         LINE#         165
  -------         ENDMOD        ?C_STARTUP

  -------         MODULE        7_SEGMENT
  C:0000H         SYMBOL        _ICE_DUMMY_
  D:0080H         PUBLIC        P0
  D:0090H         PUBLIC        P1
  D:00A0H         PUBLIC        P2
  D:00B0H         PUBLIC        P3
  D:00D8H         PUBLIC        PWMCON0
  D:00A8H         PUBLIC        IE
  D:00B8H         PUBLIC        IP
BL51 BANKED LINKER/LOCATER V6.22.2.0                                                  11/17/2025  09:19:00  PAGE 10


  D:0098H         PUBLIC        SCON
  D:0088H         PUBLIC        TCON
  D:00F8H         PUBLIC        SCON_1
  D:00E8H         PUBLIC        ADCCON0
  D:00C0H         PUBLIC        I2CON
  D:00C8H         PUBLIC        T2CON
  X:026AH         PUBLIC        seg_num
  D:00D0H         PUBLIC        PSW
  -------         ENDMOD        7_SEGMENT

  -------         MODULE        AIP1628
  C:0000H         SYMBOL        _ICE_DUMMY_
  D:0080H         PUBLIC        P0
  D:0090H         PUBLIC        P1
  D:00A0H         PUBLIC        P2
  C:3CAAH         SYMBOL        _wt_byte
  D:00B0H         PUBLIC        P3
  D:00D8H         PUBLIC        PWMCON0
  C:3E15H         PUBLIC        _set_aip1628_lighte_scale
  D:00A8H         PUBLIC        IE
  C:3C7BH         PUBLIC        _aip1628_write_nbytes
  D:00B8H         PUBLIC        IP
  C:3D6DH         PUBLIC        aip1628_init
  B:0090H.1       PUBLIC        P11
  B:0090H.2       PUBLIC        P12
  C:3DAFH         PUBLIC        _aip1628_write_byte
  B:0090H.3       PUBLIC        P13
  D:0098H         PUBLIC        SCON
  D:0088H         PUBLIC        TCON
  D:00F8H         PUBLIC        SCON_1
  D:00E8H         PUBLIC        ADCCON0
  D:00C0H         PUBLIC        I2CON
  D:00C8H         PUBLIC        T2CON
  D:00D0H         PUBLIC        PSW
  -------         PROC          _WT_BYTE
  D:0007H         SYMBOL        dat
  -------         DO            
  D:0006H         SYMBOL        i
  -------         ENDDO         
  C:3CAAH         LINE#         22
  C:3CAAH         LINE#         23
  C:3CAAH         LINE#         25
  C:3CB6H         LINE#         26
  C:3CB6H         LINE#         27
  C:3CB8H         LINE#         28
  C:3CBCH         LINE#         29
  C:3CC0H         LINE#         30
  C:3CC2H         LINE#         31
  C:3CC5H         LINE#         32
  C:3CC7H         LINE#         33
  -------         ENDPROC       _WT_BYTE
  -------         PROC          _AIP1628_WRITE_BYTE
  D:0007H         SYMBOL        addr
  D:0005H         SYMBOL        dat
  C:3DAFH         LINE#         36
  C:3DAFH         LINE#         37
  C:3DAFH         LINE#         38
BL51 BANKED LINKER/LOCATER V6.22.2.0                                                  11/17/2025  09:19:00  PAGE 11


  C:3DB1H         LINE#         39
  C:3DB8H         LINE#         40
  C:3DBDH         LINE#         42
  C:3DBFH         LINE#         43
  -------         ENDPROC       _AIP1628_WRITE_BYTE
  -------         PROC          _AIP1628_WRITE_NBYTES
  D:0007H         SYMBOL        addr
  D:0001H         SYMBOL        p
  X:02C6H         SYMBOL        len
  C:3C7BH         LINE#         46
  C:3C7BH         LINE#         47
  C:3C7BH         LINE#         48
  C:3C7DH         LINE#         49
  C:3C84H         LINE#         50
  C:3C91H         LINE#         51
  C:3C91H         LINE#         52
  C:3C98H         LINE#         53
  C:3C9FH         LINE#         54
  C:3CA7H         LINE#         55
  C:3CA9H         LINE#         56
  -------         ENDPROC       _AIP1628_WRITE_NBYTES
  -------         PROC          _SET_AIP1628_LIGHTE_SCALE
  D:0007H         SYMBOL        scale
  C:3E15H         LINE#         59
  C:3E15H         LINE#         60
  C:3E15H         LINE#         62
  C:3E17H         LINE#         63
  C:3E1EH         LINE#         64
  C:3E20H         LINE#         65
  -------         ENDPROC       _SET_AIP1628_LIGHTE_SCALE
  -------         PROC          AIP1628_INIT
  C:3D6DH         LINE#         68
  C:3D6DH         LINE#         69
  C:3D6DH         LINE#         71
  C:3D6FH         LINE#         72
  C:3D74H         LINE#         73
  C:3D76H         LINE#         76
  C:3D78H         LINE#         77
  C:3D7DH         LINE#         78
  C:3D7FH         LINE#         80
  C:3D84H         LINE#         81
  -------         ENDPROC       AIP1628_INIT
  -------         ENDMOD        AIP1628

  -------         MODULE        INDECATE
  C:0000H         SYMBOL        _ICE_DUMMY_
  D:0080H         PUBLIC        P0
  D:0090H         PUBLIC        P1
  D:00A0H         PUBLIC        P2
  D:00B0H         PUBLIC        P3
  D:00D8H         PUBLIC        PWMCON0
  D:00A8H         PUBLIC        IE
  D:00B8H         PUBLIC        IP
  C:3383H         PUBLIC        disp_update
  X:02BCH         PUBLIC        indecate_update_flag
  D:0098H         PUBLIC        SCON
  D:0088H         PUBLIC        TCON
BL51 BANKED LINKER/LOCATER V6.22.2.0                                                  11/17/2025  09:19:00  PAGE 12


  X:02BDH         PUBLIC        indecate
  D:00F8H         PUBLIC        SCON_1
  D:00E8H         PUBLIC        ADCCON0
  D:00C0H         PUBLIC        I2CON
  D:00C8H         PUBLIC        T2CON
  D:00D0H         PUBLIC        PSW
  -------         PROC          DISP_UPDATE
  C:3383H         LINE#         18
  C:3383H         LINE#         19
  C:3383H         LINE#         20
  C:3386H         LINE#         21
  C:338CH         LINE#         22
  C:338CH         LINE#         23
  C:338EH         LINE#         25
  C:3394H         LINE#         26
  C:3394H         LINE#         27
  C:339EH         LINE#         28
  C:33A8H         LINE#         29
  C:33B2H         LINE#         30
  C:33BCH         LINE#         31
  C:33C6H         LINE#         32
  C:33C7H         LINE#         34
  C:33C7H         LINE#         35
  C:33CDH         LINE#         36
  C:33D4H         LINE#         37
  C:33DEH         LINE#         38
  C:33F2H         LINE#         39
  C:33F9H         LINE#         40
  C:33F9H         LINE#         41
  C:33F9H         LINE#         42
  -------         ENDPROC       DISP_UPDATE
  -------         ENDMOD        INDECATE

  -------         MODULE        LED_DISP
  C:0000H         SYMBOL        _ICE_DUMMY_
  D:0080H         PUBLIC        P0
  D:0090H         PUBLIC        P1
  D:00A0H         PUBLIC        P2
  D:00B0H         PUBLIC        P3
  X:028AH         SYMBOL        _mode
  D:00D8H         PUBLIC        PWMCON0
  C:3DFBH         PUBLIC        _set_seg_flash_cnt
  D:00A8H         PUBLIC        IE
  C:3D1FH         PUBLIC        _set_bit_seg
  C:29BEH         PUBLIC        _set_seg_val
  X:028BH         SYMBOL        ptrseg
  D:00B8H         PUBLIC        IP
  C:000EH         PUBLIC        led_display_init
  C:2F8FH         PUBLIC        _set_seg_two
  D:0098H         PUBLIC        SCON
  D:0088H         PUBLIC        TCON
  X:028EH         SYMBOL        flash_cnt
  X:028FH         SYMBOL        buf
  D:00F8H         PUBLIC        SCON_1
  X:0297H         SYMBOL        cnt
  D:00E8H         PUBLIC        ADCCON0
  D:00C0H         PUBLIC        I2CON
BL51 BANKED LINKER/LOCATER V6.22.2.0                                                  11/17/2025  09:19:00  PAGE 13


  C:3011H         PUBLIC        _set_seg_two_sc
  D:00C8H         PUBLIC        T2CON
  C:1BD0H         PUBLIC        seg_disp_proc
  C:3DC0H         PUBLIC        _set_seg_mode
  D:00D0H         PUBLIC        PSW
  -------         PROC          LED_DISPLAY_INIT
  C:000EH         LINE#         18
  C:000EH         LINE#         19
  C:000EH         LINE#         20
  C:001CH         LINE#         21
  C:0021H         LINE#         22
  -------         ENDPROC       LED_DISPLAY_INIT
  -------         PROC          _SET_BIT_SEG
  D:0007H         SYMBOL        index
  D:0005H         SYMBOL        dat
  C:3D1FH         LINE#         25
  C:3D1FH         LINE#         26
  C:3D1FH         LINE#         27
  C:3D33H         LINE#         28
  C:3D39H         LINE#         29
  -------         ENDPROC       _SET_BIT_SEG
  -------         PROC          _SET_SEG_VAL
  X:019DH         SYMBOL        val
  -------         DO            
  D:0007H         SYMBOL        dat
  -------         ENDDO         
  C:29BEH         LINE#         32
  C:29C6H         LINE#         33
  C:29C6H         LINE#         34
  C:29CDH         LINE#         35
  C:29D1H         LINE#         36
  C:29ECH         LINE#         37
  C:2A26H         LINE#         38
  C:2A60H         LINE#         39
  C:2A8DH         LINE#         41
  C:2A93H         LINE#         42
  -------         ENDPROC       _SET_SEG_VAL
  -------         PROC          _SET_SEG_TWO
  X:01B8H         SYMBOL        hi2
  D:0005H         SYMBOL        lo2
  -------         DO            
  D:0007H         SYMBOL        dat
  -------         ENDDO         
  C:2F8FH         LINE#         45
  C:2F94H         LINE#         46
  C:2F94H         LINE#         47
  C:2F99H         LINE#         48
  C:2F9CH         LINE#         49
  C:2FB7H         LINE#         50
  C:2FDEH         LINE#         52
  C:2FF3H         LINE#         53
  C:300AH         LINE#         55
  C:3010H         LINE#         56
  -------         ENDPROC       _SET_SEG_TWO
  -------         PROC          _SET_SEG_TWO_SC
  D:0007H         SYMBOL        hi2
  X:01B8H         SYMBOL        lo2
BL51 BANKED LINKER/LOCATER V6.22.2.0                                                  11/17/2025  09:19:00  PAGE 14


  -------         DO            
  D:0006H         SYMBOL        dat
  -------         ENDDO         
  C:3011H         LINE#         59
  C:3016H         LINE#         60
  C:3016H         LINE#         61
  C:301CH         LINE#         62
  C:301FH         LINE#         63
  C:303AH         LINE#         64
  C:305CH         LINE#         66
  C:3073H         LINE#         67
  C:308BH         LINE#         69
  C:3091H         LINE#         70
  -------         ENDPROC       _SET_SEG_TWO_SC
  -------         PROC          _SET_SEG_MODE
  D:0007H         SYMBOL        mode
  C:3DC0H         LINE#         73
  C:3DC0H         LINE#         74
  C:3DC0H         LINE#         75
  C:3DC5H         LINE#         76
  C:3DCAH         LINE#         77
  C:3DCFH         LINE#         78
  -------         ENDPROC       _SET_SEG_MODE
  -------         PROC          _SET_SEG_FLASH_CNT
  D:0007H         SYMBOL        cnt
  C:3DFBH         LINE#         81
  C:3DFBH         LINE#         82
  C:3DFBH         LINE#         83
  C:3E01H         LINE#         84
  C:3E07H         LINE#         85
  -------         ENDPROC       _SET_SEG_FLASH_CNT
  -------         PROC          SEG_DISP_PROC
  C:1BD0H         LINE#         88
  C:1BD0H         LINE#         89
  C:1BD0H         LINE#         90
  C:1BE1H         LINE#         91
  C:1BE1H         LINE#         92
  C:1BE1H         LINE#         93
  C:1BE1H         LINE#         94
  C:1BE1H         LINE#         95
  C:1BEAH         LINE#         96
  C:1BEAH         LINE#         97
  C:1BFCH         LINE#         98
  C:1C06H         LINE#         99
  C:1C10H         LINE#         100
  C:1C1AH         LINE#         101
  C:1C1DH         LINE#         102
  C:1C23H         LINE#         103
  C:1C23H         LINE#         104
  C:1C32H         LINE#         105
  C:1C44H         LINE#         106
  C:1C4BH         LINE#         107
  C:1C52H         LINE#         108
  C:1C58H         LINE#         109
  C:1C5AH         LINE#         110
  C:1C62H         LINE#         111
  C:1C62H         LINE#         112
BL51 BANKED LINKER/LOCATER V6.22.2.0                                                  11/17/2025  09:19:00  PAGE 15


  C:1C76H         LINE#         113
  C:1C8DH         LINE#         114
  C:1C97H         LINE#         115
  C:1CA1H         LINE#         116
  C:1CA7H         LINE#         117
  C:1CADH         LINE#         120
  C:1CADH         LINE#         121
  C:1CB3H         LINE#         122
  C:1CB4H         LINE#         123
  C:1CB4H         LINE#         124
  C:1CBDH         LINE#         125
  C:1CBDH         LINE#         126
  C:1CD1H         LINE#         127
  C:1CE8H         LINE#         128
  C:1CF2H         LINE#         129
  C:1CFCH         LINE#         130
  C:1CFFH         LINE#         131
  C:1D05H         LINE#         132
  C:1D05H         LINE#         133
  C:1D19H         LINE#         134
  C:1D30H         LINE#         135
  C:1D3AH         LINE#         136
  C:1D44H         LINE#         137
  C:1D4AH         LINE#         138
  C:1D4CH         LINE#         139
  C:1D54H         LINE#         140
  C:1D54H         LINE#         141
  C:1D68H         LINE#         142
  C:1D7FH         LINE#         143
  C:1D89H         LINE#         144
  C:1D93H         LINE#         145
  C:1D99H         LINE#         146
  C:1D9EH         LINE#         147
  C:1D9EH         LINE#         148
  C:1DA4H         LINE#         149
  C:1DA4H         LINE#         150
  C:1DA4H         LINE#         151
  C:1DA4H         LINE#         152
  C:1DA4H         LINE#         153
  -------         ENDPROC       SEG_DISP_PROC
  -------         ENDMOD        LED_DISP

  -------         MODULE        KEYPAD
  C:0000H         SYMBOL        _ICE_DUMMY_
  D:0080H         PUBLIC        P0
  D:0090H         PUBLIC        P1
  D:00A0H         PUBLIC        P2
  D:00B0H         PUBLIC        P3
  D:00D8H         PUBLIC        PWMCON0
  D:00A8H         PUBLIC        IE
  D:00B8H         PUBLIC        IP
  X:0298H         PUBLIC        delay_add
  X:0299H         SYMBOL        state
  C:26DDH         PUBLIC        KeyPad_Scan
  X:029AH         PUBLIC        key_delay_dede
  D:0098H         PUBLIC        SCON
  D:0088H         PUBLIC        TCON
BL51 BANKED LINKER/LOCATER V6.22.2.0                                                  11/17/2025  09:19:00  PAGE 16


  X:029CH         SYMBOL        cont
  X:029DH         SYMBOL        trig
  X:029EH         SYMBOL        old
  D:00F8H         PUBLIC        SCON_1
  X:029FH         SYMBOL        cnt
  X:02A0H         PUBLIC        key
  X:02A1H         SYMBOL        new
  X:02A2H         PUBLIC        key_mask
  D:00E8H         PUBLIC        ADCCON0
  D:00C0H         PUBLIC        I2CON
  X:02A3H         PUBLIC        tl_flag
  X:02A4H         PUBLIC        FOHA_cont_cnt
  D:00C8H         PUBLIC        T2CON
  X:02A5H         PUBLIC        key_cnt
  D:00D0H         PUBLIC        PSW
  -------         PROC          KEYPAD_SCAN
  C:26DDH         LINE#         32
  C:26DDH         LINE#         33
  C:26DDH         LINE#         38
  C:26E2H         LINE#         40
  C:26F4H         LINE#         41
  C:2701H         LINE#         42
  C:2710H         LINE#         43
  C:271FH         LINE#         46
  C:2729H         LINE#         47
  C:2729H         LINE#         48
  C:2738H         LINE#         50
  C:2738H         LINE#         52
  C:273EH         LINE#         53
  C:273EH         LINE#         54
  C:2746H         LINE#         55
  C:2746H         LINE#         56
  C:2748H         LINE#         57
  C:2753H         LINE#         58
  C:275DH         LINE#         60
  C:275DH         LINE#         61
  C:2764H         LINE#         63
  C:2771H         LINE#         64
  C:2771H         LINE#         65
  C:2779H         LINE#         66
  C:277FH         LINE#         67
  C:2784H         LINE#         68
  C:2784H         LINE#         69
  C:2785H         LINE#         70
  C:2788H         LINE#         71
  C:2788H         LINE#         72
  C:278AH         LINE#         73
  C:278AH         LINE#         74
  C:2790H         LINE#         75
  C:2790H         LINE#         76
  C:2792H         LINE#         77
  C:2792H         LINE#         78
  C:279AH         LINE#         79
  C:279AH         LINE#         80
  C:279BH         LINE#         81
  C:27A6H         LINE#         82
  C:27A6H         LINE#         83
BL51 BANKED LINKER/LOCATER V6.22.2.0                                                  11/17/2025  09:19:00  PAGE 17


  C:27A6H         LINE#         85
  C:27B3H         LINE#         86
  C:27B3H         LINE#         87
  C:27BAH         LINE#         88
  C:27BFH         LINE#         89
  C:27C2H         LINE#         90
  C:27CAH         LINE#         91
  C:27D7H         LINE#         92
  C:27D7H         LINE#         93
  C:27DAH         LINE#         94
  C:27DBH         LINE#         95
  C:27DBH         LINE#         96
  C:27E0H         LINE#         97
  C:27E0H         LINE#         98
  C:27E0H         LINE#         99
  -------         ENDPROC       KEYPAD_SCAN
  -------         ENDMOD        KEYPAD

  -------         MODULE        KEYPAD_FUN
  C:0000H         SYMBOL        _ICE_DUMMY_
  D:0080H         PUBLIC        P0
  D:0090H         PUBLIC        P1
  D:00A0H         PUBLIC        P2
  D:00B0H         PUBLIC        P3
  D:00D8H         PUBLIC        PWMCON0
  C:3211H         SYMBOL        _btn_sub_proc
  D:00A8H         PUBLIC        IE
  X:02AEH         PUBLIC        speed_modes
  D:00B8H         PUBLIC        IP
  X:02B4H         SYMBOL        index
  C:3E2BH         PUBLIC        keypad_long_proc
  C:19EEH         PUBLIC        keypad_short_proc
  D:0098H         PUBLIC        SCON
  D:0088H         PUBLIC        TCON
  D:00F8H         PUBLIC        SCON_1
  D:00E8H         PUBLIC        ADCCON0
  D:00C0H         PUBLIC        I2CON
  C:3AAFH         PUBLIC        keypad_continue_proc
  C:2D5EH         SYMBOL        _btn_add_proc
  D:00C8H         PUBLIC        T2CON
  D:00D0H         PUBLIC        PSW
  B:0021H.1       PUBLIC        PAUSE_FLAG
  -------         PROC          _BTN_ADD_PROC
  D:0006H         SYMBOL        scale
  C:2D5EH         LINE#         23
  C:2D5EH         LINE#         24
  C:2D5EH         LINE#         25
  C:2D67H         LINE#         26
  C:2D67H         LINE#         27
  C:2D72H         LINE#         28
  C:2D72H         LINE#         29
  C:2D87H         LINE#         30
  C:2D87H         LINE#         31
  C:2D94H         LINE#         32
  C:2DA6H         LINE#         33
  C:2DBBH         LINE#         34
  C:2DBBH         LINE#         35
BL51 BANKED LINKER/LOCATER V6.22.2.0                                                  11/17/2025  09:19:00  PAGE 18


  C:2DC0H         LINE#         36
  C:2DC0H         LINE#         37
  C:2DC2H         LINE#         38
  C:2DD1H         LINE#         40
  C:2DE7H         LINE#         41
  C:2DECH         LINE#         42
  C:2DF0H         LINE#         43
  C:2DF0H         LINE#         44
  C:2DF0H         LINE#         45
  -------         ENDPROC       _BTN_ADD_PROC
  -------         PROC          _BTN_SUB_PROC
  D:0006H         SYMBOL        scale
  C:3211H         LINE#         48
  C:3211H         LINE#         49
  C:3211H         LINE#         50
  C:3217H         LINE#         51
  C:3217H         LINE#         52
  C:321FH         LINE#         53
  C:321FH         LINE#         54
  C:322EH         LINE#         55
  C:322EH         LINE#         56
  C:323BH         LINE#         57
  C:3252H         LINE#         58
  C:325AH         LINE#         59
  C:325AH         LINE#         60
  C:3263H         LINE#         61
  C:3263H         LINE#         62
  C:3265H         LINE#         63
  C:326EH         LINE#         65
  C:3284H         LINE#         66
  C:3289H         LINE#         67
  C:328DH         LINE#         68
  C:328DH         LINE#         69
  C:328DH         LINE#         70
  -------         ENDPROC       _BTN_SUB_PROC
  -------         PROC          KEYPAD_SHORT_PROC
  -------         DO            
  X:019CH         SYMBOL        bitmap
  -------         DO            
  X:019DH         SYMBOL        current_mode_index
  X:019FH         SYMBOL        current_speed
  -------         ENDDO         
  -------         ENDDO         
  C:19EEH         LINE#         74
  C:19EEH         LINE#         75
  C:19EEH         LINE#         76
  C:19F6H         LINE#         79
  C:1A00H         LINE#         80
  C:1A00H         LINE#         81
  C:1A07H         LINE#         82
  C:1A07H         LINE#         85
  C:1A1BH         LINE#         86
  C:1A1BH         LINE#         87
  C:1A28H         LINE#         88
  C:1A30H         LINE#         89
  C:1A30H         LINE#         90
  C:1A33H         LINE#         91
BL51 BANKED LINKER/LOCATER V6.22.2.0                                                  11/17/2025  09:19:00  PAGE 19


  C:1A39H         LINE#         92
  C:1A46H         LINE#         93
  C:1A53H         LINE#         94
  C:1A56H         LINE#         95
  C:1A5EH         LINE#         96
  C:1A5EH         LINE#         97
  C:1A61H         LINE#         98
  C:1A66H         LINE#         99
  C:1A71H         LINE#         100
  C:1A7EH         LINE#         101
  C:1A80H         LINE#         102
  C:1A88H         LINE#         103
  C:1A88H         LINE#         104
  C:1A8BH         LINE#         105
  C:1A90H         LINE#         106
  C:1A9BH         LINE#         107
  C:1AA8H         LINE#         108
  C:1AAAH         LINE#         109
  C:1AB2H         LINE#         110
  C:1AB2H         LINE#         111
  C:1AB4H         LINE#         112
  C:1AB7H         LINE#         113
  C:1ABDH         LINE#         114
  C:1ACAH         LINE#         115
  C:1AD7H         LINE#         116
  C:1AD7H         LINE#         117
  C:1AD7H         LINE#         120
  C:1AEBH         LINE#         121
  C:1AEBH         LINE#         123
  C:1AF6H         LINE#         124
  C:1AF6H         LINE#         125
  C:1AFCH         LINE#         126
  C:1B0BH         LINE#         127
  C:1B18H         LINE#         130
  C:1B2AH         LINE#         132
  C:1B31H         LINE#         133
  C:1B48H         LINE#         135
  C:1B50H         LINE#         136
  C:1B67H         LINE#         138
  C:1B70H         LINE#         139
  C:1B78H         LINE#         141
  C:1B7FH         LINE#         142
  C:1B7FH         LINE#         145
  C:1BA3H         LINE#         146
  C:1BB1H         LINE#         149
  C:1BB6H         LINE#         150
  C:1BBAH         LINE#         151
  C:1BBAH         LINE#         152
  C:1BBAH         LINE#         154
  C:1BC8H         LINE#         155
  C:1BC8H         LINE#         156
  C:1BCFH         LINE#         157
  C:1BCFH         LINE#         158
  -------         ENDPROC       KEYPAD_SHORT_PROC
  -------         PROC          KEYPAD_LONG_PROC
  -------         DO            
  X:0301H         SYMBOL        bitmap
BL51 BANKED LINKER/LOCATER V6.22.2.0                                                  11/17/2025  09:19:00  PAGE 20


  -------         ENDDO         
  C:3E2BH         LINE#         161
  C:3E2BH         LINE#         162
  C:3E2BH         LINE#         163
  C:3E33H         LINE#         164
  C:3E33H         LINE#         165
  -------         ENDPROC       KEYPAD_LONG_PROC
  -------         PROC          KEYPAD_CONTINUE_PROC
  -------         DO            
  X:019CH         SYMBOL        bitmap
  -------         ENDDO         
  C:3AAFH         LINE#         168
  C:3AAFH         LINE#         169
  C:3AAFH         LINE#         170
  C:3AB7H         LINE#         172
  C:3AC1H         LINE#         173
  C:3AC1H         LINE#         174
  C:3AC7H         LINE#         175
  C:3ACDH         LINE#         176
  C:3AD2H         LINE#         177
  C:3AD2H         LINE#         179
  C:3AE0H         LINE#         180
  C:3AE0H         LINE#         181
  C:3AE6H         LINE#         182
  C:3AECH         LINE#         183
  C:3AF1H         LINE#         184
  C:3AF1H         LINE#         185
  -------         ENDPROC       KEYPAD_CONTINUE_PROC
  -------         ENDMOD        KEYPAD_FUN

  -------         MODULE        BEEP
  C:0000H         SYMBOL        _ICE_DUMMY_
  D:0080H         PUBLIC        P0
  D:0090H         PUBLIC        P1
  D:00A0H         PUBLIC        P2
  D:00B0H         PUBLIC        P3
  D:00D8H         PUBLIC        PWMCON0
  D:00A8H         PUBLIC        IE
  X:02A6H         PUBLIC        is_disable_beep
  D:00B8H         PUBLIC        IP
  X:02A7H         SYMBOL        ticks
  D:0098H         PUBLIC        SCON
  D:0088H         PUBLIC        TCON
  C:3E08H         PUBLIC        beep_force_stop
  X:02A9H         SYMBOL        off
  C:2E7EH         PUBLIC        beep_sound_proc
  D:00F8H         PUBLIC        SCON_1
  X:02ABH         SYMBOL        cnt
  C:3536H         PUBLIC        _beep_set
  D:00E8H         PUBLIC        ADCCON0
  D:00C0H         PUBLIC        I2CON
  X:02ACH         SYMBOL        on
  D:00C8H         PUBLIC        T2CON
  D:00D0H         PUBLIC        PSW
  -------         PROC          BEEP_FORCE_STOP
  C:3E08H         LINE#         22
  C:3E08H         LINE#         23
BL51 BANKED LINKER/LOCATER V6.22.2.0                                                  11/17/2025  09:19:00  PAGE 21


  C:3E08H         LINE#         24
  C:3E0EH         LINE#         25
  C:3E14H         LINE#         26
  -------         ENDPROC       BEEP_FORCE_STOP
  -------         PROC          _BEEP_SET
  X:01A1H         SYMBOL        count
  X:01A2H         SYMBOL        on_ticks
  X:01A4H         SYMBOL        off_ticks
  C:3536H         LINE#         29
  C:3547H         LINE#         30
  C:3547H         LINE#         31
  C:354DH         LINE#         40
  C:355DH         LINE#         41
  C:3563H         LINE#         42
  C:3572H         LINE#         43
  C:3581H         LINE#         44
  C:3588H         LINE#         45
  C:3591H         LINE#         46
  C:3598H         LINE#         49
  -------         ENDPROC       _BEEP_SET
  -------         PROC          BEEP_SOUND_PROC
  C:2E7EH         LINE#         51
  C:2E7EH         LINE#         52
  C:2E7EH         LINE#         53
  C:2E86H         LINE#         54
  C:2E86H         LINE#         55
  C:2E8BH         LINE#         56
  C:2E90H         LINE#         57
  C:2E91H         LINE#         58
  C:2E9EH         LINE#         59
  C:2E9EH         LINE#         60
  C:2EB0H         LINE#         61
  C:2EB0H         LINE#         62
  C:2EB6H         LINE#         63
  C:2EBCH         LINE#         64
  C:2EBEH         LINE#         65
  C:2EDFH         LINE#         66
  C:2EDFH         LINE#         67
  C:2EF3H         LINE#         68
  C:2EFBH         LINE#         69
  C:2EFBH         LINE#         70
  C:2F09H         LINE#         71
  C:2F09H         LINE#         72
  -------         ENDPROC       BEEP_SOUND_PROC
  -------         ENDMOD        BEEP

  -------         MODULE        MAIN
  C:0000H         SYMBOL        _ICE_DUMMY_
  D:00B1H         PUBLIC        P0M1
  D:00B3H         PUBLIC        P1M1
  D:00B2H         PUBLIC        P0M2
  D:0080H         PUBLIC        P0
  D:00B4H         PUBLIC        P1M2
  D:0090H         PUBLIC        P1
  D:00ACH         PUBLIC        P3M1
  D:00A0H         PUBLIC        P2
  D:00B0H         PUBLIC        P3
BL51 BANKED LINKER/LOCATER V6.22.2.0                                                  11/17/2025  09:19:00  PAGE 22


  D:00ADH         PUBLIC        P3M2
  D:0084H         PUBLIC        RCTRIM0
  D:0085H         PUBLIC        RCTRIM1
  B:00A8H.7       PUBLIC        EA
  D:00D8H         PUBLIC        PWMCON0
  B:0020H.5       PUBLIC        poweron_flag
  D:00A8H         PUBLIC        IE
  D:00C7H         PUBLIC        TA
  B:0020H.6       SYMBOL        poweron_send_flag
  D:00B8H         PUBLIC        IP
  X:02C9H         PUBLIC        down_control
  C:1DA5H         PUBLIC        main
  X:02CAH         PUBLIC        no_key_cnt
  D:0087H         PUBLIC        PCON
  D:0098H         PUBLIC        SCON
  D:0088H         PUBLIC        TCON
  D:009FH         PUBLIC        CHPCON
  D:00F8H         PUBLIC        SCON_1
  D:00A4H         PUBLIC        IAPTRG
  C:2CB7H         PUBLIC        MODIFY_HIRC_166
  D:00E8H         PUBLIC        ADCCON0
  D:00C0H         PUBLIC        I2CON
  D:00A7H         PUBLIC        IAPAH
  D:00AEH         PUBLIC        IAPFD
  D:00C8H         PUBLIC        T2CON
  D:00A6H         PUBLIC        IAPAL
  C:2490H         PUBLIC        send_default_param
  D:00AFH         PUBLIC        IAPCN
  D:0095H         PUBLIC        CKDIV
  D:00D0H         PUBLIC        PSW
  -------         PROC          MODIFY_HIRC_166
  -------         DO            
  D:0008H         SYMBOL        hircmap0
  D:0009H         SYMBOL        hircmap1
  D:0006H         SYMBOL        trimvalue16bit
  -------         ENDDO         
  C:2CB7H         LINE#         38
  C:2CB7H         LINE#         39
  C:2CB7H         LINE#         43
  C:2CBFH         LINE#         44
  C:2CBFH         LINE#         45
  C:2CC2H         LINE#         46
  C:2CD5H         LINE#         47
  C:2CD8H         LINE#         48
  C:2CDAH         LINE#         49
  C:2CDDH         LINE#         50
  C:2CF0H         LINE#         51
  C:2CF3H         LINE#         52
  C:2CF6H         LINE#         53
  C:2CF8H         LINE#         54
  C:2D0BH         LINE#         55
  C:2D0EH         LINE#         56
  C:2D21H         LINE#         57
  C:2D34H         LINE#         58
  C:2D3CH         LINE#         59
  C:2D41H         LINE#         60
  C:2D48H         LINE#         61
BL51 BANKED LINKER/LOCATER V6.22.2.0                                                  11/17/2025  09:19:00  PAGE 23


  C:2D4BH         LINE#         62
  C:2D4EH         LINE#         63
  C:2D51H         LINE#         64
  C:2D54H         LINE#         65
  C:2D57H         LINE#         66
  C:2D5AH         LINE#         72
  C:2D5DH         LINE#         73
  C:2D5DH         LINE#         74
  -------         ENDPROC       MODIFY_HIRC_166
  -------         PROC          SEND_DEFAULT_PARAM
  -------         DO            
  X:019CH         SYMBOL        i
  -------         ENDDO         
  C:2490H         LINE#         77
  C:2490H         LINE#         78
  C:2490H         LINE#         79
  C:2495H         LINE#         80
  C:249BH         LINE#         81
  C:24A3H         LINE#         82
  C:24A7H         LINE#         83
  C:24ABH         LINE#         84
  C:24AFH         LINE#         86
  C:24B6H         LINE#         87
  C:24BDH         LINE#         88
  C:24C4H         LINE#         89
  C:24CBH         LINE#         90
  C:24D2H         LINE#         91
  C:24D9H         LINE#         92
  C:24E0H         LINE#         93
  C:24E7H         LINE#         94
  C:24EEH         LINE#         95
  C:24F5H         LINE#         96
  C:24FCH         LINE#         97
  C:2503H         LINE#         100
  C:2515H         LINE#         101
  C:2515H         LINE#         102
  C:2524H         LINE#         103
  C:2529H         LINE#         104
  C:2530H         LINE#         105
  C:2537H         LINE#         106
  C:254DH         LINE#         107
  C:2557H         LINE#         108
  C:2561H         LINE#         109
  C:256BH         LINE#         110
  C:2572H         LINE#         111
  C:2579H         LINE#         112
  C:2580H         LINE#         113
  C:2587H         LINE#         114
  C:258EH         LINE#         116
  C:25A1H         LINE#         117
  C:25A1H         LINE#         118
  C:25B5H         LINE#         119
  C:25BDH         LINE#         120
  -------         ENDPROC       SEND_DEFAULT_PARAM
  -------         PROC          MAIN
  -------         DO            
  X:019BH         SYMBOL        i
BL51 BANKED LINKER/LOCATER V6.22.2.0                                                  11/17/2025  09:19:00  PAGE 24


  X:02C7H         SYMBOL        send_cnt
  X:02C8H         SYMBOL        poweron_cnt
  -------         ENDDO         
  C:1DA5H         LINE#         127
  C:1DA5H         LINE#         128
  C:1DA5H         LINE#         129
  C:1DAAH         LINE#         133
  C:1DB9H         LINE#         134
  C:1DBCH         LINE#         135
  C:1DC9H         LINE#         144
  C:1DCCH         LINE#         145
  C:1DCFH         LINE#         147
  C:1DD2H         LINE#         148
  C:1DD5H         LINE#         150
  C:1DD8H         LINE#         151
  C:1DDAH         LINE#         153
  C:1DDEH         LINE#         155
  C:1DE1H         LINE#         156
  C:1DE4H         LINE#         157
  C:1DE7H         LINE#         158
  C:1DEAH         LINE#         159
  C:1DEDH         LINE#         160
  C:1DF0H         LINE#         161
  C:1DF3H         LINE#         163
  C:1DF6H         LINE#         164
  C:1DF9H         LINE#         165
  C:1DFCH         LINE#         168
  C:1DFEH         LINE#         169
  C:1E00H         LINE#         171
  C:1E0DH         LINE#         174
  C:1E0DH         LINE#         175
  C:1E0DH         LINE#         176
  C:1E10H         LINE#         178
  C:1E13H         LINE#         181
  C:1E19H         LINE#         182
  C:1E19H         LINE#         183
  C:1E1BH         LINE#         184
  C:1E1EH         LINE#         185
  C:1E21H         LINE#         186
  C:1E24H         LINE#         187
  C:1E24H         LINE#         190
  C:1E2AH         LINE#         191
  C:1E2AH         LINE#         192
  C:1E2CH         LINE#         193
  C:1E2FH         LINE#         194
  C:1E32H         LINE#         195
  C:1E35H         LINE#         196
  C:1E38H         LINE#         197
  C:1E38H         LINE#         200
  C:1E3EH         LINE#         201
  C:1E3EH         LINE#         202
  C:1E40H         LINE#         205
  C:1E43H         LINE#         206
  C:1E43H         LINE#         207
  C:1E49H         LINE#         208
  C:1E53H         LINE#         209
  C:1E53H         LINE#         210
BL51 BANKED LINKER/LOCATER V6.22.2.0                                                  11/17/2025  09:19:00  PAGE 25


  C:1E56H         LINE#         211
  C:1E5BH         LINE#         212
  C:1E5DH         LINE#         213
  C:1E5DH         LINE#         214
  C:1E5DH         LINE#         215
  C:1E5DH         LINE#         218
  C:1E66H         LINE#         219
  C:1E66H         LINE#         220
  C:1E68H         LINE#         221
  C:1E6BH         LINE#         222
  C:1E71H         LINE#         223
  C:1E71H         LINE#         224
  C:1E76H         LINE#         225
  C:1E7CH         LINE#         226
  C:1E81H         LINE#         227
  C:1E81H         LINE#         228
  C:1E87H         LINE#         229
  C:1E8EH         LINE#         230
  C:1E95H         LINE#         231
  C:1E9CH         LINE#         232
  C:1EA9H         LINE#         233
  C:1EA9H         LINE#         235
  C:1EB1H         LINE#         236
  C:1EB1H         LINE#         237
  C:1EB7H         LINE#         238
  C:1ECFH         LINE#         239
  C:1EE9H         LINE#         240
  C:1EF0H         LINE#         241
  C:1EFDH         LINE#         242
  C:1EFDH         LINE#         243
  C:1F08H         LINE#         244
  C:1F08H         LINE#         246
  C:1F0EH         LINE#         247
  C:1F0EH         LINE#         248
  C:1F14H         LINE#         249
  C:1F14H         LINE#         250
  C:1F19H         LINE#         252
  C:1F1BH         LINE#         253
  C:1F20H         LINE#         254
  C:1F20H         LINE#         255
  C:1F20H         LINE#         256
  C:1F23H         LINE#         257
  C:1F23H         LINE#         258
  C:1F29H         LINE#         259
  C:1F29H         LINE#         271
  C:1F29H         LINE#         274
  C:1F2FH         LINE#         275
  C:1F2FH         LINE#         276
  C:1F31H         LINE#         277
  C:1F34H         LINE#         285
  C:1F34H         LINE#         287
  C:1F37H         LINE#         288
  -------         ENDPROC       MAIN
  -------         ENDMOD        MAIN

  -------         MODULE        QUEUE
  C:0000H         SYMBOL        _ICE_DUMMY_
BL51 BANKED LINKER/LOCATER V6.22.2.0                                                  11/17/2025  09:19:00  PAGE 26


  D:0080H         PUBLIC        P0
  D:0090H         PUBLIC        P1
  D:00A0H         PUBLIC        P2
  D:00B0H         PUBLIC        P3
  D:00D8H         PUBLIC        PWMCON0
  D:00A8H         PUBLIC        IE
  C:3D85H         SYMBOL        _Is_Empty_Queue
  D:00B8H         PUBLIC        IP
  D:0098H         PUBLIC        SCON
  D:0088H         PUBLIC        TCON
  C:36B2H         PUBLIC        _Create_Queue
  D:00F8H         PUBLIC        SCON_1
  C:3112H         PUBLIC        _UART0_Enter_queue
  C:3092H         PUBLIC        _UART1_Enter_queue
  D:00E8H         PUBLIC        ADCCON0
  D:00C0H         PUBLIC        I2CON
  D:00C8H         PUBLIC        T2CON
  C:3925H         PUBLIC        _UART0_Is_Full_Queue
  C:38CEH         PUBLIC        _UART1_Is_Full_Queue
  C:2DF1H         PUBLIC        _Denter_queue
  D:00D0H         PUBLIC        PSW
  -------         PROC          _CREATE_QUEUE
  X:019CH         SYMBOL        Q
  X:019FH         SYMBOL        pbuff
  X:01A2H         SYMBOL        maxsize
  C:36B2H         LINE#         4
  C:36BDH         LINE#         5
  C:36BDH         LINE#         6
  C:36DAH         LINE#         7
  C:36EFH         LINE#         8
  C:36F9H         LINE#         9
  C:370DH         LINE#         10
  -------         ENDPROC       _CREATE_QUEUE
  -------         PROC          _UART1_IS_FULL_QUEUE
  X:0209H         SYMBOL        Q
  C:38CEH         LINE#         19
  C:38D9H         LINE#         20
  C:38D9H         LINE#         21
  C:391FH         LINE#         22
  C:3922H         LINE#         24
  C:3924H         LINE#         25
  -------         ENDPROC       _UART1_IS_FULL_QUEUE
  -------         PROC          _UART0_IS_FULL_QUEUE
  X:0202H         SYMBOL        Q
  C:3925H         LINE#         27
  C:3930H         LINE#         28
  C:3930H         LINE#         29
  C:3976H         LINE#         30
  C:3979H         LINE#         32
  C:397BH         LINE#         33
  -------         ENDPROC       _UART0_IS_FULL_QUEUE
  -------         PROC          _IS_EMPTY_QUEUE
  D:0001H         SYMBOL        Q
  C:3D85H         LINE#         35
  C:3D85H         LINE#         36
  C:3D85H         LINE#         37
  C:3D97H         LINE#         38
BL51 BANKED LINKER/LOCATER V6.22.2.0                                                  11/17/2025  09:19:00  PAGE 27


  C:3D9AH         LINE#         40
  C:3D9CH         LINE#         41
  -------         ENDPROC       _IS_EMPTY_QUEUE
  -------         PROC          _UART1_ENTER_QUEUE
  X:0205H         SYMBOL        Q
  X:0208H         SYMBOL        val
  C:3092H         LINE#         44
  C:30A2H         LINE#         45
  C:30A2H         LINE#         46
  C:30A8H         LINE#         47
  C:30ABH         LINE#         49
  C:30ABH         LINE#         50
  C:30CFH         LINE#         51
  C:310FH         LINE#         52
  C:3111H         LINE#         53
  C:3111H         LINE#         54
  -------         ENDPROC       _UART1_ENTER_QUEUE
  -------         PROC          _UART0_ENTER_QUEUE
  X:01FEH         SYMBOL        Q
  X:0201H         SYMBOL        val
  C:3112H         LINE#         56
  C:3122H         LINE#         57
  C:3122H         LINE#         58
  C:3128H         LINE#         59
  C:312BH         LINE#         61
  C:312BH         LINE#         62
  C:314FH         LINE#         63
  C:318FH         LINE#         64
  C:3191H         LINE#         65
  C:3191H         LINE#         66
  -------         ENDPROC       _UART0_ENTER_QUEUE
  -------         PROC          _DENTER_QUEUE
  X:019DH         SYMBOL        Q
  X:01A0H         SYMBOL        val
  C:2DF1H         LINE#         68
  C:2DFCH         LINE#         69
  C:2DFCH         LINE#         70
  C:2E0DH         LINE#         71
  C:2E0DH         LINE#         72
  C:2E10H         LINE#         73
  C:2E10H         LINE#         75
  C:2E10H         LINE#         76
  C:2E3BH         LINE#         77
  C:2E7BH         LINE#         78
  C:2E7DH         LINE#         79
  C:2E7DH         LINE#         80
  -------         ENDPROC       _DENTER_QUEUE
  -------         ENDMOD        QUEUE

  -------         MODULE        UART_FRAME
  C:0000H         SYMBOL        _ICE_DUMMY_
  D:0080H         PUBLIC        P0
  D:0090H         PUBLIC        P1
  D:00A0H         PUBLIC        P2
  D:00B0H         PUBLIC        P3
  X:000BH         PUBLIC        speed_range
  D:00D8H         PUBLIC        PWMCON0
BL51 BANKED LINKER/LOCATER V6.22.2.0                                                  11/17/2025  09:19:00  PAGE 28


  X:0011H         PUBLIC        frame
  D:00A8H         PUBLIC        IE
  X:002BH         PUBLIC        device_type
  D:00B8H         PUBLIC        IP
  C:17B6H         PUBLIC        UART0_cmd_proc
  C:235BH         PUBLIC        UART1_cmd_proc
  X:002FH         PUBLIC        name
  C:25BEH         PUBLIC        _send_motion_data
  C:3C49H         PUBLIC        _uart1_frame_tx
  X:0033H         PUBLIC        uart_frame
  D:0098H         PUBLIC        SCON
  B:0080H.5       PUBLIC        P05
  D:0088H         PUBLIC        TCON
  C:3BDFH         PUBLIC        _uart1_frame_tx_2
  X:003CH         PUBLIC        UART0_rx_queue
  X:004BH         PUBLIC        UART1_rx_queue
  C:0026H         PUBLIC        uart_frame_init
  D:00F8H         PUBLIC        SCON_1
  C:3D03H         PUBLIC        bt_panel_send_speed
  X:005AH         PUBLIC        treadmill_status
  X:005BH         PUBLIC        feature_setting_data
  B:0020H.7       PUBLIC        bt_param_send_flag
  X:0063H         PUBLIC        UART0_rx_buf
  X:00F9H         PUBLIC        UART1_rx_buf
  B:0021H.0       PUBLIC        app_control_permission
  D:00E8H         PUBLIC        ADCCON0
  D:00C0H         PUBLIC        I2CON
  D:00C8H         PUBLIC        T2CON
  C:3A1EH         PUBLIC        send_motion_data_by_status
  C:2A94H         PUBLIC        _uart0_send_frame
  C:3C16H         PUBLIC        _bt_panel_send_cmd
  C:28E0H         PUBLIC        bt_power_send
  X:018FH         PUBLIC        bt_param_send_step
  C:1F3BH         PUBLIC        uart0_frame_loop
  X:0190H         PUBLIC        uart_tx_frame
  D:00D0H         PUBLIC        PSW
  X:0199H         PUBLIC        bt_init_tick
  C:20B6H         PUBLIC        uart1_frame_loop
  C:3B30H         PUBLIC        _crc_cheack
  -------         PROC          UART_FRAME_INIT
  C:0026H         LINE#         36
  C:0026H         LINE#         37
  C:0026H         LINE#         38
  C:0045H         LINE#         39
  C:0064H         LINE#         42
  C:006AH         LINE#         43
  C:006FH         LINE#         44
  C:0074H         LINE#         45
  C:0079H         LINE#         50
  -------         ENDPROC       UART_FRAME_INIT
  -------         PROC          _UART1_FRAME_TX
  D:0007H         SYMBOL        cmd
  D:0005H         SYMBOL        dat
  -------         DO            
  D:0006H         SYMBOL        xor
  -------         ENDDO         
  C:3C49H         LINE#         53
BL51 BANKED LINKER/LOCATER V6.22.2.0                                                  11/17/2025  09:19:00  PAGE 29


  C:3C49H         LINE#         54
  C:3C49H         LINE#         55
  C:3C4BH         LINE#         56
  C:3C50H         LINE#         57
  C:3C51H         LINE#         58
  C:3C55H         LINE#         59
  C:3C57H         LINE#         60
  C:3C5AH         LINE#         61
  C:3C5CH         LINE#         62
  C:3C5EH         LINE#         63
  C:3C61H         LINE#         64
  C:3C65H         LINE#         65
  C:3C7AH         LINE#         66
  -------         ENDPROC       _UART1_FRAME_TX
  -------         PROC          _UART1_FRAME_TX_2
  D:0007H         SYMBOL        cmd
  D:0005H         SYMBOL        dat0
  D:0003H         SYMBOL        dat1
  -------         DO            
  D:0006H         SYMBOL        xor
  -------         ENDDO         
  C:3BDFH         LINE#         68
  C:3BDFH         LINE#         69
  C:3BDFH         LINE#         70
  C:3BE1H         LINE#         71
  C:3BE6H         LINE#         72
  C:3BE7H         LINE#         73
  C:3BEBH         LINE#         74
  C:3BEDH         LINE#         75
  C:3BF0H         LINE#         76
  C:3BF2H         LINE#         77
  C:3BF5H         LINE#         78
  C:3BF7H         LINE#         79
  C:3BF9H         LINE#         80
  C:3BFCH         LINE#         81
  C:3C00H         LINE#         82
  C:3C15H         LINE#         83
  -------         ENDPROC       _UART1_FRAME_TX_2
  -------         PROC          UART1_FRAME_LOOP
  -------         DO            
  X:0000H         SYMBOL        sm
  X:0001H         SYMBOL        len
  X:0002H         SYMBOL        ptr
  X:019CH         SYMBOL        dat
  D:0007H         SYMBOL        ret
  -------         ENDDO         
  C:20B6H         LINE#         88
  C:20B6H         LINE#         89
  C:20B6H         LINE#         95
  C:20CDH         LINE#         97
  C:20D3H         LINE#         98
  C:20D3H         LINE#         99
  C:20EBH         LINE#         100
  C:2103H         LINE#         101
  C:2103H         LINE#         102
  C:2103H         LINE#         103
  C:2108H         LINE#         104
BL51 BANKED LINKER/LOCATER V6.22.2.0                                                  11/17/2025  09:19:00  PAGE 30


  C:210EH         LINE#         105
  C:210FH         LINE#         106
  C:210FH         LINE#         107
  C:2114H         LINE#         108
  C:2123H         LINE#         109
  C:2128H         LINE#         110
  C:2135H         LINE#         111
  C:213BH         LINE#         112
  C:213CH         LINE#         113
  C:213CH         LINE#         114
  C:2159H         LINE#         115
  C:215FH         LINE#         116
  C:2181H         LINE#         117
  C:2182H         LINE#         118
  C:2182H         LINE#         119
  C:2191H         LINE#         120
  C:2191H         LINE#         121
  C:21A0H         LINE#         122
  C:21A5H         LINE#         123
  C:21C2H         LINE#         124
  C:21C2H         LINE#         125
  C:21E5H         LINE#         126
  C:21EDH         LINE#         127
  C:220FH         LINE#         128
  C:220FH         LINE#         129
  C:2214H         LINE#         130
  C:2214H         LINE#         131
  C:2214H         LINE#         132
  C:2214H         LINE#         133
  C:2214H         LINE#         134
  C:2214H         LINE#         135
  -------         ENDPROC       UART1_FRAME_LOOP
  -------         PROC          UART1_CMD_PROC
  C:235BH         LINE#         142
  C:235BH         LINE#         143
  C:235BH         LINE#         144
  C:2379H         LINE#         145
  C:2379H         LINE#         146
  C:2379H         LINE#         147
  C:2379H         LINE#         148
  C:2379H         LINE#         149
  C:237AH         LINE#         153
  C:237AH         LINE#         154
  C:237CH         LINE#         155
  C:2382H         LINE#         156
  C:238AH         LINE#         159
  C:238BH         LINE#         160
  C:238BH         LINE#         170
  C:238BH         LINE#         171
  C:238BH         LINE#         172
  C:239AH         LINE#         173
  C:239BH         LINE#         174
  C:239BH         LINE#         175
  C:23A1H         LINE#         176
  C:23A7H         LINE#         177
  C:23A7H         LINE#         178
  C:23AFH         LINE#         179
BL51 BANKED LINKER/LOCATER V6.22.2.0                                                  11/17/2025  09:19:00  PAGE 31


  C:23B4H         LINE#         180
  C:23B4H         LINE#         181
  C:23BAH         LINE#         182
  C:23BBH         LINE#         183
  C:23BBH         LINE#         184
  C:23C1H         LINE#         185
  C:23C5H         LINE#         186
  C:23CDH         LINE#         187
  C:23D0H         LINE#         188
  C:23E1H         LINE#         189
  C:23E2H         LINE#         190
  C:23E2H         LINE#         192
  C:23EFH         LINE#         193
  C:23EFH         LINE#         194
  C:23F4H         LINE#         195
  C:23F5H         LINE#         197
  C:23F5H         LINE#         198
  C:23FAH         LINE#         199
  C:23FAH         LINE#         200
  C:23FBH         LINE#         201
  C:23FBH         LINE#         202
  C:2408H         LINE#         203
  C:240EH         LINE#         204
  C:240EH         LINE#         205
  C:2415H         LINE#         206
  C:2418H         LINE#         207
  C:241BH         LINE#         208
  C:241EH         LINE#         210
  C:2421H         LINE#         211
  C:2424H         LINE#         212
  C:2427H         LINE#         213
  C:242EH         LINE#         214
  C:2433H         LINE#         215
  C:2434H         LINE#         216
  C:243CH         LINE#         217
  C:243CH         LINE#         218
  C:2443H         LINE#         219
  C:2446H         LINE#         220
  C:2449H         LINE#         221
  C:244CH         LINE#         223
  C:244FH         LINE#         224
  C:2452H         LINE#         225
  C:2455H         LINE#         226
  C:245CH         LINE#         227
  C:2461H         LINE#         228
  C:2462H         LINE#         229
  C:246AH         LINE#         230
  C:246AH         LINE#         231
  C:2471H         LINE#         232
  C:2474H         LINE#         233
  C:2477H         LINE#         234
  C:247AH         LINE#         236
  C:247DH         LINE#         237
  C:2480H         LINE#         238
  C:2483H         LINE#         239
  C:248AH         LINE#         240
  C:248FH         LINE#         241
BL51 BANKED LINKER/LOCATER V6.22.2.0                                                  11/17/2025  09:19:00  PAGE 32


  C:248FH         LINE#         242
  C:248FH         LINE#         243
  C:248FH         LINE#         244
  C:248FH         LINE#         245
  C:248FH         LINE#         246
  -------         ENDPROC       UART1_CMD_PROC
  -------         PROC          _CRC_CHEACK
  X:01F5H         SYMBOL        pkt
  X:01F8H         SYMBOL        len
  -------         DO            
  D:0007H         SYMBOL        i
  D:0006H         SYMBOL        calculatedCRC
  -------         ENDDO         
  C:3B30H         LINE#         249
  C:3B40H         LINE#         250
  C:3B40H         LINE#         251
  C:3B46H         LINE#         252
  C:3B51H         LINE#         253
  C:3B51H         LINE#         254
  C:3B66H         LINE#         255
  C:3B69H         LINE#         256
  C:3B6BH         LINE#         257
  -------         ENDPROC       _CRC_CHEACK
  -------         PROC          _UART0_SEND_FRAME
  D:0007H         SYMBOL        sof
  D:0005H         SYMBOL        cmd
  D:0003H         SYMBOL        subcmd
  X:01BFH         SYMBOL        len
  X:01C0H         SYMBOL        buf
  X:01C3H         SYMBOL        end
  -------         DO            
  X:01C4H         SYMBOL        tx_buf
  X:01DEH         SYMBOL        temp
  D:0007H         SYMBOL        i
  -------         ENDDO         
  C:2A94H         LINE#         260
  C:2A94H         LINE#         261
  C:2A94H         LINE#         266
  C:2A99H         LINE#         267
  C:2A9CH         LINE#         268
  C:2A9FH         LINE#         269
  C:2AA8H         LINE#         271
  C:2AADH         LINE#         272
  C:2AB0H         LINE#         273
  C:2AB3H         LINE#         276
  C:2ACBH         LINE#         277
  C:2ACBH         LINE#         278
  C:2AD7H         LINE#         279
  C:2AD7H         LINE#         280
  C:2AF5H         LINE#         281
  C:2B0AH         LINE#         282
  C:2B0DH         LINE#         283
  C:2B0DH         LINE#         285
  C:2B2DH         LINE#         286
  C:2B3EH         LINE#         288
  C:2B50H         LINE#         289
  -------         ENDPROC       _UART0_SEND_FRAME
BL51 BANKED LINKER/LOCATER V6.22.2.0                                                  11/17/2025  09:19:00  PAGE 33


  -------         PROC          UART0_FRAME_LOOP
  -------         DO            
  X:0005H         SYMBOL        sm
  X:0006H         SYMBOL        len
  X:0007H         SYMBOL        ptr
  X:019CH         SYMBOL        datt
  -------         ENDDO         
  C:1F3BH         LINE#         299
  C:1F3BH         LINE#         300
  C:1F3BH         LINE#         305
  C:1F58H         LINE#         306
  C:1F78H         LINE#         307
  C:1F78H         LINE#         308
  C:1F78H         LINE#         309
  C:1F86H         LINE#         310
  C:1F8EH         LINE#         311
  C:1F94H         LINE#         312
  C:1F94H         LINE#         313
  C:1F96H         LINE#         314
  C:1F96H         LINE#         315
  C:1F9EH         LINE#         316
  C:1FA4H         LINE#         317
  C:1FA6H         LINE#         318
  C:1FA6H         LINE#         319
  C:1FAEH         LINE#         320
  C:1FB4H         LINE#         321
  C:1FB6H         LINE#         322
  C:1FB6H         LINE#         323
  C:1FBEH         LINE#         324
  C:1FC7H         LINE#         325
  C:1FCCH         LINE#         326
  C:1FCFH         LINE#         327
  C:1FCFH         LINE#         328
  C:1FD4H         LINE#         329
  C:1FE1H         LINE#         330
  C:1FE7H         LINE#         331
  C:1FEAH         LINE#         332
  C:1FEAH         LINE#         333
  C:200AH         LINE#         334
  C:2026H         LINE#         335
  C:202CH         LINE#         336
  C:202FH         LINE#         337
  C:202FH         LINE#         338
  C:2050H         LINE#         339
  C:2058H         LINE#         340
  C:206EH         LINE#         341
  C:206EH         LINE#         342
  C:2088H         LINE#         343
  C:208FH         LINE#         344
  C:2091H         LINE#         345
  C:2095H         LINE#         346
  C:2097H         LINE#         347
[...]
  C:3CEBH         LINE#         56
  C:3CF1H         LINE#         58
  C:3D02H         LINE#         62
  -------         ENDPROC       WRITE_PARAM
  -------         ENDMOD        EE_PARAM

  -------         MODULE        IAP_EEPROM
  C:0000H         SYMBOL        _ICE_DUMMY_
  D:0080H         PUBLIC        P0
  D:0090H         PUBLIC        P1
  D:00A0H         PUBLIC        P2
  D:00B0H         PUBLIC        P3
  B:00A8H.7       PUBLIC        EA
  D:00D8H         PUBLIC        PWMCON0
  D:00A8H         PUBLIC        IE
  D:00C7H         PUBLIC        TA
  C:3655H         PUBLIC        _erase_aprom_page
  D:00B8H         PUBLIC        IP
  C:39CDH         PUBLIC        _read_aprom_page
  C:3E3DH         PUBLIC        test_iaprom
  C:2B51H         PUBLIC        _write_aprom_page
BL51 BANKED LINKER/LOCATER V6.22.2.0                                                  11/17/2025  09:19:00  PAGE 59


  D:0098H         PUBLIC        SCON
  D:0088H         PUBLIC        TCON
  D:009FH         PUBLIC        CHPCON
  D:00A5H         PUBLIC        IAPUEN
  D:00F8H         PUBLIC        SCON_1
  D:00A4H         PUBLIC        IAPTRG
  D:00E8H         PUBLIC        ADCCON0
  D:00C0H         PUBLIC        I2CON
  D:00A7H         PUBLIC        IAPAH
  D:00AEH         PUBLIC        IAPFD
  D:00C8H         PUBLIC        T2CON
  D:00A6H         PUBLIC        IAPAL
  D:00AFH         PUBLIC        IAPCN
  D:00D0H         PUBLIC        PSW
  -------         PROC          _ERASE_APROM_PAGE
  D:0007H         SYMBOL        page
  -------         DO            
  D:0006H         SYMBOL        u16_addr
  -------         ENDDO         
  C:3655H         LINE#         12
  C:3655H         LINE#         13
  C:3655H         LINE#         14
  C:366CH         LINE#         15
  C:366FH         LINE#         16
  C:3672H         LINE#         17
  C:3675H         LINE#         18
  C:3688H         LINE#         19
  C:369BH         LINE#         20
  C:369EH         LINE#         21
  C:36B1H         LINE#         22
  -------         ENDPROC       _ERASE_APROM_PAGE
  -------         PROC          _WRITE_APROM_PAGE
  D:0007H         SYMBOL        page
  X:02B6H         SYMBOL        buf
  X:02B9H         SYMBOL        len
  -------         DO            
  D:0005H         SYMBOL        i
  X:02BAH         SYMBOL        u16_addr
  -------         ENDDO         
  C:2B51H         LINE#         25
  C:2B5CH         LINE#         26
  C:2B5CH         LINE#         29
  C:2B79H         LINE#         30
  C:2B8CH         LINE#         31
  C:2B9FH         LINE#         36
  C:2BA2H         LINE#         37
  C:2BAEH         LINE#         38
  C:2BAEH         LINE#         39
  C:2BB6H         LINE#         40
  C:2BB9H         LINE#         41
  C:2BCEH         LINE#         42
  C:2BE1H         LINE#         43
  C:2BE4H         LINE#         47
  C:2BF7H         LINE#         48
  C:2C0AH         LINE#         52
  -------         ENDPROC       _WRITE_APROM_PAGE
  -------         PROC          _READ_APROM_PAGE
BL51 BANKED LINKER/LOCATER V6.22.2.0                                                  11/17/2025  09:19:00  PAGE 60


  D:0007H         SYMBOL        page
  X:02D7H         SYMBOL        buf
  X:02DAH         SYMBOL        len
  -------         DO            
  D:0005H         SYMBOL        i
  D:0006H         SYMBOL        ptr
  -------         ENDDO         
  C:39CDH         LINE#         56
  C:39D8H         LINE#         57
  C:39D8H         LINE#         59
  C:39EFH         LINE#         60
  C:39FBH         LINE#         61
  C:39FBH         LINE#         62
  C:3A1AH         LINE#         63
  C:3A1DH         LINE#         64
  -------         ENDPROC       _READ_APROM_PAGE
  -------         PROC          TEST_IAPROM
  C:3E3DH         LINE#         72
  C:3E3DH         LINE#         73
  C:3E3DH         LINE#         110
  C:3E3FH         LINE#         113
  -------         ENDPROC       TEST_IAPROM
  -------         ENDMOD        IAP_EEPROM

  -------         MODULE        DELAY
  C:0000H         SYMBOL        _ICE_DUMMY_
  D:0080H         PUBLIC        P0
  D:0090H         PUBLIC        P1
  D:00A0H         PUBLIC        P2
  C:37C3H         PUBLIC        _Timer0_Delay100us
  D:00B0H         PUBLIC        P3
  D:00D8H         PUBLIC        PWMCON0
  C:370EH         PUBLIC        _Timer2_Delay500us
  D:00A8H         PUBLIC        IE
  D:00B8H         PUBLIC        IP
  C:381CH         PUBLIC        _Timer0_Delay1ms
  B:0021H.3       PUBLIC        BIT_TMP
  D:0098H         PUBLIC        SCON
  D:0089H         PUBLIC        TMOD
  D:0088H         PUBLIC        TCON
  D:00F8H         PUBLIC        SCON_1
  B:0088H.5       PUBLIC        TF0
  C:3875H         PUBLIC        _Timer1_Delay10ms
  B:0088H.7       PUBLIC        TF1
  B:00C8H.7       PUBLIC        TF2
  D:008CH         PUBLIC        TH0
  D:00C6H         PUBLIC        RH3
  D:008DH         PUBLIC        TH1
  D:00CDH         PUBLIC        TH2
  D:008AH         PUBLIC        TL0
  D:00C5H         PUBLIC        RL3
  D:008BH         PUBLIC        TL1
  D:00CCH         PUBLIC        TL2
  C:35F7H         PUBLIC        _Timer3_Delay10us
  B:0088H.4       PUBLIC        TR0
  B:0088H.6       PUBLIC        TR1
  B:00C8H.2       PUBLIC        TR2
BL51 BANKED LINKER/LOCATER V6.22.2.0                                                  11/17/2025  09:19:00  PAGE 61


  D:00E8H         PUBLIC        ADCCON0
  D:00C0H         PUBLIC        I2CON
  D:00C9H         PUBLIC        T2MOD
  D:00C8H         PUBLIC        T2CON
  D:00C4H         PUBLIC        T3CON
  D:008EH         PUBLIC        CKCON
  D:00D0H         PUBLIC        PSW
  C:3599H         PUBLIC        _Timer3_Delay100ms
  -------         PROC          _TIMER0_DELAY100US
  X:02DFH         SYMBOL        u32CNT
  C:37C3H         LINE#         22
  C:37C9H         LINE#         23
  C:37C9H         LINE#         24
  C:37CCH         LINE#         25
  C:37CFH         LINE#         26
  C:37D1H         LINE#         27
  C:37EAH         LINE#         28
  C:37EAH         LINE#         29
  C:37EDH         LINE#         30
  C:37F0H         LINE#         31
  C:37F3H         LINE#         32
  C:37F5H         LINE#         33
  C:3817H         LINE#         34
  C:3819H         LINE#         35
  C:381BH         LINE#         36
  -------         ENDPROC       _TIMER0_DELAY100US
  -------         PROC          _TIMER0_DELAY1MS
  X:02E3H         SYMBOL        u32CNT
  C:381CH         LINE#         38
  C:3822H         LINE#         39
  C:3822H         LINE#         40
  C:3825H         LINE#         41
  C:3828H         LINE#         42
  C:382AH         LINE#         43
  C:3843H         LINE#         44
  C:3843H         LINE#         45
  C:3846H         LINE#         46
  C:3849H         LINE#         47
  C:384CH         LINE#         48
  C:384EH         LINE#         49
  C:3870H         LINE#         50
  C:3872H         LINE#         51
  C:3874H         LINE#         52
  -------         ENDPROC       _TIMER0_DELAY1MS
  -------         PROC          _TIMER1_DELAY10MS
  X:02E7H         SYMBOL        u32CNT
  C:3875H         LINE#         55
  C:387BH         LINE#         56
  C:387BH         LINE#         57
  C:387EH         LINE#         58
  C:3881H         LINE#         59
  C:3883H         LINE#         60
  C:389CH         LINE#         61
  C:389CH         LINE#         62
  C:389FH         LINE#         63
  C:38A2H         LINE#         64
  C:38A5H         LINE#         65
BL51 BANKED LINKER/LOCATER V6.22.2.0                                                  11/17/2025  09:19:00  PAGE 62


  C:38A7H         LINE#         66
  C:38C9H         LINE#         67
  C:38CBH         LINE#         68
  C:38CDH         LINE#         69
  -------         ENDPROC       _TIMER1_DELAY10MS
  -------         PROC          _TIMER2_DELAY500US
  X:02EBH         SYMBOL        u32CNT
  C:370EH         LINE#         71
  C:3714H         LINE#         72
  C:3714H         LINE#         73
  C:3717H         LINE#         74
  C:371AH         LINE#         75
  C:371DH         LINE#         76
  C:371FH         LINE#         77
  C:3738H         LINE#         78
  C:3738H         LINE#         79
  C:373BH         LINE#         80
  C:373EH         LINE#         81
  C:3741H         LINE#         82
  C:3743H         LINE#         83
  C:3765H         LINE#         84
  C:3767H         LINE#         85
  C:3769H         LINE#         86
  -------         ENDPROC       _TIMER2_DELAY500US
  -------         PROC          _TIMER3_DELAY100MS
  X:02EFH         SYMBOL        u32CNT
  C:3599H         LINE#         88
  C:359FH         LINE#         89
  C:359FH         LINE#         90
  C:35A2H         LINE#         91
  C:35A5H         LINE#         92
  C:35BEH         LINE#         93
  C:35BEH         LINE#         94
  C:35C1H         LINE#         95
  C:35C4H         LINE#         96
  C:35CCH         LINE#         97
  C:35CFH         LINE#         98
  C:35F1H         LINE#         99
  C:35F3H         LINE#         100
  C:35F6H         LINE#         101
  -------         ENDPROC       _TIMER3_DELAY100MS
  -------         PROC          _TIMER3_DELAY10US
  X:02F3H         SYMBOL        u32CNT
  C:35F7H         LINE#         103
  C:35FDH         LINE#         104
  C:35FDH         LINE#         105
  C:3600H         LINE#         106
  C:3603H         LINE#         107
  C:361CH         LINE#         108
  C:361CH         LINE#         109
  C:361FH         LINE#         110
  C:3622H         LINE#         111
  C:362AH         LINE#         112
  C:362DH         LINE#         113
  C:364FH         LINE#         114
  C:3651H         LINE#         115
  C:3654H         LINE#         116
BL51 BANKED LINKER/LOCATER V6.22.2.0                                                  11/17/2025  09:19:00  PAGE 63


  -------         ENDPROC       _TIMER3_DELAY10US
  -------         ENDMOD        DELAY

  -------         MODULE        COMMON
  C:0000H         SYMBOL        _ICE_DUMMY_
  D:00B1H         PUBLIC        P0M1
  D:00B3H         PUBLIC        P1M1
  D:00B2H         PUBLIC        P0M2
  D:0080H         PUBLIC        P0
  D:00B4H         PUBLIC        P1M2
  D:0090H         PUBLIC        P1
  D:00A0H         PUBLIC        P2
  D:00B0H         PUBLIC        P3
  B:00A8H.7       PUBLIC        EA
  D:00D8H         PUBLIC        PWMCON0
  D:00A8H         PUBLIC        IE
  C:3D3AH         PUBLIC        SW_Reset
  D:00C7H         PUBLIC        TA
  D:00B8H         PUBLIC        IP
  B:0098H.1       PUBLIC        TI
  D:0087H         PUBLIC        PCON
  D:0098H         PUBLIC        SCON
  D:0089H         PUBLIC        TMOD
  D:0088H         PUBLIC        TCON
  D:009FH         PUBLIC        CHPCON
  D:00F8H         PUBLIC        SCON_1
  D:00C6H         PUBLIC        RH3
  D:008DH         PUBLIC        TH1
  D:00C5H         PUBLIC        RL3
  C:3BA7H         PUBLIC        _InitialUART0_Timer1
  C:328EH         PUBLIC        _InitialUART0_Timer3
  C:330BH         PUBLIC        _InitialUART1_Timer3
  B:0088H.6       PUBLIC        TR1
  D:00E8H         PUBLIC        ADCCON0
  D:00C0H         PUBLIC        I2CON
  D:00C8H         PUBLIC        T2CON
  D:00C4H         PUBLIC        T3CON
  D:008EH         PUBLIC        CKCON
  D:00D0H         PUBLIC        PSW
  -------         PROC          _INITIALUART0_TIMER1
  D:0004H         SYMBOL        u32Baudrate
  C:3BA7H         LINE#         26
  C:3BA7H         LINE#         27
  C:3BA7H         LINE#         28
  C:3BADH         LINE#         29
  C:3BB3H         LINE#         31
  C:3BB6H         LINE#         32
  C:3BB9H         LINE#         34
  C:3BBCH         LINE#         35
  C:3BBFH         LINE#         36
  C:3BC2H         LINE#         42
  C:3BDAH         LINE#         44
  C:3BDCH         LINE#         45
  C:3BDEH         LINE#         46
  -------         ENDPROC       _INITIALUART0_TIMER1
  -------         PROC          _INITIALUART0_TIMER3
  X:02F7H         SYMBOL        u32Baudrate
BL51 BANKED LINKER/LOCATER V6.22.2.0                                                  11/17/2025  09:19:00  PAGE 64


  C:328EH         LINE#         48
  C:3294H         LINE#         49
  C:3294H         LINE#         50
  C:329AH         LINE#         51
  C:32A0H         LINE#         53
  C:32A3H         LINE#         54
  C:32A6H         LINE#         55
  C:32A9H         LINE#         56
  C:32ACH         LINE#         63
  C:32DAH         LINE#         64
  C:3305H         LINE#         66
  C:3308H         LINE#         67
  C:330AH         LINE#         68
  -------         ENDPROC       _INITIALUART0_TIMER3
  -------         PROC          _INITIALUART1_TIMER3
  X:019CH         SYMBOL        u32Baudrate
  C:330BH         LINE#         74
  C:3311H         LINE#         75
  C:3311H         LINE#         76
  C:3317H         LINE#         77
  C:331DH         LINE#         79
  C:3320H         LINE#         80
  C:3323H         LINE#         81
  C:3326H         LINE#         88
  C:3354H         LINE#         89
  C:337FH         LINE#         91
  C:3382H         LINE#         92
  -------         ENDPROC       _INITIALUART1_TIMER3
  -------         PROC          SW_RESET
  C:3D3AH         LINE#         97
  C:3D3AH         LINE#         98
  C:3D3AH         LINE#         99
  C:3D3DH         LINE#         100
  C:3D40H         LINE#         101
  C:3D53H         LINE#         102
  -------         ENDPROC       SW_RESET
  -------         ENDMOD        COMMON

  -------         MODULE        ?C?FPADD
  C:0085H         PUBLIC        ?C?FPADD
  C:0081H         PUBLIC        ?C?FPSUB
  -------         ENDMOD        ?C?FPADD

  -------         MODULE        ?C?FPMUL
  C:0176H         PUBLIC        ?C?FPMUL
  -------         ENDMOD        ?C?FPMUL

  -------         MODULE        ?C?FPDIV
  C:027FH         PUBLIC        ?C?FPDIV
  -------         ENDMOD        ?C?FPDIV

  -------         MODULE        ?C?FPCMP
  C:031EH         PUBLIC        ?C?FPCMP
  C:031CH         PUBLIC        ?C?FPCMP3
  -------         ENDMOD        ?C?FPCMP

  -------         MODULE        ?C?FCAST
BL51 BANKED LINKER/LOCATER V6.22.2.0                                                  11/17/2025  09:19:00  PAGE 65


  C:039FH         PUBLIC        ?C?FCASTC
  C:039AH         PUBLIC        ?C?FCASTI
  C:0395H         PUBLIC        ?C?FCASTL
  -------         ENDMOD        ?C?FCAST

  -------         MODULE        ?C?CASTF
  C:03D3H         PUBLIC        ?C?CASTF
  -------         ENDMOD        ?C?CASTF

  -------         MODULE        ?C?COPY
  C:0524H         PUBLIC        ?C?COPY
  -------         ENDMOD        ?C?COPY

  -------         MODULE        ?C?CLDPTR
  C:054AH         PUBLIC        ?C?CLDPTR
  -------         ENDMOD        ?C?CLDPTR

  -------         MODULE        ?C?CLDOPTR
  C:0563H         PUBLIC        ?C?CLDOPTR
  -------         ENDMOD        ?C?CLDOPTR

  -------         MODULE        ?C?CSTPTR
  C:0590H         PUBLIC        ?C?CSTPTR
  -------         ENDMOD        ?C?CSTPTR

  -------         MODULE        ?C?CSTOPTR
  C:05A2H         PUBLIC        ?C?CSTOPTR
  -------         ENDMOD        ?C?CSTOPTR

  -------         MODULE        ?C?UIDIV
  C:05C4H         PUBLIC        ?C?UIDIV
  -------         ENDMOD        ?C?UIDIV

  -------         MODULE        ?C?IILDX
  C:0619H         PUBLIC        ?C?IILDX
  -------         ENDMOD        ?C?IILDX

  -------         MODULE        ?C?ULDIV
  C:066BH         PUBLIC        ?C?ULDIV
  -------         ENDMOD        ?C?ULDIV

  -------         MODULE        ?C?LNEG
  C:06FDH         PUBLIC        ?C?LNEG
  -------         ENDMOD        ?C?LNEG

  -------         MODULE        ?C?ULCMP
  C:070BH         PUBLIC        ?C?ULCMP
  -------         ENDMOD        ?C?ULCMP

  -------         MODULE        ?C?ULSHR
  C:071CH         PUBLIC        ?C?ULSHR
  -------         ENDMOD        ?C?ULSHR

  -------         MODULE        ?C?LLDOPTR
  C:072FH         PUBLIC        ?C?LLDOPTR
  -------         ENDMOD        ?C?LLDOPTR

BL51 BANKED LINKER/LOCATER V6.22.2.0                                                  11/17/2025  09:19:00  PAGE 66


  -------         MODULE        ?C?LSTOPTR
  C:075FH         PUBLIC        ?C?LSTOPTR
  -------         ENDMOD        ?C?LSTOPTR

  -------         MODULE        ?C?LLDOPTR0
  C:0783H         PUBLIC        ?C?LLDOPTR0
  -------         ENDMOD        ?C?LLDOPTR0

  -------         MODULE        ?C?LSTXDATA
  C:07B3H         PUBLIC        ?C?LSTXDATA
  -------         ENDMOD        ?C?LSTXDATA

  -------         MODULE        ?C?LSTKXDATA
  C:07BFH         PUBLIC        ?C?LSTKXDATA
  -------         ENDMOD        ?C?LSTKXDATA

  -------         MODULE        ?C?LSTKOPTR
  C:07F0H         PUBLIC        ?C?LSTKOPTR
  -------         ENDMOD        ?C?LSTKOPTR

  -------         MODULE        ?C?PLDPTR
  C:0814H         PUBLIC        ?C?PLDPTR
  -------         ENDMOD        ?C?PLDPTR

  -------         MODULE        ?C?PSTPTR
  C:0834H         PUBLIC        ?C?PSTPTR
  -------         ENDMOD        ?C?PSTPTR

  -------         MODULE        ?C?CCASE
  C:0883H         PUBLIC        ?C?CCASE
  -------         ENDMOD        ?C?CCASE

  -------         MODULE        ?C?LLDIDATA
  C:08A9H         PUBLIC        ?C?LLDIDATA
  -------         ENDMOD        ?C?LLDIDATA

  -------         MODULE        ?C?LLDXDATA
  C:08B5H         PUBLIC        ?C?LLDXDATA
  -------         ENDMOD        ?C?LLDXDATA

  -------         MODULE        ?C?LLDPDATA
  C:08C1H         PUBLIC        ?C?LLDPDATA
  -------         ENDMOD        ?C?LLDPDATA

  -------         MODULE        ?C?LLDCODE
  C:08CDH         PUBLIC        ?C?LLDCODE
  -------         ENDMOD        ?C?LLDCODE

  -------         MODULE        ?C?LLDIDATA0
  C:08DDH         PUBLIC        ?C?LLDIDATA0
  -------         ENDMOD        ?C?LLDIDATA0

  -------         MODULE        ?C?LLDXDATA0
  C:08EAH         PUBLIC        ?C?LLDXDATA0
  -------         ENDMOD        ?C?LLDXDATA0

  -------         MODULE        ?C?LLDPDATA0
BL51 BANKED LINKER/LOCATER V6.22.2.0                                                  11/17/2025  09:19:00  PAGE 67


  C:08F6H         PUBLIC        ?C?LLDPDATA0
  -------         ENDMOD        ?C?LLDPDATA0

  -------         MODULE        ?C?LLDCODE0
  C:0903H         PUBLIC        ?C?LLDCODE0
  -------         ENDMOD        ?C?LLDCODE0

  -------         MODULE        ?C?LSTIDATA
  C:0913H         PUBLIC        ?C?LSTIDATA
  -------         ENDMOD        ?C?LSTIDATA

  -------         MODULE        ?C?LSTPDATA
  C:091FH         PUBLIC        ?C?LSTPDATA
  -------         ENDMOD        ?C?LSTPDATA

  -------         MODULE        ?C?LSTKIDATA
  C:092BH         PUBLIC        ?C?LSTKIDATA
  -------         ENDMOD        ?C?LSTKIDATA

  -------         MODULE        ?C?LSTKPDATA
  C:0944H         PUBLIC        ?C?LSTKPDATA
  -------         ENDMOD        ?C?LSTKPDATA

  -------         MODULE        ?C?PLDIDATA
  C:095DH         PUBLIC        ?C?PLDIDATA
  -------         ENDMOD        ?C?PLDIDATA

  -------         MODULE        ?C?PSTIDATA
  C:0966H         PUBLIC        ?C?PSTIDATA
  -------         ENDMOD        ?C?PSTIDATA

  -------         MODULE        ?C?PLDXDATA
  C:096FH         PUBLIC        ?C?PLDXDATA
  -------         ENDMOD        ?C?PLDXDATA

  -------         MODULE        ?C?PSTXDATA
  C:0978H         PUBLIC        ?C?PSTXDATA
  -------         ENDMOD        ?C?PSTXDATA

  -------         MODULE        ?C?PLDPDATA
  C:0981H         PUBLIC        ?C?PLDPDATA
  -------         ENDMOD        ?C?PLDPDATA

  -------         MODULE        ?C?PSTPDATA
  C:098AH         PUBLIC        ?C?PSTPDATA
  -------         ENDMOD        ?C?PSTPDATA

  -------         MODULE        ?C?PLDCODE
  C:0993H         PUBLIC        ?C?PLDCODE
  -------         ENDMOD        ?C?PLDCODE

Program Size: data=12.4 xdata=770 code=15933
LINK/LOCATE RUN COMPLETE.  0 WARNING(S),  0 ERROR(S)
