<html>
<body>
<pre>
<h1>礦ision Build Log</h1>
<h2>Tool Versions:</h2>
IDE-Version: μVision V5.25.2.0
Copyright (C) 2018 ARM Ltd and ARM Germany GmbH. All rights reserved.
License Information: 123 123, 123, LIC=WHYH9-4D1C1-BSJYX-HQEMY-HKEDJ-3YB64
 
Tool Versions:
Toolchain:       MDK-ARM Plus  Version: 5.25.2.0
Toolchain Path:  D:\Keil\Software\MDK\ARM\ARMCC\Bin
C Compiler:      Armcc.exe V5.06 update 6 (build 750)
Assembler:       Armasm.exe V5.06 update 6 (build 750)
Linker/Locator:  ArmLink.exe V5.06 update 6 (build 750)
Library Manager: ArmAr.exe V5.06 update 6 (build 750)
Hex Converter:   FromElf.exe V5.06 update 6 (build 750)
CPU DLL:         SARMCM3.DLL V5.25.2.0
Dialog DLL:      DARMCM1.DLL V1.19.1.0
Target DLL:      Segger\JL2CM3.dll V2.99.29.0
Dialog DLL:      TARMCM1.DLL V1.14.0.0
 
<h2>Project:</h2>
E:\Liam\张涛\浩道\TM100-5\1.程序\1.程序\110V\华大下控\HC-32_1\example\10.HC32F005\HC32F005\MDK\HC32F005.uvprojx
Project File Date:  10/30/2024

<h2>Output:</h2>
*** Using Compiler 'V5.06 update 6 (build 750)', folder: 'D:\Keil\Software\MDK\ARM\ARMCC\Bin'
Rebuild target 'uart_int_Release'
assembling startup_hc32f005.s...
compiling gpio.c...
compiling lpm.c...
compiling flash.c...
compiling sysctrl.c...
compiling main.c...
compiling system_hc32f005.c...
compiling uart.c...
compiling ddl.c...
compiling interrupts_hc32f005.c...
compiling bt.c...
compiling adc.c...
compiling bgr.c...
compiling my_usart.c...
compiling MY_VC.c...
compiling MY_TIM.c...
compiling MY_ADC.c...
..\source\MY_ADC.c(181): warning:  #39-D: division by zero
  	adc_value_1 = (adc_sum - MAX - MIN)/ (GET_ADC_len - 2);
..\source\MY_ADC.c: 1 warning, 0 errors
compiling adt.c...
compiling ringfifo.c...
compiling MY_GPIO.c...
compiling point_fun.c...
compiling queue.c...
compiling uart_frame.c...
compiling pid.c...
compiling motor.c...
compiling motor_speed_pid.c...
linking...
Program Size: Code=14136 RO-data=248 RW-data=352 ZI-data=1360  
FromELF: creating hex file...
".\output\release\uart_int.axf" - 0 Error(s), 1 Warning(s).

<h2>Software Packages used:</h2>

Package Vendor: ARM
                http://www.keil.com/pack/ARM.CMSIS.5.3.0.pack
                ARM.CMSIS.5.3.0
                CMSIS (Cortex Microcontroller Software Interface Standard)
   * Component: CORE Version: 5.1.1

Package Vendor: HDSC
                https://raw.githubusercontent.com/hdscmcu/pack/master/HDSC.HC32F005.1.0.1.pack
                HDSC.HC32F005.1.0.1
                HC32F005 ARM Cortex-M0+ Device Family Pack

<h2>Collection of Component include folders:</h2>
  .\RTE\_uart_int_Release
  D:\Keil\Software\MDK\ARM\PACK\ARM\CMSIS\5.3.0\CMSIS\Include
  D:\Keil\Software\MDK\ARM\PACK\HDSC\HC32F005\1.0.1\Device\Include

<h2>Collection of Component Files used:</h2>

   * Component: ARM::CMSIS:CORE:5.1.1
Build Time Elapsed:  00:00:01
</pre>
</body>
</html>
