C51 COMPILER V9.60.0.0   KEYPAD                                                            07/25/2025 09:54:22 PAGE 1   


C51 COMPILER V9.60.0.0, COMPILATION OF MODULE KEYPAD
OBJECT MODULE PLACED IN .\Output\keypad.obj
COMPILER INVOKED BY: D:\Software\Keil_V5\C51\C51\BIN\C51.EXE ..\driver\keypad.c LARGE OPTIMIZE(7,SPEED) BROWSE INCDIR(..
                    -\Library\Device\Include;..\Library\StdDriver\inc;..\user;..\driver;..\bsp;..\Include;..\common) DEBUG OBJECTEXTEND PRINT
                    -(.\LST\keypad.lst) TABS(2) OBJECT(.\Output\keypad.obj)

line level    source

   1          /*
   2           * keypad.c
   3           *
   4           *  Created on: 2018年2月4日
   5           *      Author: Administrator
   6           */
   7          #include "keypad.h"
   8          #include "keypad_fun.h"
   9          #include "led_disp.h"
  10          #include "decode.h"
  11          #include "treadmills.h"
  12          #include "beep.h"
  13          
  14          
  15          static u8 trig=0;
  16          static u8 cont=0;
  17          
  18          static u8 cnt=0,state=0;
  19          static u8 new ,old;
  20          
  21          u8 FOHA_cont_cnt=0;
  22          
  23          u8 key=0;
  24          u8 key_cnt=0x00;
  25          u8 key_mask=0x00;
  26          u8 delay_add=0x00;
  27          u8 tl_flag=0;
  28          extern bit poweron_flag;
  29          u16 key_delay_dede=0;
  30          extern u16 no_key_cnt;
  31          
  32          void KeyPad_Scan(void)
  33          {
  34   1         /**
  35   1         * 按键输入入口,和硬件有关系
  36   1         */
  37   1        //=================================
  38   1        new=0;
  39   1        //客户433键值
  40   1        if(key_value==0X04){new |=(1<<0);}  //+     //0X04
  41   1        if(key_value==0X01){new |=(1<<1);}  //ON/OFF  -   //M
  42   1        if(key_value==0X1A){new |=(1<<2);}  //M     -     ///ON/OFF 
  43   1        if(key_value==0X05){new |=(1<<3);}  //-
  44   1        
  45   1        
  46   1          if(key_delay_dede)
  47   1          {
  48   2            key_delay_dede--;
  49   2            return;
  50   2          }
  51   1        
  52   1        if(new!=0)//按键有效
  53   1        {   
C51 COMPILER V9.60.0.0   KEYPAD                                                            07/25/2025 09:54:22 PAGE 2   

  54   2         if(treadmills.status==STATUS_SLEEP_MODE)  //休眠状态下，按遥控器任何按键
  55   2          {
  56   3              treadmills.status=STATUS_POWERON; 
  57   3              beep_set(1,DEFAULT_ON_TICKS,DEFAULT_OFF_TICKS);
  58   3              key_delay_dede=20;
  59   3              return;
  60   3          }   
  61   2          no_key_cnt=0;
  62   2      
  63   2         if(FOHA_cont_cnt>90) //长按延时
  64   2         {
  65   3           key=new;
  66   3           delay_add++;
  67   3           if(delay_add==15)    //连击延时，越小越快，15
  68   3           {
  69   4            delay_add=0;
  70   4            keypad_continue_proc();
  71   4           }
  72   3         }else
  73   2         {
  74   3           FOHA_cont_cnt++;
  75   3         }
  76   2        }else//按键无效了
  77   1        {
  78   2          if(FOHA_cont_cnt==1)
  79   2          {
  80   3            FOHA_cont_cnt=0;
  81   3            beep_set(1,DEFAULT_ON_TICKS,DEFAULT_OFF_TICKS);
  82   3          }
  83   2        }
  84   1        
  85   1        if(new !=old)//按键有变更
  86   1        {
  87   2          no_key_cnt=0;
  88   2          key=new;
  89   2          keypad_short_proc();
  90   2          old=new;
  91   2          if(FOHA_cont_cnt>90)//连击结束响
  92   2          {
  93   3            FOHA_cont_cnt=1;
  94   3          }else
  95   2          {
  96   3            FOHA_cont_cnt=0;
  97   3          }
  98   2        } 
  99   1      }
 100          


MODULE INFORMATION:   STATIC OVERLAYABLE
   CODE SIZE        =    260    ----
   CONSTANT SIZE    =   ----    ----
   XDATA SIZE       =     14    ----
   PDATA SIZE       =   ----    ----
   DATA SIZE        =   ----    ----
   IDATA SIZE       =   ----    ----
   BIT SIZE         =   ----    ----
END OF MODULE INFORMATION.


C51 COMPILATION COMPLETE.  0 WARNING(S),  0 ERROR(S)
