BL51 BANKED LINKER/LOCATER V6.22.2.0                                                    07/25/2025  09:54:23  PAGE 1


BL51 BANKED LINKER/LOCATER V6.22.2.0, INVOKED BY:
D:\SOFTWARE\KEIL_V5\C51\C51\BIN\BL51.EXE .\Output\STARTUP.obj, .\Output\7_segment.obj, .\Output\aip1628.obj, .\Output\in
>> decate.obj, .\Output\led_disp.obj, .\Output\keypad.obj, .\Output\keypad_fun.obj, .\Output\beep.obj, .\Output\main.obj
>> , .\Output\queue.obj, .\Output\uart_frame.obj, .\Output\treadmills.obj, .\Output\param.obj, .\Output\programe.obj, .\
>> Output\decode.obj, .\Output\isr.obj, .\Output\PWM_simple.obj, .\Output\Timer01_M1.obj, .\Output\uart.obj, .\Output\ee
>> _param.obj, .\Output\IAP_EEPROM.obj, .\Output\Delay.obj, .\Output\Common.obj TO .\Output\PBJ_SK_2.4G PRINT (.\LST\PBJ
>> _SK_2.m51) RAMSIZE (256) DISABLEWARNING (16)


MEMORY MODEL: LARGE WITH FLOATING POINT ARITHMETIC


INPUT MODULES INCLUDED:
  .\Output\STARTUP.obj (?C_STARTUP)
  .\Output\7_segment.obj (7_SEGMENT)
  .\Output\aip1628.obj (AIP1628)
  .\Output\indecate.obj (INDECATE)
  .\Output\led_disp.obj (LED_DISP)
  .\Output\keypad.obj (KEYPAD)
  .\Output\keypad_fun.obj (KEYPAD_FUN)
  .\Output\beep.obj (BEEP)
  .\Output\main.obj (MAIN)
  .\Output\queue.obj (QUEUE)
  .\Output\uart_frame.obj (UART_FRAME)
  .\Output\treadmills.obj (TREADMILLS)
  .\Output\param.obj (PARAM)
  .\Output\programe.obj (PROGRAME)
  .\Output\decode.obj (DECODE)
  .\Output\isr.obj (ISR)
  .\Output\PWM_simple.obj (PWM_SIMPLE)
  .\Output\Timer01_M1.obj (TIMER01_M1)
  .\Output\uart.obj (UART)
  .\Output\ee_param.obj (EE_PARAM)
  .\Output\IAP_EEPROM.obj (IAP_EEPROM)
  .\Output\Delay.obj (DELAY)
  .\Output\Common.obj (COMMON)
  D:\SOFTWARE\KEIL_V5\C51\C51\LIB\C51FPL.LIB (?C?FPADD)
  D:\SOFTWARE\KEIL_V5\C51\C51\LIB\C51FPL.LIB (?C?FPMUL)
  D:\SOFTWARE\KEIL_V5\C51\C51\LIB\C51FPL.LIB (?C?FPDIV)
  D:\SOFTWARE\KEIL_V5\C51\C51\LIB\C51FPL.LIB (?C?FPCMP)
  D:\SOFTWARE\KEIL_V5\C51\C51\LIB\C51FPL.LIB (?C?FCAST)
  D:\SOFTWARE\KEIL_V5\C51\C51\LIB\C51FPL.LIB (?C?CASTF)
  D:\SOFTWARE\KEIL_V5\C51\C51\LIB\C51FPL.LIB (?C?FPGETOPN)
  D:\SOFTWARE\KEIL_V5\C51\C51\LIB\C51L.LIB (?C_INIT)
  D:\SOFTWARE\KEIL_V5\C51\C51\LIB\C51L.LIB (?C?COPY)
  D:\SOFTWARE\KEIL_V5\C51\C51\LIB\C51L.LIB (?C?CLDPTR)
  D:\SOFTWARE\KEIL_V5\C51\C51\LIB\C51L.LIB (?C?CLDOPTR)
  D:\SOFTWARE\KEIL_V5\C51\C51\LIB\C51L.LIB (?C?CSTPTR)
  D:\SOFTWARE\KEIL_V5\C51\C51\LIB\C51L.LIB (?C?CSTOPTR)
  D:\SOFTWARE\KEIL_V5\C51\C51\LIB\C51L.LIB (?C?UIDIV)
  D:\SOFTWARE\KEIL_V5\C51\C51\LIB\C51L.LIB (?C?IILDX)
  D:\SOFTWARE\KEIL_V5\C51\C51\LIB\C51L.LIB (?C?ULDIV)
  D:\SOFTWARE\KEIL_V5\C51\C51\LIB\C51L.LIB (?C?LNEG)
  D:\SOFTWARE\KEIL_V5\C51\C51\LIB\C51L.LIB (?C?ULCMP)
  D:\SOFTWARE\KEIL_V5\C51\C51\LIB\C51L.LIB (?C?ULSHR)
  D:\SOFTWARE\KEIL_V5\C51\C51\LIB\C51L.LIB (?C?LLDOPTR)
  D:\SOFTWARE\KEIL_V5\C51\C51\LIB\C51L.LIB (?C?LSTOPTR)
  D:\SOFTWARE\KEIL_V5\C51\C51\LIB\C51L.LIB (?C?LLDOPTR0)
BL51 BANKED LINKER/LOCATER V6.22.2.0                                                  07/25/2025  09:54:23  PAGE 2


  D:\SOFTWARE\KEIL_V5\C51\C51\LIB\C51L.LIB (?C?LSTXDATA)
  D:\SOFTWARE\KEIL_V5\C51\C51\LIB\C51L.LIB (?C?LSTKXDATA)
  D:\SOFTWARE\KEIL_V5\C51\C51\LIB\C51L.LIB (?C?LSTKOPTR)
  D:\SOFTWARE\KEIL_V5\C51\C51\LIB\C51L.LIB (?C?PLDPTR)
  D:\SOFTWARE\KEIL_V5\C51\C51\LIB\C51L.LIB (?C?PSTPTR)
  D:\SOFTWARE\KEIL_V5\C51\C51\LIB\C51L.LIB (?C?LLDIDATA)
  D:\SOFTWARE\KEIL_V5\C51\C51\LIB\C51L.LIB (?C?LLDXDATA)
  D:\SOFTWARE\KEIL_V5\C51\C51\LIB\C51L.LIB (?C?LLDPDATA)
  D:\SOFTWARE\KEIL_V5\C51\C51\LIB\C51L.LIB (?C?LLDCODE)
  D:\SOFTWARE\KEIL_V5\C51\C51\LIB\C51L.LIB (?C?LLDIDATA0)
  D:\SOFTWARE\KEIL_V5\C51\C51\LIB\C51L.LIB (?C?LLDXDATA0)
  D:\SOFTWARE\KEIL_V5\C51\C51\LIB\C51L.LIB (?C?LLDPDATA0)
  D:\SOFTWARE\KEIL_V5\C51\C51\LIB\C51L.LIB (?C?LLDCODE0)
  D:\SOFTWARE\KEIL_V5\C51\C51\LIB\C51L.LIB (?C?LSTIDATA)
  D:\SOFTWARE\KEIL_V5\C51\C51\LIB\C51L.LIB (?C?LSTPDATA)
  D:\SOFTWARE\KEIL_V5\C51\C51\LIB\C51L.LIB (?C?LSTKIDATA)
  D:\SOFTWARE\KEIL_V5\C51\C51\LIB\C51L.LIB (?C?LSTKPDATA)
  D:\SOFTWARE\KEIL_V5\C51\C51\LIB\C51L.LIB (?C?PLDIDATA)
  D:\SOFTWARE\KEIL_V5\C51\C51\LIB\C51L.LIB (?C?PSTIDATA)
  D:\SOFTWARE\KEIL_V5\C51\C51\LIB\C51L.LIB (?C?PLDXDATA)
  D:\SOFTWARE\KEIL_V5\C51\C51\LIB\C51L.LIB (?C?PSTXDATA)
  D:\SOFTWARE\KEIL_V5\C51\C51\LIB\C51L.LIB (?C?PLDPDATA)
  D:\SOFTWARE\KEIL_V5\C51\C51\LIB\C51L.LIB (?C?PSTPDATA)
  D:\SOFTWARE\KEIL_V5\C51\C51\LIB\C51L.LIB (?C?PLDCODE)


LINK MAP OF MODULE:  .\Output\PBJ_SK_2.4G (?C_STARTUP)


            TYPE    BASE      LENGTH    RELOCATION   SEGMENT NAME
            -----------------------------------------------------

            * * * * * * *   D A T A   M E M O R Y   * * * * * * *
            REG     0000H     0008H     ABSOLUTE     "REG BANK 0"
            DATA    0008H     0002H     UNIT         _DATA_GROUP_
                    000AH     0016H                  *** GAP ***
            BIT     0020H.0   0000H.5   UNIT         ?BI?DECODE
            BIT     0020H.5   0000H.2   UNIT         ?BI?MAIN
            BIT     0020H.7   0000H.1   UNIT         ?BI?DELAY
            IDATA   0021H     0001H     UNIT         ?STACK

            * * * * * * *  X D A T A   M E M O R Y  * * * * * * *
            XDATA   0000H     00BCH     UNIT         ?XD?UART_FRAME
            XDATA   00BCH     004BH     UNIT         ?XD?TREADMILLS
            XDATA   0107H     0025H     UNIT         _XDATA_GROUP_
            XDATA   012CH     0012H     UNIT         ?XD?DECODE
            XDATA   013EH     0011H     UNIT         ?XD?7_SEGMENT
            XDATA   014FH     000FH     UNIT         ?XD?ISR
            XDATA   015EH     000EH     UNIT         ?XD?LED_DISP
            XDATA   016CH     000EH     UNIT         ?XD?KEYPAD
            XDATA   017AH     0008H     UNIT         ?XD?BEEP
            XDATA   0182H     0007H     UNIT         ?XD?KEYPAD_FUN
            XDATA   0189H     0007H     UNIT         ?XD?_WRITE_APROM_PAGE?IAP_EEPROM
            XDATA   0190H     0006H     UNIT         ?XD?INDECATE
            XDATA   0196H     0005H     UNIT         ?XD?_AIP1628_WRITE_NBYTES?AIP1628
            XDATA   019BH     0005H     UNIT         ?XD?MAIN
            XDATA   01A0H     0005H     UNIT         ?XD?PROGRAME
BL51 BANKED LINKER/LOCATER V6.22.2.0                                                  07/25/2025  09:54:23  PAGE 3


            XDATA   01A5H     0005H     UNIT         ?XD?EE_PARAM
            XDATA   01AAH     0005H     UNIT         ?XD?_READ_APROM_PAGE?IAP_EEPROM
            XDATA   01AFH     0004H     UNIT         ?XD?_UART0_ENTER_QUEUE?QUEUE
            XDATA   01B3H     0004H     UNIT         ?XD?PARAM
            XDATA   01B7H     0004H     UNIT         ?XD?_TIMER0_DELAY100US?DELAY
            XDATA   01BBH     0004H     UNIT         ?XD?_TIMER0_DELAY1MS?DELAY
            XDATA   01BFH     0004H     UNIT         ?XD?_TIMER1_DELAY10MS?DELAY
            XDATA   01C3H     0004H     UNIT         ?XD?_TIMER2_DELAY500US?DELAY
            XDATA   01C7H     0004H     UNIT         ?XD?_TIMER3_DELAY100MS?DELAY
            XDATA   01CBH     0004H     UNIT         ?XD?_TIMER3_DELAY10US?DELAY
            XDATA   01CFH     0004H     UNIT         ?XD?_INITIALUART0_TIMER3?COMMON
            XDATA   01D3H     0003H     UNIT         ?XD?_UART0_IS_FULL_QUEUE?QUEUE
            XDATA   01D6H     0003H     UNIT         ?XD?_UART_SEND_VALUE?UART
            XDATA   01D9H     0002H     UNIT         ?XD?UART
            XDATA   01DBH     0002H     UNIT         ?XD?READ_PARAM?EE_PARAM
            XDATA   01DDH     0001H     UNIT         ?XD?KEYPAD_LONG_PROC?KEYPAD_FUN

            * * * * * * *   C O D E   M E M O R Y   * * * * * * *
            CODE    0000H     0003H     ABSOLUTE     
            CODE    0003H     0007H     UNIT         ?PR?EE_PARAM_INIT?EE_PARAM
                    000AH     0001H                  *** GAP ***
            CODE    000BH     0003H     ABSOLUTE     
            CODE    000EH     006AH     UNIT         ?PR?_UART_SEND_BUF?UART
            CODE    0078H     0003H     UNIT         ?PR?TEST_IAPROM?IAP_EEPROM
            CODE    007BH     0003H     ABSOLUTE     
            CODE    007EH     08FBH     UNIT         ?C?LIB_CODE
            CODE    0979H     03FDH     UNIT         ?PR?_TREADMILLS_DISPLAY?TREADMILLS
            CODE    0D76H     03DFH     UNIT         ?PR?TREADMILLS_PROC_LOOP?TREADMILLS
            CODE    1155H     0353H     UNIT         ?PR?RF433M_RECEVIEDECODE?DECODE
            CODE    14A8H     02C0H     UNIT         ?PR?TREADMILLS_PARAM_CALC?TREADMILLS
            CODE    1768H     01E2H     UNIT         ?PR?MAIN?MAIN
            CODE    194AH     01D5H     UNIT         ?PR?SEG_DISP_PROC?LED_DISP
            CODE    1B1FH     0185H     UNIT         ?PR?KEYPAD_SHORT_PROC?KEYPAD_FUN
            CODE    1CA4H     015FH     UNIT         ?PR?UART1_FRAME_LOOP?UART_FRAME
            CODE    1E03H     0135H     UNIT         ?PR?UART1_CMD_PROC?UART_FRAME
            CODE    1F38H     0104H     UNIT         ?PR?KEYPAD_SCAN?KEYPAD
            CODE    203CH     0103H     UNIT         ?C_INITSEG
            CODE    213FH     00FFH     UNIT         ?PR?TIMER0_ISR?ISR
            CODE    223EH     00FDH     UNIT         ?PR?SEND_DEFAULT_PARAM?MAIN
            CODE    233BH     00D6H     UNIT         ?PR?_SET_SEG_VAL?LED_DISP
            CODE    2411H     00BAH     UNIT         ?PR?_WRITE_APROM_PAGE?IAP_EEPROM
            CODE    24CBH     00B4H     UNIT         ?PR?_UART_SEND_VALUE?UART
            CODE    257FH     00ACH     UNIT         ?C_C51STARTUP
            CODE    262BH     00A7H     UNIT         ?PR?MODIFY_HIRC_166?MAIN
            CODE    26D2H     0093H     UNIT         ?PR?_BTN_ADD_PROC?KEYPAD_FUN
            CODE    2765H     008DH     UNIT         ?PR?_DENTER_QUEUE?QUEUE
            CODE    27F2H     008CH     UNIT         ?PR?BEEP_SOUND_PROC?BEEP
            CODE    287EH     0085H     UNIT         ?PR?TREADMILLS_DISP_LOOP?TREADMILLS
            CODE    2903H     0082H     UNIT         ?PR?_SET_SEG_TWO?LED_DISP
            CODE    2985H     0081H     UNIT         ?PR?_SET_SEG_TWO_SC?LED_DISP
            CODE    2A06H     0080H     UNIT         ?PR?_UART1_ENTER_QUEUE?QUEUE
            CODE    2A86H     0080H     UNIT         ?PR?_UART0_ENTER_QUEUE?QUEUE
            CODE    2B06H     007FH     UNIT         ?PR?COMMUNICATION_CHECKOUT?TREADMILLS
            CODE    2B85H     007DH     UNIT         ?PR?_BTN_SUB_PROC?KEYPAD_FUN
            CODE    2C02H     007DH     UNIT         ?PR?_INITIALUART0_TIMER3?COMMON
            CODE    2C7FH     0078H     UNIT         ?PR?_INITIALUART1_TIMER3?COMMON
            CODE    2CF7H     0077H     UNIT         ?PR?DISP_UPDATE?INDECATE
BL51 BANKED LINKER/LOCATER V6.22.2.0                                                  07/25/2025  09:54:23  PAGE 4


            CODE    2D6EH     0069H     UNIT         ?PR?_UART_SEND_DATA?UART
            CODE    2DD7H     0064H     UNIT         ?PR?BOOT_TIME?TREADMILLS
            CODE    2E3BH     0063H     UNIT         ?PR?_BEEP_SET?BEEP
            CODE    2E9EH     005EH     UNIT         ?PR?_TIMER3_DELAY100MS?DELAY
            CODE    2EFCH     005EH     UNIT         ?PR?_TIMER3_DELAY10US?DELAY
            CODE    2F5AH     005DH     UNIT         ?PR?_ERASE_APROM_PAGE?IAP_EEPROM
            CODE    2FB7H     005CH     UNIT         ?PR?_CREATE_QUEUE?QUEUE
            CODE    3013H     005CH     UNIT         ?PR?_TIMER2_DELAY500US?DELAY
            CODE    306FH     0059H     UNIT         ?PR?UART1_ISR?UART
            CODE    30C8H     0059H     UNIT         ?PR?_TIMER0_DELAY100US?DELAY
            CODE    3121H     0059H     UNIT         ?PR?_TIMER0_DELAY1MS?DELAY
            CODE    317AH     0059H     UNIT         ?PR?_TIMER1_DELAY10MS?DELAY
            CODE    31D3H     0057H     UNIT         ?PR?_UART1_IS_FULL_QUEUE?QUEUE
            CODE    322AH     0057H     UNIT         ?PR?_UART0_IS_FULL_QUEUE?QUEUE
            CODE    3281H     0051H     UNIT         ?PR?_READ_APROM_PAGE?IAP_EEPROM
            CODE    32D2H     0044H     UNIT         ?PR?READ_PARAM?EE_PARAM
            CODE    3316H     0043H     UNIT         ?PR?KEYPAD_CONTINUE_PROC?KEYPAD_FUN
            CODE    3359H     003EH     UNIT         ?PR?TREADMILLS_INIT?TREADMILLS
            CODE    3397H     003BH     UNIT         ?PR?PWM_INIT?PWM_SIMPLE
            CODE    33D2H     0038H     UNIT         ?PR?_INITIALUART0_TIMER1?COMMON
            CODE    340AH     0037H     UNIT         ?PR?_UART1_FRAME_TX_2?UART_FRAME
            CODE    3441H     0035H     UNIT         ?PR?UART_FRAME_INIT?UART_FRAME
            CODE    3476H     0032H     UNIT         ?PR?_UART1_FRAME_TX?UART_FRAME
            CODE    34A8H     002FH     UNIT         ?PR?_AIP1628_WRITE_NBYTES?AIP1628
            CODE    34D7H     001EH     UNIT         ?PR?_WT_BYTE?AIP1628
            CODE    34F5H     001DH     UNIT         ?PR?WRITE_PARAM?EE_PARAM
            CODE    3512H     001BH     UNIT         ?PR?_SET_BIT_SEG?LED_DISP
            CODE    352DH     001AH     UNIT         ?PR?SW_RESET?COMMON
            CODE    3547H     0019H     UNIT         ?PR?TIMER0_INIT?TIMER01_M1
            CODE    3560H     0018H     UNIT         ?PR?AIP1628_INIT?AIP1628
            CODE    3578H     0018H     UNIT         ?PR?_IS_EMPTY_QUEUE?QUEUE
            CODE    3590H     0014H     UNIT         ?PR?LED_DISPLAY_INIT?LED_DISP
            CODE    35A4H     0012H     UNIT         ?PR?PROGRAME_INIT?PROGRAME
            CODE    35B6H     0011H     UNIT         ?PR?_AIP1628_WRITE_BYTE?AIP1628
            CODE    35C7H     0010H     UNIT         ?PR?_SET_SEG_MODE?LED_DISP
            CODE    35D7H     000FH     UNIT         ?CO?TREADMILLS
            CODE    35E6H     000FH     UNIT         ?PR?UART_INIT?UART
            CODE    35F5H     000EH     UNIT         ?PR?_PWM1DUTYCYCLE?PWM_SIMPLE
            CODE    3603H     000EH     UNIT         ?PR?_PWM2DUTYCYCLE?PWM_SIMPLE
            CODE    3611H     000DH     UNIT         ?PR?_SET_SEG_FLASH_CNT?LED_DISP
            CODE    361EH     000DH     UNIT         ?PR?BEEP_FORCE_STOP?BEEP
            CODE    362BH     000CH     UNIT         ?PR?_SET_AIP1628_LIGHTE_SCALE?AIP1628
            CODE    3637H     000AH     UNIT         ?PR?PARAM_INIT?PARAM
            CODE    3641H     0009H     UNIT         ?PR?KEYPAD_LONG_PROC?KEYPAD_FUN
            CODE    364AH     0009H     UNIT         ?PR?RF433M_INIT?DECODE



OVERLAY MAP OF MODULE:   .\Output\PBJ_SK_2.4G (?C_STARTUP)


SEGMENT                                         DATA_GROUP          XDATA_GROUP
  +--> CALLED SEGMENT                         START    LENGTH     START    LENGTH
---------------------------------------------------------------------------------
?C_C51STARTUP                                 -----    -----      -----    -----
  +--> ?PR?MAIN?MAIN
  +--> ?C_INITSEG
BL51 BANKED LINKER/LOCATER V6.22.2.0                                                  07/25/2025  09:54:23  PAGE 5



?PR?MAIN?MAIN                                 -----    -----      0107H    0001H
  +--> ?PR?MODIFY_HIRC_166?MAIN
  +--> ?PR?RF433M_INIT?DECODE
  +--> ?PR?LED_DISPLAY_INIT?LED_DISP
  +--> ?PR?AIP1628_INIT?AIP1628
  +--> ?PR?PWM_INIT?PWM_SIMPLE
  +--> ?PR?UART_INIT?UART
  +--> ?PR?TIMER0_INIT?TIMER01_M1
  +--> ?PR?UART_FRAME_INIT?UART_FRAME
  +--> ?PR?TREADMILLS_INIT?TREADMILLS
  +--> ?PR?PARAM_INIT?PARAM
  +--> ?PR?EE_PARAM_INIT?EE_PARAM
  +--> ?PR?_BEEP_SET?BEEP
  +--> ?PR?UART1_FRAME_LOOP?UART_FRAME
  +--> ?PR?KEYPAD_SCAN?KEYPAD
  +--> ?PR?BEEP_SOUND_PROC?BEEP
  +--> ?PR?BOOT_TIME?TREADMILLS
  +--> ?PR?SEG_DISP_PROC?LED_DISP
  +--> ?PR?TREADMILLS_DISP_LOOP?TREADMILLS
  +--> ?PR?TREADMILLS_PROC_LOOP?TREADMILLS
  +--> ?PR?COMMUNICATION_CHECKOUT?TREADMILLS
  +--> ?PR?SEND_DEFAULT_PARAM?MAIN
  +--> ?PR?_SET_BIT_SEG?LED_DISP
  +--> ?PR?_SET_SEG_MODE?LED_DISP
  +--> ?PR?TREADMILLS_PARAM_CALC?TREADMILLS
  +--> ?PR?DISP_UPDATE?INDECATE

?PR?MODIFY_HIRC_166?MAIN                      0008H    0002H      -----    -----

?PR?LED_DISPLAY_INIT?LED_DISP                 -----    -----      -----    -----
  +--> ?PR?_SET_SEG_MODE?LED_DISP

?PR?AIP1628_INIT?AIP1628                      -----    -----      -----    -----
  +--> ?PR?_WT_BYTE?AIP1628
  +--> ?PR?_SET_AIP1628_LIGHTE_SCALE?AIP1628

?PR?_SET_AIP1628_LIGHTE_SCALE?AIP1628         -----    -----      -----    -----
  +--> ?PR?_WT_BYTE?AIP1628

?PR?UART_INIT?UART                            -----    -----      -----    -----
  +--> ?PR?_INITIALUART1_TIMER3?COMMON

?PR?_INITIALUART1_TIMER3?COMMON               -----    -----      0108H    0004H

?PR?UART_FRAME_INIT?UART_FRAME                -----    -----      -----    -----
  +--> ?PR?_CREATE_QUEUE?QUEUE

?PR?_CREATE_QUEUE?QUEUE                       -----    -----      0108H    000AH

?PR?_BEEP_SET?BEEP                            -----    -----      010DH    0005H
  +--> ?PR?_PWM1DUTYCYCLE?PWM_SIMPLE

?PR?UART1_FRAME_LOOP?UART_FRAME               -----    -----      0108H    0001H
  +--> ?PR?_DENTER_QUEUE?QUEUE
  +--> ?PR?UART1_CMD_PROC?UART_FRAME

BL51 BANKED LINKER/LOCATER V6.22.2.0                                                  07/25/2025  09:54:23  PAGE 6


?PR?_DENTER_QUEUE?QUEUE                       -----    -----      0109H    0006H
  +--> ?PR?_IS_EMPTY_QUEUE?QUEUE

?PR?UART1_CMD_PROC?UART_FRAME                 -----    -----      -----    -----
  +--> ?PR?_UART_SEND_BUF?UART
  +--> ?PR?_BEEP_SET?BEEP
  +--> ?PR?_SET_SEG_VAL?LED_DISP
  +--> ?PR?_SET_SEG_MODE?LED_DISP

?PR?_UART_SEND_BUF?UART                       -----    -----      010DH    0005H
  +--> ?PR?_UART_SEND_DATA?UART

?PR?_UART_SEND_DATA?UART                      -----    -----      0112H    0004H

?PR?_SET_SEG_VAL?LED_DISP                     -----    -----      0109H    0002H

?PR?KEYPAD_SCAN?KEYPAD                        -----    -----      -----    -----
  +--> ?PR?_BEEP_SET?BEEP
  +--> ?PR?KEYPAD_CONTINUE_PROC?KEYPAD_FUN
  +--> ?PR?KEYPAD_SHORT_PROC?KEYPAD_FUN

?PR?KEYPAD_CONTINUE_PROC?KEYPAD_FUN           -----    -----      0108H    0001H
  +--> ?PR?_BTN_ADD_PROC?KEYPAD_FUN
  +--> ?PR?_BTN_SUB_PROC?KEYPAD_FUN

?PR?_BTN_ADD_PROC?KEYPAD_FUN                  -----    -----      -----    -----
  +--> ?PR?_BEEP_SET?BEEP
  +--> ?PR?_UART1_FRAME_TX?UART_FRAME

?PR?_UART1_FRAME_TX?UART_FRAME                -----    -----      -----    -----
  +--> ?PR?_UART_SEND_BUF?UART

?PR?_BTN_SUB_PROC?KEYPAD_FUN                  -----    -----      -----    -----
  +--> ?PR?_BEEP_SET?BEEP
  +--> ?PR?_UART1_FRAME_TX?UART_FRAME

?PR?KEYPAD_SHORT_PROC?KEYPAD_FUN              -----    -----      0108H    0005H
  +--> ?PR?_BTN_ADD_PROC?KEYPAD_FUN
  +--> ?PR?_BEEP_SET?BEEP
  +--> ?PR?_UART1_FRAME_TX?UART_FRAME
  +--> ?PR?_BTN_SUB_PROC?KEYPAD_FUN

?PR?BEEP_SOUND_PROC?BEEP                      -----    -----      -----    -----
  +--> ?PR?_PWM1DUTYCYCLE?PWM_SIMPLE

?PR?BOOT_TIME?TREADMILLS                      -----    -----      -----    -----
  +--> ?PR?_TREADMILLS_DISPLAY?TREADMILLS

?PR?_TREADMILLS_DISPLAY?TREADMILLS            -----    -----      0108H    001CH
  +--> ?CO?TREADMILLS
  +--> ?PR?_SET_SEG_TWO_SC?LED_DISP
  +--> ?PR?_SET_BIT_SEG?LED_DISP
  +--> ?PR?_SET_SEG_TWO?LED_DISP

?PR?_SET_SEG_TWO_SC?LED_DISP                  -----    -----      0124H    0001H

?PR?_SET_SEG_TWO?LED_DISP                     -----    -----      0124H    0001H
BL51 BANKED LINKER/LOCATER V6.22.2.0                                                  07/25/2025  09:54:23  PAGE 7



?PR?TREADMILLS_DISP_LOOP?TREADMILLS           -----    -----      -----    -----
  +--> ?PR?_TREADMILLS_DISPLAY?TREADMILLS

?PR?TREADMILLS_PROC_LOOP?TREADMILLS           -----    -----      -----    -----
  +--> ?PR?_SET_BIT_SEG?LED_DISP
  +--> ?PR?_UART_SEND_BUF?UART
  +--> ?PR?_BEEP_SET?BEEP
  +--> ?PR?_SET_SEG_MODE?LED_DISP
  +--> ?PR?_UART1_FRAME_TX_2?UART_FRAME
  +--> ?PR?_TREADMILLS_DISPLAY?TREADMILLS
  +--> ?PR?_UART1_FRAME_TX?UART_FRAME
  +--> ?PR?BEEP_FORCE_STOP?BEEP
  +--> ?PR?_SET_SEG_VAL?LED_DISP

?PR?_UART1_FRAME_TX_2?UART_FRAME              -----    -----      -----    -----
  +--> ?PR?_UART_SEND_BUF?UART

?PR?BEEP_FORCE_STOP?BEEP                      -----    -----      -----    -----
  +--> ?PR?_PWM1DUTYCYCLE?PWM_SIMPLE

?PR?COMMUNICATION_CHECKOUT?TREADMILLS         -----    -----      -----    -----
  +--> ?PR?_UART1_FRAME_TX?UART_FRAME
  +--> ?PR?_BEEP_SET?BEEP

?PR?SEND_DEFAULT_PARAM?MAIN                   -----    -----      0108H    0001H
  +--> ?PR?_UART1_FRAME_TX?UART_FRAME

?PR?TREADMILLS_PARAM_CALC?TREADMILLS          -----    -----      -----    -----
  +--> ?PR?_BEEP_SET?BEEP
  +--> ?PR?_TREADMILLS_DISPLAY?TREADMILLS

?PR?DISP_UPDATE?INDECATE                      -----    -----      -----    -----
  +--> ?PR?AIP1628_INIT?AIP1628
  +--> ?PR?_AIP1628_WRITE_BYTE?AIP1628

?PR?_AIP1628_WRITE_BYTE?AIP1628               -----    -----      -----    -----
  +--> ?PR?_WT_BYTE?AIP1628

*** NEW ROOT ***************************************************

?PR?TIMER0_ISR?ISR                            -----    -----      -----    -----
  +--> ?PR?RF433M_RECEVIEDECODE?DECODE

*** NEW ROOT ***************************************************

?PR?UART1_ISR?UART                            -----    -----      -----    -----
  +--> ?PR?_UART1_ENTER_QUEUE?QUEUE

?PR?_UART1_ENTER_QUEUE?QUEUE                  -----    -----      0125H    0004H
  +--> ?PR?_UART1_IS_FULL_QUEUE?QUEUE

?PR?_UART1_IS_FULL_QUEUE?QUEUE                -----    -----      0129H    0003H



SYMBOL TABLE OF MODULE:  .\Output\PBJ_SK_2.4G (?C_STARTUP)
BL51 BANKED LINKER/LOCATER V6.22.2.0                                                  07/25/2025  09:54:23  PAGE 8



  VALUE           TYPE          NAME
  ----------------------------------

  -------         MODULE        ?C_STARTUP
  C:257FH         SEGMENT       ?C_C51STARTUP
  I:0021H         SEGMENT       ?STACK
  C:0000H         PUBLIC        ?C_STARTUP
  D:00E0H         SYMBOL        ACC
  D:00F0H         SYMBOL        B
  D:0083H         SYMBOL        DPH
  D:0082H         SYMBOL        DPL
  N:0000H         SYMBOL        IBPSTACK
  N:0100H         SYMBOL        IBPSTACKTOP
  N:0080H         SYMBOL        IDATALEN
  C:2594H         SYMBOL        IDATALOOP
  N:0000H         SYMBOL        PBPSTACK
  N:0000H         SYMBOL        PBPSTACKTOP
  N:0000H         SYMBOL        PDATALEN
  N:0000H         SYMBOL        PDATASTART
  N:0000H         SYMBOL        PPAGE
  N:0000H         SYMBOL        PPAGEENABLE
  D:00A0H         SYMBOL        PPAGE_SFR
  D:0081H         SYMBOL        SP
  C:257FH         SYMBOL        STARTUP1
  N:0000H         SYMBOL        XBPSTACK
  N:0000H         SYMBOL        XBPSTACKTOP
  N:02FFH         SYMBOL        XDATALEN
  C:259FH         SYMBOL        XDATALOOP
  N:0000H         SYMBOL        XDATASTART
  C:0000H         LINE#         94
  C:257FH         LINE#         100
  C:2582H         LINE#         101
  C:2585H         LINE#         102
  C:2588H         LINE#         104
  C:258BH         LINE#         105
  C:258EH         LINE#         106
  C:2591H         LINE#         109
  C:2593H         LINE#         110
  C:2594H         LINE#         111
  C:2595H         LINE#         112
  C:2597H         LINE#         116
  C:259AH         LINE#         117
  C:259CH         LINE#         119
  C:259EH         LINE#         123
  C:259FH         LINE#         124
  C:25A0H         LINE#         125
  C:25A1H         LINE#         126
  C:25A3H         LINE#         127
  C:25A5H         LINE#         161
  C:25A8H         LINE#         165
  -------         ENDMOD        ?C_STARTUP

  -------         MODULE        7_SEGMENT
  C:0000H         SYMBOL        _ICE_DUMMY_
  D:0080H         PUBLIC        P0
  D:0090H         PUBLIC        P1
BL51 BANKED LINKER/LOCATER V6.22.2.0                                                  07/25/2025  09:54:23  PAGE 9


  D:00A0H         PUBLIC        P2
  D:00B0H         PUBLIC        P3
  D:00D8H         PUBLIC        PWMCON0
  D:00A8H         PUBLIC        IE
  D:00B8H         PUBLIC        IP
  D:0098H         PUBLIC        SCON
  D:0088H         PUBLIC        TCON
  D:00F8H         PUBLIC        SCON_1
  D:00E8H         PUBLIC        ADCCON0
  D:00C0H         PUBLIC        I2CON
  D:00C8H         PUBLIC        T2CON
  X:013EH         PUBLIC        seg_num
  D:00D0H         PUBLIC        PSW
  -------         ENDMOD        7_SEGMENT

  -------         MODULE        AIP1628
  C:0000H         SYMBOL        _ICE_DUMMY_
  D:0080H         PUBLIC        P0
  D:0090H         PUBLIC        P1
  D:00A0H         PUBLIC        P2
  C:34D7H         SYMBOL        _wt_byte
  D:00B0H         PUBLIC        P3
  D:00D8H         PUBLIC        PWMCON0
  C:362BH         PUBLIC        _set_aip1628_lighte_scale
  D:00A8H         PUBLIC        IE
  C:34A8H         PUBLIC        _aip1628_write_nbytes
  D:00B8H         PUBLIC        IP
  C:3560H         PUBLIC        aip1628_init
  B:0090H.1       PUBLIC        P11
  B:0090H.2       PUBLIC        P12
  C:35B6H         PUBLIC        _aip1628_write_byte
  B:0090H.3       PUBLIC        P13
  D:0098H         PUBLIC        SCON
  D:0088H         PUBLIC        TCON
  D:00F8H         PUBLIC        SCON_1
  D:00E8H         PUBLIC        ADCCON0
  D:00C0H         PUBLIC        I2CON
  D:00C8H         PUBLIC        T2CON
  D:00D0H         PUBLIC        PSW
  -------         PROC          _WT_BYTE
  D:0007H         SYMBOL        dat
  -------         DO            
  D:0006H         SYMBOL        i
  -------         ENDDO         
  C:34D7H         LINE#         22
  C:34D7H         LINE#         23
  C:34D7H         LINE#         25
  C:34E3H         LINE#         26
  C:34E3H         LINE#         27
  C:34E5H         LINE#         28
  C:34E9H         LINE#         29
  C:34EDH         LINE#         30
  C:34EFH         LINE#         31
  C:34F2H         LINE#         32
  C:34F4H         LINE#         33
  -------         ENDPROC       _WT_BYTE
  -------         PROC          _AIP1628_WRITE_BYTE
BL51 BANKED LINKER/LOCATER V6.22.2.0                                                  07/25/2025  09:54:23  PAGE 10


  D:0007H         SYMBOL        addr
  D:0005H         SYMBOL        dat
  C:35B6H         LINE#         36
  C:35B6H         LINE#         37
  C:35B6H         LINE#         38
  C:35B8H         LINE#         39
  C:35BFH         LINE#         40
  C:35C4H         LINE#         42
  C:35C6H         LINE#         43
  -------         ENDPROC       _AIP1628_WRITE_BYTE
  -------         PROC          _AIP1628_WRITE_NBYTES
  D:0007H         SYMBOL        addr
  D:0001H         SYMBOL        p
  X:019AH         SYMBOL        len
  C:34A8H         LINE#         46
  C:34A8H         LINE#         47
  C:34A8H         LINE#         48
  C:34AAH         LINE#         49
  C:34B1H         LINE#         50
  C:34BEH         LINE#         51
  C:34BEH         LINE#         52
  C:34C5H         LINE#         53
  C:34CCH         LINE#         54
  C:34D4H         LINE#         55
  C:34D6H         LINE#         56
  -------         ENDPROC       _AIP1628_WRITE_NBYTES
  -------         PROC          _SET_AIP1628_LIGHTE_SCALE
  D:0007H         SYMBOL        scale
  C:362BH         LINE#         59
  C:362BH         LINE#         60
  C:362BH         LINE#         62
  C:362DH         LINE#         63
  C:3634H         LINE#         64
  C:3636H         LINE#         65
  -------         ENDPROC       _SET_AIP1628_LIGHTE_SCALE
  -------         PROC          AIP1628_INIT
  C:3560H         LINE#         68
  C:3560H         LINE#         69
  C:3560H         LINE#         71
  C:3562H         LINE#         72
  C:3567H         LINE#         73
  C:3569H         LINE#         76
  C:356BH         LINE#         77
  C:3570H         LINE#         78
  C:3572H         LINE#         80
  C:3577H         LINE#         81
  -------         ENDPROC       AIP1628_INIT
  -------         ENDMOD        AIP1628

  -------         MODULE        INDECATE
  C:0000H         SYMBOL        _ICE_DUMMY_
  D:0080H         PUBLIC        P0
  D:0090H         PUBLIC        P1
  D:00A0H         PUBLIC        P2
  D:00B0H         PUBLIC        P3
  D:00D8H         PUBLIC        PWMCON0
  D:00A8H         PUBLIC        IE
BL51 BANKED LINKER/LOCATER V6.22.2.0                                                  07/25/2025  09:54:23  PAGE 11


  D:00B8H         PUBLIC        IP
  C:2CF7H         PUBLIC        disp_update
  X:0190H         PUBLIC        indecate_update_flag
  D:0098H         PUBLIC        SCON
  D:0088H         PUBLIC        TCON
  X:0191H         PUBLIC        indecate
  D:00F8H         PUBLIC        SCON_1
  D:00E8H         PUBLIC        ADCCON0
  D:00C0H         PUBLIC        I2CON
  D:00C8H         PUBLIC        T2CON
  D:00D0H         PUBLIC        PSW
  -------         PROC          DISP_UPDATE
  C:2CF7H         LINE#         18
  C:2CF7H         LINE#         19
  C:2CF7H         LINE#         20
  C:2CFAH         LINE#         21
  C:2D00H         LINE#         22
  C:2D00H         LINE#         23
  C:2D02H         LINE#         25
  C:2D08H         LINE#         26
  C:2D08H         LINE#         27
  C:2D12H         LINE#         28
  C:2D1CH         LINE#         29
  C:2D26H         LINE#         30
  C:2D30H         LINE#         31
  C:2D3AH         LINE#         32
  C:2D3BH         LINE#         34
  C:2D3BH         LINE#         35
  C:2D41H         LINE#         36
  C:2D48H         LINE#         37
  C:2D52H         LINE#         38
  C:2D66H         LINE#         39
  C:2D6DH         LINE#         40
  C:2D6DH         LINE#         41
  C:2D6DH         LINE#         42
  -------         ENDPROC       DISP_UPDATE
  -------         ENDMOD        INDECATE

  -------         MODULE        LED_DISP
  C:0000H         SYMBOL        _ICE_DUMMY_
  D:0080H         PUBLIC        P0
  D:0090H         PUBLIC        P1
  D:00A0H         PUBLIC        P2
  D:00B0H         PUBLIC        P3
  X:015EH         SYMBOL        _mode
  D:00D8H         PUBLIC        PWMCON0
  C:3611H         PUBLIC        _set_seg_flash_cnt
  D:00A8H         PUBLIC        IE
  C:3512H         PUBLIC        _set_bit_seg
  C:233BH         PUBLIC        _set_seg_val
  X:015FH         SYMBOL        ptrseg
  D:00B8H         PUBLIC        IP
  C:3590H         PUBLIC        led_display_init
  C:2903H         PUBLIC        _set_seg_two
  D:0098H         PUBLIC        SCON
  D:0088H         PUBLIC        TCON
  X:0162H         SYMBOL        flash_cnt
BL51 BANKED LINKER/LOCATER V6.22.2.0                                                  07/25/2025  09:54:23  PAGE 12


  X:0163H         SYMBOL        buf
  D:00F8H         PUBLIC        SCON_1
  X:016BH         SYMBOL        cnt
  D:00E8H         PUBLIC        ADCCON0
  D:00C0H         PUBLIC        I2CON
  C:2985H         PUBLIC        _set_seg_two_sc
  D:00C8H         PUBLIC        T2CON
  C:194AH         PUBLIC        seg_disp_proc
  C:35C7H         PUBLIC        _set_seg_mode
  D:00D0H         PUBLIC        PSW
  -------         PROC          LED_DISPLAY_INIT
  C:3590H         LINE#         18
  C:3590H         LINE#         19
  C:3590H         LINE#         20
  C:359EH         LINE#         21
  C:35A3H         LINE#         22
  -------         ENDPROC       LED_DISPLAY_INIT
  -------         PROC          _SET_BIT_SEG
  D:0007H         SYMBOL        index
  D:0005H         SYMBOL        dat
  C:3512H         LINE#         25
  C:3512H         LINE#         26
  C:3512H         LINE#         27
  C:3526H         LINE#         28
  C:352CH         LINE#         29
  -------         ENDPROC       _SET_BIT_SEG
  -------         PROC          _SET_SEG_VAL
  X:0109H         SYMBOL        val
  -------         DO            
  D:0007H         SYMBOL        dat
  -------         ENDDO         
  C:233BH         LINE#         32
  C:2343H         LINE#         33
  C:2343H         LINE#         34
  C:234AH         LINE#         35
  C:234EH         LINE#         36
  C:2369H         LINE#         37
  C:23A3H         LINE#         38
  C:23DDH         LINE#         39
  C:240AH         LINE#         41
  C:2410H         LINE#         42
  -------         ENDPROC       _SET_SEG_VAL
  -------         PROC          _SET_SEG_TWO
  X:0124H         SYMBOL        hi2
  D:0005H         SYMBOL        lo2
  -------         DO            
  D:0007H         SYMBOL        dat
  -------         ENDDO         
  C:2903H         LINE#         45
  C:2908H         LINE#         46
  C:2908H         LINE#         47
  C:290DH         LINE#         48
  C:2910H         LINE#         49
  C:292BH         LINE#         50
  C:2952H         LINE#         52
  C:2967H         LINE#         53
  C:297EH         LINE#         55
BL51 BANKED LINKER/LOCATER V6.22.2.0                                                  07/25/2025  09:54:23  PAGE 13


  C:2984H         LINE#         56
  -------         ENDPROC       _SET_SEG_TWO
  -------         PROC          _SET_SEG_TWO_SC
  D:0007H         SYMBOL        hi2
  X:0124H         SYMBOL        lo2
  -------         DO            
  D:0006H         SYMBOL        dat
  -------         ENDDO         
  C:2985H         LINE#         59
  C:298AH         LINE#         60
  C:298AH         LINE#         61
  C:2990H         LINE#         62
  C:2993H         LINE#         63
  C:29AEH         LINE#         64
  C:29D0H         LINE#         66
  C:29E7H         LINE#         67
  C:29FFH         LINE#         69
  C:2A05H         LINE#         70
  -------         ENDPROC       _SET_SEG_TWO_SC
  -------         PROC          _SET_SEG_MODE
  D:0007H         SYMBOL        mode
  C:35C7H         LINE#         73
  C:35C7H         LINE#         74
  C:35C7H         LINE#         75
  C:35CCH         LINE#         76
  C:35D1H         LINE#         77
  C:35D6H         LINE#         78
  -------         ENDPROC       _SET_SEG_MODE
  -------         PROC          _SET_SEG_FLASH_CNT
  D:0007H         SYMBOL        cnt
  C:3611H         LINE#         81
  C:3611H         LINE#         82
  C:3611H         LINE#         83
  C:3617H         LINE#         84
  C:361DH         LINE#         85
  -------         ENDPROC       _SET_SEG_FLASH_CNT
  -------         PROC          SEG_DISP_PROC
  C:194AH         LINE#         88
  C:194AH         LINE#         89
  C:194AH         LINE#         90
  C:195BH         LINE#         91
  C:195BH         LINE#         92
  C:195BH         LINE#         93
  C:195BH         LINE#         94
  C:195BH         LINE#         95
  C:1964H         LINE#         96
  C:1964H         LINE#         97
  C:1976H         LINE#         98
  C:1980H         LINE#         99
  C:198AH         LINE#         100
  C:1994H         LINE#         101
  C:1997H         LINE#         102
  C:199DH         LINE#         103
  C:199DH         LINE#         104
  C:19ACH         LINE#         105
  C:19BEH         LINE#         106
  C:19C5H         LINE#         107
BL51 BANKED LINKER/LOCATER V6.22.2.0                                                  07/25/2025  09:54:23  PAGE 14


  C:19CCH         LINE#         108
  C:19D2H         LINE#         109
  C:19D4H         LINE#         110
  C:19DCH         LINE#         111
  C:19DCH         LINE#         112
  C:19F0H         LINE#         113
  C:1A07H         LINE#         114
  C:1A11H         LINE#         115
  C:1A1BH         LINE#         116
  C:1A21H         LINE#         117
  C:1A27H         LINE#         120
  C:1A27H         LINE#         121
  C:1A2DH         LINE#         122
  C:1A2EH         LINE#         123
  C:1A2EH         LINE#         124
  C:1A37H         LINE#         125
  C:1A37H         LINE#         126
  C:1A4BH         LINE#         127
  C:1A62H         LINE#         128
  C:1A6CH         LINE#         129
  C:1A76H         LINE#         130
  C:1A79H         LINE#         131
  C:1A7FH         LINE#         132
  C:1A7FH         LINE#         133
  C:1A93H         LINE#         134
  C:1AAAH         LINE#         135
  C:1AB4H         LINE#         136
  C:1ABEH         LINE#         137
  C:1AC4H         LINE#         138
  C:1AC6H         LINE#         139
  C:1ACEH         LINE#         140
  C:1ACEH         LINE#         141
  C:1AE2H         LINE#         142
  C:1AF9H         LINE#         143
  C:1B03H         LINE#         144
  C:1B0DH         LINE#         145
  C:1B13H         LINE#         146
  C:1B18H         LINE#         147
  C:1B18H         LINE#         148
  C:1B1EH         LINE#         149
  C:1B1EH         LINE#         150
  C:1B1EH         LINE#         151
  C:1B1EH         LINE#         152
  C:1B1EH         LINE#         153
  -------         ENDPROC       SEG_DISP_PROC
  -------         ENDMOD        LED_DISP

  -------         MODULE        KEYPAD
  C:0000H         SYMBOL        _ICE_DUMMY_
  D:0080H         PUBLIC        P0
  D:0090H         PUBLIC        P1
  D:00A0H         PUBLIC        P2
  D:00B0H         PUBLIC        P3
  D:00D8H         PUBLIC        PWMCON0
  D:00A8H         PUBLIC        IE
  D:00B8H         PUBLIC        IP
  X:016CH         PUBLIC        delay_add
BL51 BANKED LINKER/LOCATER V6.22.2.0                                                  07/25/2025  09:54:23  PAGE 15


  X:016DH         SYMBOL        state
  C:1F38H         PUBLIC        KeyPad_Scan
  X:016EH         PUBLIC        key_delay_dede
  D:0098H         PUBLIC        SCON
  D:0088H         PUBLIC        TCON
  X:0170H         SYMBOL        cont
  X:0171H         SYMBOL        trig
  X:0172H         SYMBOL        old
  D:00F8H         PUBLIC        SCON_1
  X:0173H         SYMBOL        cnt
  X:0174H         PUBLIC        key
  X:0175H         SYMBOL        new
  X:0176H         PUBLIC        key_mask
  D:00E8H         PUBLIC        ADCCON0
  D:00C0H         PUBLIC        I2CON
  X:0177H         PUBLIC        tl_flag
  X:0178H         PUBLIC        FOHA_cont_cnt
  D:00C8H         PUBLIC        T2CON
  X:0179H         PUBLIC        key_cnt
  D:00D0H         PUBLIC        PSW
  -------         PROC          KEYPAD_SCAN
  C:1F38H         LINE#         32
  C:1F38H         LINE#         33
  C:1F38H         LINE#         38
  C:1F3DH         LINE#         40
  C:1F4FH         LINE#         41
  C:1F5CH         LINE#         42
  C:1F6BH         LINE#         43
  C:1F7AH         LINE#         46
  C:1F84H         LINE#         47
  C:1F84H         LINE#         48
  C:1F93H         LINE#         50
  C:1F93H         LINE#         52
  C:1F99H         LINE#         53
  C:1F99H         LINE#         54
  C:1FA1H         LINE#         55
  C:1FA1H         LINE#         56
  C:1FA3H         LINE#         57
  C:1FAEH         LINE#         58
  C:1FB8H         LINE#         60
  C:1FB8H         LINE#         61
  C:1FBFH         LINE#         63
  C:1FCCH         LINE#         64
  C:1FCCH         LINE#         65
  C:1FD4H         LINE#         66
  C:1FDAH         LINE#         67
  C:1FDFH         LINE#         68
  C:1FDFH         LINE#         69
  C:1FE0H         LINE#         70
  C:1FE3H         LINE#         71
  C:1FE3H         LINE#         72
  C:1FE5H         LINE#         73
  C:1FE5H         LINE#         74
  C:1FEBH         LINE#         75
  C:1FEBH         LINE#         76
  C:1FEDH         LINE#         77
  C:1FEDH         LINE#         78
BL51 BANKED LINKER/LOCATER V6.22.2.0                                                  07/25/2025  09:54:23  PAGE 16


  C:1FF5H         LINE#         79
  C:1FF5H         LINE#         80
  C:1FF6H         LINE#         81
  C:2001H         LINE#         82
  C:2001H         LINE#         83
  C:2001H         LINE#         85
  C:200EH         LINE#         86
  C:200EH         LINE#         87
  C:2015H         LINE#         88
  C:201AH         LINE#         89
  C:201DH         LINE#         90
  C:2025H         LINE#         91
  C:2032H         LINE#         92
  C:2032H         LINE#         93
  C:2035H         LINE#         94
  C:2036H         LINE#         95
  C:2036H         LINE#         96
  C:203BH         LINE#         97
  C:203BH         LINE#         98
  C:203BH         LINE#         99
  -------         ENDPROC       KEYPAD_SCAN
  -------         ENDMOD        KEYPAD

  -------         MODULE        KEYPAD_FUN
  C:0000H         SYMBOL        _ICE_DUMMY_
  D:0080H         PUBLIC        P0
  D:0090H         PUBLIC        P1
  D:00A0H         PUBLIC        P2
  D:00B0H         PUBLIC        P3
  D:00D8H         PUBLIC        PWMCON0
  C:2B85H         SYMBOL        _btn_sub_proc
  D:00A8H         PUBLIC        IE
  X:0182H         PUBLIC        speed_modes
  D:00B8H         PUBLIC        IP
  X:0188H         SYMBOL        index
  C:3641H         PUBLIC        keypad_long_proc
  C:1B1FH         PUBLIC        keypad_short_proc
  D:0098H         PUBLIC        SCON
  D:0088H         PUBLIC        TCON
  D:00F8H         PUBLIC        SCON_1
  D:00E8H         PUBLIC        ADCCON0
  D:00C0H         PUBLIC        I2CON
  C:3316H         PUBLIC        keypad_continue_proc
  C:26D2H         SYMBOL        _btn_add_proc
  D:00C8H         PUBLIC        T2CON
  D:00D0H         PUBLIC        PSW
  -------         PROC          _BTN_ADD_PROC
  D:0006H         SYMBOL        scale
  C:26D2H         LINE#         24
  C:26D2H         LINE#         25
  C:26D2H         LINE#         26
  C:26DBH         LINE#         27
  C:26DBH         LINE#         28
  C:26E6H         LINE#         29
  C:26E6H         LINE#         30
  C:26FBH         LINE#         31
  C:26FBH         LINE#         32
BL51 BANKED LINKER/LOCATER V6.22.2.0                                                  07/25/2025  09:54:23  PAGE 17


  C:2708H         LINE#         33
  C:271AH         LINE#         34
  C:272FH         LINE#         35
  C:272FH         LINE#         36
  C:2734H         LINE#         37
  C:2734H         LINE#         38
  C:2736H         LINE#         39
  C:2745H         LINE#         41
  C:275BH         LINE#         42
  C:2760H         LINE#         43
  C:2764H         LINE#         44
  C:2764H         LINE#         45
  C:2764H         LINE#         46
  -------         ENDPROC       _BTN_ADD_PROC
  -------         PROC          _BTN_SUB_PROC
  D:0006H         SYMBOL        scale
  C:2B85H         LINE#         49
  C:2B85H         LINE#         50
  C:2B85H         LINE#         51
  C:2B8BH         LINE#         52
  C:2B8BH         LINE#         53
  C:2B93H         LINE#         54
  C:2B93H         LINE#         55
  C:2BA2H         LINE#         56
  C:2BA2H         LINE#         57
  C:2BAFH         LINE#         58
  C:2BC6H         LINE#         59
  C:2BCEH         LINE#         60
  C:2BCEH         LINE#         61
  C:2BD7H         LINE#         62
  C:2BD7H         LINE#         63
  C:2BD9H         LINE#         64
  C:2BE2H         LINE#         66
  C:2BF8H         LINE#         67
  C:2BFDH         LINE#         68
  C:2C01H         LINE#         69
  C:2C01H         LINE#         70
  C:2C01H         LINE#         71
  -------         ENDPROC       _BTN_SUB_PROC
  -------         PROC          KEYPAD_SHORT_PROC
  -------         DO            
  X:0108H         SYMBOL        bitmap
  -------         DO            
  X:0109H         SYMBOL        current_mode_index
  X:010BH         SYMBOL        current_speed
  -------         ENDDO         
  -------         ENDDO         
  C:1B1FH         LINE#         75
  C:1B1FH         LINE#         76
  C:1B1FH         LINE#         77
  C:1B27H         LINE#         80
  C:1B31H         LINE#         81
  C:1B31H         LINE#         82
  C:1B38H         LINE#         83
  C:1B38H         LINE#         86
  C:1B46H         LINE#         87
  C:1B46H         LINE#         88
BL51 BANKED LINKER/LOCATER V6.22.2.0                                                  07/25/2025  09:54:23  PAGE 18


  C:1B53H         LINE#         89
  C:1B5BH         LINE#         90
  C:1B5BH         LINE#         91
  C:1B5EH         LINE#         92
  C:1B64H         LINE#         93
  C:1B71H         LINE#         94
  C:1B73H         LINE#         95
  C:1B7BH         LINE#         96
  C:1B7BH         LINE#         97
  C:1B7EH         LINE#         98
  C:1B83H         LINE#         99
  C:1B8EH         LINE#         100
  C:1B90H         LINE#         101
  C:1B98H         LINE#         102
  C:1B98H         LINE#         103
  C:1B9BH         LINE#         104
  C:1BA0H         LINE#         105
  C:1BABH         LINE#         106
  C:1BABH         LINE#         107
  C:1BABH         LINE#         110
  C:1BBFH         LINE#         111
  C:1BBFH         LINE#         113
  C:1BCAH         LINE#         114
  C:1BCAH         LINE#         115
  C:1BD0H         LINE#         116
  C:1BDFH         LINE#         117
  C:1BECH         LINE#         120
  C:1BFEH         LINE#         122
  C:1C05H         LINE#         123
  C:1C1CH         LINE#         125
  C:1C24H         LINE#         126
  C:1C3BH         LINE#         128
  C:1C44H         LINE#         129
  C:1C4CH         LINE#         131
  C:1C53H         LINE#         132
  C:1C53H         LINE#         137
  C:1C77H         LINE#         138
  C:1C85H         LINE#         141
  C:1C8AH         LINE#         142
  C:1C8EH         LINE#         143
  C:1C8EH         LINE#         144
  C:1C8EH         LINE#         146
  C:1C9CH         LINE#         147
  C:1C9CH         LINE#         148
  C:1CA3H         LINE#         149
  C:1CA3H         LINE#         150
  -------         ENDPROC       KEYPAD_SHORT_PROC
  -------         PROC          KEYPAD_LONG_PROC
  -------         DO            
  X:01DDH         SYMBOL        bitmap
  -------         ENDDO         
  C:3641H         LINE#         153
  C:3641H         LINE#         154
  C:3641H         LINE#         155
  C:3649H         LINE#         156
  C:3649H         LINE#         157
  -------         ENDPROC       KEYPAD_LONG_PROC
BL51 BANKED LINKER/LOCATER V6.22.2.0                                                  07/25/2025  09:54:23  PAGE 19


  -------         PROC          KEYPAD_CONTINUE_PROC
  -------         DO            
  X:0108H         SYMBOL        bitmap
  -------         ENDDO         
  C:3316H         LINE#         160
  C:3316H         LINE#         161
  C:3316H         LINE#         162
  C:331EH         LINE#         164
  C:3328H         LINE#         165
  C:3328H         LINE#         166
  C:332EH         LINE#         167
  C:3334H         LINE#         168
  C:3339H         LINE#         169
  C:3339H         LINE#         171
  C:3347H         LINE#         172
  C:3347H         LINE#         173
  C:334DH         LINE#         174
  C:3353H         LINE#         175
  C:3358H         LINE#         176
  C:3358H         LINE#         177
  -------         ENDPROC       KEYPAD_CONTINUE_PROC
  -------         ENDMOD        KEYPAD_FUN

  -------         MODULE        BEEP
  C:0000H         SYMBOL        _ICE_DUMMY_
  D:0080H         PUBLIC        P0
  D:0090H         PUBLIC        P1
  D:00A0H         PUBLIC        P2
  D:00B0H         PUBLIC        P3
  D:00D8H         PUBLIC        PWMCON0
  D:00A8H         PUBLIC        IE
  X:017AH         PUBLIC        is_disable_beep
  D:00B8H         PUBLIC        IP
  X:017BH         SYMBOL        ticks
  D:0098H         PUBLIC        SCON
  D:0088H         PUBLIC        TCON
  C:361EH         PUBLIC        beep_force_stop
  X:017DH         SYMBOL        off
  C:27F2H         PUBLIC        beep_sound_proc
  D:00F8H         PUBLIC        SCON_1
  X:017FH         SYMBOL        cnt
  C:2E3BH         PUBLIC        _beep_set
  D:00E8H         PUBLIC        ADCCON0
  D:00C0H         PUBLIC        I2CON
  X:0180H         SYMBOL        on
  D:00C8H         PUBLIC        T2CON
  D:00D0H         PUBLIC        PSW
  -------         PROC          BEEP_FORCE_STOP
  C:361EH         LINE#         22
  C:361EH         LINE#         23
  C:361EH         LINE#         24
  C:3624H         LINE#         25
  C:362AH         LINE#         26
  -------         ENDPROC       BEEP_FORCE_STOP
  -------         PROC          _BEEP_SET
  X:010DH         SYMBOL        count
  X:010EH         SYMBOL        on_ticks
BL51 BANKED LINKER/LOCATER V6.22.2.0                                                  07/25/2025  09:54:23  PAGE 20


  X:0110H         SYMBOL        off_ticks
  C:2E3BH         LINE#         29
  C:2E4CH         LINE#         30
  C:2E4CH         LINE#         31
  C:2E52H         LINE#         40
  C:2E62H         LINE#         41
  C:2E68H         LINE#         42
  C:2E77H         LINE#         43
  C:2E86H         LINE#         44
  C:2E8DH         LINE#         45
  C:2E96H         LINE#         46
  C:2E9DH         LINE#         49
  -------         ENDPROC       _BEEP_SET
  -------         PROC          BEEP_SOUND_PROC
  C:27F2H         LINE#         51
  C:27F2H         LINE#         52
  C:27F2H         LINE#         53
  C:27FAH         LINE#         54
  C:27FAH         LINE#         55
  C:27FFH         LINE#         56
  C:2804H         LINE#         57
  C:2805H         LINE#         58
  C:2812H         LINE#         59
  C:2812H         LINE#         60
  C:2824H         LINE#         61
  C:2824H         LINE#         62
  C:282AH         LINE#         63
  C:2830H         LINE#         64
  C:2832H         LINE#         65
  C:2853H         LINE#         66
  C:2853H         LINE#         67
  C:2867H         LINE#         68
  C:286FH         LINE#         69
  C:286FH         LINE#         70
  C:287DH         LINE#         71
  C:287DH         LINE#         72
  -------         ENDPROC       BEEP_SOUND_PROC
  -------         ENDMOD        BEEP

  -------         MODULE        MAIN
  C:0000H         SYMBOL        _ICE_DUMMY_
  D:00B1H         PUBLIC        P0M1
  D:00B3H         PUBLIC        P1M1
  D:00B2H         PUBLIC        P0M2
  D:0080H         PUBLIC        P0
  D:00B4H         PUBLIC        P1M2
  D:0090H         PUBLIC        P1
  D:00ACH         PUBLIC        P3M1
  D:00A0H         PUBLIC        P2
  D:00B0H         PUBLIC        P3
  D:00ADH         PUBLIC        P3M2
  D:0084H         PUBLIC        RCTRIM0
  D:0085H         PUBLIC        RCTRIM1
  B:00A8H.7       PUBLIC        EA
  D:00D8H         PUBLIC        PWMCON0
  B:0020H.5       PUBLIC        poweron_flag
  D:00A8H         PUBLIC        IE
BL51 BANKED LINKER/LOCATER V6.22.2.0                                                  07/25/2025  09:54:23  PAGE 21


  D:00C7H         PUBLIC        TA
  B:0020H.6       SYMBOL        poweron_send_flag
  D:00B8H         PUBLIC        IP
  X:019DH         PUBLIC        down_control
  C:1768H         PUBLIC        main
  X:019EH         PUBLIC        no_key_cnt
  D:0087H         PUBLIC        PCON
  D:0098H         PUBLIC        SCON
  D:0088H         PUBLIC        TCON
  D:009FH         PUBLIC        CHPCON
  D:00F8H         PUBLIC        SCON_1
  D:00A4H         PUBLIC        IAPTRG
  C:262BH         PUBLIC        MODIFY_HIRC_166
  D:00E8H         PUBLIC        ADCCON0
  D:00C0H         PUBLIC        I2CON
  D:00A7H         PUBLIC        IAPAH
  D:00AEH         PUBLIC        IAPFD
  D:00C8H         PUBLIC        T2CON
  D:00A6H         PUBLIC        IAPAL
  C:223EH         PUBLIC        send_default_param
  D:00AFH         PUBLIC        IAPCN
  D:0095H         PUBLIC        CKDIV
  D:00D0H         PUBLIC        PSW
  -------         PROC          MODIFY_HIRC_166
  -------         DO            
  D:0008H         SYMBOL        hircmap0
  D:0009H         SYMBOL        hircmap1
  D:0006H         SYMBOL        trimvalue16bit
  -------         ENDDO         
  C:262BH         LINE#         38
  C:262BH         LINE#         39
  C:262BH         LINE#         43
  C:2633H         LINE#         44
  C:2633H         LINE#         45
  C:2636H         LINE#         46
  C:2649H         LINE#         47
  C:264CH         LINE#         48
  C:264EH         LINE#         49
  C:2651H         LINE#         50
  C:2664H         LINE#         51
  C:2667H         LINE#         52
  C:266AH         LINE#         53
  C:266CH         LINE#         54
  C:267FH         LINE#         55
  C:2682H         LINE#         56
  C:2695H         LINE#         57
  C:26A8H         LINE#         58
  C:26B0H         LINE#         59
  C:26B5H         LINE#         60
  C:26BCH         LINE#         61
  C:26BFH         LINE#         62
  C:26C2H         LINE#         63
  C:26C5H         LINE#         64
  C:26C8H         LINE#         65
  C:26CBH         LINE#         66
  C:26CEH         LINE#         72
  C:26D1H         LINE#         73
BL51 BANKED LINKER/LOCATER V6.22.2.0                                                  07/25/2025  09:54:23  PAGE 22


  C:26D1H         LINE#         74
  -------         ENDPROC       MODIFY_HIRC_166
  -------         PROC          SEND_DEFAULT_PARAM
  -------         DO            
  X:0108H         SYMBOL        i
  -------         ENDDO         
  C:223EH         LINE#         77
  C:223EH         LINE#         78
  C:223EH         LINE#         79
  C:2243H         LINE#         81
  C:2249H         LINE#         82
  C:2251H         LINE#         83
  C:2255H         LINE#         84
  C:2259H         LINE#         85
  C:225DH         LINE#         87
  C:2264H         LINE#         88
  C:226BH         LINE#         89
  C:2272H         LINE#         90
  C:2279H         LINE#         91
  C:2280H         LINE#         92
  C:2287H         LINE#         93
  C:228EH         LINE#         94
  C:2295H         LINE#         95
  C:229CH         LINE#         96
  C:22A3H         LINE#         97
  C:22AAH         LINE#         98
  C:22B1H         LINE#         101
  C:22C3H         LINE#         102
  C:22C3H         LINE#         103
  C:22D2H         LINE#         104
  C:22D7H         LINE#         106
  C:22EDH         LINE#         107
  C:22F7H         LINE#         108
  C:2301H         LINE#         109
  C:230BH         LINE#         111
  C:231EH         LINE#         112
  C:231EH         LINE#         113
  C:2332H         LINE#         114
  C:233AH         LINE#         115
  -------         ENDPROC       SEND_DEFAULT_PARAM
  -------         PROC          MAIN
  -------         DO            
  X:0107H         SYMBOL        i
  X:019BH         SYMBOL        send_cnt
  X:019CH         SYMBOL        poweron_cnt
  -------         ENDDO         
  C:1768H         LINE#         122
  C:1768H         LINE#         123
  C:1768H         LINE#         124
  C:176DH         LINE#         128
  C:177CH         LINE#         129
  C:177FH         LINE#         130
  C:178CH         LINE#         139
  C:178FH         LINE#         140
  C:1792H         LINE#         142
  C:1795H         LINE#         143
  C:1798H         LINE#         145
BL51 BANKED LINKER/LOCATER V6.22.2.0                                                  07/25/2025  09:54:23  PAGE 23


  C:179BH         LINE#         146
  C:179DH         LINE#         148
  C:17A1H         LINE#         150
  C:17A4H         LINE#         151
  C:17A7H         LINE#         152
  C:17AAH         LINE#         153
  C:17ADH         LINE#         154
  C:17B0H         LINE#         155
  C:17B3H         LINE#         156
  C:17B6H         LINE#         158
  C:17B9H         LINE#         159
  C:17BCH         LINE#         160
  C:17BFH         LINE#         163
  C:17C1H         LINE#         164
  C:17C3H         LINE#         166
  C:17D0H         LINE#         169
  C:17D0H         LINE#         170
  C:17D0H         LINE#         171
  C:17D3H         LINE#         174
  C:17D9H         LINE#         175
  C:17D9H         LINE#         176
  C:17DBH         LINE#         177
  C:17DEH         LINE#         178
  C:17E1H         LINE#         179
  C:17E4H         LINE#         180
  C:17E4H         LINE#         183
  C:17EAH         LINE#         184
  C:17EAH         LINE#         185
  C:17ECH         LINE#         186
  C:17EFH         LINE#         187
  C:17F2H         LINE#         188
  C:17F5H         LINE#         189
  C:17F5H         LINE#         192
  C:17FBH         LINE#         193
  C:17FBH         LINE#         194
  C:17FDH         LINE#         195
  C:1800H         LINE#         196
  C:1803H         LINE#         197
  C:1803H         LINE#         198
  C:1809H         LINE#         199
  C:1813H         LINE#         200
  C:1813H         LINE#         201
  C:1816H         LINE#         202
  C:181BH         LINE#         203
  C:181DH         LINE#         204
  C:181DH         LINE#         205
  C:181DH         LINE#         206
  C:181DH         LINE#         209
  C:1826H         LINE#         210
  C:1826H         LINE#         211
  C:1828H         LINE#         213
  C:182EH         LINE#         214
  C:182EH         LINE#         215
  C:1832H         LINE#         216
  C:1838H         LINE#         217
  C:183DH         LINE#         218
  C:183DH         LINE#         219
BL51 BANKED LINKER/LOCATER V6.22.2.0                                                  07/25/2025  09:54:23  PAGE 24


  C:1843H         LINE#         220
  C:184AH         LINE#         221
  C:1851H         LINE#         222
  C:1858H         LINE#         223
  C:1865H         LINE#         224
  C:1865H         LINE#         226
  C:186DH         LINE#         227
  C:186DH         LINE#         228
  C:1873H         LINE#         229
  C:188BH         LINE#         230
  C:18A5H         LINE#         231
  C:18ACH         LINE#         232
  C:18B9H         LINE#         233
  C:18B9H         LINE#         234
  C:18C4H         LINE#         235
  C:18C4H         LINE#         237
  C:18CAH         LINE#         238
  C:18CAH         LINE#         239
  C:18D0H         LINE#         240
  C:18D0H         LINE#         241
  C:18D5H         LINE#         242
  C:18D7H         LINE#         243
  C:18DCH         LINE#         244
  C:18DCH         LINE#         245
  C:18DCH         LINE#         246
  C:18DFH         LINE#         247
  C:18DFH         LINE#         248
  C:18E5H         LINE#         249
  C:18E5H         LINE#         251
  C:18EDH         LINE#         252
  C:18EDH         LINE#         253
  C:18FBH         LINE#         254
  C:1907H         LINE#         255
  C:1907H         LINE#         256
  C:190CH         LINE#         257
  C:1912H         LINE#         258
  C:1919H         LINE#         259
  C:1919H         LINE#         260
  C:1919H         LINE#         261
  C:1919H         LINE#         264
  C:191FH         LINE#         265
  C:191FH         LINE#         266
  C:1921H         LINE#         267
  C:1924H         LINE#         269
  C:192AH         LINE#         270
  C:1937H         LINE#         271
  C:1937H         LINE#         272
  C:193DH         LINE#         273
  C:1943H         LINE#         274
  C:1943H         LINE#         275
  C:1943H         LINE#         277
  C:1946H         LINE#         278
  -------         ENDPROC       MAIN
  -------         ENDMOD        MAIN

  -------         MODULE        QUEUE
  C:0000H         SYMBOL        _ICE_DUMMY_
BL51 BANKED LINKER/LOCATER V6.22.2.0                                                  07/25/2025  09:54:23  PAGE 25


  D:0080H         PUBLIC        P0
  D:0090H         PUBLIC        P1
  D:00A0H         PUBLIC        P2
  D:00B0H         PUBLIC        P3
  D:00D8H         PUBLIC        PWMCON0
  D:00A8H         PUBLIC        IE
  C:3578H         SYMBOL        _Is_Empty_Queue
  D:00B8H         PUBLIC        IP
  D:0098H         PUBLIC        SCON
  D:0088H         PUBLIC        TCON
  C:2FB7H         PUBLIC        _Create_Queue
  D:00F8H         PUBLIC        SCON_1
  C:2A86H         PUBLIC        _UART0_Enter_queue
  C:2A06H         PUBLIC        _UART1_Enter_queue
  D:00E8H         PUBLIC        ADCCON0
  D:00C0H         PUBLIC        I2CON
  D:00C8H         PUBLIC        T2CON
  C:322AH         PUBLIC        _UART0_Is_Full_Queue
  C:31D3H         PUBLIC        _UART1_Is_Full_Queue
  C:2765H         PUBLIC        _Denter_queue
  D:00D0H         PUBLIC        PSW
  -------         PROC          _CREATE_QUEUE
  X:0108H         SYMBOL        Q
  X:010BH         SYMBOL        pbuff
  X:010EH         SYMBOL        maxsize
  C:2FB7H         LINE#         4
  C:2FC2H         LINE#         5
  C:2FC2H         LINE#         6
  C:2FDFH         LINE#         7
  C:2FF4H         LINE#         8
  C:2FFEH         LINE#         9
  C:3012H         LINE#         10
  -------         ENDPROC       _CREATE_QUEUE
  -------         PROC          _UART1_IS_FULL_QUEUE
  X:0129H         SYMBOL        Q
  C:31D3H         LINE#         19
  C:31DEH         LINE#         20
  C:31DEH         LINE#         21
  C:3224H         LINE#         22
  C:3227H         LINE#         24
  C:3229H         LINE#         25
  -------         ENDPROC       _UART1_IS_FULL_QUEUE
  -------         PROC          _UART0_IS_FULL_QUEUE
  X:01D3H         SYMBOL        Q
  C:322AH         LINE#         27
  C:3235H         LINE#         28
  C:3235H         LINE#         29
  C:327BH         LINE#         30
  C:327EH         LINE#         32
  C:3280H         LINE#         33
  -------         ENDPROC       _UART0_IS_FULL_QUEUE
  -------         PROC          _IS_EMPTY_QUEUE
  D:0001H         SYMBOL        Q
  C:3578H         LINE#         35
  C:3578H         LINE#         36
  C:3578H         LINE#         37
  C:358AH         LINE#         38
BL51 BANKED LINKER/LOCATER V6.22.2.0                                                  07/25/2025  09:54:23  PAGE 26


  C:358DH         LINE#         40
  C:358FH         LINE#         41
  -------         ENDPROC       _IS_EMPTY_QUEUE
  -------         PROC          _UART1_ENTER_QUEUE
  X:0125H         SYMBOL        Q
  X:0128H         SYMBOL        val
  C:2A06H         LINE#         44
  C:2A16H         LINE#         45
  C:2A16H         LINE#         46
  C:2A1CH         LINE#         47
  C:2A1FH         LINE#         49
  C:2A1FH         LINE#         50
  C:2A43H         LINE#         51
  C:2A83H         LINE#         52
  C:2A85H         LINE#         53
  C:2A85H         LINE#         54
  -------         ENDPROC       _UART1_ENTER_QUEUE
  -------         PROC          _UART0_ENTER_QUEUE
  X:01AFH         SYMBOL        Q
  X:01B2H         SYMBOL        val
  C:2A86H         LINE#         56
  C:2A96H         LINE#         57
  C:2A96H         LINE#         58
  C:2A9CH         LINE#         59
  C:2A9FH         LINE#         61
  C:2A9FH         LINE#         62
  C:2AC3H         LINE#         63
  C:2B03H         LINE#         64
  C:2B05H         LINE#         65
  C:2B05H         LINE#         66
  -------         ENDPROC       _UART0_ENTER_QUEUE
  -------         PROC          _DENTER_QUEUE
  X:0109H         SYMBOL        Q
  X:010CH         SYMBOL        val
  C:2765H         LINE#         68
  C:2770H         LINE#         69
  C:2770H         LINE#         70
  C:2781H         LINE#         71
  C:2781H         LINE#         72
  C:2784H         LINE#         73
  C:2784H         LINE#         75
  C:2784H         LINE#         76
  C:27AFH         LINE#         77
  C:27EFH         LINE#         78
  C:27F1H         LINE#         79
  C:27F1H         LINE#         80
  -------         ENDPROC       _DENTER_QUEUE
  -------         ENDMOD        QUEUE

  -------         MODULE        UART_FRAME
  C:0000H         SYMBOL        _ICE_DUMMY_
  D:0080H         PUBLIC        P0
  D:0090H         PUBLIC        P1
  D:00A0H         PUBLIC        P2
  D:00B0H         PUBLIC        P3
  D:00D8H         PUBLIC        PWMCON0
  D:00A8H         PUBLIC        IE
BL51 BANKED LINKER/LOCATER V6.22.2.0                                                  07/25/2025  09:54:23  PAGE 27


  D:00B8H         PUBLIC        IP
  C:1E03H         PUBLIC        UART1_cmd_proc
  C:3476H         PUBLIC        _uart1_frame_tx
  X:0005H         PUBLIC        uart_frame
  D:0098H         PUBLIC        SCON
  B:0080H.5       PUBLIC        P05
  D:0088H         PUBLIC        TCON
  C:340AH         PUBLIC        _uart1_frame_tx_2
  X:000EH         PUBLIC        UART1_rx_queue
  C:3441H         PUBLIC        uart_frame_init
  D:00F8H         PUBLIC        SCON_1
  X:001DH         PUBLIC        UART1_rx_buf
  D:00E8H         PUBLIC        ADCCON0
  D:00C0H         PUBLIC        I2CON
  D:00C8H         PUBLIC        T2CON
  X:00B3H         PUBLIC        uart_tx_frame
  D:00D0H         PUBLIC        PSW
  C:1CA4H         PUBLIC        uart1_frame_loop
  -------         PROC          UART_FRAME_INIT
  C:3441H         LINE#         29
  C:3441H         LINE#         30
  C:3441H         LINE#         31
  C:3460H         LINE#         34
  C:3466H         LINE#         35
  C:346BH         LINE#         36
  C:3470H         LINE#         37
  C:3475H         LINE#         38
  -------         ENDPROC       UART_FRAME_INIT
  -------         PROC          _UART1_FRAME_TX
  D:0007H         SYMBOL        cmd
  D:0005H         SYMBOL        dat
  -------         DO            
  D:0006H         SYMBOL        xor
  -------         ENDDO         
  C:3476H         LINE#         41
  C:3476H         LINE#         42
  C:3476H         LINE#         43
  C:3478H         LINE#         44
  C:347DH         LINE#         45
  C:347EH         LINE#         46
  C:3482H         LINE#         47
  C:3484H         LINE#         48
  C:3487H         LINE#         49
  C:3489H         LINE#         50
  C:348BH         LINE#         51
  C:348EH         LINE#         52
  C:3492H         LINE#         53
  C:34A7H         LINE#         54
  -------         ENDPROC       _UART1_FRAME_TX
  -------         PROC          _UART1_FRAME_TX_2
  D:0007H         SYMBOL        cmd
  D:0005H         SYMBOL        dat0
  D:0003H         SYMBOL        dat1
  -------         DO            
  D:0006H         SYMBOL        xor
  -------         ENDDO         
  C:340AH         LINE#         56
BL51 BANKED LINKER/LOCATER V6.22.2.0                                                  07/25/2025  09:54:23  PAGE 28


  C:340AH         LINE#         57
  C:340AH         LINE#         58
  C:340CH         LINE#         59
  C:3411H         LINE#         60
  C:3412H         LINE#         61
  C:3416H         LINE#         62
  C:3418H         LINE#         63
  C:341BH         LINE#         64
  C:341DH         LINE#         65
  C:3420H         LINE#         66
  C:3422H         LINE#         67
  C:3424H         LINE#         68
  C:3427H         LINE#         69
  C:342BH         LINE#         70
  C:3440H         LINE#         71
  -------         ENDPROC       _UART1_FRAME_TX_2
  -------         PROC          UART1_FRAME_LOOP
  -------         DO            
  X:0000H         SYMBOL        sm
  X:0001H         SYMBOL        len
  X:0002H         SYMBOL        ptr
  X:0108H         SYMBOL        dat
  D:0007H         SYMBOL        ret
  -------         ENDDO         
  C:1CA4H         LINE#         76
  C:1CA4H         LINE#         77
  C:1CA4H         LINE#         83
  C:1CBBH         LINE#         85
  C:1CC1H         LINE#         86
  C:1CC1H         LINE#         87
  C:1CD9H         LINE#         88
  C:1CF1H         LINE#         89
  C:1CF1H         LINE#         90
  C:1CF1H         LINE#         91
  C:1CF6H         LINE#         92
  C:1CFCH         LINE#         93
  C:1CFDH         LINE#         94
  C:1CFDH         LINE#         95
  C:1D02H         LINE#         96
  C:1D11H         LINE#         97
  C:1D16H         LINE#         98
  C:1D23H         LINE#         99
  C:1D29H         LINE#         100
  C:1D2AH         LINE#         101
  C:1D2AH         LINE#         102
  C:1D47H         LINE#         103
  C:1D4DH         LINE#         104
  C:1D6FH         LINE#         105
  C:1D70H         LINE#         106
  C:1D70H         LINE#         107
  C:1D7FH         LINE#         108
  C:1D7FH         LINE#         109
  C:1D8EH         LINE#         110
  C:1D93H         LINE#         111
  C:1DB0H         LINE#         112
  C:1DB0H         LINE#         113
  C:1DD3H         LINE#         114
BL51 BANKED LINKER/LOCATER V6.22.2.0                                                  07/25/2025  09:54:23  PAGE 29


  C:1DDBH         LINE#         115
  C:1DFDH         LINE#         116
  C:1DFDH         LINE#         117
  C:1E02H         LINE#         118
  C:1E02H         LINE#         119
  C:1E02H         LINE#         120
  C:1E02H         LINE#         121
  C:1E02H         LINE#         122
  C:1E02H         LINE#         123
  -------         ENDPROC       UART1_FRAME_LOOP
  -------         PROC          UART1_CMD_PROC
  C:1E03H         LINE#         130
  C:1E03H         LINE#         131
  C:1E03H         LINE#         132
  C:1E21H         LINE#         133
  C:1E21H         LINE#         134
  C:1E21H         LINE#         135
  C:1E21H         LINE#         136
  C:1E21H         LINE#         137
  C:1E22H         LINE#         141
  C:1E22H         LINE#         142
  C:1E24H         LINE#         143
  C:1E2AH         LINE#         144
  C:1E32H         LINE#         147
  C:1E33H         LINE#         148
  C:1E33H         LINE#         158
  C:1E33H         LINE#         159
  C:1E33H         LINE#         160
  C:1E42H         LINE#         161
  C:1E43H         LINE#         162
  C:1E43H         LINE#         163
  C:1E49H         LINE#         164
  C:1E4FH         LINE#         165
  C:1E4FH         LINE#         166
  C:1E57H         LINE#         167
  C:1E5CH         LINE#         168
  C:1E5CH         LINE#         169
  C:1E62H         LINE#         170
  C:1E63H         LINE#         171
  C:1E63H         LINE#         172
  C:1E69H         LINE#         173
  C:1E6DH         LINE#         174
  C:1E75H         LINE#         175
  C:1E78H         LINE#         176
  C:1E89H         LINE#         177
  C:1E8AH         LINE#         178
  C:1E8AH         LINE#         180
  C:1E97H         LINE#         181
  C:1E97H         LINE#         182
  C:1E9CH         LINE#         183
  C:1E9DH         LINE#         185
  C:1E9DH         LINE#         186
  C:1EA2H         LINE#         187
  C:1EA2H         LINE#         188
  C:1EA3H         LINE#         189
  C:1EA3H         LINE#         190
  C:1EB0H         LINE#         191
BL51 BANKED LINKER/LOCATER V6.22.2.0                                                  07/25/2025  09:54:23  PAGE 30


  C:1EB6H         LINE#         192
  C:1EB6H         LINE#         193
  C:1EBDH         LINE#         194
  C:1EC0H         LINE#         195
  C:1EC3H         LINE#         196
  C:1EC6H         LINE#         198
  C:1EC9H         LINE#         199
  C:1ECCH         LINE#         200
  C:1ECFH         LINE#         201
  C:1ED6H         LINE#         202
  C:1EDBH         LINE#         203
  C:1EDCH         LINE#         204
  C:1EE4H         LINE#         205
  C:1EE4H         LINE#         206
  C:1EEBH         LINE#         207
  C:1EEEH         LINE#         208
  C:1EF1H         LINE#         209
  C:1EF4H         LINE#         211
  C:1EF7H         LINE#         212
  C:1EFAH         LINE#         213
  C:1EFDH         LINE#         214
  C:1F04H         LINE#         215
  C:1F09H         LINE#         216
  C:1F0AH         LINE#         217
  C:1F12H         LINE#         218
  C:1F12H         LINE#         219
  C:1F19H         LINE#         220
  C:1F1CH         LINE#         221
  C:1F1FH         LINE#         222
  C:1F22H         LINE#         224
  C:1F25H         LINE#         225
  C:1F28H         LINE#         226
  C:1F2BH         LINE#         227
  C:1F32H         LINE#         228
  C:1F37H         LINE#         229
  C:1F37H         LINE#         230
  C:1F37H         LINE#         231
  C:1F37H         LINE#         232
  C:1F37H         LINE#         233
  C:1F37H         LINE#         234
  -------         ENDPROC       UART1_CMD_PROC
  -------         ENDMOD        UART_FRAME

  -------         MODULE        TREADMILLS
  C:0000H         SYMBOL        _ICE_DUMMY_
  D:0080H         PUBLIC        P0
  D:0090H         PUBLIC        P1
  D:00A0H         PUBLIC        P2
  X:00C7H         SYMBOL        run_disp_tab
  D:00B0H         PUBLIC        P3
  X:00CAH         PUBLIC        booktime_cnt
  D:00D8H         PUBLIC        PWMCON0
  D:00A8H         PUBLIC        IE
  C:0979H         PUBLIC        _treadmills_display
  X:00CBH         PUBLIC        booktime_en
  D:00B8H         PUBLIC        IP
  C:14A8H         PUBLIC        treadmills_param_calc
BL51 BANKED LINKER/LOCATER V6.22.2.0                                                  07/25/2025  09:54:23  PAGE 31


  X:00CCH         PUBLIC        error_times
  D:0098H         PUBLIC        SCON
  D:0088H         PUBLIC        TCON
  X:00CDH         PUBLIC        treadmills
  C:2B06H         PUBLIC        communication_checkout
  C:35D7H         SYMBOL        _?ix1000
  C:35DCH         SYMBOL        _?ix1001
  D:00F8H         PUBLIC        SCON_1
  C:2DD7H         PUBLIC        boot_time
  C:3359H         PUBLIC        treadmills_init
  D:00E8H         PUBLIC        ADCCON0
  D:00C0H         PUBLIC        I2CON
  X:0104H         SYMBOL        boot_disp_tab
  D:00C8H         PUBLIC        T2CON
  C:287EH         PUBLIC        treadmills_disp_loop
  C:0D76H         PUBLIC        treadmills_proc_loop
  D:00D0H         PUBLIC        PSW
  -------         PROC          TREADMILLS_INIT
  C:3359H         LINE#         22
  C:3359H         LINE#         23
  C:3359H         LINE#         24
  C:335EH         LINE#         25
  C:3368H         LINE#         26
  C:336FH         LINE#         27
  C:3379H         LINE#         28
  C:3383H         LINE#         29
  C:338AH         LINE#         30
  C:338EH         LINE#         31
  C:3392H         LINE#         34
  C:3396H         LINE#         35
  -------         ENDPROC       TREADMILLS_INIT
  -------         PROC          BOOT_TIME
  C:2DD7H         LINE#         47
  C:2DD7H         LINE#         48
  C:2DD7H         LINE#         49
  C:2DE2H         LINE#         50
  C:2DE8H         LINE#         51
  C:2DF2H         LINE#         52
  C:2DF2H         LINE#         53
  C:2DF4H         LINE#         54
  C:2E02H         LINE#         55
  C:2E02H         LINE#         56
  C:2E0EH         LINE#         57
  C:2E10H         LINE#         59
  C:2E10H         LINE#         60
  C:2E17H         LINE#         61
  C:2E17H         LINE#         62
  C:2E1CH         LINE#         63
  C:2E23H         LINE#         65
  C:2E2DH         LINE#         66
  C:2E2DH         LINE#         67
  C:2E33H         LINE#         68
  C:2E38H         LINE#         69
  C:2E3AH         LINE#         70
  C:2E3AH         LINE#         71
  C:2E3AH         LINE#         72
  -------         ENDPROC       BOOT_TIME
BL51 BANKED LINKER/LOCATER V6.22.2.0                                                  07/25/2025  09:54:23  PAGE 32


  -------         PROC          TREADMILLS_PARAM_CALC
  -------         DO            
  X:00BCH         SYMBOL        distance
  -------         ENDDO         
  C:14A8H         LINE#         76
  C:14A8H         LINE#         77
  C:14A8H         LINE#         79
  C:14BBH         LINE#         82
  C:14C3H         LINE#         83
  C:14C3H         LINE#         84
  C:14F8H         LINE#         86
  C:14F8H         LINE#         87
  C:14FEH         LINE#         88
  C:1503H         LINE#         89
  C:150EH         LINE#         90
  C:150EH         LINE#         91
  C:1510H         LINE#         93
  C:1510H         LINE#         94
  C:152FH         LINE#         96
  C:154AH         LINE#         97
  C:154AH         LINE#         98
  C:1550H         LINE#         99
  C:1555H         LINE#         100
  C:1560H         LINE#         101
  C:1560H         LINE#         102
  C:1560H         LINE#         105
  C:156BH         LINE#         106
  C:156BH         LINE#         107
  C:15A8H         LINE#         108
  C:15EDH         LINE#         110
  C:1607H         LINE#         111
  C:1607H         LINE#         112
  C:160DH         LINE#         113
  C:1612H         LINE#         114
  C:161DH         LINE#         115
  C:161DH         LINE#         116
  C:161FH         LINE#         118
  C:161FH         LINE#         123
  C:165CH         LINE#         124
  C:1670H         LINE#         125
  C:1670H         LINE#         128
  C:167BH         LINE#         129
  C:167BH         LINE#         130
  C:16CAH         LINE#         131
  C:16CAH         LINE#         132
  C:1718H         LINE#         133
  C:171AH         LINE#         135
  C:171AH         LINE#         136
  C:1724H         LINE#         137
  C:172AH         LINE#         138
  C:172FH         LINE#         139
  C:173AH         LINE#         140
  C:173AH         LINE#         141
  C:173CH         LINE#         143
  C:173CH         LINE#         144
  C:175DH         LINE#         145
  C:175DH         LINE#         147
BL51 BANKED LINKER/LOCATER V6.22.2.0                                                  07/25/2025  09:54:23  PAGE 33


  C:1767H         LINE#         148
  -------         ENDPROC       TREADMILLS_PARAM_CALC
  -------         PROC          TREADMILLS_PROC_LOOP
  -------         DO            
  X:00C0H         SYMBOL        cnt
  X:00C1H         SYMBOL        timeout
  X:00C2H         SYMBOL        val
  -------         ENDDO         
  C:0D76H         LINE#         152
  C:0D76H         LINE#         153
  C:0D76H         LINE#         156
  C:0DB5H         LINE#         157
  C:0DB5H         LINE#         158
  C:0DB5H         LINE#         159
  C:0DBBH         LINE#         160
  C:0DC8H         LINE#         161
  C:0DC8H         LINE#         162
  C:0DCAH         LINE#         164
  C:0DD1H         LINE#         165
  C:0DD4H         LINE#         166
  C:0DD7H         LINE#         167
  C:0DDAH         LINE#         168
  C:0DDDH         LINE#         169
  C:0DE0H         LINE#         171
  C:0DE6H         LINE#         172
  C:0DEDH         LINE#         173
  C:0DF4H         LINE#         174
  C:0DFBH         LINE#         176
  C:0E01H         LINE#         178
  C:0E07H         LINE#         179
  C:0E0BH         LINE#         180
  C:0E0EH         LINE#         181
  C:0E1FH         LINE#         183
  C:0E25H         LINE#         184
  C:0E25H         LINE#         186
  C:0E26H         LINE#         187
  C:0E26H         LINE#         188
  C:0E26H         LINE#         189
  C:0E26H         LINE#         190
  C:0E27H         LINE#         191
  C:0E27H         LINE#         192
  C:0E2DH         LINE#         193
  C:0E2DH         LINE#         194
  C:0E38H         LINE#         195
  C:0E3EH         LINE#         196
  C:0E45H         LINE#         197
  C:0E59H         LINE#         198
  C:0E60H         LINE#         199
  C:0E65H         LINE#         200
  C:0E6BH         LINE#         201
  C:0E6FH         LINE#         202
  C:0E72H         LINE#         204
  C:0E72H         LINE#         205
  C:0E78H         LINE#         206
  C:0E85H         LINE#         207
  C:0E85H         LINE#         208
  C:0E88H         LINE#         209
BL51 BANKED LINKER/LOCATER V6.22.2.0                                                  07/25/2025  09:54:23  PAGE 34


  C:0E93H         LINE#         210
  C:0EA0H         LINE#         211
  C:0EA0H         LINE#         212
  C:0EA6H         LINE#         213
  C:0EADH         LINE#         214
  C:0EC1H         LINE#         215
  C:0EC8H         LINE#         217
  C:0ECEH         LINE#         218
  C:0ED0H         LINE#         220
  C:0ED0H         LINE#         221
  C:0ED5H         LINE#         222
  C:0EDDH         LINE#         224
  C:0EF0H         LINE#         225
  C:0F08H         LINE#         227
  C:0F0EH         LINE#         228
  C:0F13H         LINE#         229
  C:0F17H         LINE#         230
  C:0F21H         LINE#         231
  C:0F21H         LINE#         232
[...]
  C:34F5H         LINE#         51
  C:34F5H         LINE#         52
  C:34F5H         LINE#         53
  C:34FAH         LINE#         56
  C:3500H         LINE#         58
  C:3511H         LINE#         62
  -------         ENDPROC       WRITE_PARAM
  -------         ENDMOD        EE_PARAM

  -------         MODULE        IAP_EEPROM
  C:0000H         SYMBOL        _ICE_DUMMY_
  D:0080H         PUBLIC        P0
  D:0090H         PUBLIC        P1
  D:00A0H         PUBLIC        P2
  D:00B0H         PUBLIC        P3
  B:00A8H.7       PUBLIC        EA
  D:00D8H         PUBLIC        PWMCON0
  D:00A8H         PUBLIC        IE
  D:00C7H         PUBLIC        TA
  C:2F5AH         PUBLIC        _erase_aprom_page
  D:00B8H         PUBLIC        IP
  C:3281H         PUBLIC        _read_aprom_page
  C:0078H         PUBLIC        test_iaprom
  C:2411H         PUBLIC        _write_aprom_page
  D:0098H         PUBLIC        SCON
  D:0088H         PUBLIC        TCON
  D:009FH         PUBLIC        CHPCON
  D:00A5H         PUBLIC        IAPUEN
BL51 BANKED LINKER/LOCATER V6.22.2.0                                                  07/25/2025  09:54:23  PAGE 51


  D:00F8H         PUBLIC        SCON_1
  D:00A4H         PUBLIC        IAPTRG
  D:00E8H         PUBLIC        ADCCON0
  D:00C0H         PUBLIC        I2CON
  D:00A7H         PUBLIC        IAPAH
  D:00AEH         PUBLIC        IAPFD
  D:00C8H         PUBLIC        T2CON
  D:00A6H         PUBLIC        IAPAL
  D:00AFH         PUBLIC        IAPCN
  D:00D0H         PUBLIC        PSW
  -------         PROC          _ERASE_APROM_PAGE
  D:0007H         SYMBOL        page
  -------         DO            
  D:0006H         SYMBOL        u16_addr
  -------         ENDDO         
  C:2F5AH         LINE#         12
  C:2F5AH         LINE#         13
  C:2F5AH         LINE#         14
  C:2F71H         LINE#         15
  C:2F74H         LINE#         16
  C:2F77H         LINE#         17
  C:2F7AH         LINE#         18
  C:2F8DH         LINE#         19
  C:2FA0H         LINE#         20
  C:2FA3H         LINE#         21
  C:2FB6H         LINE#         22
  -------         ENDPROC       _ERASE_APROM_PAGE
  -------         PROC          _WRITE_APROM_PAGE
  D:0007H         SYMBOL        page
  X:018AH         SYMBOL        buf
  X:018DH         SYMBOL        len
  -------         DO            
  D:0005H         SYMBOL        i
  X:018EH         SYMBOL        u16_addr
  -------         ENDDO         
  C:2411H         LINE#         25
  C:241CH         LINE#         26
  C:241CH         LINE#         29
  C:2439H         LINE#         30
  C:244CH         LINE#         31
  C:245FH         LINE#         36
  C:2462H         LINE#         37
  C:246EH         LINE#         38
  C:246EH         LINE#         39
  C:2476H         LINE#         40
  C:2479H         LINE#         41
  C:248EH         LINE#         42
  C:24A1H         LINE#         43
  C:24A4H         LINE#         47
  C:24B7H         LINE#         48
  C:24CAH         LINE#         52
  -------         ENDPROC       _WRITE_APROM_PAGE
  -------         PROC          _READ_APROM_PAGE
  D:0007H         SYMBOL        page
  X:01ABH         SYMBOL        buf
  X:01AEH         SYMBOL        len
  -------         DO            
BL51 BANKED LINKER/LOCATER V6.22.2.0                                                  07/25/2025  09:54:23  PAGE 52


  D:0005H         SYMBOL        i
  D:0006H         SYMBOL        ptr
  -------         ENDDO         
  C:3281H         LINE#         56
  C:328CH         LINE#         57
  C:328CH         LINE#         59
  C:32A3H         LINE#         60
  C:32AFH         LINE#         61
  C:32AFH         LINE#         62
  C:32CEH         LINE#         63
  C:32D1H         LINE#         64
  -------         ENDPROC       _READ_APROM_PAGE
  -------         PROC          TEST_IAPROM
  C:0078H         LINE#         72
  C:0078H         LINE#         73
  C:0078H         LINE#         110
  C:007AH         LINE#         113
  -------         ENDPROC       TEST_IAPROM
  -------         ENDMOD        IAP_EEPROM

  -------         MODULE        DELAY
  C:0000H         SYMBOL        _ICE_DUMMY_
  D:0080H         PUBLIC        P0
  D:0090H         PUBLIC        P1
  D:00A0H         PUBLIC        P2
  C:30C8H         PUBLIC        _Timer0_Delay100us
  D:00B0H         PUBLIC        P3
  D:00D8H         PUBLIC        PWMCON0
  C:3013H         PUBLIC        _Timer2_Delay500us
  D:00A8H         PUBLIC        IE
  D:00B8H         PUBLIC        IP
  C:3121H         PUBLIC        _Timer0_Delay1ms
  B:0020H.7       PUBLIC        BIT_TMP
  D:0098H         PUBLIC        SCON
  D:0089H         PUBLIC        TMOD
  D:0088H         PUBLIC        TCON
  D:00F8H         PUBLIC        SCON_1
  B:0088H.5       PUBLIC        TF0
  C:317AH         PUBLIC        _Timer1_Delay10ms
  B:0088H.7       PUBLIC        TF1
  B:00C8H.7       PUBLIC        TF2
  D:008CH         PUBLIC        TH0
  D:00C6H         PUBLIC        RH3
  D:008DH         PUBLIC        TH1
  D:00CDH         PUBLIC        TH2
  D:008AH         PUBLIC        TL0
  D:00C5H         PUBLIC        RL3
  D:008BH         PUBLIC        TL1
  D:00CCH         PUBLIC        TL2
  C:2EFCH         PUBLIC        _Timer3_Delay10us
  B:0088H.4       PUBLIC        TR0
  B:0088H.6       PUBLIC        TR1
  B:00C8H.2       PUBLIC        TR2
  D:00E8H         PUBLIC        ADCCON0
  D:00C0H         PUBLIC        I2CON
  D:00C9H         PUBLIC        T2MOD
  D:00C8H         PUBLIC        T2CON
BL51 BANKED LINKER/LOCATER V6.22.2.0                                                  07/25/2025  09:54:23  PAGE 53


  D:00C4H         PUBLIC        T3CON
  D:008EH         PUBLIC        CKCON
  D:00D0H         PUBLIC        PSW
  C:2E9EH         PUBLIC        _Timer3_Delay100ms
  -------         PROC          _TIMER0_DELAY100US
  X:01B7H         SYMBOL        u32CNT
  C:30C8H         LINE#         22
  C:30CEH         LINE#         23
  C:30CEH         LINE#         24
  C:30D1H         LINE#         25
  C:30D4H         LINE#         26
  C:30D6H         LINE#         27
  C:30EFH         LINE#         28
  C:30EFH         LINE#         29
  C:30F2H         LINE#         30
  C:30F5H         LINE#         31
  C:30F8H         LINE#         32
  C:30FAH         LINE#         33
  C:311CH         LINE#         34
  C:311EH         LINE#         35
  C:3120H         LINE#         36
  -------         ENDPROC       _TIMER0_DELAY100US
  -------         PROC          _TIMER0_DELAY1MS
  X:01BBH         SYMBOL        u32CNT
  C:3121H         LINE#         38
  C:3127H         LINE#         39
  C:3127H         LINE#         40
  C:312AH         LINE#         41
  C:312DH         LINE#         42
  C:312FH         LINE#         43
  C:3148H         LINE#         44
  C:3148H         LINE#         45
  C:314BH         LINE#         46
  C:314EH         LINE#         47
  C:3151H         LINE#         48
  C:3153H         LINE#         49
  C:3175H         LINE#         50
  C:3177H         LINE#         51
  C:3179H         LINE#         52
  -------         ENDPROC       _TIMER0_DELAY1MS
  -------         PROC          _TIMER1_DELAY10MS
  X:01BFH         SYMBOL        u32CNT
  C:317AH         LINE#         55
  C:3180H         LINE#         56
  C:3180H         LINE#         57
  C:3183H         LINE#         58
  C:3186H         LINE#         59
  C:3188H         LINE#         60
  C:31A1H         LINE#         61
  C:31A1H         LINE#         62
  C:31A4H         LINE#         63
  C:31A7H         LINE#         64
  C:31AAH         LINE#         65
  C:31ACH         LINE#         66
  C:31CEH         LINE#         67
  C:31D0H         LINE#         68
  C:31D2H         LINE#         69
BL51 BANKED LINKER/LOCATER V6.22.2.0                                                  07/25/2025  09:54:23  PAGE 54


  -------         ENDPROC       _TIMER1_DELAY10MS
  -------         PROC          _TIMER2_DELAY500US
  X:01C3H         SYMBOL        u32CNT
  C:3013H         LINE#         71
  C:3019H         LINE#         72
  C:3019H         LINE#         73
  C:301CH         LINE#         74
  C:301FH         LINE#         75
  C:3022H         LINE#         76
  C:3024H         LINE#         77
  C:303DH         LINE#         78
  C:303DH         LINE#         79
  C:3040H         LINE#         80
  C:3043H         LINE#         81
  C:3046H         LINE#         82
  C:3048H         LINE#         83
  C:306AH         LINE#         84
  C:306CH         LINE#         85
  C:306EH         LINE#         86
  -------         ENDPROC       _TIMER2_DELAY500US
  -------         PROC          _TIMER3_DELAY100MS
  X:01C7H         SYMBOL        u32CNT
  C:2E9EH         LINE#         88
  C:2EA4H         LINE#         89
  C:2EA4H         LINE#         90
  C:2EA7H         LINE#         91
  C:2EAAH         LINE#         92
  C:2EC3H         LINE#         93
  C:2EC3H         LINE#         94
  C:2EC6H         LINE#         95
  C:2EC9H         LINE#         96
  C:2ED1H         LINE#         97
  C:2ED4H         LINE#         98
  C:2EF6H         LINE#         99
  C:2EF8H         LINE#         100
  C:2EFBH         LINE#         101
  -------         ENDPROC       _TIMER3_DELAY100MS
  -------         PROC          _TIMER3_DELAY10US
  X:01CBH         SYMBOL        u32CNT
  C:2EFCH         LINE#         103
  C:2F02H         LINE#         104
  C:2F02H         LINE#         105
  C:2F05H         LINE#         106
  C:2F08H         LINE#         107
  C:2F21H         LINE#         108
  C:2F21H         LINE#         109
  C:2F24H         LINE#         110
  C:2F27H         LINE#         111
  C:2F2FH         LINE#         112
  C:2F32H         LINE#         113
  C:2F54H         LINE#         114
  C:2F56H         LINE#         115
  C:2F59H         LINE#         116
  -------         ENDPROC       _TIMER3_DELAY10US
  -------         ENDMOD        DELAY

  -------         MODULE        COMMON
BL51 BANKED LINKER/LOCATER V6.22.2.0                                                  07/25/2025  09:54:23  PAGE 55


  C:0000H         SYMBOL        _ICE_DUMMY_
  D:00B1H         PUBLIC        P0M1
  D:00B3H         PUBLIC        P1M1
  D:00B2H         PUBLIC        P0M2
  D:0080H         PUBLIC        P0
  D:00B4H         PUBLIC        P1M2
  D:0090H         PUBLIC        P1
  D:00A0H         PUBLIC        P2
  D:00B0H         PUBLIC        P3
  B:00A8H.7       PUBLIC        EA
  D:00D8H         PUBLIC        PWMCON0
  D:00A8H         PUBLIC        IE
  C:352DH         PUBLIC        SW_Reset
  D:00C7H         PUBLIC        TA
  D:00B8H         PUBLIC        IP
  B:0098H.1       PUBLIC        TI
  D:0087H         PUBLIC        PCON
  D:0098H         PUBLIC        SCON
  D:0089H         PUBLIC        TMOD
  D:0088H         PUBLIC        TCON
  D:009FH         PUBLIC        CHPCON
  D:00F8H         PUBLIC        SCON_1
  D:00C6H         PUBLIC        RH3
  D:008DH         PUBLIC        TH1
  D:00C5H         PUBLIC        RL3
  C:33D2H         PUBLIC        _InitialUART0_Timer1
  C:2C02H         PUBLIC        _InitialUART0_Timer3
  C:2C7FH         PUBLIC        _InitialUART1_Timer3
  B:0088H.6       PUBLIC        TR1
  D:00E8H         PUBLIC        ADCCON0
  D:00C0H         PUBLIC        I2CON
  D:00C8H         PUBLIC        T2CON
  D:00C4H         PUBLIC        T3CON
  D:008EH         PUBLIC        CKCON
  D:00D0H         PUBLIC        PSW
  -------         PROC          _INITIALUART0_TIMER1
  D:0004H         SYMBOL        u32Baudrate
  C:33D2H         LINE#         26
  C:33D2H         LINE#         27
  C:33D2H         LINE#         28
  C:33D8H         LINE#         29
  C:33DEH         LINE#         31
  C:33E1H         LINE#         32
  C:33E4H         LINE#         34
  C:33E7H         LINE#         35
  C:33EAH         LINE#         36
  C:33EDH         LINE#         42
  C:3405H         LINE#         44
  C:3407H         LINE#         45
  C:3409H         LINE#         46
  -------         ENDPROC       _INITIALUART0_TIMER1
  -------         PROC          _INITIALUART0_TIMER3
  X:01CFH         SYMBOL        u32Baudrate
  C:2C02H         LINE#         48
  C:2C08H         LINE#         49
  C:2C08H         LINE#         50
  C:2C0EH         LINE#         51
BL51 BANKED LINKER/LOCATER V6.22.2.0                                                  07/25/2025  09:54:23  PAGE 56


  C:2C14H         LINE#         53
  C:2C17H         LINE#         54
  C:2C1AH         LINE#         55
  C:2C1DH         LINE#         56
  C:2C20H         LINE#         63
  C:2C4EH         LINE#         64
  C:2C79H         LINE#         66
  C:2C7CH         LINE#         67
  C:2C7EH         LINE#         68
  -------         ENDPROC       _INITIALUART0_TIMER3
  -------         PROC          _INITIALUART1_TIMER3
  X:0108H         SYMBOL        u32Baudrate
  C:2C7FH         LINE#         74
  C:2C85H         LINE#         75
  C:2C85H         LINE#         76
  C:2C8BH         LINE#         77
  C:2C91H         LINE#         79
  C:2C94H         LINE#         80
  C:2C97H         LINE#         81
  C:2C9AH         LINE#         88
  C:2CC8H         LINE#         89
  C:2CF3H         LINE#         91
  C:2CF6H         LINE#         92
  -------         ENDPROC       _INITIALUART1_TIMER3
  -------         PROC          SW_RESET
  C:352DH         LINE#         97
  C:352DH         LINE#         98
  C:352DH         LINE#         99
  C:3530H         LINE#         100
  C:3533H         LINE#         101
  C:3546H         LINE#         102
  -------         ENDPROC       SW_RESET
  -------         ENDMOD        COMMON

  -------         MODULE        ?C?FPADD
  C:0085H         PUBLIC        ?C?FPADD
  C:0081H         PUBLIC        ?C?FPSUB
  -------         ENDMOD        ?C?FPADD

  -------         MODULE        ?C?FPMUL
  C:0176H         PUBLIC        ?C?FPMUL
  -------         ENDMOD        ?C?FPMUL

  -------         MODULE        ?C?FPDIV
  C:027FH         PUBLIC        ?C?FPDIV
  -------         ENDMOD        ?C?FPDIV

  -------         MODULE        ?C?FPCMP
  C:031EH         PUBLIC        ?C?FPCMP
  C:031CH         PUBLIC        ?C?FPCMP3
  -------         ENDMOD        ?C?FPCMP

  -------         MODULE        ?C?FCAST
  C:039FH         PUBLIC        ?C?FCASTC
  C:039AH         PUBLIC        ?C?FCASTI
  C:0395H         PUBLIC        ?C?FCASTL
  -------         ENDMOD        ?C?FCAST
BL51 BANKED LINKER/LOCATER V6.22.2.0                                                  07/25/2025  09:54:23  PAGE 57



  -------         MODULE        ?C?CASTF
  C:03D3H         PUBLIC        ?C?CASTF
  -------         ENDMOD        ?C?CASTF

  -------         MODULE        ?C?COPY
  C:0524H         PUBLIC        ?C?COPY
  -------         ENDMOD        ?C?COPY

  -------         MODULE        ?C?CLDPTR
  C:054AH         PUBLIC        ?C?CLDPTR
  -------         ENDMOD        ?C?CLDPTR

  -------         MODULE        ?C?CLDOPTR
  C:0563H         PUBLIC        ?C?CLDOPTR
  -------         ENDMOD        ?C?CLDOPTR

  -------         MODULE        ?C?CSTPTR
  C:0590H         PUBLIC        ?C?CSTPTR
  -------         ENDMOD        ?C?CSTPTR

  -------         MODULE        ?C?CSTOPTR
  C:05A2H         PUBLIC        ?C?CSTOPTR
  -------         ENDMOD        ?C?CSTOPTR

  -------         MODULE        ?C?UIDIV
  C:05C4H         PUBLIC        ?C?UIDIV
  -------         ENDMOD        ?C?UIDIV

  -------         MODULE        ?C?IILDX
  C:0619H         PUBLIC        ?C?IILDX
  -------         ENDMOD        ?C?IILDX

  -------         MODULE        ?C?ULDIV
  C:066BH         PUBLIC        ?C?ULDIV
  -------         ENDMOD        ?C?ULDIV

  -------         MODULE        ?C?LNEG
  C:06FDH         PUBLIC        ?C?LNEG
  -------         ENDMOD        ?C?LNEG

  -------         MODULE        ?C?ULCMP
  C:070BH         PUBLIC        ?C?ULCMP
  -------         ENDMOD        ?C?ULCMP

  -------         MODULE        ?C?ULSHR
  C:071CH         PUBLIC        ?C?ULSHR
  -------         ENDMOD        ?C?ULSHR

  -------         MODULE        ?C?LLDOPTR
  C:072FH         PUBLIC        ?C?LLDOPTR
  -------         ENDMOD        ?C?LLDOPTR

  -------         MODULE        ?C?LSTOPTR
  C:075FH         PUBLIC        ?C?LSTOPTR
  -------         ENDMOD        ?C?LSTOPTR

BL51 BANKED LINKER/LOCATER V6.22.2.0                                                  07/25/2025  09:54:23  PAGE 58


  -------         MODULE        ?C?LLDOPTR0
  C:0783H         PUBLIC        ?C?LLDOPTR0
  -------         ENDMOD        ?C?LLDOPTR0

  -------         MODULE        ?C?LSTXDATA
  C:07B3H         PUBLIC        ?C?LSTXDATA
  -------         ENDMOD        ?C?LSTXDATA

  -------         MODULE        ?C?LSTKXDATA
  C:07BFH         PUBLIC        ?C?LSTKXDATA
  -------         ENDMOD        ?C?LSTKXDATA

  -------         MODULE        ?C?LSTKOPTR
  C:07F0H         PUBLIC        ?C?LSTKOPTR
  -------         ENDMOD        ?C?LSTKOPTR

  -------         MODULE        ?C?PLDPTR
  C:0814H         PUBLIC        ?C?PLDPTR
  -------         ENDMOD        ?C?PLDPTR

  -------         MODULE        ?C?PSTPTR
  C:0834H         PUBLIC        ?C?PSTPTR
  -------         ENDMOD        ?C?PSTPTR

  -------         MODULE        ?C?LLDIDATA
  C:0883H         PUBLIC        ?C?LLDIDATA
  -------         ENDMOD        ?C?LLDIDATA

  -------         MODULE        ?C?LLDXDATA
  C:088FH         PUBLIC        ?C?LLDXDATA
  -------         ENDMOD        ?C?LLDXDATA

  -------         MODULE        ?C?LLDPDATA
  C:089BH         PUBLIC        ?C?LLDPDATA
  -------         ENDMOD        ?C?LLDPDATA

  -------         MODULE        ?C?LLDCODE
  C:08A7H         PUBLIC        ?C?LLDCODE
  -------         ENDMOD        ?C?LLDCODE

  -------         MODULE        ?C?LLDIDATA0
  C:08B7H         PUBLIC        ?C?LLDIDATA0
  -------         ENDMOD        ?C?LLDIDATA0

  -------         MODULE        ?C?LLDXDATA0
  C:08C4H         PUBLIC        ?C?LLDXDATA0
  -------         ENDMOD        ?C?LLDXDATA0

  -------         MODULE        ?C?LLDPDATA0
  C:08D0H         PUBLIC        ?C?LLDPDATA0
  -------         ENDMOD        ?C?LLDPDATA0

  -------         MODULE        ?C?LLDCODE0
  C:08DDH         PUBLIC        ?C?LLDCODE0
  -------         ENDMOD        ?C?LLDCODE0

  -------         MODULE        ?C?LSTIDATA
BL51 BANKED LINKER/LOCATER V6.22.2.0                                                  07/25/2025  09:54:23  PAGE 59


  C:08EDH         PUBLIC        ?C?LSTIDATA
  -------         ENDMOD        ?C?LSTIDATA

  -------         MODULE        ?C?LSTPDATA
  C:08F9H         PUBLIC        ?C?LSTPDATA
  -------         ENDMOD        ?C?LSTPDATA

  -------         MODULE        ?C?LSTKIDATA
  C:0905H         PUBLIC        ?C?LSTKIDATA
  -------         ENDMOD        ?C?LSTKIDATA

  -------         MODULE        ?C?LSTKPDATA
  C:091EH         PUBLIC        ?C?LSTKPDATA
  -------         ENDMOD        ?C?LSTKPDATA

  -------         MODULE        ?C?PLDIDATA
  C:0937H         PUBLIC        ?C?PLDIDATA
  -------         ENDMOD        ?C?PLDIDATA

  -------         MODULE        ?C?PSTIDATA
  C:0940H         PUBLIC        ?C?PSTIDATA
  -------         ENDMOD        ?C?PSTIDATA

  -------         MODULE        ?C?PLDXDATA
  C:0949H         PUBLIC        ?C?PLDXDATA
  -------         ENDMOD        ?C?PLDXDATA

  -------         MODULE        ?C?PSTXDATA
  C:0952H         PUBLIC        ?C?PSTXDATA
  -------         ENDMOD        ?C?PSTXDATA

  -------         MODULE        ?C?PLDPDATA
  C:095BH         PUBLIC        ?C?PLDPDATA
  -------         ENDMOD        ?C?PLDPDATA

  -------         MODULE        ?C?PSTPDATA
  C:0964H         PUBLIC        ?C?PSTPDATA
  -------         ENDMOD        ?C?PSTPDATA

  -------         MODULE        ?C?PLDCODE
  C:096DH         PUBLIC        ?C?PLDCODE
  -------         ENDMOD        ?C?PLDCODE

Program Size: data=12.0 xdata=478 code=13906
LINK/LOCATE RUN COMPLETE.  0 WARNING(S),  0 ERROR(S)
