<html>
<body>
<pre>
<h1>µVision Build Log</h1>
<h2>Tool Versions:</h2>
IDE-Version: ¦ÌVision V5.35.0.0
Copyright (C) 2021 ARM Ltd and ARM Germany GmbH. All rights reserved.
License Information: 0 1, 2, LIC=PE7DL-0NCZD-TGC7T-R8CUC-IDFAU-FTK43
 
Tool Versions:
Toolchain:       MDK-ARM Plus  Version: 5.35.0.2
Toolchain Path:  D:\Software\DevelopmentTools\Keil\ARM\ARMCLANG\Bin
C Compiler:      ArmClang.exe V6.16
Assembler:       Armasm.exe V6.16
Linker/Locator:  ArmLink.exe V6.16
Library Manager: ArmAr.exe V6.16
Hex Converter:   FromElf.exe V6.16
CPU DLL:         SARMCM3.DLL V5.35.0.2
Dialog DLL:      DARMCM1.DLL V1.19.4.0
Target DLL:      CMSIS_AGDI.dll V1.33.0.0
Dialog DLL:      TARMCM1.DLL V1.14.4.0
 
<h2>Project:</h2>
C:\Users\Huey\Desktop\YP\WSSC\DownTest\example\template\MDK\template.uvprojx
Project File Date:  03/06/2026

<h2>Output:</h2>
*** Using Compiler 'V6.16', folder: 'D:\Software\DevelopmentTools\Keil\ARM\ARMCLANG\Bin'
Rebuild target 'template_Release'
assembling startup_hc32f005.s...
compiling my_gpio.c...
compiling 7_segment.c...
compiling system_hc32f005.c...
compiling my_flash.c...
compiling interrupts_hc32f005.c...
compiling indecate.c...
compiling aip1628.c...
compiling beep.c...
compiling main.c...
compiling led_disp.c...
compiling my_pwm.c...
compiling treadmills.c...
compiling param.c...
compiling keypad.c...
compiling keypad_fun.c...
compiling bgr.c...
compiling decode.c...
compiling uart_frame.c...
compiling queue.c...
compiling adc.c...
compiling crc.c...
compiling bt.c...
compiling ddl.c...
compiling adt.c...
compiling flash.c...
compiling gpio.c...
compiling i2c.c...
compiling lpm.c...
compiling pca.c...
compiling ram.c...
compiling reset.c...
compiling spi.c...
compiling lvd.c...
compiling trim.c...
compiling sysctrl.c...
compiling uart.c...
compiling wdt.c...
compiling vc.c...
linking...
Program Size: Code=19264 RO-data=304 RW-data=8 ZI-data=1048  
FromELF: creating hex file...
".\output\release\template.axf" - 0 Error(s), 0 Warning(s).

<h2>Software Packages used:</h2>

Package Vendor: ARM
                http://www.keil.com/pack/ARM.CMSIS.5.8.0.pack
                ARM.CMSIS.5.8.0
                CMSIS (Common Microcontroller Software Interface Standard)
   * Component: CORE Version: 5.5.0

Package Vendor: HDSC
                https://raw.githubusercontent.com/hdscmcu/pack/master/HDSC.HC32F005.1.0.1.pack
                HDSC.HC32F005.1.0.1
                HC32F005 ARM Cortex-M0+ Device Family Pack

<h2>Collection of Component include folders:</h2>
  .\RTE\_template_Release
  D:\Software\DevelopmentTools\Keil\ARM\PACK\ARM\CMSIS\5.8.0\CMSIS\Core\Include
  D:\Software\DevelopmentTools\Keil\ARM\PACK\HDSC\HC32F005\1.0.1\Device\Include

<h2>Collection of Component Files used:</h2>

   * Component: ARM::CMSIS:CORE:5.5.0
Build Time Elapsed:  00:00:01
</pre>
</body>
</html>
