<html>
<body>
<pre>
<h1>µVision Build Log</h1>
<h2>Tool Versions:</h2>
IDE-Version: ¦ÌVision V5.35.0.0
Copyright (C) 2021 ARM Ltd and ARM Germany GmbH. All rights reserved.
License Information: 0 1, 2, LIC=PE7DL-0NCZD-TGC7T-R8CUC-IDFAU-FTK43
 
Tool Versions:
Toolchain:       MDK-ARM Plus  Version: 5.35.0.2
Toolchain Path:  D:\Software\DevelopmentTools\Keil\ARM\ARMCC\Bin
C Compiler:      Armcc.exe V5.06 update 7 (build 960)
Assembler:       Armasm.exe V5.06 update 7 (build 960)
Linker/Locator:  ArmLink.exe V5.06 update 7 (build 960)
Library Manager: ArmAr.exe V5.06 update 7 (build 960)
Hex Converter:   FromElf.exe V5.06 update 7 (build 960)
CPU DLL:         SARMCM3.DLL V5.35.0.2
Dialog DLL:      DARMCM1.DLL V1.19.4.0
Target DLL:      Segger\JL2CM3.dll V2.99.40.0
Dialog DLL:      TARMCM1.DLL V1.14.4.0
 
<h2>Project:</h2>
D:\Huey\BDC\429\Treadmill_BDC\example\HC32F005\HA380A-BDC_C02\MDK\project.uvprojx
Project File Date:  04/27/2026

<h2>Output:</h2>
*** Using Compiler 'V5.06 update 7 (build 960)', folder: 'D:\Software\DevelopmentTools\Keil\ARM\ARMCC\Bin'
Rebuild target 'Project'
assembling startup_hc32f005.s...
compiling sysctrl.c...
compiling gpio.c...
compiling interrupts_hc32f005.c...
compiling uart.c...
compiling adc.c...
compiling flash.c...
compiling lpm.c...
compiling ddl.c...
compiling system_hc32f005.c...
compiling bt.c...
compiling main.c...
compiling adt.c...
compiling bgr.c...
compiling user_timer.c...
compiling user_usart.c...
compiling point_fun.c...
compiling ringfifo.c...
compiling user_adc.c...
..\source\user_adc.c(181): warning:  #39-D: division by zero
  	adc_value_1 = (adc_sum - MAX - MIN)/ (GET_ADC_len - 2);
..\source\user_adc.c: 1 warning, 0 errors
compiling user_gpio.c...
compiling queue.c...
compiling uart_frame.c...
compiling motor_speed_pid.c...
compiling pid.c...
compiling motor.c...
linking...
Program Size: Code=16136 RO-data=248 RW-data=284 ZI-data=1372  
FromELF: creating hex file...
".\output\release\project.axf" - 0 Error(s), 1 Warning(s).

<h2>Software Packages used:</h2>

Package Vendor: ARM
                http://www.keil.com/pack/ARM.CMSIS.5.8.0.pack
                ARM.CMSIS.5.8.0
                CMSIS (Common Microcontroller Software Interface Standard)
   * Component: CORE Version: 5.5.0

Package Vendor: HDSC
                https://raw.githubusercontent.com/hdscmcu/pack/master/HDSC.HC32F005.1.0.1.pack
                HDSC.HC32F005.1.0.1
                HC32F005 ARM Cortex-M0+ Device Family Pack

<h2>Collection of Component include folders:</h2>
  .\RTE\_Project
  D:\Software\DevelopmentTools\Keil\ARM\PACK\ARM\CMSIS\5.8.0\CMSIS\Core\Include
  D:\Software\DevelopmentTools\Keil\ARM\PACK\HDSC\HC32F005\1.0.1\Device\Include

<h2>Collection of Component Files used:</h2>

   * Component: ARM::CMSIS:CORE:5.5.0
Build Time Elapsed:  00:00:02
</pre>
</body>
</html>
