<html>
<body>
<pre>
<h1>µVision Build Log</h1>
<h2>Tool Versions:</h2>
IDE-Version: ¦ÌVision V5.35.0.0
Copyright (C) 2021 ARM Ltd and ARM Germany GmbH. All rights reserved.
License Information: 0 1, 2, LIC=PE7DL-0NCZD-TGC7T-R8CUC-IDFAU-FTK43
 
Tool Versions:
Toolchain:       MDK-ARM Plus  Version: 5.35.0.2
Toolchain Path:  D:\Software\DevelopmentTools\Keil\ARM\ARMCLANG\Bin
C Compiler:      ArmClang.exe V6.16
Assembler:       Armasm.exe V6.16
Linker/Locator:  ArmLink.exe V6.16
Library Manager: ArmAr.exe V6.16
Hex Converter:   FromElf.exe V6.16
CPU DLL:         SARMCM3.DLL V5.35.0.2
Dialog DLL:      DARMCM1.DLL V1.19.4.0
Target DLL:      Segger\JL2CM3.dll V2.99.40.0
Dialog DLL:      TARMCM1.DLL V1.14.4.0
 
<h2>Project:</h2>
D:\Huey\BDC\TEST\Treadmill_Display\Examples\00LED\HA380A-BDC_110V10100U10-4500\MDK\project.uvprojx
Project File Date:  04/24/2026

<h2>Output:</h2>
*** Using Compiler 'V6.16', folder: 'D:\Software\DevelopmentTools\Keil\ARM\ARMCLANG\Bin'
Build target 'Project'
compiling plat_keyfun.c...
compiling plat_beep.c...
compiling bsp_uart.c...
compiling plat_aerolink.c...
compiling sys_scheduler.c...
compiling main.c...
compiling treadmills.c...
linking...
Program Size: Code=18716 RO-data=548 RW-data=144 ZI-data=1680  
FromELF: creating hex file...
".\Objects\project.axf" - 0 Error(s), 0 Warning(s).

<h2>Software Packages used:</h2>

Package Vendor: ARM
                http://www.keil.com/pack/ARM.CMSIS.5.8.0.pack
                ARM.CMSIS.5.8.0
                CMSIS (Common Microcontroller Software Interface Standard)
   * Component: CORE Version: 5.5.0

Package Vendor: WHXY
                
                WHXY.CW32L010_DFP.1.0.2
                CW32 ARM Cortex-M0+ Device Family Pack

<h2>Collection of Component include folders:</h2>
  .\RTE\_Project
  D:\Software\DevelopmentTools\Keil\ARM\PACK\ARM\CMSIS\5.8.0\CMSIS\Core\Include
  D:\Software\DevelopmentTools\Keil\ARM\PACK\WHXY\CW32L010_DFP\1.0.2\Device\Include

<h2>Collection of Component Files used:</h2>

   * Component: ARM::CMSIS:CORE:5.5.0
Build Time Elapsed:  00:00:00
</pre>
</body>
</html>
